
$ workspace refresh scripts

Refreshing scripts...


$ swift package resolve

Writing to “Refresh (macOS).command”...
Writing to “Refresh (Linux).sh”...

$ swift package resolve

Writing to “Validate (macOS).command”...
$ workspace refresh resources

Refreshing resources...

$ workspace proofread

Normalizing files...


Proofreading source code... (§1)

Package.swift
README.md
Sources/Default/Default.swift
Tests/DefaultTests/DefaultTests.swift
Tests/LinuxMain.swift

$ swiftlint lint --strict --config [...]/SwiftLint/Configuration.yml --reporter emoji


$ swift package resolve


✓ Source code passes proofreading.


“Default” passes validation.

$ workspace validate build

Checking build for macOS with the Swift Package Manager... (§1)


$ swift build
Compile Swift Module 'Default' (1 sources)


Checking build for macOS with Xcode... (§2)


$ xcodebuild build -sdk macosx -scheme Default-Package
[...]



Checking build for iOS... (§3)


$ xcodebuild build -sdk iphoneos -scheme Default-Package
[...]



Checking build for watchOS... (§4)


$ xcodebuild build -sdk watchos -scheme Default-Package
[...]



Checking build for tvOS... (§5)


$ xcodebuild build -sdk appletvos -scheme Default-Package
[...]



✓ There are no compiler warnings for macOS with the Swift Package Manager.
✓ There are no compiler warnings for macOS with Xcode.
✓ There are no compiler warnings for iOS.
✓ There are no compiler warnings for watchOS.
✓ There are no compiler warnings for tvOS.


“Default” passes validation.

$ workspace test

Testing on macOS with the Swift Package Manager... (§1)


$ swift test
Compile Swift Module 'DefaultTests' (1 sources)
Linking ./.build/x86_64-apple-macosx10.10/debug/DefaultPackageTests.xctest/Contents/MacOS/DefaultPackageTests


Testing on macOS with Xcode... (§2)


$ xcodebuild test -sdk macosx -scheme Default-Package
Build settings from command line:
    SDKROOT = macosx10.13

=== BUILD TARGET Default OF PROJECT Default WITH CONFIGURATION Debug ===

Check dependencies

=== BUILD TARGET DefaultTests OF PROJECT Default WITH CONFIGURATION Debug ===

Check dependencies

Write auxiliary files
/bin/mkdir -p [...]/Library/Developer/Xcode/DerivedData/Default-crpxgvdgcdfrmiakfvxxfraggzcv/Build/Intermediates.noindex/Default.build/Debug/DefaultTests.build/Objects-normal/x86_64
write-file [...]/Library/Developer/Xcode/DerivedData/Default-crpxgvdgcdfrmiakfvxxfraggzcv/Build/Intermediates.noindex/Default.build/Debug/DefaultTests.build/Objects-normal/x86_64/DefaultTests-OutputFileMap.json
write-file [...]/Library/Developer/Xcode/DerivedData/Default-crpxgvdgcdfrmiakfvxxfraggzcv/Build/Intermediates.noindex/Default.build/Debug/DefaultTests.build/Objects-normal/x86_64/DefaultTests.LinkFileList
write-file [...]/Library/Developer/Xcode/DerivedData/Default-crpxgvdgcdfrmiakfvxxfraggzcv/Build/Intermediates.noindex/Default.build/Debug/DefaultTests.build/swift-overrides.hmap

Create product structure
/bin/mkdir -p [...]/Library/Developer/Xcode/DerivedData/Default-crpxgvdgcdfrmiakfvxxfraggzcv/Build/Products/Debug/DefaultTests.xctest/Contents
/bin/mkdir -p [...]/Library/Developer/Xcode/DerivedData/Default-crpxgvdgcdfrmiakfvxxfraggzcv/Build/Products/Debug/DefaultTests.xctest/Contents/MacOS

ProcessInfoPlistFile [...]/Library/Developer/Xcode/DerivedData/Default-crpxgvdgcdfrmiakfvxxfraggzcv/Build/Products/Debug/DefaultTests.xctest/Contents/Info.plist Default.xcodeproj/DefaultTests_Info.plist
    cd "[...]/Tests/Mock Projects/After/Default"
    builtin-infoPlistUtility [...]/Tests/Mock\ Projects/After/Default/Default.xcodeproj/DefaultTests_Info.plist -expandbuildsettings -platform macosx -o [...]/Library/Developer/Xcode/DerivedData/Default-crpxgvdgcdfrmiakfvxxfraggzcv/Build/Products/Debug/DefaultTests.xctest/Contents/Info.plist

CompileSwiftSources normal x86_64 com.apple.xcode.tools.swift.compiler
    cd "[...]/Tests/Mock Projects/After/Default"
    export DEVELOPER_DIR=/Applications/Xcode.app/Contents/Developer
    export SDKROOT=/Applications/Xcode.app/Contents/Developer/Platforms/MacOSX.platform/Developer/SDKs/MacOSX10.13.sdk
    /Applications/Xcode.app/Contents/Developer/Toolchains/XcodeDefault.xctoolchain/usr/bin/swiftc -incremental -module-name DefaultTests -Onone -enforce-exclusivity=checked -DSWIFT_PACKAGE -DXcode -sdk /Applications/Xcode.app/Contents/Developer/Platforms/MacOSX.platform/Developer/SDKs/MacOSX10.13.sdk -target x86_64-apple-macosx10.10 -g -module-cache-path [...]/Library/Developer/Xcode/DerivedData/ModuleCache -Xfrontend -serialize-debugging-options -profile-coverage-mapping -profile-generate -index-store-path [...]/Library/Developer/Xcode/DerivedData/Default-crpxgvdgcdfrmiakfvxxfraggzcv/Index/DataStore -Xfrontend -report-errors-to-debugger -swift-version 4 -I [...]/Library/Developer/Xcode/DerivedData/Default-crpxgvdgcdfrmiakfvxxfraggzcv/Build/Products/Debug -F [...]/Library/Developer/Xcode/DerivedData/Default-crpxgvdgcdfrmiakfvxxfraggzcv/Build/Products/Debug -F /Applications/Xcode.app/Contents/Developer/Platforms/MacOSX.platform/Developer/Library/Frameworks -parse-as-library -c -j4 [...]/Tests/Mock\ Projects/After/Default/Tests/DefaultTests/DefaultTests.swift -output-file-map [...]/Library/Developer/Xcode/DerivedData/Default-crpxgvdgcdfrmiakfvxxfraggzcv/Build/Intermediates.noindex/Default.build/Debug/DefaultTests.build/Objects-normal/x86_64/DefaultTests-OutputFileMap.json -parseable-output -serialize-diagnostics -emit-dependencies -emit-module -emit-module-path [...]/Library/Developer/Xcode/DerivedData/Default-crpxgvdgcdfrmiakfvxxfraggzcv/Build/Intermediates.noindex/Default.build/Debug/DefaultTests.build/Objects-normal/x86_64/DefaultTests.swiftmodule -Xcc -I[...]/Library/Developer/Xcode/DerivedData/Default-crpxgvdgcdfrmiakfvxxfraggzcv/Build/Intermediates.noindex/Default.build/Debug/DefaultTests.build/swift-overrides.hmap -Xcc -I[...]/Library/Developer/Xcode/DerivedData/Default-crpxgvdgcdfrmiakfvxxfraggzcv/Build/Products/Debug/include -Xcc -I[...]/Library/Developer/Xcode/DerivedData/Default-crpxgvdgcdfrmiakfvxxfraggzcv/Build/Intermediates.noindex/Default.build/Debug/DefaultTests.build/DerivedSources/x86_64 -Xcc -I[...]/Library/Developer/Xcode/DerivedData/Default-crpxgvdgcdfrmiakfvxxfraggzcv/Build/Intermediates.noindex/Default.build/Debug/DefaultTests.build/DerivedSources -emit-objc-header -emit-objc-header-path [...]/Library/Developer/Xcode/DerivedData/Default-crpxgvdgcdfrmiakfvxxfraggzcv/Build/Intermediates.noindex/Default.build/Debug/DefaultTests.build/Objects-normal/x86_64/DefaultTests-Swift.h -Xcc -working-directory[...]/Tests/Mock\ Projects/After/Default -Xfrontend -serialize-debugging-options

CompileSwift normal x86_64 [...]/Tests/Mock Projects/After/Default/Tests/DefaultTests/DefaultTests.swift
    cd [...]/Tests/Mock Projects/After/Default
    /Applications/Xcode.app/Contents/Developer/Toolchains/XcodeDefault.xctoolchain/usr/bin/swift -frontend -c -primary-file "[...]/Tests/Mock Projects/After/Default/Tests/DefaultTests/DefaultTests.swift" -target x86_64-apple-macosx10.10 -enable-objc-interop -sdk /Applications/Xcode.app/Contents/Developer/Platforms/MacOSX.platform/Developer/SDKs/MacOSX10.13.sdk -I [...]/Library/Developer/Xcode/DerivedData/Default-crpxgvdgcdfrmiakfvxxfraggzcv/Build/Products/Debug -F [...]/Library/Developer/Xcode/DerivedData/Default-crpxgvdgcdfrmiakfvxxfraggzcv/Build/Products/Debug -F /Applications/Xcode.app/Contents/Developer/Platforms/MacOSX.platform/Developer/Library/Frameworks -g -module-cache-path [...]/Library/Developer/Xcode/DerivedData/ModuleCache -profile-generate -profile-coverage-mapping -swift-version 4 -enforce-exclusivity=checked -D SWIFT_PACKAGE -D Xcode -serialize-debugging-options -report-errors-to-debugger -serialize-debugging-options -Xcc -I[...]/Library/Developer/Xcode/DerivedData/Default-crpxgvdgcdfrmiakfvxxfraggzcv/Build/Intermediates.noindex/Default.build/Debug/DefaultTests.build/swift-overrides.hmap -Xcc -I[...]/Library/Developer/Xcode/DerivedData/Default-crpxgvdgcdfrmiakfvxxfraggzcv/Build/Products/Debug/include -Xcc -I[...]/Library/Developer/Xcode/DerivedData/Default-crpxgvdgcdfrmiakfvxxfraggzcv/Build/Intermediates.noindex/Default.build/Debug/DefaultTests.build/DerivedSources/x86_64 -Xcc -I[...]/Library/Developer/Xcode/DerivedData/Default-crpxgvdgcdfrmiakfvxxfraggzcv/Build/Intermediates.noindex/Default.build/Debug/DefaultTests.build/DerivedSources -Xcc "-working-directory[...]/Tests/Mock Projects/After/Default" -emit-module-doc-path [...]/Library/Developer/Xcode/DerivedData/Default-crpxgvdgcdfrmiakfvxxfraggzcv/Build/Intermediates.noindex/Default.build/Debug/DefaultTests.build/Objects-normal/x86_64/DefaultTests~partial.swiftdoc -serialize-diagnostics-path [...]/Library/Developer/Xcode/DerivedData/Default-crpxgvdgcdfrmiakfvxxfraggzcv/Build/Intermediates.noindex/Default.build/Debug/DefaultTests.build/Objects-normal/x86_64/DefaultTests.dia -Onone -parse-as-library -module-name DefaultTests -emit-module-path [...]/Library/Developer/Xcode/DerivedData/Default-crpxgvdgcdfrmiakfvxxfraggzcv/Build/Intermediates.noindex/Default.build/Debug/DefaultTests.build/Objects-normal/x86_64/DefaultTests~partial.swiftmodule -emit-dependencies-path [...]/Library/Developer/Xcode/DerivedData/Default-crpxgvdgcdfrmiakfvxxfraggzcv/Build/Intermediates.noindex/Default.build/Debug/DefaultTests.build/Objects-normal/x86_64/DefaultTests.d -emit-reference-dependencies-path [...]/Library/Developer/Xcode/DerivedData/Default-crpxgvdgcdfrmiakfvxxfraggzcv/Build/Intermediates.noindex/Default.build/Debug/DefaultTests.build/Objects-normal/x86_64/DefaultTests.swiftdeps -o [...]/Library/Developer/Xcode/DerivedData/Default-crpxgvdgcdfrmiakfvxxfraggzcv/Build/Intermediates.noindex/Default.build/Debug/DefaultTests.build/Objects-normal/x86_64/DefaultTests.o -index-store-path [...]/Library/Developer/Xcode/DerivedData/Default-crpxgvdgcdfrmiakfvxxfraggzcv/Index/DataStore -index-system-modules

MergeSwiftModule normal x86_64 [...]/Library/Developer/Xcode/DerivedData/Default-crpxgvdgcdfrmiakfvxxfraggzcv/Build/Intermediates.noindex/Default.build/Debug/DefaultTests.build/Objects-normal/x86_64/DefaultTests.swiftmodule
    cd [...]/Tests/Mock Projects/After/Default
    /Applications/Xcode.app/Contents/Developer/Toolchains/XcodeDefault.xctoolchain/usr/bin/swift -frontend -emit-module [...]/Library/Developer/Xcode/DerivedData/Default-crpxgvdgcdfrmiakfvxxfraggzcv/Build/Intermediates.noindex/Default.build/Debug/DefaultTests.build/Objects-normal/x86_64/DefaultTests~partial.swiftmodule -parse-as-library -target x86_64-apple-macosx10.10 -enable-objc-interop -sdk /Applications/Xcode.app/Contents/Developer/Platforms/MacOSX.platform/Developer/SDKs/MacOSX10.13.sdk -I [...]/Library/Developer/Xcode/DerivedData/Default-crpxgvdgcdfrmiakfvxxfraggzcv/Build/Products/Debug -F [...]/Library/Developer/Xcode/DerivedData/Default-crpxgvdgcdfrmiakfvxxfraggzcv/Build/Products/Debug -F /Applications/Xcode.app/Contents/Developer/Platforms/MacOSX.platform/Developer/Library/Frameworks -g -module-cache-path [...]/Library/Developer/Xcode/DerivedData/ModuleCache -profile-generate -profile-coverage-mapping -swift-version 4 -enforce-exclusivity=checked -D SWIFT_PACKAGE -D Xcode -serialize-debugging-options -report-errors-to-debugger -serialize-debugging-options -Xcc -I[...]/Library/Developer/Xcode/DerivedData/Default-crpxgvdgcdfrmiakfvxxfraggzcv/Build/Intermediates.noindex/Default.build/Debug/DefaultTests.build/swift-overrides.hmap -Xcc -I[...]/Library/Developer/Xcode/DerivedData/Default-crpxgvdgcdfrmiakfvxxfraggzcv/Build/Products/Debug/include -Xcc -I[...]/Library/Developer/Xcode/DerivedData/Default-crpxgvdgcdfrmiakfvxxfraggzcv/Build/Intermediates.noindex/Default.build/Debug/DefaultTests.build/DerivedSources/x86_64 -Xcc -I[...]/Library/Developer/Xcode/DerivedData/Default-crpxgvdgcdfrmiakfvxxfraggzcv/Build/Intermediates.noindex/Default.build/Debug/DefaultTests.build/DerivedSources -Xcc "-working-directory[...]/Tests/Mock Projects/After/Default" -emit-module-doc-path [...]/Library/Developer/Xcode/DerivedData/Default-crpxgvdgcdfrmiakfvxxfraggzcv/Build/Intermediates.noindex/Default.build/Debug/DefaultTests.build/Objects-normal/x86_64/DefaultTests.swiftdoc -module-name DefaultTests -emit-objc-header-path [...]/Library/Developer/Xcode/DerivedData/Default-crpxgvdgcdfrmiakfvxxfraggzcv/Build/Intermediates.noindex/Default.build/Debug/DefaultTests.build/Objects-normal/x86_64/DefaultTests-Swift.h -o [...]/Library/Developer/Xcode/DerivedData/Default-crpxgvdgcdfrmiakfvxxfraggzcv/Build/Intermediates.noindex/Default.build/Debug/DefaultTests.build/Objects-normal/x86_64/DefaultTests.swiftmodule

Ditto [...]/Library/Developer/Xcode/DerivedData/Default-crpxgvdgcdfrmiakfvxxfraggzcv/Build/Intermediates.noindex/Default.build/Debug/DefaultTests.build/DerivedSources/DefaultTests-Swift.h [...]/Library/Developer/Xcode/DerivedData/Default-crpxgvdgcdfrmiakfvxxfraggzcv/Build/Intermediates.noindex/Default.build/Debug/DefaultTests.build/Objects-normal/x86_64/DefaultTests-Swift.h
    cd "[...]/Tests/Mock Projects/After/Default"
    /usr/bin/ditto -rsrc [...]/Library/Developer/Xcode/DerivedData/Default-crpxgvdgcdfrmiakfvxxfraggzcv/Build/Intermediates.noindex/Default.build/Debug/DefaultTests.build/Objects-normal/x86_64/DefaultTests-Swift.h [...]/Library/Developer/Xcode/DerivedData/Default-crpxgvdgcdfrmiakfvxxfraggzcv/Build/Intermediates.noindex/Default.build/Debug/DefaultTests.build/DerivedSources/DefaultTests-Swift.h

Ld [...]/Library/Developer/Xcode/DerivedData/Default-crpxgvdgcdfrmiakfvxxfraggzcv/Build/Products/Debug/DefaultTests.xctest/Contents/MacOS/DefaultTests normal x86_64
    cd "[...]/Tests/Mock Projects/After/Default"
    export MACOSX_DEPLOYMENT_TARGET=10.10
    /Applications/Xcode.app/Contents/Developer/Toolchains/XcodeDefault.xctoolchain/usr/bin/clang -arch x86_64 -bundle -isysroot /Applications/Xcode.app/Contents/Developer/Platforms/MacOSX.platform/Developer/SDKs/MacOSX10.13.sdk -L[...]/Library/Developer/Xcode/DerivedData/Default-crpxgvdgcdfrmiakfvxxfraggzcv/Build/Products/Debug -F[...]/Library/Developer/Xcode/DerivedData/Default-crpxgvdgcdfrmiakfvxxfraggzcv/Build/Products/Debug -F/Applications/Xcode.app/Contents/Developer/Platforms/MacOSX.platform/Developer/Library/Frameworks -F/Applications/Xcode.app/Contents/Developer/Platforms/MacOSX.platform/Developer/Library/Frameworks -filelist [...]/Library/Developer/Xcode/DerivedData/Default-crpxgvdgcdfrmiakfvxxfraggzcv/Build/Intermediates.noindex/Default.build/Debug/DefaultTests.build/Objects-normal/x86_64/DefaultTests.LinkFileList -Xlinker -rpath -Xlinker @loader_path/Frameworks -Xlinker -rpath -Xlinker @loader_path/Frameworks -mmacosx-version-min=10.10 -Xlinker -object_path_lto -Xlinker [...]/Library/Developer/Xcode/DerivedData/Default-crpxgvdgcdfrmiakfvxxfraggzcv/Build/Intermediates.noindex/Default.build/Debug/DefaultTests.build/Objects-normal/x86_64/DefaultTests_lto.o -Xlinker -no_deduplicate -fobjc-link-runtime -fprofile-instr-generate -L/Applications/Xcode.app/Contents/Developer/Toolchains/XcodeDefault.xctoolchain/usr/lib/swift/macosx -Xlinker -add_ast_path -Xlinker [...]/Library/Developer/Xcode/DerivedData/Default-crpxgvdgcdfrmiakfvxxfraggzcv/Build/Intermediates.noindex/Default.build/Debug/DefaultTests.build/Objects-normal/x86_64/DefaultTests.swiftmodule -framework XCTest -framework Default -Xlinker -dependency_info -Xlinker [...]/Library/Developer/Xcode/DerivedData/Default-crpxgvdgcdfrmiakfvxxfraggzcv/Build/Intermediates.noindex/Default.build/Debug/DefaultTests.build/Objects-normal/x86_64/DefaultTests_dependency_info.dat -o [...]/Library/Developer/Xcode/DerivedData/Default-crpxgvdgcdfrmiakfvxxfraggzcv/Build/Products/Debug/DefaultTests.xctest/Contents/MacOS/DefaultTests

Ditto [...]/Library/Developer/Xcode/DerivedData/Default-crpxgvdgcdfrmiakfvxxfraggzcv/Build/Products/Debug/DefaultTests.swiftmodule/x86_64.swiftdoc [...]/Library/Developer/Xcode/DerivedData/Default-crpxgvdgcdfrmiakfvxxfraggzcv/Build/Intermediates.noindex/Default.build/Debug/DefaultTests.build/Objects-normal/x86_64/DefaultTests.swiftdoc
    cd "[...]/Tests/Mock Projects/After/Default"
    /usr/bin/ditto -rsrc [...]/Library/Developer/Xcode/DerivedData/Default-crpxgvdgcdfrmiakfvxxfraggzcv/Build/Intermediates.noindex/Default.build/Debug/DefaultTests.build/Objects-normal/x86_64/DefaultTests.swiftdoc [...]/Library/Developer/Xcode/DerivedData/Default-crpxgvdgcdfrmiakfvxxfraggzcv/Build/Products/Debug/DefaultTests.swiftmodule/x86_64.swiftdoc

Ditto [...]/Library/Developer/Xcode/DerivedData/Default-crpxgvdgcdfrmiakfvxxfraggzcv/Build/Products/Debug/DefaultTests.swiftmodule/x86_64.swiftmodule [...]/Library/Developer/Xcode/DerivedData/Default-crpxgvdgcdfrmiakfvxxfraggzcv/Build/Intermediates.noindex/Default.build/Debug/DefaultTests.build/Objects-normal/x86_64/DefaultTests.swiftmodule
    cd "[...]/Tests/Mock Projects/After/Default"
    /usr/bin/ditto -rsrc [...]/Library/Developer/Xcode/DerivedData/Default-crpxgvdgcdfrmiakfvxxfraggzcv/Build/Intermediates.noindex/Default.build/Debug/DefaultTests.build/Objects-normal/x86_64/DefaultTests.swiftmodule [...]/Library/Developer/Xcode/DerivedData/Default-crpxgvdgcdfrmiakfvxxfraggzcv/Build/Products/Debug/DefaultTests.swiftmodule/x86_64.swiftmodule

CopySwiftLibs [...]/Library/Developer/Xcode/DerivedData/Default-crpxgvdgcdfrmiakfvxxfraggzcv/Build/Products/Debug/DefaultTests.xctest
    cd "[...]/Tests/Mock Projects/After/Default"
    export CODESIGN_ALLOCATE=/Applications/Xcode.app/Contents/Developer/Toolchains/XcodeDefault.xctoolchain/usr/bin/codesign_allocate
    export DEVELOPER_DIR=/Applications/Xcode.app/Contents/Developer
    export SDKROOT=/Applications/Xcode.app/Contents/Developer/Platforms/MacOSX.platform/Developer/SDKs/MacOSX10.13.sdk
    builtin-swiftStdLibTool --copy --verbose --scan-executable [...]/Library/Developer/Xcode/DerivedData/Default-crpxgvdgcdfrmiakfvxxfraggzcv/Build/Products/Debug/DefaultTests.xctest/Contents/MacOS/DefaultTests --scan-folder [...]/Library/Developer/Xcode/DerivedData/Default-crpxgvdgcdfrmiakfvxxfraggzcv/Build/Products/Debug/DefaultTests.xctest/Contents/Frameworks --scan-folder [...]/Library/Developer/Xcode/DerivedData/Default-crpxgvdgcdfrmiakfvxxfraggzcv/Build/Products/Debug/DefaultTests.xctest/Contents/PlugIns --scan-folder [...]/Library/Developer/Xcode/DerivedData/Default-crpxgvdgcdfrmiakfvxxfraggzcv/Build/Products/Debug/Default.framework --platform macosx --toolchain /Applications/Xcode.app/Contents/Developer/Toolchains/XcodeDefault.xctoolchain --destination [...]/Library/Developer/Xcode/DerivedData/Default-crpxgvdgcdfrmiakfvxxfraggzcv/Build/Products/Debug/DefaultTests.xctest/Contents/Frameworks --strip-bitcode --resource-destination [...]/Library/Developer/Xcode/DerivedData/Default-crpxgvdgcdfrmiakfvxxfraggzcv/Build/Products/Debug/DefaultTests.xctest/Contents/Resources --resource-library libswiftRemoteMirror.dylib
Requested Swift ABI version based on scanned binaries: 5
Copying /Applications/Xcode.app/Contents/Developer/Toolchains/XcodeDefault.xctoolchain/usr/lib/swift/macosx/libswiftCore.dylib to [...]/Library/Developer/Xcode/DerivedData/Default-crpxgvdgcdfrmiakfvxxfraggzcv/Build/Products/Debug/DefaultTests.xctest/Contents/Frameworks/libswiftCore.dylib
Copying /Applications/Xcode.app/Contents/Developer/Toolchains/XcodeDefault.xctoolchain/usr/lib/swift/macosx/libswiftAppKit.dylib to [...]/Library/Developer/Xcode/DerivedData/Default-crpxgvdgcdfrmiakfvxxfraggzcv/Build/Products/Debug/DefaultTests.xctest/Contents/Frameworks/libswiftAppKit.dylib
Copying /Applications/Xcode.app/Contents/Developer/Toolchains/XcodeDefault.xctoolchain/usr/lib/swift/macosx/libswiftCoreData.dylib to [...]/Library/Developer/Xcode/DerivedData/Default-crpxgvdgcdfrmiakfvxxfraggzcv/Build/Products/Debug/DefaultTests.xctest/Contents/Frameworks/libswiftCoreData.dylib
Copying /Applications/Xcode.app/Contents/Developer/Toolchains/XcodeDefault.xctoolchain/usr/lib/swift/macosx/libswiftCoreFoundation.dylib to [...]/Library/Developer/Xcode/DerivedData/Default-crpxgvdgcdfrmiakfvxxfraggzcv/Build/Products/Debug/DefaultTests.xctest/Contents/Frameworks/libswiftCoreFoundation.dylib
Copying /Applications/Xcode.app/Contents/Developer/Toolchains/XcodeDefault.xctoolchain/usr/lib/swift/macosx/libswiftCoreGraphics.dylib to [...]/Library/Developer/Xcode/DerivedData/Default-crpxgvdgcdfrmiakfvxxfraggzcv/Build/Products/Debug/DefaultTests.xctest/Contents/Frameworks/libswiftCoreGraphics.dylib
Copying /Applications/Xcode.app/Contents/Developer/Toolchains/XcodeDefault.xctoolchain/usr/lib/swift/macosx/libswiftCoreImage.dylib to [...]/Library/Developer/Xcode/DerivedData/Default-crpxgvdgcdfrmiakfvxxfraggzcv/Build/Products/Debug/DefaultTests.xctest/Contents/Frameworks/libswiftCoreImage.dylib
Copying /Applications/Xcode.app/Contents/Developer/Toolchains/XcodeDefault.xctoolchain/usr/lib/swift/macosx/libswiftDarwin.dylib to [...]/Library/Developer/Xcode/DerivedData/Default-crpxgvdgcdfrmiakfvxxfraggzcv/Build/Products/Debug/DefaultTests.xctest/Contents/Frameworks/libswiftDarwin.dylib
Copying /Applications/Xcode.app/Contents/Developer/Toolchains/XcodeDefault.xctoolchain/usr/lib/swift/macosx/libswiftDispatch.dylib to [...]/Library/Developer/Xcode/DerivedData/Default-crpxgvdgcdfrmiakfvxxfraggzcv/Build/Products/Debug/DefaultTests.xctest/Contents/Frameworks/libswiftDispatch.dylib
Copying /Applications/Xcode.app/Contents/Developer/Toolchains/XcodeDefault.xctoolchain/usr/lib/swift/macosx/libswiftFoundation.dylib to [...]/Library/Developer/Xcode/DerivedData/Default-crpxgvdgcdfrmiakfvxxfraggzcv/Build/Products/Debug/DefaultTests.xctest/Contents/Frameworks/libswiftFoundation.dylib
Copying /Applications/Xcode.app/Contents/Developer/Toolchains/XcodeDefault.xctoolchain/usr/lib/swift/macosx/libswiftIOKit.dylib to [...]/Library/Developer/Xcode/DerivedData/Default-crpxgvdgcdfrmiakfvxxfraggzcv/Build/Products/Debug/DefaultTests.xctest/Contents/Frameworks/libswiftIOKit.dylib
Copying /Applications/Xcode.app/Contents/Developer/Toolchains/XcodeDefault.xctoolchain/usr/lib/swift/macosx/libswiftMetal.dylib to [...]/Library/Developer/Xcode/DerivedData/Default-crpxgvdgcdfrmiakfvxxfraggzcv/Build/Products/Debug/DefaultTests.xctest/Contents/Frameworks/libswiftMetal.dylib
Copying /Applications/Xcode.app/Contents/Developer/Toolchains/XcodeDefault.xctoolchain/usr/lib/swift/macosx/libswiftObjectiveC.dylib to [...]/Library/Developer/Xcode/DerivedData/Default-crpxgvdgcdfrmiakfvxxfraggzcv/Build/Products/Debug/DefaultTests.xctest/Contents/Frameworks/libswiftObjectiveC.dylib
Copying /Applications/Xcode.app/Contents/Developer/Toolchains/XcodeDefault.xctoolchain/usr/lib/swift/macosx/libswiftQuartzCore.dylib to [...]/Library/Developer/Xcode/DerivedData/Default-crpxgvdgcdfrmiakfvxxfraggzcv/Build/Products/Debug/DefaultTests.xctest/Contents/Frameworks/libswiftQuartzCore.dylib
Copying /Applications/Xcode.app/Contents/Developer/Toolchains/XcodeDefault.xctoolchain/usr/lib/swift/macosx/libswiftXCTest.dylib to [...]/Library/Developer/Xcode/DerivedData/Default-crpxgvdgcdfrmiakfvxxfraggzcv/Build/Products/Debug/DefaultTests.xctest/Contents/Frameworks/libswiftXCTest.dylib
Copying /Applications/Xcode.app/Contents/Developer/Toolchains/XcodeDefault.xctoolchain/usr/lib/swift/macosx/libswiftXPC.dylib to [...]/Library/Developer/Xcode/DerivedData/Default-crpxgvdgcdfrmiakfvxxfraggzcv/Build/Products/Debug/DefaultTests.xctest/Contents/Frameworks/libswiftXPC.dylib
Copying /Applications/Xcode.app/Contents/Developer/Toolchains/XcodeDefault.xctoolchain/usr/lib/swift/macosx/libswiftos.dylib to [...]/Library/Developer/Xcode/DerivedData/Default-crpxgvdgcdfrmiakfvxxfraggzcv/Build/Products/Debug/DefaultTests.xctest/Contents/Frameworks/libswiftos.dylib
Copying /Applications/Xcode.app/Contents/Developer/Toolchains/XcodeDefault.xctoolchain/usr/lib/swift/macosx/libswiftRemoteMirror.dylib to [...]/Library/Developer/Xcode/DerivedData/Default-crpxgvdgcdfrmiakfvxxfraggzcv/Build/Products/Debug/DefaultTests.xctest/Contents/Resources/libswiftRemoteMirror.dylib

Touch [...]/Library/Developer/Xcode/DerivedData/Default-crpxgvdgcdfrmiakfvxxfraggzcv/Build/Products/Debug/DefaultTests.xctest
    cd "[...]/Tests/Mock Projects/After/Default"
    /usr/bin/touch -c [...]/Library/Developer/Xcode/DerivedData/Default-crpxgvdgcdfrmiakfvxxfraggzcv/Build/Products/Debug/DefaultTests.xctest

** TEST SUCCEEDED **

Test Suite 'All tests' [...]Test Suite 'DefaultTests.xctest' [...]Test Suite 'DefaultTests' [...]Test Case '-[DefaultTests.DefaultTests testExample]' started.
Test Case '-[DefaultTests.DefaultTests testExample]' [...]).
Test Suite 'DefaultTests' [...]	 Executed 1 test, with 0 failures (0 [...]
Test Suite 'DefaultTests.xctest' [...]	 Executed 1 test, with 0 failures (0 [...]
Test Suite 'All tests' [...]	 Executed 1 test, with 0 failures (0 [...]


✓ Tests pass on macOS with the Swift Package Manager.
✓ Tests pass on macOS with Xcode.


“Default” passes validation.

$ workspace validate test‐coverage

$ workspace validate documentation‐coverage

Generating documentation for “Default”...


$ jazzy --module Default --copyright "Copyright ©2018 the Default project contributors. All rights reserved." --documentation=Documentation/*.md --clean --use-safe-filenames --output "[...]/Documentation/Default" --xcodebuild-arguments "-scheme,Default-Package,-target,Default,-sdk,macosx,-derivedDataPath,[...]/Jazzy Build Artifacts"
0% documentation coverage with 0 undocumented symbols
skipped 1 private, fileprivate, or internal symbol (use `--min-acl` to specify a different minimum ACL)
jam out ♪♫ to your fresh new docs in `[...]/Documentation/Default`

Writing to “[...]/Documentation/Default/.nojekyll”...

$ swift package resolve


Checking documentation coverage for “Default”... (§1)


✓ Generated documentation for “Default”.
✓ Documentation coverage is complete for “Default”.


“Default” passes validation.

$ workspace proofread •xcode

$ swiftlint lint --strict --config [...]/SwiftLint/Configuration.yml --quiet
