
$ workspace refresh scripts

Refreshing scripts...


$ swift package resolve

Writing to “Refresh (macOS).command”...
Writing to “Refresh (Linux).sh”...

$ swift package resolve

Writing to “Validate (macOS).command”...
$ workspace refresh resources

Refreshing resources...

$ workspace proofread

Normalizing files...


Proofreading source code... (§1)

Package.swift
README.md
Sources/Default/Default.swift
Tests/DefaultTests/DefaultTests.swift
Tests/LinuxMain.swift

$ swiftlint lint --strict --config [...]/SwiftLint/Configuration.yml --reporter emoji


$ swift package resolve


✓ Source code passes proofreading.


“Default” passes validation.

$ workspace validate build

Checking build for macOS with the Swift Package Manager... (§1)


$ swift build
Compile Swift Module 'Default' (1 sources)


Checking build for macOS with Xcode... (§2)


$ xcodebuild build -sdk macosx -scheme Default-Package
Build settings from command line:
    SDKROOT = macosx10.13

=== BUILD TARGET Default OF PROJECT Default WITH CONFIGURATION Debug ===

Check dependencies

Write auxiliary files
/bin/mkdir -p [...]/Library/Developer/Xcode/DerivedData/Default-crpxgvdgcdfrmiakfvxxfraggzcv/Build/Intermediates.noindex/Default.build/Debug/Default.build/Objects-normal/x86_64
write-file [...]/Library/Developer/Xcode/DerivedData/Default-crpxgvdgcdfrmiakfvxxfraggzcv/Build/Intermediates.noindex/Default.build/Debug/Default.build/Objects-normal/x86_64/Default-OutputFileMap.json
write-file [...]/Library/Developer/Xcode/DerivedData/Default-crpxgvdgcdfrmiakfvxxfraggzcv/Build/Intermediates.noindex/Default.build/Debug/Default.build/swift-overrides.hmap
write-file [...]/Library/Developer/Xcode/DerivedData/Default-crpxgvdgcdfrmiakfvxxfraggzcv/Build/Intermediates.noindex/Default.build/Debug/Default.build/Objects-normal/x86_64/Default.LinkFileList
write-file [...]/Library/Developer/Xcode/DerivedData/Default-crpxgvdgcdfrmiakfvxxfraggzcv/Build/Intermediates.noindex/Default.build/Debug/Default.build/module.modulemap

Create product structure
/bin/mkdir -p [...]/Library/Developer/Xcode/DerivedData/Default-crpxgvdgcdfrmiakfvxxfraggzcv/Build/Products/Debug/Default.framework/Versions/A/Modules
/bin/ln -sfh Versions/Current/Modules [...]/Library/Developer/Xcode/DerivedData/Default-crpxgvdgcdfrmiakfvxxfraggzcv/Build/Products/Debug/Default.framework/Modules
/bin/mkdir -p [...]/Library/Developer/Xcode/DerivedData/Default-crpxgvdgcdfrmiakfvxxfraggzcv/Build/Products/Debug/Default.framework/Versions/A/Headers
/bin/mkdir -p [...]/Library/Developer/Xcode/DerivedData/Default-crpxgvdgcdfrmiakfvxxfraggzcv/Build/Products/Debug/Default.framework/Versions/A/Resources
/bin/ln -sfh A [...]/Library/Developer/Xcode/DerivedData/Default-crpxgvdgcdfrmiakfvxxfraggzcv/Build/Products/Debug/Default.framework/Versions/Current
/bin/ln -sfh Versions/Current/Resources [...]/Library/Developer/Xcode/DerivedData/Default-crpxgvdgcdfrmiakfvxxfraggzcv/Build/Products/Debug/Default.framework/Resources
/bin/ln -sfh Versions/Current/Headers [...]/Library/Developer/Xcode/DerivedData/Default-crpxgvdgcdfrmiakfvxxfraggzcv/Build/Products/Debug/Default.framework/Headers
/bin/ln -sfh Versions/Current/Default [...]/Library/Developer/Xcode/DerivedData/Default-crpxgvdgcdfrmiakfvxxfraggzcv/Build/Products/Debug/Default.framework/Default

ProcessInfoPlistFile [...]/Library/Developer/Xcode/DerivedData/Default-crpxgvdgcdfrmiakfvxxfraggzcv/Build/Products/Debug/Default.framework/Versions/A/Resources/Info.plist Default.xcodeproj/Default_Info.plist
    cd "[...]/Tests/Mock Projects/After/Default"
    builtin-infoPlistUtility [...]/Tests/Mock\ Projects/After/Default/Default.xcodeproj/Default_Info.plist -expandbuildsettings -platform macosx -o [...]/Library/Developer/Xcode/DerivedData/Default-crpxgvdgcdfrmiakfvxxfraggzcv/Build/Products/Debug/Default.framework/Versions/A/Resources/Info.plist

CompileSwiftSources normal x86_64 com.apple.xcode.tools.swift.compiler
    cd "[...]/Tests/Mock Projects/After/Default"
    export DEVELOPER_DIR=/Applications/Xcode.app/Contents/Developer
    export SDKROOT=/Applications/Xcode.app/Contents/Developer/Platforms/MacOSX.platform/Developer/SDKs/MacOSX10.13.sdk
    /Applications/Xcode.app/Contents/Developer/Toolchains/XcodeDefault.xctoolchain/usr/bin/swiftc -incremental -module-name Default -Onone -enforce-exclusivity=checked -DSWIFT_PACKAGE -DXcode -sdk /Applications/Xcode.app/Contents/Developer/Platforms/MacOSX.platform/Developer/SDKs/MacOSX10.13.sdk -target x86_64-apple-macosx10.10 -g -module-cache-path [...]/Library/Developer/Xcode/DerivedData/ModuleCache -Xfrontend -serialize-debugging-options -profile-coverage-mapping -profile-generate -enable-testing -index-store-path [...]/Library/Developer/Xcode/DerivedData/Default-crpxgvdgcdfrmiakfvxxfraggzcv/Index/DataStore -Xfrontend -report-errors-to-debugger -swift-version 4 -I [...]/Library/Developer/Xcode/DerivedData/Default-crpxgvdgcdfrmiakfvxxfraggzcv/Build/Products/Debug -F [...]/Library/Developer/Xcode/DerivedData/Default-crpxgvdgcdfrmiakfvxxfraggzcv/Build/Products/Debug -F /Applications/Xcode.app/Contents/Developer/Platforms/MacOSX.platform/Developer/Library/Frameworks -parse-as-library -c -j4 [...]/Tests/Mock\ Projects/After/Default/Sources/Default/Default.swift -output-file-map [...]/Library/Developer/Xcode/DerivedData/Default-crpxgvdgcdfrmiakfvxxfraggzcv/Build/Intermediates.noindex/Default.build/Debug/Default.build/Objects-normal/x86_64/Default-OutputFileMap.json -parseable-output -serialize-diagnostics -emit-dependencies -emit-module -emit-module-path [...]/Library/Developer/Xcode/DerivedData/Default-crpxgvdgcdfrmiakfvxxfraggzcv/Build/Intermediates.noindex/Default.build/Debug/Default.build/Objects-normal/x86_64/Default.swiftmodule -Xcc -I[...]/Library/Developer/Xcode/DerivedData/Default-crpxgvdgcdfrmiakfvxxfraggzcv/Build/Intermediates.noindex/Default.build/Debug/Default.build/swift-overrides.hmap -Xcc -I[...]/Library/Developer/Xcode/DerivedData/Default-crpxgvdgcdfrmiakfvxxfraggzcv/Build/Products/Debug/include -Xcc -I[...]/Library/Developer/Xcode/DerivedData/Default-crpxgvdgcdfrmiakfvxxfraggzcv/Build/Intermediates.noindex/Default.build/Debug/Default.build/DerivedSources/x86_64 -Xcc -I[...]/Library/Developer/Xcode/DerivedData/Default-crpxgvdgcdfrmiakfvxxfraggzcv/Build/Intermediates.noindex/Default.build/Debug/Default.build/DerivedSources -emit-objc-header -emit-objc-header-path [...]/Library/Developer/Xcode/DerivedData/Default-crpxgvdgcdfrmiakfvxxfraggzcv/Build/Intermediates.noindex/Default.build/Debug/Default.build/Objects-normal/x86_64/Default-Swift.h -Xcc -working-directory[...]/Tests/Mock\ Projects/After/Default

CompileSwift normal x86_64 [...]/Tests/Mock Projects/After/Default/Sources/Default/Default.swift
    cd [...]/Tests/Mock Projects/After/Default
    /Applications/Xcode.app/Contents/Developer/Toolchains/XcodeDefault.xctoolchain/usr/bin/swift -frontend -c -primary-file "[...]/Tests/Mock Projects/After/Default/Sources/Default/Default.swift" -target x86_64-apple-macosx10.10 -enable-objc-interop -sdk /Applications/Xcode.app/Contents/Developer/Platforms/MacOSX.platform/Developer/SDKs/MacOSX10.13.sdk -I [...]/Library/Developer/Xcode/DerivedData/Default-crpxgvdgcdfrmiakfvxxfraggzcv/Build/Products/Debug -F [...]/Library/Developer/Xcode/DerivedData/Default-crpxgvdgcdfrmiakfvxxfraggzcv/Build/Products/Debug -F /Applications/Xcode.app/Contents/Developer/Platforms/MacOSX.platform/Developer/Library/Frameworks -enable-testing -g -module-cache-path [...]/Library/Developer/Xcode/DerivedData/ModuleCache -profile-generate -profile-coverage-mapping -swift-version 4 -enforce-exclusivity=checked -D SWIFT_PACKAGE -D Xcode -serialize-debugging-options -report-errors-to-debugger -Xcc -I[...]/Library/Developer/Xcode/DerivedData/Default-crpxgvdgcdfrmiakfvxxfraggzcv/Build/Intermediates.noindex/Default.build/Debug/Default.build/swift-overrides.hmap -Xcc -I[...]/Library/Developer/Xcode/DerivedData/Default-crpxgvdgcdfrmiakfvxxfraggzcv/Build/Products/Debug/include -Xcc -I[...]/Library/Developer/Xcode/DerivedData/Default-crpxgvdgcdfrmiakfvxxfraggzcv/Build/Intermediates.noindex/Default.build/Debug/Default.build/DerivedSources/x86_64 -Xcc -I[...]/Library/Developer/Xcode/DerivedData/Default-crpxgvdgcdfrmiakfvxxfraggzcv/Build/Intermediates.noindex/Default.build/Debug/Default.build/DerivedSources -Xcc "-working-directory[...]/Tests/Mock Projects/After/Default" -emit-module-doc-path [...]/Library/Developer/Xcode/DerivedData/Default-crpxgvdgcdfrmiakfvxxfraggzcv/Build/Intermediates.noindex/Default.build/Debug/Default.build/Objects-normal/x86_64/Default~partial.swiftdoc -serialize-diagnostics-path [...]/Library/Developer/Xcode/DerivedData/Default-crpxgvdgcdfrmiakfvxxfraggzcv/Build/Intermediates.noindex/Default.build/Debug/Default.build/Objects-normal/x86_64/Default.dia -Onone -parse-as-library -module-name Default -emit-module-path [...]/Library/Developer/Xcode/DerivedData/Default-crpxgvdgcdfrmiakfvxxfraggzcv/Build/Intermediates.noindex/Default.build/Debug/Default.build/Objects-normal/x86_64/Default~partial.swiftmodule -emit-dependencies-path [...]/Library/Developer/Xcode/DerivedData/Default-crpxgvdgcdfrmiakfvxxfraggzcv/Build/Intermediates.noindex/Default.build/Debug/Default.build/Objects-normal/x86_64/Default.d -emit-reference-dependencies-path [...]/Library/Developer/Xcode/DerivedData/Default-crpxgvdgcdfrmiakfvxxfraggzcv/Build/Intermediates.noindex/Default.build/Debug/Default.build/Objects-normal/x86_64/Default.swiftdeps -o [...]/Library/Developer/Xcode/DerivedData/Default-crpxgvdgcdfrmiakfvxxfraggzcv/Build/Intermediates.noindex/Default.build/Debug/Default.build/Objects-normal/x86_64/Default.o -index-store-path [...]/Library/Developer/Xcode/DerivedData/Default-crpxgvdgcdfrmiakfvxxfraggzcv/Index/DataStore -index-system-modules

MergeSwiftModule normal x86_64 [...]/Library/Developer/Xcode/DerivedData/Default-crpxgvdgcdfrmiakfvxxfraggzcv/Build/Intermediates.noindex/Default.build/Debug/Default.build/Objects-normal/x86_64/Default.swiftmodule
    cd [...]/Tests/Mock Projects/After/Default
    /Applications/Xcode.app/Contents/Developer/Toolchains/XcodeDefault.xctoolchain/usr/bin/swift -frontend -emit-module [...]/Library/Developer/Xcode/DerivedData/Default-crpxgvdgcdfrmiakfvxxfraggzcv/Build/Intermediates.noindex/Default.build/Debug/Default.build/Objects-normal/x86_64/Default~partial.swiftmodule -parse-as-library -target x86_64-apple-macosx10.10 -enable-objc-interop -sdk /Applications/Xcode.app/Contents/Developer/Platforms/MacOSX.platform/Developer/SDKs/MacOSX10.13.sdk -I [...]/Library/Developer/Xcode/DerivedData/Default-crpxgvdgcdfrmiakfvxxfraggzcv/Build/Products/Debug -F [...]/Library/Developer/Xcode/DerivedData/Default-crpxgvdgcdfrmiakfvxxfraggzcv/Build/Products/Debug -F /Applications/Xcode.app/Contents/Developer/Platforms/MacOSX.platform/Developer/Library/Frameworks -enable-testing -g -module-cache-path [...]/Library/Developer/Xcode/DerivedData/ModuleCache -profile-generate -profile-coverage-mapping -swift-version 4 -enforce-exclusivity=checked -D SWIFT_PACKAGE -D Xcode -serialize-debugging-options -report-errors-to-debugger -Xcc -I[...]/Library/Developer/Xcode/DerivedData/Default-crpxgvdgcdfrmiakfvxxfraggzcv/Build/Intermediates.noindex/Default.build/Debug/Default.build/swift-overrides.hmap -Xcc -I[...]/Library/Developer/Xcode/DerivedData/Default-crpxgvdgcdfrmiakfvxxfraggzcv/Build/Products/Debug/include -Xcc -I[...]/Library/Developer/Xcode/DerivedData/Default-crpxgvdgcdfrmiakfvxxfraggzcv/Build/Intermediates.noindex/Default.build/Debug/Default.build/DerivedSources/x86_64 -Xcc -I[...]/Library/Developer/Xcode/DerivedData/Default-crpxgvdgcdfrmiakfvxxfraggzcv/Build/Intermediates.noindex/Default.build/Debug/Default.build/DerivedSources -Xcc "-working-directory[...]/Tests/Mock Projects/After/Default" -emit-module-doc-path [...]/Library/Developer/Xcode/DerivedData/Default-crpxgvdgcdfrmiakfvxxfraggzcv/Build/Intermediates.noindex/Default.build/Debug/Default.build/Objects-normal/x86_64/Default.swiftdoc -module-name Default -emit-objc-header-path [...]/Library/Developer/Xcode/DerivedData/Default-crpxgvdgcdfrmiakfvxxfraggzcv/Build/Intermediates.noindex/Default.build/Debug/Default.build/Objects-normal/x86_64/Default-Swift.h -o [...]/Library/Developer/Xcode/DerivedData/Default-crpxgvdgcdfrmiakfvxxfraggzcv/Build/Intermediates.noindex/Default.build/Debug/Default.build/Objects-normal/x86_64/Default.swiftmodule

Ditto [...]/Library/Developer/Xcode/DerivedData/Default-crpxgvdgcdfrmiakfvxxfraggzcv/Build/Products/Debug/Default.framework/Versions/A/Headers/Default-Swift.h [...]/Library/Developer/Xcode/DerivedData/Default-crpxgvdgcdfrmiakfvxxfraggzcv/Build/Intermediates.noindex/Default.build/Debug/Default.build/Objects-normal/x86_64/Default-Swift.h
    cd "[...]/Tests/Mock Projects/After/Default"
    /usr/bin/ditto -rsrc [...]/Library/Developer/Xcode/DerivedData/Default-crpxgvdgcdfrmiakfvxxfraggzcv/Build/Intermediates.noindex/Default.build/Debug/Default.build/Objects-normal/x86_64/Default-Swift.h [...]/Library/Developer/Xcode/DerivedData/Default-crpxgvdgcdfrmiakfvxxfraggzcv/Build/Products/Debug/Default.framework/Versions/A/Headers/Default-Swift.h

Ditto [...]/Library/Developer/Xcode/DerivedData/Default-crpxgvdgcdfrmiakfvxxfraggzcv/Build/Products/Debug/Default.framework/Versions/A/Modules/Default.swiftmodule/x86_64.swiftmodule [...]/Library/Developer/Xcode/DerivedData/Default-crpxgvdgcdfrmiakfvxxfraggzcv/Build/Intermediates.noindex/Default.build/Debug/Default.build/Objects-normal/x86_64/Default.swiftmodule
    cd "[...]/Tests/Mock Projects/After/Default"
    /usr/bin/ditto -rsrc [...]/Library/Developer/Xcode/DerivedData/Default-crpxgvdgcdfrmiakfvxxfraggzcv/Build/Intermediates.noindex/Default.build/Debug/Default.build/Objects-normal/x86_64/Default.swiftmodule [...]/Library/Developer/Xcode/DerivedData/Default-crpxgvdgcdfrmiakfvxxfraggzcv/Build/Products/Debug/Default.framework/Versions/A/Modules/Default.swiftmodule/x86_64.swiftmodule

Ld [...]/Library/Developer/Xcode/DerivedData/Default-crpxgvdgcdfrmiakfvxxfraggzcv/Build/Products/Debug/Default.framework/Versions/A/Default normal x86_64
    cd "[...]/Tests/Mock Projects/After/Default"
    export MACOSX_DEPLOYMENT_TARGET=10.10
    /Applications/Xcode.app/Contents/Developer/Toolchains/XcodeDefault.xctoolchain/usr/bin/clang -arch x86_64 -dynamiclib -isysroot /Applications/Xcode.app/Contents/Developer/Platforms/MacOSX.platform/Developer/SDKs/MacOSX10.13.sdk -L[...]/Library/Developer/Xcode/DerivedData/Default-crpxgvdgcdfrmiakfvxxfraggzcv/Build/Products/Debug -F[...]/Library/Developer/Xcode/DerivedData/Default-crpxgvdgcdfrmiakfvxxfraggzcv/Build/Products/Debug -F/Applications/Xcode.app/Contents/Developer/Platforms/MacOSX.platform/Developer/Library/Frameworks -filelist [...]/Library/Developer/Xcode/DerivedData/Default-crpxgvdgcdfrmiakfvxxfraggzcv/Build/Intermediates.noindex/Default.build/Debug/Default.build/Objects-normal/x86_64/Default.LinkFileList -install_name @rpath/Default.framework/Versions/A/Default -Xlinker -rpath -Xlinker /Applications/Xcode.app/Contents/Developer/Toolchains/XcodeDefault.xctoolchain/usr/lib/swift/macosx -mmacosx-version-min=10.10 -Xlinker -object_path_lto -Xlinker [...]/Library/Developer/Xcode/DerivedData/Default-crpxgvdgcdfrmiakfvxxfraggzcv/Build/Intermediates.noindex/Default.build/Debug/Default.build/Objects-normal/x86_64/Default_lto.o -Xlinker -export_dynamic -Xlinker -no_deduplicate -fobjc-link-runtime -fprofile-instr-generate -L/Applications/Xcode.app/Contents/Developer/Toolchains/XcodeDefault.xctoolchain/usr/lib/swift/macosx -Xlinker -add_ast_path -Xlinker [...]/Library/Developer/Xcode/DerivedData/Default-crpxgvdgcdfrmiakfvxxfraggzcv/Build/Intermediates.noindex/Default.build/Debug/Default.build/Objects-normal/x86_64/Default.swiftmodule -single_module -Xlinker -dependency_info -Xlinker [...]/Library/Developer/Xcode/DerivedData/Default-crpxgvdgcdfrmiakfvxxfraggzcv/Build/Intermediates.noindex/Default.build/Debug/Default.build/Objects-normal/x86_64/Default_dependency_info.dat -o [...]/Library/Developer/Xcode/DerivedData/Default-crpxgvdgcdfrmiakfvxxfraggzcv/Build/Products/Debug/Default.framework/Versions/A/Default

Ditto [...]/Library/Developer/Xcode/DerivedData/Default-crpxgvdgcdfrmiakfvxxfraggzcv/Build/Products/Debug/Default.framework/Versions/A/Modules/Default.swiftmodule/x86_64.swiftdoc [...]/Library/Developer/Xcode/DerivedData/Default-crpxgvdgcdfrmiakfvxxfraggzcv/Build/Intermediates.noindex/Default.build/Debug/Default.build/Objects-normal/x86_64/Default.swiftdoc
    cd "[...]/Tests/Mock Projects/After/Default"
    /usr/bin/ditto -rsrc [...]/Library/Developer/Xcode/DerivedData/Default-crpxgvdgcdfrmiakfvxxfraggzcv/Build/Intermediates.noindex/Default.build/Debug/Default.build/Objects-normal/x86_64/Default.swiftdoc [...]/Library/Developer/Xcode/DerivedData/Default-crpxgvdgcdfrmiakfvxxfraggzcv/Build/Products/Debug/Default.framework/Versions/A/Modules/Default.swiftmodule/x86_64.swiftdoc

Ditto [...]/Library/Developer/Xcode/DerivedData/Default-crpxgvdgcdfrmiakfvxxfraggzcv/Build/Intermediates.noindex/Default.build/Debug/Default.build/module.modulemap [...]/Library/Developer/Xcode/DerivedData/Default-crpxgvdgcdfrmiakfvxxfraggzcv/Build/Products/Debug/Default.framework/Versions/A/Modules/module.modulemap
    cd "[...]/Tests/Mock Projects/After/Default"
    builtin-copy -exclude .DS_Store -exclude CVS -exclude .svn -exclude .git -exclude .hg -resolve-src-symlinks [...]/Library/Developer/Xcode/DerivedData/Default-crpxgvdgcdfrmiakfvxxfraggzcv/Build/Intermediates.noindex/Default.build/Debug/Default.build/module.modulemap [...]/Library/Developer/Xcode/DerivedData/Default-crpxgvdgcdfrmiakfvxxfraggzcv/Build/Products/Debug/Default.framework/Versions/A/Modules

Touch [...]/Library/Developer/Xcode/DerivedData/Default-crpxgvdgcdfrmiakfvxxfraggzcv/Build/Products/Debug/Default.framework
    cd "[...]/Tests/Mock Projects/After/Default"
    /usr/bin/touch -c [...]/Library/Developer/Xcode/DerivedData/Default-crpxgvdgcdfrmiakfvxxfraggzcv/Build/Products/Debug/Default.framework

** BUILD SUCCEEDED **



Checking build for iOS... (§3)


$ xcodebuild build -sdk iphoneos -scheme Default-Package
Build settings from command line:
    SDKROOT = iphoneos11.2

=== BUILD TARGET Default OF PROJECT Default WITH CONFIGURATION Debug ===

Check dependencies

Write auxiliary files
/bin/mkdir -p [...]/Library/Developer/Xcode/DerivedData/Default-crpxgvdgcdfrmiakfvxxfraggzcv/Build/Intermediates.noindex/Default.build/Debug-iphoneos/Default.build/Objects-normal/arm64
write-file [...]/Library/Developer/Xcode/DerivedData/Default-crpxgvdgcdfrmiakfvxxfraggzcv/Build/Intermediates.noindex/Default.build/Debug-iphoneos/Default.build/Objects-normal/arm64/Default.LinkFileList
write-file [...]/Library/Developer/Xcode/DerivedData/Default-crpxgvdgcdfrmiakfvxxfraggzcv/Build/Intermediates.noindex/Default.build/Debug-iphoneos/Default.build/Objects-normal/arm64/Default-OutputFileMap.json
write-file [...]/Library/Developer/Xcode/DerivedData/Default-crpxgvdgcdfrmiakfvxxfraggzcv/Build/Intermediates.noindex/Default.build/Debug-iphoneos/Default.build/swift-overrides.hmap
write-file [...]/Library/Developer/Xcode/DerivedData/Default-crpxgvdgcdfrmiakfvxxfraggzcv/Build/Intermediates.noindex/Default.build/Debug-iphoneos/Default.build/module.modulemap

Create product structure
/bin/mkdir -p [...]/Library/Developer/Xcode/DerivedData/Default-crpxgvdgcdfrmiakfvxxfraggzcv/Build/Products/Debug-iphoneos/Default.framework/Modules
/bin/mkdir -p [...]/Library/Developer/Xcode/DerivedData/Default-crpxgvdgcdfrmiakfvxxfraggzcv/Build/Products/Debug-iphoneos/Default.framework/Headers

ProcessInfoPlistFile [...]/Library/Developer/Xcode/DerivedData/Default-crpxgvdgcdfrmiakfvxxfraggzcv/Build/Products/Debug-iphoneos/Default.framework/Info.plist Default.xcodeproj/Default_Info.plist
    cd "[...]/Tests/Mock Projects/After/Default"
    export PATH="/Applications/Xcode.app/Contents/Developer/Platforms/iPhoneOS.platform/Developer/usr/bin:/Applications/Xcode.app/Contents/Developer/usr/bin:[...]/.SDG/Registry:[...]/.rvm/gems/ruby-2.4.1/bin:[...]/.rvm/gems/ruby-2.4.1@global/bin:[...]/.rvm/rubies/ruby-2.4.1/bin:/usr/local/bin:/usr/bin:/bin:/usr/sbin:/sbin:[...]/.rvm/bin"
    builtin-infoPlistUtility [...]/Tests/Mock\ Projects/After/Default/Default.xcodeproj/Default_Info.plist -expandbuildsettings -format binary -platform iphoneos -requiredArchitecture arm64 -o [...]/Library/Developer/Xcode/DerivedData/Default-crpxgvdgcdfrmiakfvxxfraggzcv/Build/Products/Debug-iphoneos/Default.framework/Info.plist

CompileSwiftSources normal arm64 com.apple.xcode.tools.swift.compiler
    cd "[...]/Tests/Mock Projects/After/Default"
    export DEVELOPER_DIR=/Applications/Xcode.app/Contents/Developer
    export PATH="/Applications/Xcode.app/Contents/Developer/Platforms/iPhoneOS.platform/Developer/usr/bin:/Applications/Xcode.app/Contents/Developer/usr/bin:[...]/.SDG/Registry:[...]/.rvm/gems/ruby-2.4.1/bin:[...]/.rvm/gems/ruby-2.4.1@global/bin:[...]/.rvm/rubies/ruby-2.4.1/bin:/usr/local/bin:/usr/bin:/bin:/usr/sbin:/sbin:[...]/.rvm/bin"
    export SDKROOT=/Applications/Xcode.app/Contents/Developer/Platforms/iPhoneOS.platform/Developer/SDKs/iPhoneOS11.2.sdk
    /Applications/Xcode.app/Contents/Developer/Toolchains/XcodeDefault.xctoolchain/usr/bin/swiftc -incremental -module-name Default -Onone -enforce-exclusivity=checked -DSWIFT_PACKAGE -DXcode -sdk /Applications/Xcode.app/Contents/Developer/Platforms/iPhoneOS.platform/Developer/SDKs/iPhoneOS11.2.sdk -target arm64-apple-ios11.2 -g -module-cache-path [...]/Library/Developer/Xcode/DerivedData/ModuleCache -Xfrontend -serialize-debugging-options -profile-coverage-mapping -profile-generate -embed-bitcode-marker -enable-testing -index-store-path [...]/Library/Developer/Xcode/DerivedData/Default-crpxgvdgcdfrmiakfvxxfraggzcv/Index/DataStore -Xfrontend -report-errors-to-debugger -swift-version 4 -I [...]/Library/Developer/Xcode/DerivedData/Default-crpxgvdgcdfrmiakfvxxfraggzcv/Build/Products/Debug-iphoneos -F [...]/Library/Developer/Xcode/DerivedData/Default-crpxgvdgcdfrmiakfvxxfraggzcv/Build/Products/Debug-iphoneos -F /Applications/Xcode.app/Contents/Developer/Platforms/iPhoneOS.platform/Developer/Library/Frameworks -parse-as-library -c -j4 [...]/Tests/Mock\ Projects/After/Default/Sources/Default/Default.swift -output-file-map [...]/Library/Developer/Xcode/DerivedData/Default-crpxgvdgcdfrmiakfvxxfraggzcv/Build/Intermediates.noindex/Default.build/Debug-iphoneos/Default.build/Objects-normal/arm64/Default-OutputFileMap.json -parseable-output -serialize-diagnostics -emit-dependencies -emit-module -emit-module-path [...]/Library/Developer/Xcode/DerivedData/Default-crpxgvdgcdfrmiakfvxxfraggzcv/Build/Intermediates.noindex/Default.build/Debug-iphoneos/Default.build/Objects-normal/arm64/Default.swiftmodule -Xcc -I[...]/Library/Developer/Xcode/DerivedData/Default-crpxgvdgcdfrmiakfvxxfraggzcv/Build/Intermediates.noindex/Default.build/Debug-iphoneos/Default.build/swift-overrides.hmap -Xcc -I[...]/Library/Developer/Xcode/DerivedData/Default-crpxgvdgcdfrmiakfvxxfraggzcv/Build/Products/Debug-iphoneos/include -Xcc -I[...]/Library/Developer/Xcode/DerivedData/Default-crpxgvdgcdfrmiakfvxxfraggzcv/Build/Intermediates.noindex/Default.build/Debug-iphoneos/Default.build/DerivedSources/arm64 -Xcc -I[...]/Library/Developer/Xcode/DerivedData/Default-crpxgvdgcdfrmiakfvxxfraggzcv/Build/Intermediates.noindex/Default.build/Debug-iphoneos/Default.build/DerivedSources -emit-objc-header -emit-objc-header-path [...]/Library/Developer/Xcode/DerivedData/Default-crpxgvdgcdfrmiakfvxxfraggzcv/Build/Intermediates.noindex/Default.build/Debug-iphoneos/Default.build/Objects-normal/arm64/Default-Swift.h -Xcc -working-directory[...]/Tests/Mock\ Projects/After/Default

CompileSwift normal arm64 [...]/Tests/Mock Projects/After/Default/Sources/Default/Default.swift
    cd [...]/Tests/Mock Projects/After/Default
    /Applications/Xcode.app/Contents/Developer/Toolchains/XcodeDefault.xctoolchain/usr/bin/swift -frontend -c -primary-file "[...]/Tests/Mock Projects/After/Default/Sources/Default/Default.swift" -target arm64-apple-ios11.2 -Xllvm -aarch64-use-tbi -enable-objc-interop -sdk /Applications/Xcode.app/Contents/Developer/Platforms/iPhoneOS.platform/Developer/SDKs/iPhoneOS11.2.sdk -I [...]/Library/Developer/Xcode/DerivedData/Default-crpxgvdgcdfrmiakfvxxfraggzcv/Build/Products/Debug-iphoneos -F [...]/Library/Developer/Xcode/DerivedData/Default-crpxgvdgcdfrmiakfvxxfraggzcv/Build/Products/Debug-iphoneos -F /Applications/Xcode.app/Contents/Developer/Platforms/iPhoneOS.platform/Developer/Library/Frameworks -enable-testing -g -module-cache-path [...]/Library/Developer/Xcode/DerivedData/ModuleCache -profile-generate -profile-coverage-mapping -swift-version 4 -enforce-exclusivity=checked -D SWIFT_PACKAGE -D Xcode -serialize-debugging-options -report-errors-to-debugger -Xcc -I[...]/Library/Developer/Xcode/DerivedData/Default-crpxgvdgcdfrmiakfvxxfraggzcv/Build/Intermediates.noindex/Default.build/Debug-iphoneos/Default.build/swift-overrides.hmap -Xcc -I[...]/Library/Developer/Xcode/DerivedData/Default-crpxgvdgcdfrmiakfvxxfraggzcv/Build/Products/Debug-iphoneos/include -Xcc -I[...]/Library/Developer/Xcode/DerivedData/Default-crpxgvdgcdfrmiakfvxxfraggzcv/Build/Intermediates.noindex/Default.build/Debug-iphoneos/Default.build/DerivedSources/arm64 -Xcc -I[...]/Library/Developer/Xcode/DerivedData/Default-crpxgvdgcdfrmiakfvxxfraggzcv/Build/Intermediates.noindex/Default.build/Debug-iphoneos/Default.build/DerivedSources -Xcc "-working-directory[...]/Tests/Mock Projects/After/Default" -emit-module-doc-path [...]/Library/Developer/Xcode/DerivedData/Default-crpxgvdgcdfrmiakfvxxfraggzcv/Build/Intermediates.noindex/Default.build/Debug-iphoneos/Default.build/Objects-normal/arm64/Default~partial.swiftdoc -serialize-diagnostics-path [...]/Library/Developer/Xcode/DerivedData/Default-crpxgvdgcdfrmiakfvxxfraggzcv/Build/Intermediates.noindex/Default.build/Debug-iphoneos/Default.build/Objects-normal/arm64/Default.dia -Onone -parse-as-library -module-name Default -emit-module-path [...]/Library/Developer/Xcode/DerivedData/Default-crpxgvdgcdfrmiakfvxxfraggzcv/Build/Intermediates.noindex/Default.build/Debug-iphoneos/Default.build/Objects-normal/arm64/Default~partial.swiftmodule -emit-dependencies-path [...]/Library/Developer/Xcode/DerivedData/Default-crpxgvdgcdfrmiakfvxxfraggzcv/Build/Intermediates.noindex/Default.build/Debug-iphoneos/Default.build/Objects-normal/arm64/Default.d -emit-reference-dependencies-path [...]/Library/Developer/Xcode/DerivedData/Default-crpxgvdgcdfrmiakfvxxfraggzcv/Build/Intermediates.noindex/Default.build/Debug-iphoneos/Default.build/Objects-normal/arm64/Default.swiftdeps -o [...]/Library/Developer/Xcode/DerivedData/Default-crpxgvdgcdfrmiakfvxxfraggzcv/Build/Intermediates.noindex/Default.build/Debug-iphoneos/Default.build/Objects-normal/arm64/Default.o -embed-bitcode-marker -index-store-path [...]/Library/Developer/Xcode/DerivedData/Default-crpxgvdgcdfrmiakfvxxfraggzcv/Index/DataStore -index-system-modules

MergeSwiftModule normal arm64 [...]/Library/Developer/Xcode/DerivedData/Default-crpxgvdgcdfrmiakfvxxfraggzcv/Build/Intermediates.noindex/Default.build/Debug-iphoneos/Default.build/Objects-normal/arm64/Default.swiftmodule
    cd [...]/Tests/Mock Projects/After/Default
    /Applications/Xcode.app/Contents/Developer/Toolchains/XcodeDefault.xctoolchain/usr/bin/swift -frontend -emit-module [...]/Library/Developer/Xcode/DerivedData/Default-crpxgvdgcdfrmiakfvxxfraggzcv/Build/Intermediates.noindex/Default.build/Debug-iphoneos/Default.build/Objects-normal/arm64/Default~partial.swiftmodule -parse-as-library -target arm64-apple-ios11.2 -Xllvm -aarch64-use-tbi -enable-objc-interop -sdk /Applications/Xcode.app/Contents/Developer/Platforms/iPhoneOS.platform/Developer/SDKs/iPhoneOS11.2.sdk -I [...]/Library/Developer/Xcode/DerivedData/Default-crpxgvdgcdfrmiakfvxxfraggzcv/Build/Products/Debug-iphoneos -F [...]/Library/Developer/Xcode/DerivedData/Default-crpxgvdgcdfrmiakfvxxfraggzcv/Build/Products/Debug-iphoneos -F /Applications/Xcode.app/Contents/Developer/Platforms/iPhoneOS.platform/Developer/Library/Frameworks -enable-testing -g -module-cache-path [...]/Library/Developer/Xcode/DerivedData/ModuleCache -profile-generate -profile-coverage-mapping -swift-version 4 -enforce-exclusivity=checked -D SWIFT_PACKAGE -D Xcode -serialize-debugging-options -report-errors-to-debugger -Xcc -I[...]/Library/Developer/Xcode/DerivedData/Default-crpxgvdgcdfrmiakfvxxfraggzcv/Build/Intermediates.noindex/Default.build/Debug-iphoneos/Default.build/swift-overrides.hmap -Xcc -I[...]/Library/Developer/Xcode/DerivedData/Default-crpxgvdgcdfrmiakfvxxfraggzcv/Build/Products/Debug-iphoneos/include -Xcc -I[...]/Library/Developer/Xcode/DerivedData/Default-crpxgvdgcdfrmiakfvxxfraggzcv/Build/Intermediates.noindex/Default.build/Debug-iphoneos/Default.build/DerivedSources/arm64 -Xcc -I[...]/Library/Developer/Xcode/DerivedData/Default-crpxgvdgcdfrmiakfvxxfraggzcv/Build/Intermediates.noindex/Default.build/Debug-iphoneos/Default.build/DerivedSources -Xcc "-working-directory[...]/Tests/Mock Projects/After/Default" -emit-module-doc-path [...]/Library/Developer/Xcode/DerivedData/Default-crpxgvdgcdfrmiakfvxxfraggzcv/Build/Intermediates.noindex/Default.build/Debug-iphoneos/Default.build/Objects-normal/arm64/Default.swiftdoc -module-name Default -emit-objc-header-path [...]/Library/Developer/Xcode/DerivedData/Default-crpxgvdgcdfrmiakfvxxfraggzcv/Build/Intermediates.noindex/Default.build/Debug-iphoneos/Default.build/Objects-normal/arm64/Default-Swift.h -o [...]/Library/Developer/Xcode/DerivedData/Default-crpxgvdgcdfrmiakfvxxfraggzcv/Build/Intermediates.noindex/Default.build/Debug-iphoneos/Default.build/Objects-normal/arm64/Default.swiftmodule

Ditto [...]/Library/Developer/Xcode/DerivedData/Default-crpxgvdgcdfrmiakfvxxfraggzcv/Build/Products/Debug-iphoneos/Default.framework/Headers/Default-Swift.h [...]/Library/Developer/Xcode/DerivedData/Default-crpxgvdgcdfrmiakfvxxfraggzcv/Build/Intermediates.noindex/Default.build/Debug-iphoneos/Default.build/Objects-normal/arm64/Default-Swift.h
    cd "[...]/Tests/Mock Projects/After/Default"
    export PATH="/Applications/Xcode.app/Contents/Developer/Platforms/iPhoneOS.platform/Developer/usr/bin:/Applications/Xcode.app/Contents/Developer/usr/bin:[...]/.SDG/Registry:[...]/.rvm/gems/ruby-2.4.1/bin:[...]/.rvm/gems/ruby-2.4.1@global/bin:[...]/.rvm/rubies/ruby-2.4.1/bin:/usr/local/bin:/usr/bin:/bin:/usr/sbin:/sbin:[...]/.rvm/bin"
    /usr/bin/ditto -rsrc [...]/Library/Developer/Xcode/DerivedData/Default-crpxgvdgcdfrmiakfvxxfraggzcv/Build/Intermediates.noindex/Default.build/Debug-iphoneos/Default.build/Objects-normal/arm64/Default-Swift.h [...]/Library/Developer/Xcode/DerivedData/Default-crpxgvdgcdfrmiakfvxxfraggzcv/Build/Products/Debug-iphoneos/Default.framework/Headers/Default-Swift.h

Ditto [...]/Library/Developer/Xcode/DerivedData/Default-crpxgvdgcdfrmiakfvxxfraggzcv/Build/Products/Debug-iphoneos/Default.framework/Modules/Default.swiftmodule/arm64.swiftdoc [...]/Library/Developer/Xcode/DerivedData/Default-crpxgvdgcdfrmiakfvxxfraggzcv/Build/Intermediates.noindex/Default.build/Debug-iphoneos/Default.build/Objects-normal/arm64/Default.swiftdoc
    cd "[...]/Tests/Mock Projects/After/Default"
    export PATH="/Applications/Xcode.app/Contents/Developer/Platforms/iPhoneOS.platform/Developer/usr/bin:/Applications/Xcode.app/Contents/Developer/usr/bin:[...]/.SDG/Registry:[...]/.rvm/gems/ruby-2.4.1/bin:[...]/.rvm/gems/ruby-2.4.1@global/bin:[...]/.rvm/rubies/ruby-2.4.1/bin:/usr/local/bin:/usr/bin:/bin:/usr/sbin:/sbin:[...]/.rvm/bin"
    /usr/bin/ditto -rsrc [...]/Library/Developer/Xcode/DerivedData/Default-crpxgvdgcdfrmiakfvxxfraggzcv/Build/Intermediates.noindex/Default.build/Debug-iphoneos/Default.build/Objects-normal/arm64/Default.swiftdoc [...]/Library/Developer/Xcode/DerivedData/Default-crpxgvdgcdfrmiakfvxxfraggzcv/Build/Products/Debug-iphoneos/Default.framework/Modules/Default.swiftmodule/arm64.swiftdoc

Ditto [...]/Library/Developer/Xcode/DerivedData/Default-crpxgvdgcdfrmiakfvxxfraggzcv/Build/Products/Debug-iphoneos/Default.framework/Modules/Default.swiftmodule/arm64.swiftmodule [...]/Library/Developer/Xcode/DerivedData/Default-crpxgvdgcdfrmiakfvxxfraggzcv/Build/Intermediates.noindex/Default.build/Debug-iphoneos/Default.build/Objects-normal/arm64/Default.swiftmodule
    cd "[...]/Tests/Mock Projects/After/Default"
    export PATH="/Applications/Xcode.app/Contents/Developer/Platforms/iPhoneOS.platform/Developer/usr/bin:/Applications/Xcode.app/Contents/Developer/usr/bin:[...]/.SDG/Registry:[...]/.rvm/gems/ruby-2.4.1/bin:[...]/.rvm/gems/ruby-2.4.1@global/bin:[...]/.rvm/rubies/ruby-2.4.1/bin:/usr/local/bin:/usr/bin:/bin:/usr/sbin:/sbin:[...]/.rvm/bin"
    /usr/bin/ditto -rsrc [...]/Library/Developer/Xcode/DerivedData/Default-crpxgvdgcdfrmiakfvxxfraggzcv/Build/Intermediates.noindex/Default.build/Debug-iphoneos/Default.build/Objects-normal/arm64/Default.swiftmodule [...]/Library/Developer/Xcode/DerivedData/Default-crpxgvdgcdfrmiakfvxxfraggzcv/Build/Products/Debug-iphoneos/Default.framework/Modules/Default.swiftmodule/arm64.swiftmodule

Ld [...]/Library/Developer/Xcode/DerivedData/Default-crpxgvdgcdfrmiakfvxxfraggzcv/Build/Products/Debug-iphoneos/Default.framework/Default normal arm64
    cd "[...]/Tests/Mock Projects/After/Default"
    export IPHONEOS_DEPLOYMENT_TARGET=11.2
    export PATH="/Applications/Xcode.app/Contents/Developer/Platforms/iPhoneOS.platform/Developer/usr/bin:/Applications/Xcode.app/Contents/Developer/usr/bin:[...]/.SDG/Registry:[...]/.rvm/gems/ruby-2.4.1/bin:[...]/.rvm/gems/ruby-2.4.1@global/bin:[...]/.rvm/rubies/ruby-2.4.1/bin:/usr/local/bin:/usr/bin:/bin:/usr/sbin:/sbin:[...]/.rvm/bin"
    /Applications/Xcode.app/Contents/Developer/Toolchains/XcodeDefault.xctoolchain/usr/bin/clang -arch arm64 -dynamiclib -isysroot /Applications/Xcode.app/Contents/Developer/Platforms/iPhoneOS.platform/Developer/SDKs/iPhoneOS11.2.sdk -L[...]/Library/Developer/Xcode/DerivedData/Default-crpxgvdgcdfrmiakfvxxfraggzcv/Build/Products/Debug-iphoneos -F[...]/Library/Developer/Xcode/DerivedData/Default-crpxgvdgcdfrmiakfvxxfraggzcv/Build/Products/Debug-iphoneos -F/Applications/Xcode.app/Contents/Developer/Platforms/iPhoneOS.platform/Developer/Library/Frameworks -filelist [...]/Library/Developer/Xcode/DerivedData/Default-crpxgvdgcdfrmiakfvxxfraggzcv/Build/Intermediates.noindex/Default.build/Debug-iphoneos/Default.build/Objects-normal/arm64/Default.LinkFileList -install_name @rpath/Default.framework/Default -Xlinker -rpath -Xlinker /Applications/Xcode.app/Contents/Developer/Toolchains/XcodeDefault.xctoolchain/usr/lib/swift/macosx -miphoneos-version-min=11.2 -dead_strip -Xlinker -object_path_lto -Xlinker [...]/Library/Developer/Xcode/DerivedData/Default-crpxgvdgcdfrmiakfvxxfraggzcv/Build/Intermediates.noindex/Default.build/Debug-iphoneos/Default.build/Objects-normal/arm64/Default_lto.o -Xlinker -export_dynamic -Xlinker -no_deduplicate -fembed-bitcode-marker -fobjc-link-runtime -fprofile-instr-generate -L/Applications/Xcode.app/Contents/Developer/Toolchains/XcodeDefault.xctoolchain/usr/lib/swift/iphoneos -Xlinker -add_ast_path -Xlinker [...]/Library/Developer/Xcode/DerivedData/Default-crpxgvdgcdfrmiakfvxxfraggzcv/Build/Intermediates.noindex/Default.build/Debug-iphoneos/Default.build/Objects-normal/arm64/Default.swiftmodule -single_module -Xlinker -dependency_info -Xlinker [...]/Library/Developer/Xcode/DerivedData/Default-crpxgvdgcdfrmiakfvxxfraggzcv/Build/Intermediates.noindex/Default.build/Debug-iphoneos/Default.build/Objects-normal/arm64/Default_dependency_info.dat -o [...]/Library/Developer/Xcode/DerivedData/Default-crpxgvdgcdfrmiakfvxxfraggzcv/Build/Products/Debug-iphoneos/Default.framework/Default

Ditto [...]/Library/Developer/Xcode/DerivedData/Default-crpxgvdgcdfrmiakfvxxfraggzcv/Build/Intermediates.noindex/Default.build/Debug-iphoneos/Default.build/module.modulemap [...]/Library/Developer/Xcode/DerivedData/Default-crpxgvdgcdfrmiakfvxxfraggzcv/Build/Products/Debug-iphoneos/Default.framework/Modules/module.modulemap
    cd "[...]/Tests/Mock Projects/After/Default"
    export PATH="/Applications/Xcode.app/Contents/Developer/Platforms/iPhoneOS.platform/Developer/usr/bin:/Applications/Xcode.app/Contents/Developer/usr/bin:[...]/.SDG/Registry:[...]/.rvm/gems/ruby-2.4.1/bin:[...]/.rvm/gems/ruby-2.4.1@global/bin:[...]/.rvm/rubies/ruby-2.4.1/bin:/usr/local/bin:/usr/bin:/bin:/usr/sbin:/sbin:[...]/.rvm/bin"
    builtin-copy -exclude .DS_Store -exclude CVS -exclude .svn -exclude .git -exclude .hg -resolve-src-symlinks [...]/Library/Developer/Xcode/DerivedData/Default-crpxgvdgcdfrmiakfvxxfraggzcv/Build/Intermediates.noindex/Default.build/Debug-iphoneos/Default.build/module.modulemap [...]/Library/Developer/Xcode/DerivedData/Default-crpxgvdgcdfrmiakfvxxfraggzcv/Build/Products/Debug-iphoneos/Default.framework/Modules

Touch [...]/Library/Developer/Xcode/DerivedData/Default-crpxgvdgcdfrmiakfvxxfraggzcv/Build/Products/Debug-iphoneos/Default.framework
    cd "[...]/Tests/Mock Projects/After/Default"
    export PATH="/Applications/Xcode.app/Contents/Developer/Platforms/iPhoneOS.platform/Developer/usr/bin:/Applications/Xcode.app/Contents/Developer/usr/bin:[...]/.SDG/Registry:[...]/.rvm/gems/ruby-2.4.1/bin:[...]/.rvm/gems/ruby-2.4.1@global/bin:[...]/.rvm/rubies/ruby-2.4.1/bin:/usr/local/bin:/usr/bin:/bin:/usr/sbin:/sbin:[...]/.rvm/bin"
    /usr/bin/touch -c [...]/Library/Developer/Xcode/DerivedData/Default-crpxgvdgcdfrmiakfvxxfraggzcv/Build/Products/Debug-iphoneos/Default.framework

** BUILD SUCCEEDED **



Checking build for watchOS... (§4)


$ xcodebuild build -sdk watchos -scheme Default-Package
Build settings from command line:
    SDKROOT = watchos4.2

=== BUILD TARGET Default OF PROJECT Default WITH CONFIGURATION Debug ===

Check dependencies
Default will not be code signed because its settings don't specify a development team.

Write auxiliary files
write-file [...]/Library/Developer/Xcode/DerivedData/Default-crpxgvdgcdfrmiakfvxxfraggzcv/Build/Intermediates.noindex/Default.build/Debug-watchos/Default.build/swift-overrides.hmap
/bin/mkdir -p [...]/Library/Developer/Xcode/DerivedData/Default-crpxgvdgcdfrmiakfvxxfraggzcv/Build/Intermediates.noindex/Default.build/Debug-watchos/Default.build/Objects-normal/armv7k
write-file [...]/Library/Developer/Xcode/DerivedData/Default-crpxgvdgcdfrmiakfvxxfraggzcv/Build/Intermediates.noindex/Default.build/Debug-watchos/Default.build/Objects-normal/armv7k/Default-OutputFileMap.json
write-file [...]/Library/Developer/Xcode/DerivedData/Default-crpxgvdgcdfrmiakfvxxfraggzcv/Build/Intermediates.noindex/Default.build/Debug-watchos/Default.build/Objects-normal/armv7k/Default.LinkFileList
write-file [...]/Library/Developer/Xcode/DerivedData/Default-crpxgvdgcdfrmiakfvxxfraggzcv/Build/Intermediates.noindex/Default.build/Debug-watchos/Default.build/module.modulemap

Create product structure
/bin/mkdir -p [...]/Library/Developer/Xcode/DerivedData/Default-crpxgvdgcdfrmiakfvxxfraggzcv/Build/Products/Debug-watchos/Default.framework/Modules
/bin/mkdir -p [...]/Library/Developer/Xcode/DerivedData/Default-crpxgvdgcdfrmiakfvxxfraggzcv/Build/Products/Debug-watchos/Default.framework/Headers

ProcessInfoPlistFile [...]/Library/Developer/Xcode/DerivedData/Default-crpxgvdgcdfrmiakfvxxfraggzcv/Build/Products/Debug-watchos/Default.framework/Info.plist Default.xcodeproj/Default_Info.plist
    cd "[...]/Tests/Mock Projects/After/Default"
    export PATH="/Applications/Xcode.app/Contents/Developer/Platforms/WatchOS.platform/Developer/usr/bin:/Applications/Xcode.app/Contents/Developer/usr/bin:[...]/.SDG/Registry:[...]/.rvm/gems/ruby-2.4.1/bin:[...]/.rvm/gems/ruby-2.4.1@global/bin:[...]/.rvm/rubies/ruby-2.4.1/bin:/usr/local/bin:/usr/bin:/bin:/usr/sbin:/sbin:[...]/.rvm/bin"
    builtin-infoPlistUtility [...]/Tests/Mock\ Projects/After/Default/Default.xcodeproj/Default_Info.plist -expandbuildsettings -format binary -platform watchos -o [...]/Library/Developer/Xcode/DerivedData/Default-crpxgvdgcdfrmiakfvxxfraggzcv/Build/Products/Debug-watchos/Default.framework/Info.plist

CompileSwiftSources normal armv7k com.apple.xcode.tools.swift.compiler
    cd "[...]/Tests/Mock Projects/After/Default"
    export DEVELOPER_DIR=/Applications/Xcode.app/Contents/Developer
    export PATH="/Applications/Xcode.app/Contents/Developer/Platforms/WatchOS.platform/Developer/usr/bin:/Applications/Xcode.app/Contents/Developer/usr/bin:[...]/.SDG/Registry:[...]/.rvm/gems/ruby-2.4.1/bin:[...]/.rvm/gems/ruby-2.4.1@global/bin:[...]/.rvm/rubies/ruby-2.4.1/bin:/usr/local/bin:/usr/bin:/bin:/usr/sbin:/sbin:[...]/.rvm/bin"
    export SDKROOT=/Applications/Xcode.app/Contents/Developer/Platforms/WatchOS.platform/Developer/SDKs/WatchOS4.2.sdk
    /Applications/Xcode.app/Contents/Developer/Toolchains/XcodeDefault.xctoolchain/usr/bin/swiftc -incremental -module-name Default -Onone -enforce-exclusivity=checked -DSWIFT_PACKAGE -DXcode -sdk /Applications/Xcode.app/Contents/Developer/Platforms/WatchOS.platform/Developer/SDKs/WatchOS4.2.sdk -target armv7k-apple-watchos4.2 -g -module-cache-path [...]/Library/Developer/Xcode/DerivedData/ModuleCache -Xfrontend -serialize-debugging-options -profile-coverage-mapping -profile-generate -embed-bitcode-marker -enable-testing -index-store-path [...]/Library/Developer/Xcode/DerivedData/Default-crpxgvdgcdfrmiakfvxxfraggzcv/Index/DataStore -Xfrontend -report-errors-to-debugger -swift-version 4 -I [...]/Library/Developer/Xcode/DerivedData/Default-crpxgvdgcdfrmiakfvxxfraggzcv/Build/Products/Debug-watchos -F [...]/Library/Developer/Xcode/DerivedData/Default-crpxgvdgcdfrmiakfvxxfraggzcv/Build/Products/Debug-watchos -F /Applications/Xcode.app/Contents/Developer/Platforms/WatchOS.platform/Developer/Library/Frameworks -parse-as-library -c -j4 [...]/Tests/Mock\ Projects/After/Default/Sources/Default/Default.swift -output-file-map [...]/Library/Developer/Xcode/DerivedData/Default-crpxgvdgcdfrmiakfvxxfraggzcv/Build/Intermediates.noindex/Default.build/Debug-watchos/Default.build/Objects-normal/armv7k/Default-OutputFileMap.json -parseable-output -serialize-diagnostics -emit-dependencies -emit-module -emit-module-path [...]/Library/Developer/Xcode/DerivedData/Default-crpxgvdgcdfrmiakfvxxfraggzcv/Build/Intermediates.noindex/Default.build/Debug-watchos/Default.build/Objects-normal/armv7k/Default.swiftmodule -Xcc -I[...]/Library/Developer/Xcode/DerivedData/Default-crpxgvdgcdfrmiakfvxxfraggzcv/Build/Intermediates.noindex/Default.build/Debug-watchos/Default.build/swift-overrides.hmap -Xcc -I[...]/Library/Developer/Xcode/DerivedData/Default-crpxgvdgcdfrmiakfvxxfraggzcv/Build/Products/Debug-watchos/include -Xcc -I[...]/Library/Developer/Xcode/DerivedData/Default-crpxgvdgcdfrmiakfvxxfraggzcv/Build/Intermediates.noindex/Default.build/Debug-watchos/Default.build/DerivedSources/armv7k -Xcc -I[...]/Library/Developer/Xcode/DerivedData/Default-crpxgvdgcdfrmiakfvxxfraggzcv/Build/Intermediates.noindex/Default.build/Debug-watchos/Default.build/DerivedSources -emit-objc-header -emit-objc-header-path [...]/Library/Developer/Xcode/DerivedData/Default-crpxgvdgcdfrmiakfvxxfraggzcv/Build/Intermediates.noindex/Default.build/Debug-watchos/Default.build/Objects-normal/armv7k/Default-Swift.h -Xcc -working-directory[...]/Tests/Mock\ Projects/After/Default

CompileSwift normal armv7k [...]/Tests/Mock Projects/After/Default/Sources/Default/Default.swift
    cd [...]/Tests/Mock Projects/After/Default
    /Applications/Xcode.app/Contents/Developer/Toolchains/XcodeDefault.xctoolchain/usr/bin/swift -frontend -c -primary-file "[...]/Tests/Mock Projects/After/Default/Sources/Default/Default.swift" -target armv7k-apple-watchos4.2 -enable-objc-interop -sdk /Applications/Xcode.app/Contents/Developer/Platforms/WatchOS.platform/Developer/SDKs/WatchOS4.2.sdk -I [...]/Library/Developer/Xcode/DerivedData/Default-crpxgvdgcdfrmiakfvxxfraggzcv/Build/Products/Debug-watchos -F [...]/Library/Developer/Xcode/DerivedData/Default-crpxgvdgcdfrmiakfvxxfraggzcv/Build/Products/Debug-watchos -F /Applications/Xcode.app/Contents/Developer/Platforms/WatchOS.platform/Developer/Library/Frameworks -enable-testing -g -module-cache-path [...]/Library/Developer/Xcode/DerivedData/ModuleCache -profile-generate -profile-coverage-mapping -swift-version 4 -enforce-exclusivity=checked -D SWIFT_PACKAGE -D Xcode -serialize-debugging-options -report-errors-to-debugger -Xcc -I[...]/Library/Developer/Xcode/DerivedData/Default-crpxgvdgcdfrmiakfvxxfraggzcv/Build/Intermediates.noindex/Default.build/Debug-watchos/Default.build/swift-overrides.hmap -Xcc -I[...]/Library/Developer/Xcode/DerivedData/Default-crpxgvdgcdfrmiakfvxxfraggzcv/Build/Products/Debug-watchos/include -Xcc -I[...]/Library/Developer/Xcode/DerivedData/Default-crpxgvdgcdfrmiakfvxxfraggzcv/Build/Intermediates.noindex/Default.build/Debug-watchos/Default.build/DerivedSources/armv7k -Xcc -I[...]/Library/Developer/Xcode/DerivedData/Default-crpxgvdgcdfrmiakfvxxfraggzcv/Build/Intermediates.noindex/Default.build/Debug-watchos/Default.build/DerivedSources -Xcc "-working-directory[...]/Tests/Mock Projects/After/Default" -emit-module-doc-path [...]/Library/Developer/Xcode/DerivedData/Default-crpxgvdgcdfrmiakfvxxfraggzcv/Build/Intermediates.noindex/Default.build/Debug-watchos/Default.build/Objects-normal/armv7k/Default~partial.swiftdoc -serialize-diagnostics-path [...]/Library/Developer/Xcode/DerivedData/Default-crpxgvdgcdfrmiakfvxxfraggzcv/Build/Intermediates.noindex/Default.build/Debug-watchos/Default.build/Objects-normal/armv7k/Default.dia -Onone -parse-as-library -module-name Default -emit-module-path [...]/Library/Developer/Xcode/DerivedData/Default-crpxgvdgcdfrmiakfvxxfraggzcv/Build/Intermediates.noindex/Default.build/Debug-watchos/Default.build/Objects-normal/armv7k/Default~partial.swiftmodule -emit-dependencies-path [...]/Library/Developer/Xcode/DerivedData/Default-crpxgvdgcdfrmiakfvxxfraggzcv/Build/Intermediates.noindex/Default.build/Debug-watchos/Default.build/Objects-normal/armv7k/Default.d -emit-reference-dependencies-path [...]/Library/Developer/Xcode/DerivedData/Default-crpxgvdgcdfrmiakfvxxfraggzcv/Build/Intermediates.noindex/Default.build/Debug-watchos/Default.build/Objects-normal/armv7k/Default.swiftdeps -o [...]/Library/Developer/Xcode/DerivedData/Default-crpxgvdgcdfrmiakfvxxfraggzcv/Build/Intermediates.noindex/Default.build/Debug-watchos/Default.build/Objects-normal/armv7k/Default.o -embed-bitcode-marker -index-store-path [...]/Library/Developer/Xcode/DerivedData/Default-crpxgvdgcdfrmiakfvxxfraggzcv/Index/DataStore -index-system-modules

MergeSwiftModule normal armv7k [...]/Library/Developer/Xcode/DerivedData/Default-crpxgvdgcdfrmiakfvxxfraggzcv/Build/Intermediates.noindex/Default.build/Debug-watchos/Default.build/Objects-normal/armv7k/Default.swiftmodule
    cd [...]/Tests/Mock Projects/After/Default
    /Applications/Xcode.app/Contents/Developer/Toolchains/XcodeDefault.xctoolchain/usr/bin/swift -frontend -emit-module [...]/Library/Developer/Xcode/DerivedData/Default-crpxgvdgcdfrmiakfvxxfraggzcv/Build/Intermediates.noindex/Default.build/Debug-watchos/Default.build/Objects-normal/armv7k/Default~partial.swiftmodule -parse-as-library -target armv7k-apple-watchos4.2 -enable-objc-interop -sdk /Applications/Xcode.app/Contents/Developer/Platforms/WatchOS.platform/Developer/SDKs/WatchOS4.2.sdk -I [...]/Library/Developer/Xcode/DerivedData/Default-crpxgvdgcdfrmiakfvxxfraggzcv/Build/Products/Debug-watchos -F [...]/Library/Developer/Xcode/DerivedData/Default-crpxgvdgcdfrmiakfvxxfraggzcv/Build/Products/Debug-watchos -F /Applications/Xcode.app/Contents/Developer/Platforms/WatchOS.platform/Developer/Library/Frameworks -enable-testing -g -module-cache-path [...]/Library/Developer/Xcode/DerivedData/ModuleCache -profile-generate -profile-coverage-mapping -swift-version 4 -enforce-exclusivity=checked -D SWIFT_PACKAGE -D Xcode -serialize-debugging-options -report-errors-to-debugger -Xcc -I[...]/Library/Developer/Xcode/DerivedData/Default-crpxgvdgcdfrmiakfvxxfraggzcv/Build/Intermediates.noindex/Default.build/Debug-watchos/Default.build/swift-overrides.hmap -Xcc -I[...]/Library/Developer/Xcode/DerivedData/Default-crpxgvdgcdfrmiakfvxxfraggzcv/Build/Products/Debug-watchos/include -Xcc -I[...]/Library/Developer/Xcode/DerivedData/Default-crpxgvdgcdfrmiakfvxxfraggzcv/Build/Intermediates.noindex/Default.build/Debug-watchos/Default.build/DerivedSources/armv7k -Xcc -I[...]/Library/Developer/Xcode/DerivedData/Default-crpxgvdgcdfrmiakfvxxfraggzcv/Build/Intermediates.noindex/Default.build/Debug-watchos/Default.build/DerivedSources -Xcc "-working-directory[...]/Tests/Mock Projects/After/Default" -emit-module-doc-path [...]/Library/Developer/Xcode/DerivedData/Default-crpxgvdgcdfrmiakfvxxfraggzcv/Build/Intermediates.noindex/Default.build/Debug-watchos/Default.build/Objects-normal/armv7k/Default.swiftdoc -module-name Default -emit-objc-header-path [...]/Library/Developer/Xcode/DerivedData/Default-crpxgvdgcdfrmiakfvxxfraggzcv/Build/Intermediates.noindex/Default.build/Debug-watchos/Default.build/Objects-normal/armv7k/Default-Swift.h -o [...]/Library/Developer/Xcode/DerivedData/Default-crpxgvdgcdfrmiakfvxxfraggzcv/Build/Intermediates.noindex/Default.build/Debug-watchos/Default.build/Objects-normal/armv7k/Default.swiftmodule

Ditto [...]/Library/Developer/Xcode/DerivedData/Default-crpxgvdgcdfrmiakfvxxfraggzcv/Build/Products/Debug-watchos/Default.framework/Headers/Default-Swift.h [...]/Library/Developer/Xcode/DerivedData/Default-crpxgvdgcdfrmiakfvxxfraggzcv/Build/Intermediates.noindex/Default.build/Debug-watchos/Default.build/Objects-normal/armv7k/Default-Swift.h
    cd "[...]/Tests/Mock Projects/After/Default"
    export PATH="/Applications/Xcode.app/Contents/Developer/Platforms/WatchOS.platform/Developer/usr/bin:/Applications/Xcode.app/Contents/Developer/usr/bin:[...]/.SDG/Registry:[...]/.rvm/gems/ruby-2.4.1/bin:[...]/.rvm/gems/ruby-2.4.1@global/bin:[...]/.rvm/rubies/ruby-2.4.1/bin:/usr/local/bin:/usr/bin:/bin:/usr/sbin:/sbin:[...]/.rvm/bin"
    /usr/bin/ditto -rsrc [...]/Library/Developer/Xcode/DerivedData/Default-crpxgvdgcdfrmiakfvxxfraggzcv/Build/Intermediates.noindex/Default.build/Debug-watchos/Default.build/Objects-normal/armv7k/Default-Swift.h [...]/Library/Developer/Xcode/DerivedData/Default-crpxgvdgcdfrmiakfvxxfraggzcv/Build/Products/Debug-watchos/Default.framework/Headers/Default-Swift.h

Ld [...]/Library/Developer/Xcode/DerivedData/Default-crpxgvdgcdfrmiakfvxxfraggzcv/Build/Products/Debug-watchos/Default.framework/Default normal armv7k
    cd "[...]/Tests/Mock Projects/After/Default"
    export PATH="/Applications/Xcode.app/Contents/Developer/Platforms/WatchOS.platform/Developer/usr/bin:/Applications/Xcode.app/Contents/Developer/usr/bin:[...]/.SDG/Registry:[...]/.rvm/gems/ruby-2.4.1/bin:[...]/.rvm/gems/ruby-2.4.1@global/bin:[...]/.rvm/rubies/ruby-2.4.1/bin:/usr/local/bin:/usr/bin:/bin:/usr/sbin:/sbin:[...]/.rvm/bin"
    export WATCHOS_DEPLOYMENT_TARGET=4.2
    /Applications/Xcode.app/Contents/Developer/Toolchains/XcodeDefault.xctoolchain/usr/bin/clang -arch armv7k -dynamiclib -isysroot /Applications/Xcode.app/Contents/Developer/Platforms/WatchOS.platform/Developer/SDKs/WatchOS4.2.sdk -L[...]/Library/Developer/Xcode/DerivedData/Default-crpxgvdgcdfrmiakfvxxfraggzcv/Build/Products/Debug-watchos -F[...]/Library/Developer/Xcode/DerivedData/Default-crpxgvdgcdfrmiakfvxxfraggzcv/Build/Products/Debug-watchos -F/Applications/Xcode.app/Contents/Developer/Platforms/WatchOS.platform/Developer/Library/Frameworks -filelist [...]/Library/Developer/Xcode/DerivedData/Default-crpxgvdgcdfrmiakfvxxfraggzcv/Build/Intermediates.noindex/Default.build/Debug-watchos/Default.build/Objects-normal/armv7k/Default.LinkFileList -install_name @rpath/Default.framework/Default -Xlinker -rpath -Xlinker /Applications/Xcode.app/Contents/Developer/Toolchains/XcodeDefault.xctoolchain/usr/lib/swift/macosx -mwatchos-version-min=4.2 -dead_strip -Xlinker -object_path_lto -Xlinker [...]/Library/Developer/Xcode/DerivedData/Default-crpxgvdgcdfrmiakfvxxfraggzcv/Build/Intermediates.noindex/Default.build/Debug-watchos/Default.build/Objects-normal/armv7k/Default_lto.o -Xlinker -export_dynamic -Xlinker -no_deduplicate -fembed-bitcode-marker -fobjc-link-runtime -fprofile-instr-generate -L/Applications/Xcode.app/Contents/Developer/Toolchains/XcodeDefault.xctoolchain/usr/lib/swift/watchos -Xlinker -add_ast_path -Xlinker [...]/Library/Developer/Xcode/DerivedData/Default-crpxgvdgcdfrmiakfvxxfraggzcv/Build/Intermediates.noindex/Default.build/Debug-watchos/Default.build/Objects-normal/armv7k/Default.swiftmodule -single_module -Xlinker -dependency_info -Xlinker [...]/Library/Developer/Xcode/DerivedData/Default-crpxgvdgcdfrmiakfvxxfraggzcv/Build/Intermediates.noindex/Default.build/Debug-watchos/Default.build/Objects-normal/armv7k/Default_dependency_info.dat -o [...]/Library/Developer/Xcode/DerivedData/Default-crpxgvdgcdfrmiakfvxxfraggzcv/Build/Products/Debug-watchos/Default.framework/Default
ld: warning: directory not found for option '-F/Applications/Xcode.app/Contents/Developer/Platforms/WatchOS.platform/Developer/Library/Frameworks'

Ditto [...]/Library/Developer/Xcode/DerivedData/Default-crpxgvdgcdfrmiakfvxxfraggzcv/Build/Products/Debug-watchos/Default.framework/Modules/Default.swiftmodule/arm.swiftdoc [...]/Library/Developer/Xcode/DerivedData/Default-crpxgvdgcdfrmiakfvxxfraggzcv/Build/Intermediates.noindex/Default.build/Debug-watchos/Default.build/Objects-normal/armv7k/Default.swiftdoc
    cd "[...]/Tests/Mock Projects/After/Default"
    export PATH="/Applications/Xcode.app/Contents/Developer/Platforms/WatchOS.platform/Developer/usr/bin:/Applications/Xcode.app/Contents/Developer/usr/bin:[...]/.SDG/Registry:[...]/.rvm/gems/ruby-2.4.1/bin:[...]/.rvm/gems/ruby-2.4.1@global/bin:[...]/.rvm/rubies/ruby-2.4.1/bin:/usr/local/bin:/usr/bin:/bin:/usr/sbin:/sbin:[...]/.rvm/bin"
    /usr/bin/ditto -rsrc [...]/Library/Developer/Xcode/DerivedData/Default-crpxgvdgcdfrmiakfvxxfraggzcv/Build/Intermediates.noindex/Default.build/Debug-watchos/Default.build/Objects-normal/armv7k/Default.swiftdoc [...]/Library/Developer/Xcode/DerivedData/Default-crpxgvdgcdfrmiakfvxxfraggzcv/Build/Products/Debug-watchos/Default.framework/Modules/Default.swiftmodule/arm.swiftdoc

Ditto [...]/Library/Developer/Xcode/DerivedData/Default-crpxgvdgcdfrmiakfvxxfraggzcv/Build/Products/Debug-watchos/Default.framework/Modules/Default.swiftmodule/arm.swiftmodule [...]/Library/Developer/Xcode/DerivedData/Default-crpxgvdgcdfrmiakfvxxfraggzcv/Build/Intermediates.noindex/Default.build/Debug-watchos/Default.build/Objects-normal/armv7k/Default.swiftmodule
    cd "[...]/Tests/Mock Projects/After/Default"
    export PATH="/Applications/Xcode.app/Contents/Developer/Platforms/WatchOS.platform/Developer/usr/bin:/Applications/Xcode.app/Contents/Developer/usr/bin:[...]/.SDG/Registry:[...]/.rvm/gems/ruby-2.4.1/bin:[...]/.rvm/gems/ruby-2.4.1@global/bin:[...]/.rvm/rubies/ruby-2.4.1/bin:/usr/local/bin:/usr/bin:/bin:/usr/sbin:/sbin:[...]/.rvm/bin"
    /usr/bin/ditto -rsrc [...]/Library/Developer/Xcode/DerivedData/Default-crpxgvdgcdfrmiakfvxxfraggzcv/Build/Intermediates.noindex/Default.build/Debug-watchos/Default.build/Objects-normal/armv7k/Default.swiftmodule [...]/Library/Developer/Xcode/DerivedData/Default-crpxgvdgcdfrmiakfvxxfraggzcv/Build/Products/Debug-watchos/Default.framework/Modules/Default.swiftmodule/arm.swiftmodule

Ditto [...]/Library/Developer/Xcode/DerivedData/Default-crpxgvdgcdfrmiakfvxxfraggzcv/Build/Intermediates.noindex/Default.build/Debug-watchos/Default.build/module.modulemap [...]/Library/Developer/Xcode/DerivedData/Default-crpxgvdgcdfrmiakfvxxfraggzcv/Build/Products/Debug-watchos/Default.framework/Modules/module.modulemap
    cd "[...]/Tests/Mock Projects/After/Default"
    export PATH="/Applications/Xcode.app/Contents/Developer/Platforms/WatchOS.platform/Developer/usr/bin:/Applications/Xcode.app/Contents/Developer/usr/bin:[...]/.SDG/Registry:[...]/.rvm/gems/ruby-2.4.1/bin:[...]/.rvm/gems/ruby-2.4.1@global/bin:[...]/.rvm/rubies/ruby-2.4.1/bin:/usr/local/bin:/usr/bin:/bin:/usr/sbin:/sbin:[...]/.rvm/bin"
    builtin-copy -exclude .DS_Store -exclude CVS -exclude .svn -exclude .git -exclude .hg -resolve-src-symlinks [...]/Library/Developer/Xcode/DerivedData/Default-crpxgvdgcdfrmiakfvxxfraggzcv/Build/Intermediates.noindex/Default.build/Debug-watchos/Default.build/module.modulemap [...]/Library/Developer/Xcode/DerivedData/Default-crpxgvdgcdfrmiakfvxxfraggzcv/Build/Products/Debug-watchos/Default.framework/Modules

Touch [...]/Library/Developer/Xcode/DerivedData/Default-crpxgvdgcdfrmiakfvxxfraggzcv/Build/Products/Debug-watchos/Default.framework
    cd "[...]/Tests/Mock Projects/After/Default"
    export PATH="/Applications/Xcode.app/Contents/Developer/Platforms/WatchOS.platform/Developer/usr/bin:/Applications/Xcode.app/Contents/Developer/usr/bin:[...]/.SDG/Registry:[...]/.rvm/gems/ruby-2.4.1/bin:[...]/.rvm/gems/ruby-2.4.1@global/bin:[...]/.rvm/rubies/ruby-2.4.1/bin:/usr/local/bin:/usr/bin:/bin:/usr/sbin:/sbin:[...]/.rvm/bin"
    /usr/bin/touch -c [...]/Library/Developer/Xcode/DerivedData/Default-crpxgvdgcdfrmiakfvxxfraggzcv/Build/Products/Debug-watchos/Default.framework

** BUILD SUCCEEDED **



Checking build for tvOS... (§5)


$ xcodebuild build -sdk appletvos -scheme Default-Package
Build settings from command line:
    SDKROOT = appletvos11.2

=== BUILD TARGET Default OF PROJECT Default WITH CONFIGURATION Debug ===

Check dependencies
Default will not be code signed because its settings don't specify a development team.

Write auxiliary files
/bin/mkdir -p [...]/Library/Developer/Xcode/DerivedData/Default-crpxgvdgcdfrmiakfvxxfraggzcv/Build/Intermediates.noindex/Default.build/Debug-appletvos/Default.build/Objects-normal/arm64
write-file [...]/Library/Developer/Xcode/DerivedData/Default-crpxgvdgcdfrmiakfvxxfraggzcv/Build/Intermediates.noindex/Default.build/Debug-appletvos/Default.build/Objects-normal/arm64/Default-OutputFileMap.json
write-file [...]/Library/Developer/Xcode/DerivedData/Default-crpxgvdgcdfrmiakfvxxfraggzcv/Build/Intermediates.noindex/Default.build/Debug-appletvos/Default.build/Objects-normal/arm64/Default.LinkFileList
write-file [...]/Library/Developer/Xcode/DerivedData/Default-crpxgvdgcdfrmiakfvxxfraggzcv/Build/Intermediates.noindex/Default.build/Debug-appletvos/Default.build/module.modulemap
write-file [...]/Library/Developer/Xcode/DerivedData/Default-crpxgvdgcdfrmiakfvxxfraggzcv/Build/Intermediates.noindex/Default.build/Debug-appletvos/Default.build/swift-overrides.hmap

Create product structure
/bin/mkdir -p [...]/Library/Developer/Xcode/DerivedData/Default-crpxgvdgcdfrmiakfvxxfraggzcv/Build/Products/Debug-appletvos/Default.framework/Modules
/bin/mkdir -p [...]/Library/Developer/Xcode/DerivedData/Default-crpxgvdgcdfrmiakfvxxfraggzcv/Build/Products/Debug-appletvos/Default.framework/Headers

ProcessInfoPlistFile [...]/Library/Developer/Xcode/DerivedData/Default-crpxgvdgcdfrmiakfvxxfraggzcv/Build/Products/Debug-appletvos/Default.framework/Info.plist Default.xcodeproj/Default_Info.plist
    cd "[...]/Tests/Mock Projects/After/Default"
    export PATH="/Applications/Xcode.app/Contents/Developer/Platforms/AppleTVOS.platform/Developer/usr/bin:/Applications/Xcode.app/Contents/Developer/usr/bin:[...]/.SDG/Registry:[...]/.rvm/gems/ruby-2.4.1/bin:[...]/.rvm/gems/ruby-2.4.1@global/bin:[...]/.rvm/rubies/ruby-2.4.1/bin:/usr/local/bin:/usr/bin:/bin:/usr/sbin:/sbin:[...]/.rvm/bin"
    builtin-infoPlistUtility [...]/Tests/Mock\ Projects/After/Default/Default.xcodeproj/Default_Info.plist -expandbuildsettings -format binary -platform appletvos -o [...]/Library/Developer/Xcode/DerivedData/Default-crpxgvdgcdfrmiakfvxxfraggzcv/Build/Products/Debug-appletvos/Default.framework/Info.plist

CompileSwiftSources normal arm64 com.apple.xcode.tools.swift.compiler
    cd "[...]/Tests/Mock Projects/After/Default"
    export DEVELOPER_DIR=/Applications/Xcode.app/Contents/Developer
    export PATH="/Applications/Xcode.app/Contents/Developer/Platforms/AppleTVOS.platform/Developer/usr/bin:/Applications/Xcode.app/Contents/Developer/usr/bin:[...]/.SDG/Registry:[...]/.rvm/gems/ruby-2.4.1/bin:[...]/.rvm/gems/ruby-2.4.1@global/bin:[...]/.rvm/rubies/ruby-2.4.1/bin:/usr/local/bin:/usr/bin:/bin:/usr/sbin:/sbin:[...]/.rvm/bin"
    export SDKROOT=/Applications/Xcode.app/Contents/Developer/Platforms/AppleTVOS.platform/Developer/SDKs/AppleTVOS11.2.sdk
    /Applications/Xcode.app/Contents/Developer/Toolchains/XcodeDefault.xctoolchain/usr/bin/swiftc -incremental -module-name Default -Onone -enforce-exclusivity=checked -DSWIFT_PACKAGE -DXcode -sdk /Applications/Xcode.app/Contents/Developer/Platforms/AppleTVOS.platform/Developer/SDKs/AppleTVOS11.2.sdk -target arm64-apple-tvos11.2 -g -module-cache-path [...]/Library/Developer/Xcode/DerivedData/ModuleCache -Xfrontend -serialize-debugging-options -profile-coverage-mapping -profile-generate -embed-bitcode-marker -enable-testing -index-store-path [...]/Library/Developer/Xcode/DerivedData/Default-crpxgvdgcdfrmiakfvxxfraggzcv/Index/DataStore -Xfrontend -report-errors-to-debugger -swift-version 4 -I [...]/Library/Developer/Xcode/DerivedData/Default-crpxgvdgcdfrmiakfvxxfraggzcv/Build/Products/Debug-appletvos -F [...]/Library/Developer/Xcode/DerivedData/Default-crpxgvdgcdfrmiakfvxxfraggzcv/Build/Products/Debug-appletvos -F /Applications/Xcode.app/Contents/Developer/Platforms/AppleTVOS.platform/Developer/Library/Frameworks -parse-as-library -c -j4 [...]/Tests/Mock\ Projects/After/Default/Sources/Default/Default.swift -output-file-map [...]/Library/Developer/Xcode/DerivedData/Default-crpxgvdgcdfrmiakfvxxfraggzcv/Build/Intermediates.noindex/Default.build/Debug-appletvos/Default.build/Objects-normal/arm64/Default-OutputFileMap.json -parseable-output -serialize-diagnostics -emit-dependencies -emit-module -emit-module-path [...]/Library/Developer/Xcode/DerivedData/Default-crpxgvdgcdfrmiakfvxxfraggzcv/Build/Intermediates.noindex/Default.build/Debug-appletvos/Default.build/Objects-normal/arm64/Default.swiftmodule -Xcc -I[...]/Library/Developer/Xcode/DerivedData/Default-crpxgvdgcdfrmiakfvxxfraggzcv/Build/Intermediates.noindex/Default.build/Debug-appletvos/Default.build/swift-overrides.hmap -Xcc -I[...]/Library/Developer/Xcode/DerivedData/Default-crpxgvdgcdfrmiakfvxxfraggzcv/Build/Products/Debug-appletvos/include -Xcc -I[...]/Library/Developer/Xcode/DerivedData/Default-crpxgvdgcdfrmiakfvxxfraggzcv/Build/Intermediates.noindex/Default.build/Debug-appletvos/Default.build/DerivedSources/arm64 -Xcc -I[...]/Library/Developer/Xcode/DerivedData/Default-crpxgvdgcdfrmiakfvxxfraggzcv/Build/Intermediates.noindex/Default.build/Debug-appletvos/Default.build/DerivedSources -emit-objc-header -emit-objc-header-path [...]/Library/Developer/Xcode/DerivedData/Default-crpxgvdgcdfrmiakfvxxfraggzcv/Build/Intermediates.noindex/Default.build/Debug-appletvos/Default.build/Objects-normal/arm64/Default-Swift.h -Xcc -working-directory[...]/Tests/Mock\ Projects/After/Default

CompileSwift normal arm64 [...]/Tests/Mock Projects/After/Default/Sources/Default/Default.swift
    cd [...]/Tests/Mock Projects/After/Default
    /Applications/Xcode.app/Contents/Developer/Toolchains/XcodeDefault.xctoolchain/usr/bin/swift -frontend -c -primary-file "[...]/Tests/Mock Projects/After/Default/Sources/Default/Default.swift" -target arm64-apple-tvos11.2 -Xllvm -aarch64-use-tbi -enable-objc-interop -sdk /Applications/Xcode.app/Contents/Developer/Platforms/AppleTVOS.platform/Developer/SDKs/AppleTVOS11.2.sdk -I [...]/Library/Developer/Xcode/DerivedData/Default-crpxgvdgcdfrmiakfvxxfraggzcv/Build/Products/Debug-appletvos -F [...]/Library/Developer/Xcode/DerivedData/Default-crpxgvdgcdfrmiakfvxxfraggzcv/Build/Products/Debug-appletvos -F /Applications/Xcode.app/Contents/Developer/Platforms/AppleTVOS.platform/Developer/Library/Frameworks -enable-testing -g -module-cache-path [...]/Library/Developer/Xcode/DerivedData/ModuleCache -profile-generate -profile-coverage-mapping -swift-version 4 -enforce-exclusivity=checked -D SWIFT_PACKAGE -D Xcode -serialize-debugging-options -report-errors-to-debugger -Xcc -I[...]/Library/Developer/Xcode/DerivedData/Default-crpxgvdgcdfrmiakfvxxfraggzcv/Build/Intermediates.noindex/Default.build/Debug-appletvos/Default.build/swift-overrides.hmap -Xcc -I[...]/Library/Developer/Xcode/DerivedData/Default-crpxgvdgcdfrmiakfvxxfraggzcv/Build/Products/Debug-appletvos/include -Xcc -I[...]/Library/Developer/Xcode/DerivedData/Default-crpxgvdgcdfrmiakfvxxfraggzcv/Build/Intermediates.noindex/Default.build/Debug-appletvos/Default.build/DerivedSources/arm64 -Xcc -I[...]/Library/Developer/Xcode/DerivedData/Default-crpxgvdgcdfrmiakfvxxfraggzcv/Build/Intermediates.noindex/Default.build/Debug-appletvos/Default.build/DerivedSources -Xcc "-working-directory[...]/Tests/Mock Projects/After/Default" -emit-module-doc-path [...]/Library/Developer/Xcode/DerivedData/Default-crpxgvdgcdfrmiakfvxxfraggzcv/Build/Intermediates.noindex/Default.build/Debug-appletvos/Default.build/Objects-normal/arm64/Default~partial.swiftdoc -serialize-diagnostics-path [...]/Library/Developer/Xcode/DerivedData/Default-crpxgvdgcdfrmiakfvxxfraggzcv/Build/Intermediates.noindex/Default.build/Debug-appletvos/Default.build/Objects-normal/arm64/Default.dia -Onone -parse-as-library -module-name Default -emit-module-path [...]/Library/Developer/Xcode/DerivedData/Default-crpxgvdgcdfrmiakfvxxfraggzcv/Build/Intermediates.noindex/Default.build/Debug-appletvos/Default.build/Objects-normal/arm64/Default~partial.swiftmodule -emit-dependencies-path [...]/Library/Developer/Xcode/DerivedData/Default-crpxgvdgcdfrmiakfvxxfraggzcv/Build/Intermediates.noindex/Default.build/Debug-appletvos/Default.build/Objects-normal/arm64/Default.d -emit-reference-dependencies-path [...]/Library/Developer/Xcode/DerivedData/Default-crpxgvdgcdfrmiakfvxxfraggzcv/Build/Intermediates.noindex/Default.build/Debug-appletvos/Default.build/Objects-normal/arm64/Default.swiftdeps -o [...]/Library/Developer/Xcode/DerivedData/Default-crpxgvdgcdfrmiakfvxxfraggzcv/Build/Intermediates.noindex/Default.build/Debug-appletvos/Default.build/Objects-normal/arm64/Default.o -embed-bitcode-marker -index-store-path [...]/Library/Developer/Xcode/DerivedData/Default-crpxgvdgcdfrmiakfvxxfraggzcv/Index/DataStore -index-system-modules

MergeSwiftModule normal arm64 [...]/Library/Developer/Xcode/DerivedData/Default-crpxgvdgcdfrmiakfvxxfraggzcv/Build/Intermediates.noindex/Default.build/Debug-appletvos/Default.build/Objects-normal/arm64/Default.swiftmodule
    cd [...]/Tests/Mock Projects/After/Default
    /Applications/Xcode.app/Contents/Developer/Toolchains/XcodeDefault.xctoolchain/usr/bin/swift -frontend -emit-module [...]/Library/Developer/Xcode/DerivedData/Default-crpxgvdgcdfrmiakfvxxfraggzcv/Build/Intermediates.noindex/Default.build/Debug-appletvos/Default.build/Objects-normal/arm64/Default~partial.swiftmodule -parse-as-library -target arm64-apple-tvos11.2 -Xllvm -aarch64-use-tbi -enable-objc-interop -sdk /Applications/Xcode.app/Contents/Developer/Platforms/AppleTVOS.platform/Developer/SDKs/AppleTVOS11.2.sdk -I [...]/Library/Developer/Xcode/DerivedData/Default-crpxgvdgcdfrmiakfvxxfraggzcv/Build/Products/Debug-appletvos -F [...]/Library/Developer/Xcode/DerivedData/Default-crpxgvdgcdfrmiakfvxxfraggzcv/Build/Products/Debug-appletvos -F /Applications/Xcode.app/Contents/Developer/Platforms/AppleTVOS.platform/Developer/Library/Frameworks -enable-testing -g -module-cache-path [...]/Library/Developer/Xcode/DerivedData/ModuleCache -profile-generate -profile-coverage-mapping -swift-version 4 -enforce-exclusivity=checked -D SWIFT_PACKAGE -D Xcode -serialize-debugging-options -report-errors-to-debugger -Xcc -I[...]/Library/Developer/Xcode/DerivedData/Default-crpxgvdgcdfrmiakfvxxfraggzcv/Build/Intermediates.noindex/Default.build/Debug-appletvos/Default.build/swift-overrides.hmap -Xcc -I[...]/Library/Developer/Xcode/DerivedData/Default-crpxgvdgcdfrmiakfvxxfraggzcv/Build/Products/Debug-appletvos/include -Xcc -I[...]/Library/Developer/Xcode/DerivedData/Default-crpxgvdgcdfrmiakfvxxfraggzcv/Build/Intermediates.noindex/Default.build/Debug-appletvos/Default.build/DerivedSources/arm64 -Xcc -I[...]/Library/Developer/Xcode/DerivedData/Default-crpxgvdgcdfrmiakfvxxfraggzcv/Build/Intermediates.noindex/Default.build/Debug-appletvos/Default.build/DerivedSources -Xcc "-working-directory[...]/Tests/Mock Projects/After/Default" -emit-module-doc-path [...]/Library/Developer/Xcode/DerivedData/Default-crpxgvdgcdfrmiakfvxxfraggzcv/Build/Intermediates.noindex/Default.build/Debug-appletvos/Default.build/Objects-normal/arm64/Default.swiftdoc -module-name Default -emit-objc-header-path [...]/Library/Developer/Xcode/DerivedData/Default-crpxgvdgcdfrmiakfvxxfraggzcv/Build/Intermediates.noindex/Default.build/Debug-appletvos/Default.build/Objects-normal/arm64/Default-Swift.h -o [...]/Library/Developer/Xcode/DerivedData/Default-crpxgvdgcdfrmiakfvxxfraggzcv/Build/Intermediates.noindex/Default.build/Debug-appletvos/Default.build/Objects-normal/arm64/Default.swiftmodule

Ditto [...]/Library/Developer/Xcode/DerivedData/Default-crpxgvdgcdfrmiakfvxxfraggzcv/Build/Products/Debug-appletvos/Default.framework/Headers/Default-Swift.h [...]/Library/Developer/Xcode/DerivedData/Default-crpxgvdgcdfrmiakfvxxfraggzcv/Build/Intermediates.noindex/Default.build/Debug-appletvos/Default.build/Objects-normal/arm64/Default-Swift.h
    cd "[...]/Tests/Mock Projects/After/Default"
    export PATH="/Applications/Xcode.app/Contents/Developer/Platforms/AppleTVOS.platform/Developer/usr/bin:/Applications/Xcode.app/Contents/Developer/usr/bin:[...]/.SDG/Registry:[...]/.rvm/gems/ruby-2.4.1/bin:[...]/.rvm/gems/ruby-2.4.1@global/bin:[...]/.rvm/rubies/ruby-2.4.1/bin:/usr/local/bin:/usr/bin:/bin:/usr/sbin:/sbin:[...]/.rvm/bin"
    /usr/bin/ditto -rsrc [...]/Library/Developer/Xcode/DerivedData/Default-crpxgvdgcdfrmiakfvxxfraggzcv/Build/Intermediates.noindex/Default.build/Debug-appletvos/Default.build/Objects-normal/arm64/Default-Swift.h [...]/Library/Developer/Xcode/DerivedData/Default-crpxgvdgcdfrmiakfvxxfraggzcv/Build/Products/Debug-appletvos/Default.framework/Headers/Default-Swift.h

Ld [...]/Library/Developer/Xcode/DerivedData/Default-crpxgvdgcdfrmiakfvxxfraggzcv/Build/Products/Debug-appletvos/Default.framework/Default normal arm64
    cd "[...]/Tests/Mock Projects/After/Default"
    export PATH="/Applications/Xcode.app/Contents/Developer/Platforms/AppleTVOS.platform/Developer/usr/bin:/Applications/Xcode.app/Contents/Developer/usr/bin:[...]/.SDG/Registry:[...]/.rvm/gems/ruby-2.4.1/bin:[...]/.rvm/gems/ruby-2.4.1@global/bin:[...]/.rvm/rubies/ruby-2.4.1/bin:/usr/local/bin:/usr/bin:/bin:/usr/sbin:/sbin:[...]/.rvm/bin"
    export TVOS_DEPLOYMENT_TARGET=11.2
    /Applications/Xcode.app/Contents/Developer/Toolchains/XcodeDefault.xctoolchain/usr/bin/clang -arch arm64 -dynamiclib -isysroot /Applications/Xcode.app/Contents/Developer/Platforms/AppleTVOS.platform/Developer/SDKs/AppleTVOS11.2.sdk -L[...]/Library/Developer/Xcode/DerivedData/Default-crpxgvdgcdfrmiakfvxxfraggzcv/Build/Products/Debug-appletvos -F[...]/Library/Developer/Xcode/DerivedData/Default-crpxgvdgcdfrmiakfvxxfraggzcv/Build/Products/Debug-appletvos -F/Applications/Xcode.app/Contents/Developer/Platforms/AppleTVOS.platform/Developer/Library/Frameworks -filelist [...]/Library/Developer/Xcode/DerivedData/Default-crpxgvdgcdfrmiakfvxxfraggzcv/Build/Intermediates.noindex/Default.build/Debug-appletvos/Default.build/Objects-normal/arm64/Default.LinkFileList -install_name @rpath/Default.framework/Default -Xlinker -rpath -Xlinker /Applications/Xcode.app/Contents/Developer/Toolchains/XcodeDefault.xctoolchain/usr/lib/swift/macosx -mtvos-version-min=11.2 -dead_strip -Xlinker -object_path_lto -Xlinker [...]/Library/Developer/Xcode/DerivedData/Default-crpxgvdgcdfrmiakfvxxfraggzcv/Build/Intermediates.noindex/Default.build/Debug-appletvos/Default.build/Objects-normal/arm64/Default_lto.o -Xlinker -export_dynamic -Xlinker -no_deduplicate -fembed-bitcode-marker -fobjc-link-runtime -fprofile-instr-generate -L/Applications/Xcode.app/Contents/Developer/Toolchains/XcodeDefault.xctoolchain/usr/lib/swift/appletvos -Xlinker -add_ast_path -Xlinker [...]/Library/Developer/Xcode/DerivedData/Default-crpxgvdgcdfrmiakfvxxfraggzcv/Build/Intermediates.noindex/Default.build/Debug-appletvos/Default.build/Objects-normal/arm64/Default.swiftmodule -single_module -Xlinker -dependency_info -Xlinker [...]/Library/Developer/Xcode/DerivedData/Default-crpxgvdgcdfrmiakfvxxfraggzcv/Build/Intermediates.noindex/Default.build/Debug-appletvos/Default.build/Objects-normal/arm64/Default_dependency_info.dat -o [...]/Library/Developer/Xcode/DerivedData/Default-crpxgvdgcdfrmiakfvxxfraggzcv/Build/Products/Debug-appletvos/Default.framework/Default

Ditto [...]/Library/Developer/Xcode/DerivedData/Default-crpxgvdgcdfrmiakfvxxfraggzcv/Build/Products/Debug-appletvos/Default.framework/Modules/Default.swiftmodule/arm64.swiftmodule [...]/Library/Developer/Xcode/DerivedData/Default-crpxgvdgcdfrmiakfvxxfraggzcv/Build/Intermediates.noindex/Default.build/Debug-appletvos/Default.build/Objects-normal/arm64/Default.swiftmodule
    cd "[...]/Tests/Mock Projects/After/Default"
    export PATH="/Applications/Xcode.app/Contents/Developer/Platforms/AppleTVOS.platform/Developer/usr/bin:/Applications/Xcode.app/Contents/Developer/usr/bin:[...]/.SDG/Registry:[...]/.rvm/gems/ruby-2.4.1/bin:[...]/.rvm/gems/ruby-2.4.1@global/bin:[...]/.rvm/rubies/ruby-2.4.1/bin:/usr/local/bin:/usr/bin:/bin:/usr/sbin:/sbin:[...]/.rvm/bin"
    /usr/bin/ditto -rsrc [...]/Library/Developer/Xcode/DerivedData/Default-crpxgvdgcdfrmiakfvxxfraggzcv/Build/Intermediates.noindex/Default.build/Debug-appletvos/Default.build/Objects-normal/arm64/Default.swiftmodule [...]/Library/Developer/Xcode/DerivedData/Default-crpxgvdgcdfrmiakfvxxfraggzcv/Build/Products/Debug-appletvos/Default.framework/Modules/Default.swiftmodule/arm64.swiftmodule

Ditto [...]/Library/Developer/Xcode/DerivedData/Default-crpxgvdgcdfrmiakfvxxfraggzcv/Build/Products/Debug-appletvos/Default.framework/Modules/Default.swiftmodule/arm64.swiftdoc [...]/Library/Developer/Xcode/DerivedData/Default-crpxgvdgcdfrmiakfvxxfraggzcv/Build/Intermediates.noindex/Default.build/Debug-appletvos/Default.build/Objects-normal/arm64/Default.swiftdoc
    cd "[...]/Tests/Mock Projects/After/Default"
    export PATH="/Applications/Xcode.app/Contents/Developer/Platforms/AppleTVOS.platform/Developer/usr/bin:/Applications/Xcode.app/Contents/Developer/usr/bin:[...]/.SDG/Registry:[...]/.rvm/gems/ruby-2.4.1/bin:[...]/.rvm/gems/ruby-2.4.1@global/bin:[...]/.rvm/rubies/ruby-2.4.1/bin:/usr/local/bin:/usr/bin:/bin:/usr/sbin:/sbin:[...]/.rvm/bin"
    /usr/bin/ditto -rsrc [...]/Library/Developer/Xcode/DerivedData/Default-crpxgvdgcdfrmiakfvxxfraggzcv/Build/Intermediates.noindex/Default.build/Debug-appletvos/Default.build/Objects-normal/arm64/Default.swiftdoc [...]/Library/Developer/Xcode/DerivedData/Default-crpxgvdgcdfrmiakfvxxfraggzcv/Build/Products/Debug-appletvos/Default.framework/Modules/Default.swiftmodule/arm64.swiftdoc

Ditto [...]/Library/Developer/Xcode/DerivedData/Default-crpxgvdgcdfrmiakfvxxfraggzcv/Build/Intermediates.noindex/Default.build/Debug-appletvos/Default.build/module.modulemap [...]/Library/Developer/Xcode/DerivedData/Default-crpxgvdgcdfrmiakfvxxfraggzcv/Build/Products/Debug-appletvos/Default.framework/Modules/module.modulemap
    cd "[...]/Tests/Mock Projects/After/Default"
    export PATH="/Applications/Xcode.app/Contents/Developer/Platforms/AppleTVOS.platform/Developer/usr/bin:/Applications/Xcode.app/Contents/Developer/usr/bin:[...]/.SDG/Registry:[...]/.rvm/gems/ruby-2.4.1/bin:[...]/.rvm/gems/ruby-2.4.1@global/bin:[...]/.rvm/rubies/ruby-2.4.1/bin:/usr/local/bin:/usr/bin:/bin:/usr/sbin:/sbin:[...]/.rvm/bin"
    builtin-copy -exclude .DS_Store -exclude CVS -exclude .svn -exclude .git -exclude .hg -resolve-src-symlinks [...]/Library/Developer/Xcode/DerivedData/Default-crpxgvdgcdfrmiakfvxxfraggzcv/Build/Intermediates.noindex/Default.build/Debug-appletvos/Default.build/module.modulemap [...]/Library/Developer/Xcode/DerivedData/Default-crpxgvdgcdfrmiakfvxxfraggzcv/Build/Products/Debug-appletvos/Default.framework/Modules

Touch [...]/Library/Developer/Xcode/DerivedData/Default-crpxgvdgcdfrmiakfvxxfraggzcv/Build/Products/Debug-appletvos/Default.framework
    cd "[...]/Tests/Mock Projects/After/Default"
    export PATH="/Applications/Xcode.app/Contents/Developer/Platforms/AppleTVOS.platform/Developer/usr/bin:/Applications/Xcode.app/Contents/Developer/usr/bin:[...]/.SDG/Registry:[...]/.rvm/gems/ruby-2.4.1/bin:[...]/.rvm/gems/ruby-2.4.1@global/bin:[...]/.rvm/rubies/ruby-2.4.1/bin:/usr/local/bin:/usr/bin:/bin:/usr/sbin:/sbin:[...]/.rvm/bin"
    /usr/bin/touch -c [...]/Library/Developer/Xcode/DerivedData/Default-crpxgvdgcdfrmiakfvxxfraggzcv/Build/Products/Debug-appletvos/Default.framework

** BUILD SUCCEEDED **



✓ There are no compiler warnings for macOS with the Swift Package Manager.
✓ There are no compiler warnings for macOS with Xcode.
✓ There are no compiler warnings for iOS.
✓ There are no compiler warnings for watchOS.
✓ There are no compiler warnings for tvOS.


“Default” passes validation.

$ workspace test

Testing on macOS with the Swift Package Manager... (§1)


$ swift test
Compile Swift Module 'DefaultTests' (1 sources)
Linking ./.build/x86_64-apple-macosx10.10/debug/DefaultPackageTests.xctest/Contents/MacOS/DefaultPackageTests


Testing on macOS with Xcode... (§2)


$ xcodebuild test -sdk macosx -scheme Default-Package
Build settings from command line:
    SDKROOT = macosx10.13

=== BUILD TARGET Default OF PROJECT Default WITH CONFIGURATION Debug ===

Check dependencies

=== BUILD TARGET DefaultTests OF PROJECT Default WITH CONFIGURATION Debug ===

Check dependencies

Write auxiliary files
/bin/mkdir -p [...]/Library/Developer/Xcode/DerivedData/Default-crpxgvdgcdfrmiakfvxxfraggzcv/Build/Intermediates.noindex/Default.build/Debug/DefaultTests.build/Objects-normal/x86_64
write-file [...]/Library/Developer/Xcode/DerivedData/Default-crpxgvdgcdfrmiakfvxxfraggzcv/Build/Intermediates.noindex/Default.build/Debug/DefaultTests.build/Objects-normal/x86_64/DefaultTests-OutputFileMap.json
write-file [...]/Library/Developer/Xcode/DerivedData/Default-crpxgvdgcdfrmiakfvxxfraggzcv/Build/Intermediates.noindex/Default.build/Debug/DefaultTests.build/Objects-normal/x86_64/DefaultTests.LinkFileList
write-file [...]/Library/Developer/Xcode/DerivedData/Default-crpxgvdgcdfrmiakfvxxfraggzcv/Build/Intermediates.noindex/Default.build/Debug/DefaultTests.build/swift-overrides.hmap

Create product structure
/bin/mkdir -p [...]/Library/Developer/Xcode/DerivedData/Default-crpxgvdgcdfrmiakfvxxfraggzcv/Build/Products/Debug/DefaultTests.xctest/Contents
/bin/mkdir -p [...]/Library/Developer/Xcode/DerivedData/Default-crpxgvdgcdfrmiakfvxxfraggzcv/Build/Products/Debug/DefaultTests.xctest/Contents/MacOS

ProcessInfoPlistFile [...]/Library/Developer/Xcode/DerivedData/Default-crpxgvdgcdfrmiakfvxxfraggzcv/Build/Products/Debug/DefaultTests.xctest/Contents/Info.plist Default.xcodeproj/DefaultTests_Info.plist
    cd "[...]/Tests/Mock Projects/After/Default"
    builtin-infoPlistUtility [...]/Tests/Mock\ Projects/After/Default/Default.xcodeproj/DefaultTests_Info.plist -expandbuildsettings -platform macosx -o [...]/Library/Developer/Xcode/DerivedData/Default-crpxgvdgcdfrmiakfvxxfraggzcv/Build/Products/Debug/DefaultTests.xctest/Contents/Info.plist

CompileSwiftSources normal x86_64 com.apple.xcode.tools.swift.compiler
    cd "[...]/Tests/Mock Projects/After/Default"
    export DEVELOPER_DIR=/Applications/Xcode.app/Contents/Developer
    export SDKROOT=/Applications/Xcode.app/Contents/Developer/Platforms/MacOSX.platform/Developer/SDKs/MacOSX10.13.sdk
    /Applications/Xcode.app/Contents/Developer/Toolchains/XcodeDefault.xctoolchain/usr/bin/swiftc -incremental -module-name DefaultTests -Onone -enforce-exclusivity=checked -DSWIFT_PACKAGE -DXcode -sdk /Applications/Xcode.app/Contents/Developer/Platforms/MacOSX.platform/Developer/SDKs/MacOSX10.13.sdk -target x86_64-apple-macosx10.10 -g -module-cache-path [...]/Library/Developer/Xcode/DerivedData/ModuleCache -Xfrontend -serialize-debugging-options -profile-coverage-mapping -profile-generate -index-store-path [...]/Library/Developer/Xcode/DerivedData/Default-crpxgvdgcdfrmiakfvxxfraggzcv/Index/DataStore -Xfrontend -report-errors-to-debugger -swift-version 4 -I [...]/Library/Developer/Xcode/DerivedData/Default-crpxgvdgcdfrmiakfvxxfraggzcv/Build/Products/Debug -F [...]/Library/Developer/Xcode/DerivedData/Default-crpxgvdgcdfrmiakfvxxfraggzcv/Build/Products/Debug -F /Applications/Xcode.app/Contents/Developer/Platforms/MacOSX.platform/Developer/Library/Frameworks -parse-as-library -c -j4 [...]/Tests/Mock\ Projects/After/Default/Tests/DefaultTests/DefaultTests.swift -output-file-map [...]/Library/Developer/Xcode/DerivedData/Default-crpxgvdgcdfrmiakfvxxfraggzcv/Build/Intermediates.noindex/Default.build/Debug/DefaultTests.build/Objects-normal/x86_64/DefaultTests-OutputFileMap.json -parseable-output -serialize-diagnostics -emit-dependencies -emit-module -emit-module-path [...]/Library/Developer/Xcode/DerivedData/Default-crpxgvdgcdfrmiakfvxxfraggzcv/Build/Intermediates.noindex/Default.build/Debug/DefaultTests.build/Objects-normal/x86_64/DefaultTests.swiftmodule -Xcc -I[...]/Library/Developer/Xcode/DerivedData/Default-crpxgvdgcdfrmiakfvxxfraggzcv/Build/Intermediates.noindex/Default.build/Debug/DefaultTests.build/swift-overrides.hmap -Xcc -I[...]/Library/Developer/Xcode/DerivedData/Default-crpxgvdgcdfrmiakfvxxfraggzcv/Build/Products/Debug/include -Xcc -I[...]/Library/Developer/Xcode/DerivedData/Default-crpxgvdgcdfrmiakfvxxfraggzcv/Build/Intermediates.noindex/Default.build/Debug/DefaultTests.build/DerivedSources/x86_64 -Xcc -I[...]/Library/Developer/Xcode/DerivedData/Default-crpxgvdgcdfrmiakfvxxfraggzcv/Build/Intermediates.noindex/Default.build/Debug/DefaultTests.build/DerivedSources -emit-objc-header -emit-objc-header-path [...]/Library/Developer/Xcode/DerivedData/Default-crpxgvdgcdfrmiakfvxxfraggzcv/Build/Intermediates.noindex/Default.build/Debug/DefaultTests.build/Objects-normal/x86_64/DefaultTests-Swift.h -Xcc -working-directory[...]/Tests/Mock\ Projects/After/Default -Xfrontend -serialize-debugging-options

CompileSwift normal x86_64 [...]/Tests/Mock Projects/After/Default/Tests/DefaultTests/DefaultTests.swift
    cd [...]/Tests/Mock Projects/After/Default
    /Applications/Xcode.app/Contents/Developer/Toolchains/XcodeDefault.xctoolchain/usr/bin/swift -frontend -c -primary-file "[...]/Tests/Mock Projects/After/Default/Tests/DefaultTests/DefaultTests.swift" -target x86_64-apple-macosx10.10 -enable-objc-interop -sdk /Applications/Xcode.app/Contents/Developer/Platforms/MacOSX.platform/Developer/SDKs/MacOSX10.13.sdk -I [...]/Library/Developer/Xcode/DerivedData/Default-crpxgvdgcdfrmiakfvxxfraggzcv/Build/Products/Debug -F [...]/Library/Developer/Xcode/DerivedData/Default-crpxgvdgcdfrmiakfvxxfraggzcv/Build/Products/Debug -F /Applications/Xcode.app/Contents/Developer/Platforms/MacOSX.platform/Developer/Library/Frameworks -g -module-cache-path [...]/Library/Developer/Xcode/DerivedData/ModuleCache -profile-generate -profile-coverage-mapping -swift-version 4 -enforce-exclusivity=checked -D SWIFT_PACKAGE -D Xcode -serialize-debugging-options -report-errors-to-debugger -serialize-debugging-options -Xcc -I[...]/Library/Developer/Xcode/DerivedData/Default-crpxgvdgcdfrmiakfvxxfraggzcv/Build/Intermediates.noindex/Default.build/Debug/DefaultTests.build/swift-overrides.hmap -Xcc -I[...]/Library/Developer/Xcode/DerivedData/Default-crpxgvdgcdfrmiakfvxxfraggzcv/Build/Products/Debug/include -Xcc -I[...]/Library/Developer/Xcode/DerivedData/Default-crpxgvdgcdfrmiakfvxxfraggzcv/Build/Intermediates.noindex/Default.build/Debug/DefaultTests.build/DerivedSources/x86_64 -Xcc -I[...]/Library/Developer/Xcode/DerivedData/Default-crpxgvdgcdfrmiakfvxxfraggzcv/Build/Intermediates.noindex/Default.build/Debug/DefaultTests.build/DerivedSources -Xcc "-working-directory[...]/Tests/Mock Projects/After/Default" -emit-module-doc-path [...]/Library/Developer/Xcode/DerivedData/Default-crpxgvdgcdfrmiakfvxxfraggzcv/Build/Intermediates.noindex/Default.build/Debug/DefaultTests.build/Objects-normal/x86_64/DefaultTests~partial.swiftdoc -serialize-diagnostics-path [...]/Library/Developer/Xcode/DerivedData/Default-crpxgvdgcdfrmiakfvxxfraggzcv/Build/Intermediates.noindex/Default.build/Debug/DefaultTests.build/Objects-normal/x86_64/DefaultTests.dia -Onone -parse-as-library -module-name DefaultTests -emit-module-path [...]/Library/Developer/Xcode/DerivedData/Default-crpxgvdgcdfrmiakfvxxfraggzcv/Build/Intermediates.noindex/Default.build/Debug/DefaultTests.build/Objects-normal/x86_64/DefaultTests~partial.swiftmodule -emit-dependencies-path [...]/Library/Developer/Xcode/DerivedData/Default-crpxgvdgcdfrmiakfvxxfraggzcv/Build/Intermediates.noindex/Default.build/Debug/DefaultTests.build/Objects-normal/x86_64/DefaultTests.d -emit-reference-dependencies-path [...]/Library/Developer/Xcode/DerivedData/Default-crpxgvdgcdfrmiakfvxxfraggzcv/Build/Intermediates.noindex/Default.build/Debug/DefaultTests.build/Objects-normal/x86_64/DefaultTests.swiftdeps -o [...]/Library/Developer/Xcode/DerivedData/Default-crpxgvdgcdfrmiakfvxxfraggzcv/Build/Intermediates.noindex/Default.build/Debug/DefaultTests.build/Objects-normal/x86_64/DefaultTests.o -index-store-path [...]/Library/Developer/Xcode/DerivedData/Default-crpxgvdgcdfrmiakfvxxfraggzcv/Index/DataStore -index-system-modules

MergeSwiftModule normal x86_64 [...]/Library/Developer/Xcode/DerivedData/Default-crpxgvdgcdfrmiakfvxxfraggzcv/Build/Intermediates.noindex/Default.build/Debug/DefaultTests.build/Objects-normal/x86_64/DefaultTests.swiftmodule
    cd [...]/Tests/Mock Projects/After/Default
    /Applications/Xcode.app/Contents/Developer/Toolchains/XcodeDefault.xctoolchain/usr/bin/swift -frontend -emit-module [...]/Library/Developer/Xcode/DerivedData/Default-crpxgvdgcdfrmiakfvxxfraggzcv/Build/Intermediates.noindex/Default.build/Debug/DefaultTests.build/Objects-normal/x86_64/DefaultTests~partial.swiftmodule -parse-as-library -target x86_64-apple-macosx10.10 -enable-objc-interop -sdk /Applications/Xcode.app/Contents/Developer/Platforms/MacOSX.platform/Developer/SDKs/MacOSX10.13.sdk -I [...]/Library/Developer/Xcode/DerivedData/Default-crpxgvdgcdfrmiakfvxxfraggzcv/Build/Products/Debug -F [...]/Library/Developer/Xcode/DerivedData/Default-crpxgvdgcdfrmiakfvxxfraggzcv/Build/Products/Debug -F /Applications/Xcode.app/Contents/Developer/Platforms/MacOSX.platform/Developer/Library/Frameworks -g -module-cache-path [...]/Library/Developer/Xcode/DerivedData/ModuleCache -profile-generate -profile-coverage-mapping -swift-version 4 -enforce-exclusivity=checked -D SWIFT_PACKAGE -D Xcode -serialize-debugging-options -report-errors-to-debugger -serialize-debugging-options -Xcc -I[...]/Library/Developer/Xcode/DerivedData/Default-crpxgvdgcdfrmiakfvxxfraggzcv/Build/Intermediates.noindex/Default.build/Debug/DefaultTests.build/swift-overrides.hmap -Xcc -I[...]/Library/Developer/Xcode/DerivedData/Default-crpxgvdgcdfrmiakfvxxfraggzcv/Build/Products/Debug/include -Xcc -I[...]/Library/Developer/Xcode/DerivedData/Default-crpxgvdgcdfrmiakfvxxfraggzcv/Build/Intermediates.noindex/Default.build/Debug/DefaultTests.build/DerivedSources/x86_64 -Xcc -I[...]/Library/Developer/Xcode/DerivedData/Default-crpxgvdgcdfrmiakfvxxfraggzcv/Build/Intermediates.noindex/Default.build/Debug/DefaultTests.build/DerivedSources -Xcc "-working-directory[...]/Tests/Mock Projects/After/Default" -emit-module-doc-path [...]/Library/Developer/Xcode/DerivedData/Default-crpxgvdgcdfrmiakfvxxfraggzcv/Build/Intermediates.noindex/Default.build/Debug/DefaultTests.build/Objects-normal/x86_64/DefaultTests.swiftdoc -module-name DefaultTests -emit-objc-header-path [...]/Library/Developer/Xcode/DerivedData/Default-crpxgvdgcdfrmiakfvxxfraggzcv/Build/Intermediates.noindex/Default.build/Debug/DefaultTests.build/Objects-normal/x86_64/DefaultTests-Swift.h -o [...]/Library/Developer/Xcode/DerivedData/Default-crpxgvdgcdfrmiakfvxxfraggzcv/Build/Intermediates.noindex/Default.build/Debug/DefaultTests.build/Objects-normal/x86_64/DefaultTests.swiftmodule

Ditto [...]/Library/Developer/Xcode/DerivedData/Default-crpxgvdgcdfrmiakfvxxfraggzcv/Build/Intermediates.noindex/Default.build/Debug/DefaultTests.build/DerivedSources/DefaultTests-Swift.h [...]/Library/Developer/Xcode/DerivedData/Default-crpxgvdgcdfrmiakfvxxfraggzcv/Build/Intermediates.noindex/Default.build/Debug/DefaultTests.build/Objects-normal/x86_64/DefaultTests-Swift.h
    cd "[...]/Tests/Mock Projects/After/Default"
    /usr/bin/ditto -rsrc [...]/Library/Developer/Xcode/DerivedData/Default-crpxgvdgcdfrmiakfvxxfraggzcv/Build/Intermediates.noindex/Default.build/Debug/DefaultTests.build/Objects-normal/x86_64/DefaultTests-Swift.h [...]/Library/Developer/Xcode/DerivedData/Default-crpxgvdgcdfrmiakfvxxfraggzcv/Build/Intermediates.noindex/Default.build/Debug/DefaultTests.build/DerivedSources/DefaultTests-Swift.h

Ditto [...]/Library/Developer/Xcode/DerivedData/Default-crpxgvdgcdfrmiakfvxxfraggzcv/Build/Products/Debug/DefaultTests.swiftmodule/x86_64.swiftmodule [...]/Library/Developer/Xcode/DerivedData/Default-crpxgvdgcdfrmiakfvxxfraggzcv/Build/Intermediates.noindex/Default.build/Debug/DefaultTests.build/Objects-normal/x86_64/DefaultTests.swiftmodule
    cd "[...]/Tests/Mock Projects/After/Default"
    /usr/bin/ditto -rsrc [...]/Library/Developer/Xcode/DerivedData/Default-crpxgvdgcdfrmiakfvxxfraggzcv/Build/Intermediates.noindex/Default.build/Debug/DefaultTests.build/Objects-normal/x86_64/DefaultTests.swiftmodule [...]/Library/Developer/Xcode/DerivedData/Default-crpxgvdgcdfrmiakfvxxfraggzcv/Build/Products/Debug/DefaultTests.swiftmodule/x86_64.swiftmodule

Ld [...]/Library/Developer/Xcode/DerivedData/Default-crpxgvdgcdfrmiakfvxxfraggzcv/Build/Products/Debug/DefaultTests.xctest/Contents/MacOS/DefaultTests normal x86_64
    cd "[...]/Tests/Mock Projects/After/Default"
    export MACOSX_DEPLOYMENT_TARGET=10.10
    /Applications/Xcode.app/Contents/Developer/Toolchains/XcodeDefault.xctoolchain/usr/bin/clang -arch x86_64 -bundle -isysroot /Applications/Xcode.app/Contents/Developer/Platforms/MacOSX.platform/Developer/SDKs/MacOSX10.13.sdk -L[...]/Library/Developer/Xcode/DerivedData/Default-crpxgvdgcdfrmiakfvxxfraggzcv/Build/Products/Debug -F[...]/Library/Developer/Xcode/DerivedData/Default-crpxgvdgcdfrmiakfvxxfraggzcv/Build/Products/Debug -F/Applications/Xcode.app/Contents/Developer/Platforms/MacOSX.platform/Developer/Library/Frameworks -F/Applications/Xcode.app/Contents/Developer/Platforms/MacOSX.platform/Developer/Library/Frameworks -filelist [...]/Library/Developer/Xcode/DerivedData/Default-crpxgvdgcdfrmiakfvxxfraggzcv/Build/Intermediates.noindex/Default.build/Debug/DefaultTests.build/Objects-normal/x86_64/DefaultTests.LinkFileList -Xlinker -rpath -Xlinker @loader_path/Frameworks -Xlinker -rpath -Xlinker @loader_path/Frameworks -mmacosx-version-min=10.10 -Xlinker -object_path_lto -Xlinker [...]/Library/Developer/Xcode/DerivedData/Default-crpxgvdgcdfrmiakfvxxfraggzcv/Build/Intermediates.noindex/Default.build/Debug/DefaultTests.build/Objects-normal/x86_64/DefaultTests_lto.o -Xlinker -no_deduplicate -fobjc-link-runtime -fprofile-instr-generate -L/Applications/Xcode.app/Contents/Developer/Toolchains/XcodeDefault.xctoolchain/usr/lib/swift/macosx -Xlinker -add_ast_path -Xlinker [...]/Library/Developer/Xcode/DerivedData/Default-crpxgvdgcdfrmiakfvxxfraggzcv/Build/Intermediates.noindex/Default.build/Debug/DefaultTests.build/Objects-normal/x86_64/DefaultTests.swiftmodule -framework XCTest -framework Default -Xlinker -dependency_info -Xlinker [...]/Library/Developer/Xcode/DerivedData/Default-crpxgvdgcdfrmiakfvxxfraggzcv/Build/Intermediates.noindex/Default.build/Debug/DefaultTests.build/Objects-normal/x86_64/DefaultTests_dependency_info.dat -o [...]/Library/Developer/Xcode/DerivedData/Default-crpxgvdgcdfrmiakfvxxfraggzcv/Build/Products/Debug/DefaultTests.xctest/Contents/MacOS/DefaultTests

Ditto [...]/Library/Developer/Xcode/DerivedData/Default-crpxgvdgcdfrmiakfvxxfraggzcv/Build/Products/Debug/DefaultTests.swiftmodule/x86_64.swiftdoc [...]/Library/Developer/Xcode/DerivedData/Default-crpxgvdgcdfrmiakfvxxfraggzcv/Build/Intermediates.noindex/Default.build/Debug/DefaultTests.build/Objects-normal/x86_64/DefaultTests.swiftdoc
    cd "[...]/Tests/Mock Projects/After/Default"
    /usr/bin/ditto -rsrc [...]/Library/Developer/Xcode/DerivedData/Default-crpxgvdgcdfrmiakfvxxfraggzcv/Build/Intermediates.noindex/Default.build/Debug/DefaultTests.build/Objects-normal/x86_64/DefaultTests.swiftdoc [...]/Library/Developer/Xcode/DerivedData/Default-crpxgvdgcdfrmiakfvxxfraggzcv/Build/Products/Debug/DefaultTests.swiftmodule/x86_64.swiftdoc

CopySwiftLibs [...]/Library/Developer/Xcode/DerivedData/Default-crpxgvdgcdfrmiakfvxxfraggzcv/Build/Products/Debug/DefaultTests.xctest
    cd "[...]/Tests/Mock Projects/After/Default"
    export CODESIGN_ALLOCATE=/Applications/Xcode.app/Contents/Developer/Toolchains/XcodeDefault.xctoolchain/usr/bin/codesign_allocate
    export DEVELOPER_DIR=/Applications/Xcode.app/Contents/Developer
    export SDKROOT=/Applications/Xcode.app/Contents/Developer/Platforms/MacOSX.platform/Developer/SDKs/MacOSX10.13.sdk
    builtin-swiftStdLibTool --copy --verbose --scan-executable [...]/Library/Developer/Xcode/DerivedData/Default-crpxgvdgcdfrmiakfvxxfraggzcv/Build/Products/Debug/DefaultTests.xctest/Contents/MacOS/DefaultTests --scan-folder [...]/Library/Developer/Xcode/DerivedData/Default-crpxgvdgcdfrmiakfvxxfraggzcv/Build/Products/Debug/DefaultTests.xctest/Contents/Frameworks --scan-folder [...]/Library/Developer/Xcode/DerivedData/Default-crpxgvdgcdfrmiakfvxxfraggzcv/Build/Products/Debug/DefaultTests.xctest/Contents/PlugIns --scan-folder [...]/Library/Developer/Xcode/DerivedData/Default-crpxgvdgcdfrmiakfvxxfraggzcv/Build/Products/Debug/Default.framework --platform macosx --toolchain /Applications/Xcode.app/Contents/Developer/Toolchains/XcodeDefault.xctoolchain --destination [...]/Library/Developer/Xcode/DerivedData/Default-crpxgvdgcdfrmiakfvxxfraggzcv/Build/Products/Debug/DefaultTests.xctest/Contents/Frameworks --strip-bitcode --resource-destination [...]/Library/Developer/Xcode/DerivedData/Default-crpxgvdgcdfrmiakfvxxfraggzcv/Build/Products/Debug/DefaultTests.xctest/Contents/Resources --resource-library libswiftRemoteMirror.dylib
Requested Swift ABI version based on scanned binaries: 5
Copying /Applications/Xcode.app/Contents/Developer/Toolchains/XcodeDefault.xctoolchain/usr/lib/swift/macosx/libswiftCore.dylib to [...]/Library/Developer/Xcode/DerivedData/Default-crpxgvdgcdfrmiakfvxxfraggzcv/Build/Products/Debug/DefaultTests.xctest/Contents/Frameworks/libswiftCore.dylib
Copying /Applications/Xcode.app/Contents/Developer/Toolchains/XcodeDefault.xctoolchain/usr/lib/swift/macosx/libswiftAppKit.dylib to [...]/Library/Developer/Xcode/DerivedData/Default-crpxgvdgcdfrmiakfvxxfraggzcv/Build/Products/Debug/DefaultTests.xctest/Contents/Frameworks/libswiftAppKit.dylib
Copying /Applications/Xcode.app/Contents/Developer/Toolchains/XcodeDefault.xctoolchain/usr/lib/swift/macosx/libswiftCoreData.dylib to [...]/Library/Developer/Xcode/DerivedData/Default-crpxgvdgcdfrmiakfvxxfraggzcv/Build/Products/Debug/DefaultTests.xctest/Contents/Frameworks/libswiftCoreData.dylib
Copying /Applications/Xcode.app/Contents/Developer/Toolchains/XcodeDefault.xctoolchain/usr/lib/swift/macosx/libswiftCoreFoundation.dylib to [...]/Library/Developer/Xcode/DerivedData/Default-crpxgvdgcdfrmiakfvxxfraggzcv/Build/Products/Debug/DefaultTests.xctest/Contents/Frameworks/libswiftCoreFoundation.dylib
Copying /Applications/Xcode.app/Contents/Developer/Toolchains/XcodeDefault.xctoolchain/usr/lib/swift/macosx/libswiftCoreGraphics.dylib to [...]/Library/Developer/Xcode/DerivedData/Default-crpxgvdgcdfrmiakfvxxfraggzcv/Build/Products/Debug/DefaultTests.xctest/Contents/Frameworks/libswiftCoreGraphics.dylib
Copying /Applications/Xcode.app/Contents/Developer/Toolchains/XcodeDefault.xctoolchain/usr/lib/swift/macosx/libswiftCoreImage.dylib to [...]/Library/Developer/Xcode/DerivedData/Default-crpxgvdgcdfrmiakfvxxfraggzcv/Build/Products/Debug/DefaultTests.xctest/Contents/Frameworks/libswiftCoreImage.dylib
Copying /Applications/Xcode.app/Contents/Developer/Toolchains/XcodeDefault.xctoolchain/usr/lib/swift/macosx/libswiftDarwin.dylib to [...]/Library/Developer/Xcode/DerivedData/Default-crpxgvdgcdfrmiakfvxxfraggzcv/Build/Products/Debug/DefaultTests.xctest/Contents/Frameworks/libswiftDarwin.dylib
Copying /Applications/Xcode.app/Contents/Developer/Toolchains/XcodeDefault.xctoolchain/usr/lib/swift/macosx/libswiftDispatch.dylib to [...]/Library/Developer/Xcode/DerivedData/Default-crpxgvdgcdfrmiakfvxxfraggzcv/Build/Products/Debug/DefaultTests.xctest/Contents/Frameworks/libswiftDispatch.dylib
Copying /Applications/Xcode.app/Contents/Developer/Toolchains/XcodeDefault.xctoolchain/usr/lib/swift/macosx/libswiftFoundation.dylib to [...]/Library/Developer/Xcode/DerivedData/Default-crpxgvdgcdfrmiakfvxxfraggzcv/Build/Products/Debug/DefaultTests.xctest/Contents/Frameworks/libswiftFoundation.dylib
Copying /Applications/Xcode.app/Contents/Developer/Toolchains/XcodeDefault.xctoolchain/usr/lib/swift/macosx/libswiftIOKit.dylib to [...]/Library/Developer/Xcode/DerivedData/Default-crpxgvdgcdfrmiakfvxxfraggzcv/Build/Products/Debug/DefaultTests.xctest/Contents/Frameworks/libswiftIOKit.dylib
Copying /Applications/Xcode.app/Contents/Developer/Toolchains/XcodeDefault.xctoolchain/usr/lib/swift/macosx/libswiftMetal.dylib to [...]/Library/Developer/Xcode/DerivedData/Default-crpxgvdgcdfrmiakfvxxfraggzcv/Build/Products/Debug/DefaultTests.xctest/Contents/Frameworks/libswiftMetal.dylib
Copying /Applications/Xcode.app/Contents/Developer/Toolchains/XcodeDefault.xctoolchain/usr/lib/swift/macosx/libswiftObjectiveC.dylib to [...]/Library/Developer/Xcode/DerivedData/Default-crpxgvdgcdfrmiakfvxxfraggzcv/Build/Products/Debug/DefaultTests.xctest/Contents/Frameworks/libswiftObjectiveC.dylib
Copying /Applications/Xcode.app/Contents/Developer/Toolchains/XcodeDefault.xctoolchain/usr/lib/swift/macosx/libswiftQuartzCore.dylib to [...]/Library/Developer/Xcode/DerivedData/Default-crpxgvdgcdfrmiakfvxxfraggzcv/Build/Products/Debug/DefaultTests.xctest/Contents/Frameworks/libswiftQuartzCore.dylib
Copying /Applications/Xcode.app/Contents/Developer/Toolchains/XcodeDefault.xctoolchain/usr/lib/swift/macosx/libswiftXCTest.dylib to [...]/Library/Developer/Xcode/DerivedData/Default-crpxgvdgcdfrmiakfvxxfraggzcv/Build/Products/Debug/DefaultTests.xctest/Contents/Frameworks/libswiftXCTest.dylib
Copying /Applications/Xcode.app/Contents/Developer/Toolchains/XcodeDefault.xctoolchain/usr/lib/swift/macosx/libswiftXPC.dylib to [...]/Library/Developer/Xcode/DerivedData/Default-crpxgvdgcdfrmiakfvxxfraggzcv/Build/Products/Debug/DefaultTests.xctest/Contents/Frameworks/libswiftXPC.dylib
Copying /Applications/Xcode.app/Contents/Developer/Toolchains/XcodeDefault.xctoolchain/usr/lib/swift/macosx/libswiftos.dylib to [...]/Library/Developer/Xcode/DerivedData/Default-crpxgvdgcdfrmiakfvxxfraggzcv/Build/Products/Debug/DefaultTests.xctest/Contents/Frameworks/libswiftos.dylib
Copying /Applications/Xcode.app/Contents/Developer/Toolchains/XcodeDefault.xctoolchain/usr/lib/swift/macosx/libswiftRemoteMirror.dylib to [...]/Library/Developer/Xcode/DerivedData/Default-crpxgvdgcdfrmiakfvxxfraggzcv/Build/Products/Debug/DefaultTests.xctest/Contents/Resources/libswiftRemoteMirror.dylib

Touch [...]/Library/Developer/Xcode/DerivedData/Default-crpxgvdgcdfrmiakfvxxfraggzcv/Build/Products/Debug/DefaultTests.xctest
    cd "[...]/Tests/Mock Projects/After/Default"
    /usr/bin/touch -c [...]/Library/Developer/Xcode/DerivedData/Default-crpxgvdgcdfrmiakfvxxfraggzcv/Build/Products/Debug/DefaultTests.xctest

** TEST SUCCEEDED **

Test Suite 'All tests' [...]Test Suite 'DefaultTests.xctest' [...]Test Suite 'DefaultTests' [...]Test Case '-[DefaultTests.DefaultTests testExample]' started.
Test Case '-[DefaultTests.DefaultTests testExample]' [...]).
Test Suite 'DefaultTests' [...]	 Executed 1 test, with 0 failures (0 [...]
Test Suite 'DefaultTests.xctest' [...]	 Executed 1 test, with 0 failures (0 [...]
Test Suite 'All tests' [...]	 Executed 1 test, with 0 failures (0 [...]


✓ Tests pass on macOS with the Swift Package Manager.
✓ Tests pass on macOS with Xcode.


“Default” passes validation.

$ workspace validate test‐coverage

$ workspace validate documentation‐coverage

Generating documentation for “Default”...


$ jazzy --module Default --copyright "Copyright ©2018 the Default project contributors. All rights reserved." --documentation=Documentation/*.md --clean --use-safe-filenames --output "[...]/Documentation/Default" --xcodebuild-arguments "-scheme,Default-Package,-target,Default,-sdk,macosx,-derivedDataPath,[...]/Jazzy Build Artifacts"
0% documentation coverage with 0 undocumented symbols
skipped 1 private, fileprivate, or internal symbol (use `--min-acl` to specify a different minimum ACL)
jam out ♪♫ to your fresh new docs in `[...]/Documentation/Default`

Writing to “[...]/Documentation/Default/.nojekyll”...

$ swift package resolve


Checking documentation coverage for “Default”... (§1)


✓ Generated documentation for “Default”.
✓ Documentation coverage is complete for “Default”.


“Default” passes validation.

$ workspace proofread •xcode

$ swiftlint lint --strict --config [...]/SwiftLint/Configuration.yml --quiet
