
$ workspace refresh scripts

Refreshing scripts...


$ swift package resolve

Writing to “Refresh (macOS).command”...
Writing to “Refresh (Linux).sh”...

$ swift package resolve

Writing to “Validate (macOS).command”...
$ workspace refresh read‐me

Invalid value for “Quotation Testament”:
...
Available values:
תנ״ך
ΚΔ

⁂


$ workspace proofread •xcode
Writing to “.Workspace Configuration.txt”...

$ swiftlint lint --strict --config [...]/SwiftLint/Configuration.yml --quiet
