
$ workspace refresh scripts

Refreshing scripts...


$ swift package resolve

Writing to “Refresh (macOS).command”...
Writing to “Refresh (Linux).sh”...

$ swift package resolve

Writing to “Validate (macOS).command”...
$ workspace refresh read‐me

Invalid value for “Project Type”:
Invalid
Available values:
Library
Application
Executable

⁂


$ workspace proofread •xcode

$ swiftlint lint --strict --config /Users/Jeremy/Library/Caches/ca.solideogloria.Workspace.Tests.debug/SwiftLint/Configuration.yml --quiet
