
$ workspace refresh scripts

Refreshing scripts...


$ swift package resolve

Writing to “Refresh (macOS).command”...
Writing to “Refresh (Linux).sh”...

$ swift package resolve

Writing to “Validate (macOS).command”...
$ workspace refresh resources

Refreshing resources...

$ workspace validate documentation‐coverage

Invalid value for “Generate Documentation”:
Maybe
Available values:
True
False