
$ workspace refresh scripts

[34m[1mRefreshing scripts...[22m[39m


$ swift package resolve

Writing to â€œRefresh (macOS).commandâ€...
Writing to â€œRefresh (Linux).shâ€...

$ swift package resolve

Writing to â€œValidate (macOS).commandâ€...
$ workspace refresh resources

[34m[1mRefreshing resources...[22m[39m

$ workspace validate documentationâ€coverage

Invalid value for â€œGenerate Documentationâ€:
Maybe
Available values:
True
False