
$ workspace refresh scripts

[34m[1mRefreshing scripts...[22m[39m


$ swift package resolve

Writing to “Refresh (macOS).command”...
Writing to “Refresh (Linux).sh”...

$ swift package resolve

Writing to “Validate (macOS).command”...
$ workspace refresh resources

[34m[1mRefreshing resources...[22m[39m

$ workspace validate documentation‐coverage

Invalid value for “Generate Documentation”:
Maybe
Available values:
True
False