
$ workspace refresh scripts

Refreshing scripts...


$ swift package resolve

Writing to “Refresh (macOS).command”...
Writing to “Refresh (Linux).sh”...

$ swift package resolve

Writing to “Validate (macOS).command”...
$ workspace refresh read‐me

Refreshing read‐me...


$ swift package resolve

Writing to “Documentation/🇨🇦EN Read Me.md”...

$ swift package resolve

Writing to “Documentation/🇨🇦EN Related Projects.md”...

$ swift package resolve

Writing to “README.md”...

$ swift package resolve

Writing to “Documentation/🇬🇧EN Read Me.md”...
Writing to “Documentation/🇬🇧EN Related Projects.md”...

$ swift package resolve

Writing to “Documentation/🇺🇸EN Read Me.md”...
Writing to “Documentation/🇺🇸EN Related Projects.md”...

$ swift package resolve

Writing to “Documentation/🇩🇪DE Lies mich.md”...
Writing to “Documentation/🇩🇪DE Verwandte Projekte.md”...

$ swift package resolve

Writing to “Documentation/🇫🇷FR Lisez moi.md”...
Writing to “Documentation/🇫🇷FR Projets liés.md”...

$ swift package resolve

Writing to “Documentation/🇬🇷ΕΛ Με διαβάστε.md”...
Writing to “Documentation/🇬🇷ΕΛ Συγγενικά έργα.md”...

$ swift package resolve

Writing to “Documentation/🇮🇱עב קרא אותי.md”...
Writing to “Documentation/🇮🇱עב מיזמים קשורים.md”...

$ swift package resolve

Writing to “Documentation/[zxx] Read Me.md”...
Writing to “Documentation/[zxx] Related Projects.md”...
Deleting “Documentation/Related Projects.md”...
$ workspace refresh continuous‐integration

Refreshing continuous integration configuration...


$ swift package resolve

Writing to “.travis.yml”...
$ workspace refresh resources

Refreshing resources...


$ swift package resolve

Writing to “Sources/Library/Resources.swift”...
$ workspace proofread

Normalizing files...


Proofreading source code... (§1)

.Workspace Configuration.txt
.travis.yml
Documentation/[zxx] Read Me.md
Documentation/[zxx] Related Projects.md
Documentation/🇨🇦EN Read Me.md
Documentation/🇨🇦EN Related Projects.md
Documentation/🇩🇪DE Lies mich.md
Documentation/🇩🇪DE Verwandte Projekte.md
Documentation/🇫🇷FR Lisez moi.md
Documentation/🇫🇷FR Projets liés.md
Documentation/🇬🇧EN Read Me.md
Documentation/🇬🇧EN Related Projects.md
Documentation/🇬🇷ΕΛ Με διαβάστε.md
Documentation/🇬🇷ΕΛ Συγγενικά έργα.md
Documentation/🇮🇱עב מיזמים קשורים.md
Documentation/🇮🇱עב קרא אותי.md
Documentation/🇺🇸EN Read Me.md
Documentation/🇺🇸EN Related Projects.md
Package.swift
README.md
Sources/Library/Resources.swift
Sources/Library/SDG.swift
Sources/tool/main.swift
Tests/LinuxMain.swift
Tests/SDGTests/SDGTests.swift

$ swiftlint lint --strict --config [...]/SwiftLint/Configuration.yml --reporter emoji


$ swift package resolve


✓ Source code passes proofreading.


“SDG” passes validation.

$ workspace validate build

Checking build for macOS with the Swift Package Manager... (§1)


$ swift build
Compile Swift Module 'Dependency' (1 sources)
Compile Swift Module 'Library' (2 sources)
Compile Swift Module 'tool' (1 sources)
Linking ./.build/x86_64-apple-macosx10.10/debug/tool


Checking build for macOS with Xcode... (§2)


$ xcodebuild build -sdk macosx -scheme SDG-Package
Build settings from command line:
    SDKROOT = macosx10.13

=== BUILD TARGET Dependency OF PROJECT SDG WITH CONFIGURATION Debug ===

Check dependencies

ProcessInfoPlistFile [...]/Library/Developer/Xcode/DerivedData/SDG-aremwpgxnffccvfijmhfajxmlmfq/Build/Products/Debug/Dependency.framework/Versions/A/Resources/Info.plist SDG.xcodeproj/Dependency_Info.plist
    cd "[...]/Tests/Mock Projects/After/SDG"
    builtin-infoPlistUtility [...]/Tests/Mock\ Projects/After/SDG/SDG.xcodeproj/Dependency_Info.plist -expandbuildsettings -platform macosx -o [...]/Library/Developer/Xcode/DerivedData/SDG-aremwpgxnffccvfijmhfajxmlmfq/Build/Products/Debug/Dependency.framework/Versions/A/Resources/Info.plist

CompileSwiftSources normal x86_64 com.apple.xcode.tools.swift.compiler
    cd "[...]/Tests/Mock Projects/After/SDG"
    export DEVELOPER_DIR=/Applications/Xcode.app/Contents/Developer
    export SDKROOT=/Applications/Xcode.app/Contents/Developer/Platforms/MacOSX.platform/Developer/SDKs/MacOSX10.13.sdk
    /Applications/Xcode.app/Contents/Developer/Toolchains/XcodeDefault.xctoolchain/usr/bin/swiftc -incremental -module-name Dependency -Onone -enforce-exclusivity=checked -DSWIFT_PACKAGE -DXcode -sdk /Applications/Xcode.app/Contents/Developer/Platforms/MacOSX.platform/Developer/SDKs/MacOSX10.13.sdk -target x86_64-apple-macosx10.10 -g -module-cache-path [...]/Library/Developer/Xcode/DerivedData/ModuleCache -Xfrontend -serialize-debugging-options -enable-testing -index-store-path [...]/Library/Developer/Xcode/DerivedData/SDG-aremwpgxnffccvfijmhfajxmlmfq/Index/DataStore -Xfrontend -report-errors-to-debugger -swift-version 4 -I [...]/Library/Developer/Xcode/DerivedData/SDG-aremwpgxnffccvfijmhfajxmlmfq/Build/Products/Debug -F [...]/Library/Developer/Xcode/DerivedData/SDG-aremwpgxnffccvfijmhfajxmlmfq/Build/Products/Debug -F /Applications/Xcode.app/Contents/Developer/Platforms/MacOSX.platform/Developer/Library/Frameworks -parse-as-library -c -j4 [...]/Tests/Mock\ Projects/After/SDG/.build/checkouts/Dependency-74053125454640535/Sources/Dependency/Dependency.swift -output-file-map [...]/Library/Developer/Xcode/DerivedData/SDG-aremwpgxnffccvfijmhfajxmlmfq/Build/Intermediates.noindex/SDG.build/Debug/Dependency.build/Objects-normal/x86_64/Dependency-OutputFileMap.json -parseable-output -serialize-diagnostics -emit-dependencies -emit-module -emit-module-path [...]/Library/Developer/Xcode/DerivedData/SDG-aremwpgxnffccvfijmhfajxmlmfq/Build/Intermediates.noindex/SDG.build/Debug/Dependency.build/Objects-normal/x86_64/Dependency.swiftmodule -Xcc -I[...]/Library/Developer/Xcode/DerivedData/SDG-aremwpgxnffccvfijmhfajxmlmfq/Build/Intermediates.noindex/SDG.build/Debug/Dependency.build/swift-overrides.hmap -Xcc -I[...]/Library/Developer/Xcode/DerivedData/SDG-aremwpgxnffccvfijmhfajxmlmfq/Build/Products/Debug/include -Xcc -I[...]/Library/Developer/Xcode/DerivedData/SDG-aremwpgxnffccvfijmhfajxmlmfq/Build/Intermediates.noindex/SDG.build/Debug/Dependency.build/DerivedSources/x86_64 -Xcc -I[...]/Library/Developer/Xcode/DerivedData/SDG-aremwpgxnffccvfijmhfajxmlmfq/Build/Intermediates.noindex/SDG.build/Debug/Dependency.build/DerivedSources -emit-objc-header -emit-objc-header-path [...]/Library/Developer/Xcode/DerivedData/SDG-aremwpgxnffccvfijmhfajxmlmfq/Build/Intermediates.noindex/SDG.build/Debug/Dependency.build/Objects-normal/x86_64/Dependency-Swift.h -Xcc -working-directory[...]/Tests/Mock\ Projects/After/SDG

CompileSwift normal x86_64 [...]/Tests/Mock Projects/After/SDG/.build/checkouts/Dependency-74053125454640535/Sources/Dependency/Dependency.swift
    cd [...]/Tests/Mock Projects/After/SDG
    /Applications/Xcode.app/Contents/Developer/Toolchains/XcodeDefault.xctoolchain/usr/bin/swift -frontend -c -primary-file "[...]/Tests/Mock Projects/After/SDG/.build/checkouts/Dependency-74053125454640535/Sources/Dependency/Dependency.swift" -target x86_64-apple-macosx10.10 -enable-objc-interop -sdk /Applications/Xcode.app/Contents/Developer/Platforms/MacOSX.platform/Developer/SDKs/MacOSX10.13.sdk -I [...]/Library/Developer/Xcode/DerivedData/SDG-aremwpgxnffccvfijmhfajxmlmfq/Build/Products/Debug -F [...]/Library/Developer/Xcode/DerivedData/SDG-aremwpgxnffccvfijmhfajxmlmfq/Build/Products/Debug -F /Applications/Xcode.app/Contents/Developer/Platforms/MacOSX.platform/Developer/Library/Frameworks -enable-testing -g -module-cache-path [...]/Library/Developer/Xcode/DerivedData/ModuleCache -swift-version 4 -enforce-exclusivity=checked -D SWIFT_PACKAGE -D Xcode -serialize-debugging-options -report-errors-to-debugger -Xcc -I[...]/Library/Developer/Xcode/DerivedData/SDG-aremwpgxnffccvfijmhfajxmlmfq/Build/Intermediates.noindex/SDG.build/Debug/Dependency.build/swift-overrides.hmap -Xcc -I[...]/Library/Developer/Xcode/DerivedData/SDG-aremwpgxnffccvfijmhfajxmlmfq/Build/Products/Debug/include -Xcc -I[...]/Library/Developer/Xcode/DerivedData/SDG-aremwpgxnffccvfijmhfajxmlmfq/Build/Intermediates.noindex/SDG.build/Debug/Dependency.build/DerivedSources/x86_64 -Xcc -I[...]/Library/Developer/Xcode/DerivedData/SDG-aremwpgxnffccvfijmhfajxmlmfq/Build/Intermediates.noindex/SDG.build/Debug/Dependency.build/DerivedSources -Xcc "-working-directory[...]/Tests/Mock Projects/After/SDG" -emit-module-doc-path [...]/Library/Developer/Xcode/DerivedData/SDG-aremwpgxnffccvfijmhfajxmlmfq/Build/Intermediates.noindex/SDG.build/Debug/Dependency.build/Objects-normal/x86_64/Dependency~partial.swiftdoc -serialize-diagnostics-path [...]/Library/Developer/Xcode/DerivedData/SDG-aremwpgxnffccvfijmhfajxmlmfq/Build/Intermediates.noindex/SDG.build/Debug/Dependency.build/Objects-normal/x86_64/Dependency.dia -Onone -parse-as-library -module-name Dependency -emit-module-path [...]/Library/Developer/Xcode/DerivedData/SDG-aremwpgxnffccvfijmhfajxmlmfq/Build/Intermediates.noindex/SDG.build/Debug/Dependency.build/Objects-normal/x86_64/Dependency~partial.swiftmodule -emit-dependencies-path [...]/Library/Developer/Xcode/DerivedData/SDG-aremwpgxnffccvfijmhfajxmlmfq/Build/Intermediates.noindex/SDG.build/Debug/Dependency.build/Objects-normal/x86_64/Dependency.d -emit-reference-dependencies-path [...]/Library/Developer/Xcode/DerivedData/SDG-aremwpgxnffccvfijmhfajxmlmfq/Build/Intermediates.noindex/SDG.build/Debug/Dependency.build/Objects-normal/x86_64/Dependency.swiftdeps -o [...]/Library/Developer/Xcode/DerivedData/SDG-aremwpgxnffccvfijmhfajxmlmfq/Build/Intermediates.noindex/SDG.build/Debug/Dependency.build/Objects-normal/x86_64/Dependency.o -index-store-path [...]/Library/Developer/Xcode/DerivedData/SDG-aremwpgxnffccvfijmhfajxmlmfq/Index/DataStore -index-system-modules

MergeSwiftModule normal x86_64 [...]/Library/Developer/Xcode/DerivedData/SDG-aremwpgxnffccvfijmhfajxmlmfq/Build/Intermediates.noindex/SDG.build/Debug/Dependency.build/Objects-normal/x86_64/Dependency.swiftmodule
    cd [...]/Tests/Mock Projects/After/SDG
    /Applications/Xcode.app/Contents/Developer/Toolchains/XcodeDefault.xctoolchain/usr/bin/swift -frontend -emit-module [...]/Library/Developer/Xcode/DerivedData/SDG-aremwpgxnffccvfijmhfajxmlmfq/Build/Intermediates.noindex/SDG.build/Debug/Dependency.build/Objects-normal/x86_64/Dependency~partial.swiftmodule -parse-as-library -target x86_64-apple-macosx10.10 -enable-objc-interop -sdk /Applications/Xcode.app/Contents/Developer/Platforms/MacOSX.platform/Developer/SDKs/MacOSX10.13.sdk -I [...]/Library/Developer/Xcode/DerivedData/SDG-aremwpgxnffccvfijmhfajxmlmfq/Build/Products/Debug -F [...]/Library/Developer/Xcode/DerivedData/SDG-aremwpgxnffccvfijmhfajxmlmfq/Build/Products/Debug -F /Applications/Xcode.app/Contents/Developer/Platforms/MacOSX.platform/Developer/Library/Frameworks -enable-testing -g -module-cache-path [...]/Library/Developer/Xcode/DerivedData/ModuleCache -swift-version 4 -enforce-exclusivity=checked -D SWIFT_PACKAGE -D Xcode -serialize-debugging-options -report-errors-to-debugger -Xcc -I[...]/Library/Developer/Xcode/DerivedData/SDG-aremwpgxnffccvfijmhfajxmlmfq/Build/Intermediates.noindex/SDG.build/Debug/Dependency.build/swift-overrides.hmap -Xcc -I[...]/Library/Developer/Xcode/DerivedData/SDG-aremwpgxnffccvfijmhfajxmlmfq/Build/Products/Debug/include -Xcc -I[...]/Library/Developer/Xcode/DerivedData/SDG-aremwpgxnffccvfijmhfajxmlmfq/Build/Intermediates.noindex/SDG.build/Debug/Dependency.build/DerivedSources/x86_64 -Xcc -I[...]/Library/Developer/Xcode/DerivedData/SDG-aremwpgxnffccvfijmhfajxmlmfq/Build/Intermediates.noindex/SDG.build/Debug/Dependency.build/DerivedSources -Xcc "-working-directory[...]/Tests/Mock Projects/After/SDG" -emit-module-doc-path [...]/Library/Developer/Xcode/DerivedData/SDG-aremwpgxnffccvfijmhfajxmlmfq/Build/Intermediates.noindex/SDG.build/Debug/Dependency.build/Objects-normal/x86_64/Dependency.swiftdoc -module-name Dependency -emit-objc-header-path [...]/Library/Developer/Xcode/DerivedData/SDG-aremwpgxnffccvfijmhfajxmlmfq/Build/Intermediates.noindex/SDG.build/Debug/Dependency.build/Objects-normal/x86_64/Dependency-Swift.h -o [...]/Library/Developer/Xcode/DerivedData/SDG-aremwpgxnffccvfijmhfajxmlmfq/Build/Intermediates.noindex/SDG.build/Debug/Dependency.build/Objects-normal/x86_64/Dependency.swiftmodule

Touch [...]/Library/Developer/Xcode/DerivedData/SDG-aremwpgxnffccvfijmhfajxmlmfq/Build/Products/Debug/Dependency.framework
    cd "[...]/Tests/Mock Projects/After/SDG"
    /usr/bin/touch -c [...]/Library/Developer/Xcode/DerivedData/SDG-aremwpgxnffccvfijmhfajxmlmfq/Build/Products/Debug/Dependency.framework

=== BUILD TARGET Library OF PROJECT SDG WITH CONFIGURATION Debug ===

Check dependencies

ProcessInfoPlistFile [...]/Library/Developer/Xcode/DerivedData/SDG-aremwpgxnffccvfijmhfajxmlmfq/Build/Products/Debug/Library.framework/Versions/A/Resources/Info.plist SDG.xcodeproj/Library_Info.plist
    cd "[...]/Tests/Mock Projects/After/SDG"
    builtin-infoPlistUtility [...]/Tests/Mock\ Projects/After/SDG/SDG.xcodeproj/Library_Info.plist -expandbuildsettings -platform macosx -o [...]/Library/Developer/Xcode/DerivedData/SDG-aremwpgxnffccvfijmhfajxmlmfq/Build/Products/Debug/Library.framework/Versions/A/Resources/Info.plist

CompileSwiftSources normal x86_64 com.apple.xcode.tools.swift.compiler
    cd "[...]/Tests/Mock Projects/After/SDG"
    export DEVELOPER_DIR=/Applications/Xcode.app/Contents/Developer
    export SDKROOT=/Applications/Xcode.app/Contents/Developer/Platforms/MacOSX.platform/Developer/SDKs/MacOSX10.13.sdk
    /Applications/Xcode.app/Contents/Developer/Toolchains/XcodeDefault.xctoolchain/usr/bin/swiftc -incremental -module-name Library -Onone -enforce-exclusivity=checked -DSWIFT_PACKAGE -DXcode -sdk /Applications/Xcode.app/Contents/Developer/Platforms/MacOSX.platform/Developer/SDKs/MacOSX10.13.sdk -target x86_64-apple-macosx10.10 -g -module-cache-path [...]/Library/Developer/Xcode/DerivedData/ModuleCache -Xfrontend -serialize-debugging-options -enable-testing -index-store-path [...]/Library/Developer/Xcode/DerivedData/SDG-aremwpgxnffccvfijmhfajxmlmfq/Index/DataStore -Xfrontend -report-errors-to-debugger -swift-version 4 -I [...]/Library/Developer/Xcode/DerivedData/SDG-aremwpgxnffccvfijmhfajxmlmfq/Build/Products/Debug -F [...]/Library/Developer/Xcode/DerivedData/SDG-aremwpgxnffccvfijmhfajxmlmfq/Build/Products/Debug -F /Applications/Xcode.app/Contents/Developer/Platforms/MacOSX.platform/Developer/Library/Frameworks -c -j4 [...]/Tests/Mock\ Projects/After/SDG/Sources/Library/Resources.swift [...]/Tests/Mock\ Projects/After/SDG/Sources/Library/SDG.swift -output-file-map [...]/Library/Developer/Xcode/DerivedData/SDG-aremwpgxnffccvfijmhfajxmlmfq/Build/Intermediates.noindex/SDG.build/Debug/Library.build/Objects-normal/x86_64/Library-OutputFileMap.json -parseable-output -serialize-diagnostics -emit-dependencies -emit-module -emit-module-path [...]/Library/Developer/Xcode/DerivedData/SDG-aremwpgxnffccvfijmhfajxmlmfq/Build/Intermediates.noindex/SDG.build/Debug/Library.build/Objects-normal/x86_64/Library.swiftmodule -Xcc -I[...]/Library/Developer/Xcode/DerivedData/SDG-aremwpgxnffccvfijmhfajxmlmfq/Build/Intermediates.noindex/SDG.build/Debug/Library.build/swift-overrides.hmap -Xcc -I[...]/Library/Developer/Xcode/DerivedData/SDG-aremwpgxnffccvfijmhfajxmlmfq/Build/Products/Debug/include -Xcc -I[...]/Library/Developer/Xcode/DerivedData/SDG-aremwpgxnffccvfijmhfajxmlmfq/Build/Intermediates.noindex/SDG.build/Debug/Library.build/DerivedSources/x86_64 -Xcc -I[...]/Library/Developer/Xcode/DerivedData/SDG-aremwpgxnffccvfijmhfajxmlmfq/Build/Intermediates.noindex/SDG.build/Debug/Library.build/DerivedSources -emit-objc-header -emit-objc-header-path [...]/Library/Developer/Xcode/DerivedData/SDG-aremwpgxnffccvfijmhfajxmlmfq/Build/Intermediates.noindex/SDG.build/Debug/Library.build/Objects-normal/x86_64/Library-Swift.h -Xcc -working-directory[...]/Tests/Mock\ Projects/After/SDG

CompileSwift normal x86_64 [...]/Tests/Mock Projects/After/SDG/Sources/Library/Resources.swift
    cd [...]/Tests/Mock Projects/After/SDG
    /Applications/Xcode.app/Contents/Developer/Toolchains/XcodeDefault.xctoolchain/usr/bin/swift -frontend -c -primary-file "[...]/Tests/Mock Projects/After/SDG/Sources/Library/Resources.swift" "[...]/Tests/Mock Projects/After/SDG/Sources/Library/SDG.swift" -target x86_64-apple-macosx10.10 -enable-objc-interop -sdk /Applications/Xcode.app/Contents/Developer/Platforms/MacOSX.platform/Developer/SDKs/MacOSX10.13.sdk -I [...]/Library/Developer/Xcode/DerivedData/SDG-aremwpgxnffccvfijmhfajxmlmfq/Build/Products/Debug -F [...]/Library/Developer/Xcode/DerivedData/SDG-aremwpgxnffccvfijmhfajxmlmfq/Build/Products/Debug -F /Applications/Xcode.app/Contents/Developer/Platforms/MacOSX.platform/Developer/Library/Frameworks -enable-testing -g -module-cache-path [...]/Library/Developer/Xcode/DerivedData/ModuleCache -swift-version 4 -enforce-exclusivity=checked -D SWIFT_PACKAGE -D Xcode -serialize-debugging-options -report-errors-to-debugger -Xcc -I[...]/Library/Developer/Xcode/DerivedData/SDG-aremwpgxnffccvfijmhfajxmlmfq/Build/Intermediates.noindex/SDG.build/Debug/Library.build/swift-overrides.hmap -Xcc -I[...]/Library/Developer/Xcode/DerivedData/SDG-aremwpgxnffccvfijmhfajxmlmfq/Build/Products/Debug/include -Xcc -I[...]/Library/Developer/Xcode/DerivedData/SDG-aremwpgxnffccvfijmhfajxmlmfq/Build/Intermediates.noindex/SDG.build/Debug/Library.build/DerivedSources/x86_64 -Xcc -I[...]/Library/Developer/Xcode/DerivedData/SDG-aremwpgxnffccvfijmhfajxmlmfq/Build/Intermediates.noindex/SDG.build/Debug/Library.build/DerivedSources -Xcc "-working-directory[...]/Tests/Mock Projects/After/SDG" -emit-module-doc-path [...]/Library/Developer/Xcode/DerivedData/SDG-aremwpgxnffccvfijmhfajxmlmfq/Build/Intermediates.noindex/SDG.build/Debug/Library.build/Objects-normal/x86_64/Resources~partial.swiftdoc -serialize-diagnostics-path [...]/Library/Developer/Xcode/DerivedData/SDG-aremwpgxnffccvfijmhfajxmlmfq/Build/Intermediates.noindex/SDG.build/Debug/Library.build/Objects-normal/x86_64/Resources.dia -Onone -module-name Library -emit-module-path [...]/Library/Developer/Xcode/DerivedData/SDG-aremwpgxnffccvfijmhfajxmlmfq/Build/Intermediates.noindex/SDG.build/Debug/Library.build/Objects-normal/x86_64/Resources~partial.swiftmodule -emit-dependencies-path [...]/Library/Developer/Xcode/DerivedData/SDG-aremwpgxnffccvfijmhfajxmlmfq/Build/Intermediates.noindex/SDG.build/Debug/Library.build/Objects-normal/x86_64/Resources.d -emit-reference-dependencies-path [...]/Library/Developer/Xcode/DerivedData/SDG-aremwpgxnffccvfijmhfajxmlmfq/Build/Intermediates.noindex/SDG.build/Debug/Library.build/Objects-normal/x86_64/Resources.swiftdeps -o [...]/Library/Developer/Xcode/DerivedData/SDG-aremwpgxnffccvfijmhfajxmlmfq/Build/Intermediates.noindex/SDG.build/Debug/Library.build/Objects-normal/x86_64/Resources.o -index-store-path [...]/Library/Developer/Xcode/DerivedData/SDG-aremwpgxnffccvfijmhfajxmlmfq/Index/DataStore -index-system-modules

CompileSwift normal x86_64 [...]/Tests/Mock Projects/After/SDG/Sources/Library/SDG.swift
    cd [...]/Tests/Mock Projects/After/SDG
    /Applications/Xcode.app/Contents/Developer/Toolchains/XcodeDefault.xctoolchain/usr/bin/swift -frontend -c "[...]/Tests/Mock Projects/After/SDG/Sources/Library/Resources.swift" -primary-file "[...]/Tests/Mock Projects/After/SDG/Sources/Library/SDG.swift" -target x86_64-apple-macosx10.10 -enable-objc-interop -sdk /Applications/Xcode.app/Contents/Developer/Platforms/MacOSX.platform/Developer/SDKs/MacOSX10.13.sdk -I [...]/Library/Developer/Xcode/DerivedData/SDG-aremwpgxnffccvfijmhfajxmlmfq/Build/Products/Debug -F [...]/Library/Developer/Xcode/DerivedData/SDG-aremwpgxnffccvfijmhfajxmlmfq/Build/Products/Debug -F /Applications/Xcode.app/Contents/Developer/Platforms/MacOSX.platform/Developer/Library/Frameworks -enable-testing -g -module-cache-path [...]/Library/Developer/Xcode/DerivedData/ModuleCache -swift-version 4 -enforce-exclusivity=checked -D SWIFT_PACKAGE -D Xcode -serialize-debugging-options -report-errors-to-debugger -Xcc -I[...]/Library/Developer/Xcode/DerivedData/SDG-aremwpgxnffccvfijmhfajxmlmfq/Build/Intermediates.noindex/SDG.build/Debug/Library.build/swift-overrides.hmap -Xcc -I[...]/Library/Developer/Xcode/DerivedData/SDG-aremwpgxnffccvfijmhfajxmlmfq/Build/Products/Debug/include -Xcc -I[...]/Library/Developer/Xcode/DerivedData/SDG-aremwpgxnffccvfijmhfajxmlmfq/Build/Intermediates.noindex/SDG.build/Debug/Library.build/DerivedSources/x86_64 -Xcc -I[...]/Library/Developer/Xcode/DerivedData/SDG-aremwpgxnffccvfijmhfajxmlmfq/Build/Intermediates.noindex/SDG.build/Debug/Library.build/DerivedSources -Xcc "-working-directory[...]/Tests/Mock Projects/After/SDG" -emit-module-doc-path [...]/Library/Developer/Xcode/DerivedData/SDG-aremwpgxnffccvfijmhfajxmlmfq/Build/Intermediates.noindex/SDG.build/Debug/Library.build/Objects-normal/x86_64/SDG~partial.swiftdoc -serialize-diagnostics-path [...]/Library/Developer/Xcode/DerivedData/SDG-aremwpgxnffccvfijmhfajxmlmfq/Build/Intermediates.noindex/SDG.build/Debug/Library.build/Objects-normal/x86_64/SDG.dia -Onone -module-name Library -emit-module-path [...]/Library/Developer/Xcode/DerivedData/SDG-aremwpgxnffccvfijmhfajxmlmfq/Build/Intermediates.noindex/SDG.build/Debug/Library.build/Objects-normal/x86_64/SDG~partial.swiftmodule -emit-dependencies-path [...]/Library/Developer/Xcode/DerivedData/SDG-aremwpgxnffccvfijmhfajxmlmfq/Build/Intermediates.noindex/SDG.build/Debug/Library.build/Objects-normal/x86_64/SDG.d -emit-reference-dependencies-path [...]/Library/Developer/Xcode/DerivedData/SDG-aremwpgxnffccvfijmhfajxmlmfq/Build/Intermediates.noindex/SDG.build/Debug/Library.build/Objects-normal/x86_64/SDG.swiftdeps -o [...]/Library/Developer/Xcode/DerivedData/SDG-aremwpgxnffccvfijmhfajxmlmfq/Build/Intermediates.noindex/SDG.build/Debug/Library.build/Objects-normal/x86_64/SDG.o -index-store-path [...]/Library/Developer/Xcode/DerivedData/SDG-aremwpgxnffccvfijmhfajxmlmfq/Index/DataStore -index-system-modules

MergeSwiftModule normal x86_64 [...]/Library/Developer/Xcode/DerivedData/SDG-aremwpgxnffccvfijmhfajxmlmfq/Build/Intermediates.noindex/SDG.build/Debug/Library.build/Objects-normal/x86_64/Library.swiftmodule
    cd [...]/Tests/Mock Projects/After/SDG
    /Applications/Xcode.app/Contents/Developer/Toolchains/XcodeDefault.xctoolchain/usr/bin/swift -frontend -emit-module [...]/Library/Developer/Xcode/DerivedData/SDG-aremwpgxnffccvfijmhfajxmlmfq/Build/Intermediates.noindex/SDG.build/Debug/Library.build/Objects-normal/x86_64/Resources~partial.swiftmodule [...]/Library/Developer/Xcode/DerivedData/SDG-aremwpgxnffccvfijmhfajxmlmfq/Build/Intermediates.noindex/SDG.build/Debug/Library.build/Objects-normal/x86_64/SDG~partial.swiftmodule -parse-as-library -target x86_64-apple-macosx10.10 -enable-objc-interop -sdk /Applications/Xcode.app/Contents/Developer/Platforms/MacOSX.platform/Developer/SDKs/MacOSX10.13.sdk -I [...]/Library/Developer/Xcode/DerivedData/SDG-aremwpgxnffccvfijmhfajxmlmfq/Build/Products/Debug -F [...]/Library/Developer/Xcode/DerivedData/SDG-aremwpgxnffccvfijmhfajxmlmfq/Build/Products/Debug -F /Applications/Xcode.app/Contents/Developer/Platforms/MacOSX.platform/Developer/Library/Frameworks -enable-testing -g -module-cache-path [...]/Library/Developer/Xcode/DerivedData/ModuleCache -swift-version 4 -enforce-exclusivity=checked -D SWIFT_PACKAGE -D Xcode -serialize-debugging-options -report-errors-to-debugger -Xcc -I[...]/Library/Developer/Xcode/DerivedData/SDG-aremwpgxnffccvfijmhfajxmlmfq/Build/Intermediates.noindex/SDG.build/Debug/Library.build/swift-overrides.hmap -Xcc -I[...]/Library/Developer/Xcode/DerivedData/SDG-aremwpgxnffccvfijmhfajxmlmfq/Build/Products/Debug/include -Xcc -I[...]/Library/Developer/Xcode/DerivedData/SDG-aremwpgxnffccvfijmhfajxmlmfq/Build/Intermediates.noindex/SDG.build/Debug/Library.build/DerivedSources/x86_64 -Xcc -I[...]/Library/Developer/Xcode/DerivedData/SDG-aremwpgxnffccvfijmhfajxmlmfq/Build/Intermediates.noindex/SDG.build/Debug/Library.build/DerivedSources -Xcc "-working-directory[...]/Tests/Mock Projects/After/SDG" -emit-module-doc-path [...]/Library/Developer/Xcode/DerivedData/SDG-aremwpgxnffccvfijmhfajxmlmfq/Build/Intermediates.noindex/SDG.build/Debug/Library.build/Objects-normal/x86_64/Library.swiftdoc -module-name Library -emit-objc-header-path [...]/Library/Developer/Xcode/DerivedData/SDG-aremwpgxnffccvfijmhfajxmlmfq/Build/Intermediates.noindex/SDG.build/Debug/Library.build/Objects-normal/x86_64/Library-Swift.h -o [...]/Library/Developer/Xcode/DerivedData/SDG-aremwpgxnffccvfijmhfajxmlmfq/Build/Intermediates.noindex/SDG.build/Debug/Library.build/Objects-normal/x86_64/Library.swiftmodule

Touch [...]/Library/Developer/Xcode/DerivedData/SDG-aremwpgxnffccvfijmhfajxmlmfq/Build/Products/Debug/Library.framework
    cd "[...]/Tests/Mock Projects/After/SDG"
    /usr/bin/touch -c [...]/Library/Developer/Xcode/DerivedData/SDG-aremwpgxnffccvfijmhfajxmlmfq/Build/Products/Debug/Library.framework

=== BUILD TARGET tool OF PROJECT SDG WITH CONFIGURATION Debug ===

Check dependencies

** BUILD SUCCEEDED **



✓ There are no compiler warnings for macOS with the Swift Package Manager.
✓ There are no compiler warnings for macOS with Xcode.


“SDG” passes validation.

$ workspace test

$ workspace validate test‐coverage

$ workspace validate documentation‐coverage

Generating documentation for “Library”...


$ jazzy --module Library --copyright "Copyright ©2017–2018 John Doe and the SDG project contributors. All rights reserved." --github_url "https://github.com/JohnDoe/SDG" --documentation=Documentation/*.md --clean --use-safe-filenames --output "[...]/Documentation/Library" --xcodebuild-arguments "-scheme,SDG-Package,-target,Library,-sdk,macosx,-derivedDataPath,[...]/Jazzy Build Artifacts"
0% documentation coverage with 0 undocumented symbols
skipped 6 private, fileprivate, or internal symbols (use `--min-acl` to specify a different minimum ACL)
jam out ♪♫ to your fresh new docs in `[...]/Documentation/Library`

Writing to “[...]/Documentation/Library/.nojekyll”...

$ swift package resolve


Checking documentation coverage for “Library”... (§1)


✓ Generated documentation for “Library”.
✓ Documentation coverage is complete for “Library”.


“SDG” passes validation.

$ workspace proofread •xcode

$ swiftlint lint --strict --config [...]/SwiftLint/Configuration.yml --quiet
