
$ workspace refresh scripts

Refreshing scripts...


$ swift package resolve

Writing to â€œRefresh (macOS).commandâ€...
Writing to â€œRefresh (Linux).shâ€...

$ swift package resolve

Writing to â€œValidate (macOS).commandâ€...
$ workspace refresh readâ€me

Refreshing readâ€me...


$ swift package resolve

Writing to â€œDocumentation/ğŸ‡¨ğŸ‡¦EN Read Me.mdâ€...

$ swift package resolve

Writing to â€œDocumentation/ğŸ‡¨ğŸ‡¦EN Related Projects.mdâ€...

$ swift package resolve

Writing to â€œREADME.mdâ€...

$ swift package resolve

Writing to â€œDocumentation/ğŸ‡¬ğŸ‡§EN Read Me.mdâ€...
Writing to â€œDocumentation/ğŸ‡¬ğŸ‡§EN Related Projects.mdâ€...

$ swift package resolve

Writing to â€œDocumentation/ğŸ‡ºğŸ‡¸EN Read Me.mdâ€...
Writing to â€œDocumentation/ğŸ‡ºğŸ‡¸EN Related Projects.mdâ€...

$ swift package resolve

Writing to â€œDocumentation/ğŸ‡©ğŸ‡ªDE Lies mich.mdâ€...
Writing to â€œDocumentation/ğŸ‡©ğŸ‡ªDE Verwandte Projekte.mdâ€...

$ swift package resolve

Writing to â€œDocumentation/ğŸ‡«ğŸ‡·FR Lisez moi.mdâ€...
Writing to â€œDocumentation/ğŸ‡«ğŸ‡·FR Projets lieÌs.mdâ€...

$ swift package resolve

Writing to â€œDocumentation/ğŸ‡¬ğŸ‡·Î•Î› ÎœÎµ Î´Î¹Î±Î²Î±ÌÏƒÏ„Îµ.mdâ€...
Writing to â€œDocumentation/ğŸ‡¬ğŸ‡·Î•Î› Î£Ï…Î³Î³ÎµÎ½Î¹ÎºÎ±Ì ÎµÌÏÎ³Î±.mdâ€...

$ swift package resolve

Writing to â€œDocumentation/ğŸ‡®ğŸ‡±×¢×‘ ×§×¨× ××•×ª×™.mdâ€...
Writing to â€œDocumentation/ğŸ‡®ğŸ‡±×¢×‘ ××™×–××™× ×§×©×•×¨×™×.mdâ€...

$ swift package resolve

Writing to â€œDocumentation/[zxx] Read Me.mdâ€...
Writing to â€œDocumentation/[zxx] Related Projects.mdâ€...
Deleting â€œDocumentation/Related Projects.mdâ€...
$ workspace refresh continuousâ€integration

Refreshing continuous integration configuration...


$ swift package resolve

Writing to â€œ.travis.ymlâ€...
$ workspace refresh resources

Refreshing resources...


$ swift package resolve

Writing to â€œSources/Library/Resources.swiftâ€...
$ workspace proofread

Normalizing files...


Proofreading source code... (Â§1)

.Workspace Configuration.txt
.travis.yml
Documentation/[zxx] Read Me.md
Documentation/[zxx] Related Projects.md
Documentation/ğŸ‡¨ğŸ‡¦EN Read Me.md
Documentation/ğŸ‡¨ğŸ‡¦EN Related Projects.md
Documentation/ğŸ‡©ğŸ‡ªDE Lies mich.md
Documentation/ğŸ‡©ğŸ‡ªDE Verwandte Projekte.md
Documentation/ğŸ‡«ğŸ‡·FR Lisez moi.md
Documentation/ğŸ‡«ğŸ‡·FR Projets lieÌs.md
Documentation/ğŸ‡¬ğŸ‡§EN Read Me.md
Documentation/ğŸ‡¬ğŸ‡§EN Related Projects.md
Documentation/ğŸ‡¬ğŸ‡·Î•Î› ÎœÎµ Î´Î¹Î±Î²Î±ÌÏƒÏ„Îµ.md
Documentation/ğŸ‡¬ğŸ‡·Î•Î› Î£Ï…Î³Î³ÎµÎ½Î¹ÎºÎ±Ì ÎµÌÏÎ³Î±.md
Documentation/ğŸ‡®ğŸ‡±×¢×‘ ××™×–××™× ×§×©×•×¨×™×.md
Documentation/ğŸ‡®ğŸ‡±×¢×‘ ×§×¨× ××•×ª×™.md
Documentation/ğŸ‡ºğŸ‡¸EN Read Me.md
Documentation/ğŸ‡ºğŸ‡¸EN Related Projects.md
Package.swift
README.md
Sources/Library/Resources.swift
Sources/Library/SDG.swift
Sources/tool/main.swift
Tests/LinuxMain.swift
Tests/SDGTests/SDGTests.swift

$ swiftlint lint --strict --config [...]/SwiftLint/Configuration.yml --reporter emoji


$ swift package resolve


âœ“ Source code passes proofreading.


â€œSDGâ€ passes validation.

$ workspace validate build

Checking build for macOS with the Swift Package Manager... (Â§1)


$ swift build
Compile Swift Module 'Dependency' (1 sources)
Compile Swift Module 'Library' (2 sources)
Compile Swift Module 'tool' (1 sources)
Linking ./.build/x86_64-apple-macosx10.10/debug/tool


Checking build for macOS with Xcode... (Â§2)


$ xcodebuild build -sdk macosx -scheme SDG-Package
Build settings from command line:
    SDKROOT = macosx10.13

=== BUILD TARGET Dependency OF PROJECT SDG WITH CONFIGURATION Debug ===

Check dependencies

ProcessInfoPlistFile [...]/Library/Developer/Xcode/DerivedData/SDG-aremwpgxnffccvfijmhfajxmlmfq/Build/Products/Debug/Dependency.framework/Versions/A/Resources/Info.plist SDG.xcodeproj/Dependency_Info.plist
    cd "[...]/Tests/Mock Projects/After/SDG"
    builtin-infoPlistUtility [...]/Tests/Mock\ Projects/After/SDG/SDG.xcodeproj/Dependency_Info.plist -expandbuildsettings -platform macosx -o [...]/Library/Developer/Xcode/DerivedData/SDG-aremwpgxnffccvfijmhfajxmlmfq/Build/Products/Debug/Dependency.framework/Versions/A/Resources/Info.plist

CompileSwiftSources normal x86_64 com.apple.xcode.tools.swift.compiler
    cd "[...]/Tests/Mock Projects/After/SDG"
    export DEVELOPER_DIR=/Applications/Xcode.app/Contents/Developer
    export SDKROOT=/Applications/Xcode.app/Contents/Developer/Platforms/MacOSX.platform/Developer/SDKs/MacOSX10.13.sdk
    /Applications/Xcode.app/Contents/Developer/Toolchains/XcodeDefault.xctoolchain/usr/bin/swiftc -incremental -module-name Dependency -Onone -enforce-exclusivity=checked -DSWIFT_PACKAGE -DXcode -sdk /Applications/Xcode.app/Contents/Developer/Platforms/MacOSX.platform/Developer/SDKs/MacOSX10.13.sdk -target x86_64-apple-macosx10.10 -g -module-cache-path [...]/Library/Developer/Xcode/DerivedData/ModuleCache -Xfrontend -serialize-debugging-options -enable-testing -index-store-path [...]/Library/Developer/Xcode/DerivedData/SDG-aremwpgxnffccvfijmhfajxmlmfq/Index/DataStore -Xfrontend -report-errors-to-debugger -swift-version 4 -I [...]/Library/Developer/Xcode/DerivedData/SDG-aremwpgxnffccvfijmhfajxmlmfq/Build/Products/Debug -F [...]/Library/Developer/Xcode/DerivedData/SDG-aremwpgxnffccvfijmhfajxmlmfq/Build/Products/Debug -F /Applications/Xcode.app/Contents/Developer/Platforms/MacOSX.platform/Developer/Library/Frameworks -parse-as-library -c -j4 [...]/Tests/Mock\ Projects/After/SDG/.build/checkouts/Dependency-74053125454640535/Sources/Dependency/Dependency.swift -output-file-map [...]/Library/Developer/Xcode/DerivedData/SDG-aremwpgxnffccvfijmhfajxmlmfq/Build/Intermediates.noindex/SDG.build/Debug/Dependency.build/Objects-normal/x86_64/Dependency-OutputFileMap.json -parseable-output -serialize-diagnostics -emit-dependencies -emit-module -emit-module-path [...]/Library/Developer/Xcode/DerivedData/SDG-aremwpgxnffccvfijmhfajxmlmfq/Build/Intermediates.noindex/SDG.build/Debug/Dependency.build/Objects-normal/x86_64/Dependency.swiftmodule -Xcc -I[...]/Library/Developer/Xcode/DerivedData/SDG-aremwpgxnffccvfijmhfajxmlmfq/Build/Intermediates.noindex/SDG.build/Debug/Dependency.build/swift-overrides.hmap -Xcc -I[...]/Library/Developer/Xcode/DerivedData/SDG-aremwpgxnffccvfijmhfajxmlmfq/Build/Products/Debug/include -Xcc -I[...]/Library/Developer/Xcode/DerivedData/SDG-aremwpgxnffccvfijmhfajxmlmfq/Build/Intermediates.noindex/SDG.build/Debug/Dependency.build/DerivedSources/x86_64 -Xcc -I[...]/Library/Developer/Xcode/DerivedData/SDG-aremwpgxnffccvfijmhfajxmlmfq/Build/Intermediates.noindex/SDG.build/Debug/Dependency.build/DerivedSources -emit-objc-header -emit-objc-header-path [...]/Library/Developer/Xcode/DerivedData/SDG-aremwpgxnffccvfijmhfajxmlmfq/Build/Intermediates.noindex/SDG.build/Debug/Dependency.build/Objects-normal/x86_64/Dependency-Swift.h -Xcc -working-directory[...]/Tests/Mock\ Projects/After/SDG

CompileSwift normal x86_64 [...]/Tests/Mock Projects/After/SDG/.build/checkouts/Dependency-74053125454640535/Sources/Dependency/Dependency.swift
    cd [...]/Tests/Mock Projects/After/SDG
    /Applications/Xcode.app/Contents/Developer/Toolchains/XcodeDefault.xctoolchain/usr/bin/swift -frontend -c -primary-file "[...]/Tests/Mock Projects/After/SDG/.build/checkouts/Dependency-74053125454640535/Sources/Dependency/Dependency.swift" -target x86_64-apple-macosx10.10 -enable-objc-interop -sdk /Applications/Xcode.app/Contents/Developer/Platforms/MacOSX.platform/Developer/SDKs/MacOSX10.13.sdk -I [...]/Library/Developer/Xcode/DerivedData/SDG-aremwpgxnffccvfijmhfajxmlmfq/Build/Products/Debug -F [...]/Library/Developer/Xcode/DerivedData/SDG-aremwpgxnffccvfijmhfajxmlmfq/Build/Products/Debug -F /Applications/Xcode.app/Contents/Developer/Platforms/MacOSX.platform/Developer/Library/Frameworks -enable-testing -g -module-cache-path [...]/Library/Developer/Xcode/DerivedData/ModuleCache -swift-version 4 -enforce-exclusivity=checked -D SWIFT_PACKAGE -D Xcode -serialize-debugging-options -report-errors-to-debugger -Xcc -I[...]/Library/Developer/Xcode/DerivedData/SDG-aremwpgxnffccvfijmhfajxmlmfq/Build/Intermediates.noindex/SDG.build/Debug/Dependency.build/swift-overrides.hmap -Xcc -I[...]/Library/Developer/Xcode/DerivedData/SDG-aremwpgxnffccvfijmhfajxmlmfq/Build/Products/Debug/include -Xcc -I[...]/Library/Developer/Xcode/DerivedData/SDG-aremwpgxnffccvfijmhfajxmlmfq/Build/Intermediates.noindex/SDG.build/Debug/Dependency.build/DerivedSources/x86_64 -Xcc -I[...]/Library/Developer/Xcode/DerivedData/SDG-aremwpgxnffccvfijmhfajxmlmfq/Build/Intermediates.noindex/SDG.build/Debug/Dependency.build/DerivedSources -Xcc "-working-directory[...]/Tests/Mock Projects/After/SDG" -emit-module-doc-path [...]/Library/Developer/Xcode/DerivedData/SDG-aremwpgxnffccvfijmhfajxmlmfq/Build/Intermediates.noindex/SDG.build/Debug/Dependency.build/Objects-normal/x86_64/Dependency~partial.swiftdoc -serialize-diagnostics-path [...]/Library/Developer/Xcode/DerivedData/SDG-aremwpgxnffccvfijmhfajxmlmfq/Build/Intermediates.noindex/SDG.build/Debug/Dependency.build/Objects-normal/x86_64/Dependency.dia -Onone -parse-as-library -module-name Dependency -emit-module-path [...]/Library/Developer/Xcode/DerivedData/SDG-aremwpgxnffccvfijmhfajxmlmfq/Build/Intermediates.noindex/SDG.build/Debug/Dependency.build/Objects-normal/x86_64/Dependency~partial.swiftmodule -emit-dependencies-path [...]/Library/Developer/Xcode/DerivedData/SDG-aremwpgxnffccvfijmhfajxmlmfq/Build/Intermediates.noindex/SDG.build/Debug/Dependency.build/Objects-normal/x86_64/Dependency.d -emit-reference-dependencies-path [...]/Library/Developer/Xcode/DerivedData/SDG-aremwpgxnffccvfijmhfajxmlmfq/Build/Intermediates.noindex/SDG.build/Debug/Dependency.build/Objects-normal/x86_64/Dependency.swiftdeps -o [...]/Library/Developer/Xcode/DerivedData/SDG-aremwpgxnffccvfijmhfajxmlmfq/Build/Intermediates.noindex/SDG.build/Debug/Dependency.build/Objects-normal/x86_64/Dependency.o -index-store-path [...]/Library/Developer/Xcode/DerivedData/SDG-aremwpgxnffccvfijmhfajxmlmfq/Index/DataStore -index-system-modules

MergeSwiftModule normal x86_64 [...]/Library/Developer/Xcode/DerivedData/SDG-aremwpgxnffccvfijmhfajxmlmfq/Build/Intermediates.noindex/SDG.build/Debug/Dependency.build/Objects-normal/x86_64/Dependency.swiftmodule
    cd [...]/Tests/Mock Projects/After/SDG
    /Applications/Xcode.app/Contents/Developer/Toolchains/XcodeDefault.xctoolchain/usr/bin/swift -frontend -emit-module [...]/Library/Developer/Xcode/DerivedData/SDG-aremwpgxnffccvfijmhfajxmlmfq/Build/Intermediates.noindex/SDG.build/Debug/Dependency.build/Objects-normal/x86_64/Dependency~partial.swiftmodule -parse-as-library -target x86_64-apple-macosx10.10 -enable-objc-interop -sdk /Applications/Xcode.app/Contents/Developer/Platforms/MacOSX.platform/Developer/SDKs/MacOSX10.13.sdk -I [...]/Library/Developer/Xcode/DerivedData/SDG-aremwpgxnffccvfijmhfajxmlmfq/Build/Products/Debug -F [...]/Library/Developer/Xcode/DerivedData/SDG-aremwpgxnffccvfijmhfajxmlmfq/Build/Products/Debug -F /Applications/Xcode.app/Contents/Developer/Platforms/MacOSX.platform/Developer/Library/Frameworks -enable-testing -g -module-cache-path [...]/Library/Developer/Xcode/DerivedData/ModuleCache -swift-version 4 -enforce-exclusivity=checked -D SWIFT_PACKAGE -D Xcode -serialize-debugging-options -report-errors-to-debugger -Xcc -I[...]/Library/Developer/Xcode/DerivedData/SDG-aremwpgxnffccvfijmhfajxmlmfq/Build/Intermediates.noindex/SDG.build/Debug/Dependency.build/swift-overrides.hmap -Xcc -I[...]/Library/Developer/Xcode/DerivedData/SDG-aremwpgxnffccvfijmhfajxmlmfq/Build/Products/Debug/include -Xcc -I[...]/Library/Developer/Xcode/DerivedData/SDG-aremwpgxnffccvfijmhfajxmlmfq/Build/Intermediates.noindex/SDG.build/Debug/Dependency.build/DerivedSources/x86_64 -Xcc -I[...]/Library/Developer/Xcode/DerivedData/SDG-aremwpgxnffccvfijmhfajxmlmfq/Build/Intermediates.noindex/SDG.build/Debug/Dependency.build/DerivedSources -Xcc "-working-directory[...]/Tests/Mock Projects/After/SDG" -emit-module-doc-path [...]/Library/Developer/Xcode/DerivedData/SDG-aremwpgxnffccvfijmhfajxmlmfq/Build/Intermediates.noindex/SDG.build/Debug/Dependency.build/Objects-normal/x86_64/Dependency.swiftdoc -module-name Dependency -emit-objc-header-path [...]/Library/Developer/Xcode/DerivedData/SDG-aremwpgxnffccvfijmhfajxmlmfq/Build/Intermediates.noindex/SDG.build/Debug/Dependency.build/Objects-normal/x86_64/Dependency-Swift.h -o [...]/Library/Developer/Xcode/DerivedData/SDG-aremwpgxnffccvfijmhfajxmlmfq/Build/Intermediates.noindex/SDG.build/Debug/Dependency.build/Objects-normal/x86_64/Dependency.swiftmodule

Touch [...]/Library/Developer/Xcode/DerivedData/SDG-aremwpgxnffccvfijmhfajxmlmfq/Build/Products/Debug/Dependency.framework
    cd "[...]/Tests/Mock Projects/After/SDG"
    /usr/bin/touch -c [...]/Library/Developer/Xcode/DerivedData/SDG-aremwpgxnffccvfijmhfajxmlmfq/Build/Products/Debug/Dependency.framework

=== BUILD TARGET Library OF PROJECT SDG WITH CONFIGURATION Debug ===

Check dependencies

ProcessInfoPlistFile [...]/Library/Developer/Xcode/DerivedData/SDG-aremwpgxnffccvfijmhfajxmlmfq/Build/Products/Debug/Library.framework/Versions/A/Resources/Info.plist SDG.xcodeproj/Library_Info.plist
    cd "[...]/Tests/Mock Projects/After/SDG"
    builtin-infoPlistUtility [...]/Tests/Mock\ Projects/After/SDG/SDG.xcodeproj/Library_Info.plist -expandbuildsettings -platform macosx -o [...]/Library/Developer/Xcode/DerivedData/SDG-aremwpgxnffccvfijmhfajxmlmfq/Build/Products/Debug/Library.framework/Versions/A/Resources/Info.plist

CompileSwiftSources normal x86_64 com.apple.xcode.tools.swift.compiler
    cd "[...]/Tests/Mock Projects/After/SDG"
    export DEVELOPER_DIR=/Applications/Xcode.app/Contents/Developer
    export SDKROOT=/Applications/Xcode.app/Contents/Developer/Platforms/MacOSX.platform/Developer/SDKs/MacOSX10.13.sdk
    /Applications/Xcode.app/Contents/Developer/Toolchains/XcodeDefault.xctoolchain/usr/bin/swiftc -incremental -module-name Library -Onone -enforce-exclusivity=checked -DSWIFT_PACKAGE -DXcode -sdk /Applications/Xcode.app/Contents/Developer/Platforms/MacOSX.platform/Developer/SDKs/MacOSX10.13.sdk -target x86_64-apple-macosx10.10 -g -module-cache-path [...]/Library/Developer/Xcode/DerivedData/ModuleCache -Xfrontend -serialize-debugging-options -enable-testing -index-store-path [...]/Library/Developer/Xcode/DerivedData/SDG-aremwpgxnffccvfijmhfajxmlmfq/Index/DataStore -Xfrontend -report-errors-to-debugger -swift-version 4 -I [...]/Library/Developer/Xcode/DerivedData/SDG-aremwpgxnffccvfijmhfajxmlmfq/Build/Products/Debug -F [...]/Library/Developer/Xcode/DerivedData/SDG-aremwpgxnffccvfijmhfajxmlmfq/Build/Products/Debug -F /Applications/Xcode.app/Contents/Developer/Platforms/MacOSX.platform/Developer/Library/Frameworks -c -j4 [...]/Tests/Mock\ Projects/After/SDG/Sources/Library/Resources.swift [...]/Tests/Mock\ Projects/After/SDG/Sources/Library/SDG.swift -output-file-map [...]/Library/Developer/Xcode/DerivedData/SDG-aremwpgxnffccvfijmhfajxmlmfq/Build/Intermediates.noindex/SDG.build/Debug/Library.build/Objects-normal/x86_64/Library-OutputFileMap.json -parseable-output -serialize-diagnostics -emit-dependencies -emit-module -emit-module-path [...]/Library/Developer/Xcode/DerivedData/SDG-aremwpgxnffccvfijmhfajxmlmfq/Build/Intermediates.noindex/SDG.build/Debug/Library.build/Objects-normal/x86_64/Library.swiftmodule -Xcc -I[...]/Library/Developer/Xcode/DerivedData/SDG-aremwpgxnffccvfijmhfajxmlmfq/Build/Intermediates.noindex/SDG.build/Debug/Library.build/swift-overrides.hmap -Xcc -I[...]/Library/Developer/Xcode/DerivedData/SDG-aremwpgxnffccvfijmhfajxmlmfq/Build/Products/Debug/include -Xcc -I[...]/Library/Developer/Xcode/DerivedData/SDG-aremwpgxnffccvfijmhfajxmlmfq/Build/Intermediates.noindex/SDG.build/Debug/Library.build/DerivedSources/x86_64 -Xcc -I[...]/Library/Developer/Xcode/DerivedData/SDG-aremwpgxnffccvfijmhfajxmlmfq/Build/Intermediates.noindex/SDG.build/Debug/Library.build/DerivedSources -emit-objc-header -emit-objc-header-path [...]/Library/Developer/Xcode/DerivedData/SDG-aremwpgxnffccvfijmhfajxmlmfq/Build/Intermediates.noindex/SDG.build/Debug/Library.build/Objects-normal/x86_64/Library-Swift.h -Xcc -working-directory[...]/Tests/Mock\ Projects/After/SDG

CompileSwift normal x86_64 [...]/Tests/Mock Projects/After/SDG/Sources/Library/Resources.swift
    cd [...]/Tests/Mock Projects/After/SDG
    /Applications/Xcode.app/Contents/Developer/Toolchains/XcodeDefault.xctoolchain/usr/bin/swift -frontend -c -primary-file "[...]/Tests/Mock Projects/After/SDG/Sources/Library/Resources.swift" "[...]/Tests/Mock Projects/After/SDG/Sources/Library/SDG.swift" -target x86_64-apple-macosx10.10 -enable-objc-interop -sdk /Applications/Xcode.app/Contents/Developer/Platforms/MacOSX.platform/Developer/SDKs/MacOSX10.13.sdk -I [...]/Library/Developer/Xcode/DerivedData/SDG-aremwpgxnffccvfijmhfajxmlmfq/Build/Products/Debug -F [...]/Library/Developer/Xcode/DerivedData/SDG-aremwpgxnffccvfijmhfajxmlmfq/Build/Products/Debug -F /Applications/Xcode.app/Contents/Developer/Platforms/MacOSX.platform/Developer/Library/Frameworks -enable-testing -g -module-cache-path [...]/Library/Developer/Xcode/DerivedData/ModuleCache -swift-version 4 -enforce-exclusivity=checked -D SWIFT_PACKAGE -D Xcode -serialize-debugging-options -report-errors-to-debugger -Xcc -I[...]/Library/Developer/Xcode/DerivedData/SDG-aremwpgxnffccvfijmhfajxmlmfq/Build/Intermediates.noindex/SDG.build/Debug/Library.build/swift-overrides.hmap -Xcc -I[...]/Library/Developer/Xcode/DerivedData/SDG-aremwpgxnffccvfijmhfajxmlmfq/Build/Products/Debug/include -Xcc -I[...]/Library/Developer/Xcode/DerivedData/SDG-aremwpgxnffccvfijmhfajxmlmfq/Build/Intermediates.noindex/SDG.build/Debug/Library.build/DerivedSources/x86_64 -Xcc -I[...]/Library/Developer/Xcode/DerivedData/SDG-aremwpgxnffccvfijmhfajxmlmfq/Build/Intermediates.noindex/SDG.build/Debug/Library.build/DerivedSources -Xcc "-working-directory[...]/Tests/Mock Projects/After/SDG" -emit-module-doc-path [...]/Library/Developer/Xcode/DerivedData/SDG-aremwpgxnffccvfijmhfajxmlmfq/Build/Intermediates.noindex/SDG.build/Debug/Library.build/Objects-normal/x86_64/Resources~partial.swiftdoc -serialize-diagnostics-path [...]/Library/Developer/Xcode/DerivedData/SDG-aremwpgxnffccvfijmhfajxmlmfq/Build/Intermediates.noindex/SDG.build/Debug/Library.build/Objects-normal/x86_64/Resources.dia -Onone -module-name Library -emit-module-path [...]/Library/Developer/Xcode/DerivedData/SDG-aremwpgxnffccvfijmhfajxmlmfq/Build/Intermediates.noindex/SDG.build/Debug/Library.build/Objects-normal/x86_64/Resources~partial.swiftmodule -emit-dependencies-path [...]/Library/Developer/Xcode/DerivedData/SDG-aremwpgxnffccvfijmhfajxmlmfq/Build/Intermediates.noindex/SDG.build/Debug/Library.build/Objects-normal/x86_64/Resources.d -emit-reference-dependencies-path [...]/Library/Developer/Xcode/DerivedData/SDG-aremwpgxnffccvfijmhfajxmlmfq/Build/Intermediates.noindex/SDG.build/Debug/Library.build/Objects-normal/x86_64/Resources.swiftdeps -o [...]/Library/Developer/Xcode/DerivedData/SDG-aremwpgxnffccvfijmhfajxmlmfq/Build/Intermediates.noindex/SDG.build/Debug/Library.build/Objects-normal/x86_64/Resources.o -index-store-path [...]/Library/Developer/Xcode/DerivedData/SDG-aremwpgxnffccvfijmhfajxmlmfq/Index/DataStore -index-system-modules

CompileSwift normal x86_64 [...]/Tests/Mock Projects/After/SDG/Sources/Library/SDG.swift
    cd [...]/Tests/Mock Projects/After/SDG
    /Applications/Xcode.app/Contents/Developer/Toolchains/XcodeDefault.xctoolchain/usr/bin/swift -frontend -c "[...]/Tests/Mock Projects/After/SDG/Sources/Library/Resources.swift" -primary-file "[...]/Tests/Mock Projects/After/SDG/Sources/Library/SDG.swift" -target x86_64-apple-macosx10.10 -enable-objc-interop -sdk /Applications/Xcode.app/Contents/Developer/Platforms/MacOSX.platform/Developer/SDKs/MacOSX10.13.sdk -I [...]/Library/Developer/Xcode/DerivedData/SDG-aremwpgxnffccvfijmhfajxmlmfq/Build/Products/Debug -F [...]/Library/Developer/Xcode/DerivedData/SDG-aremwpgxnffccvfijmhfajxmlmfq/Build/Products/Debug -F /Applications/Xcode.app/Contents/Developer/Platforms/MacOSX.platform/Developer/Library/Frameworks -enable-testing -g -module-cache-path [...]/Library/Developer/Xcode/DerivedData/ModuleCache -swift-version 4 -enforce-exclusivity=checked -D SWIFT_PACKAGE -D Xcode -serialize-debugging-options -report-errors-to-debugger -Xcc -I[...]/Library/Developer/Xcode/DerivedData/SDG-aremwpgxnffccvfijmhfajxmlmfq/Build/Intermediates.noindex/SDG.build/Debug/Library.build/swift-overrides.hmap -Xcc -I[...]/Library/Developer/Xcode/DerivedData/SDG-aremwpgxnffccvfijmhfajxmlmfq/Build/Products/Debug/include -Xcc -I[...]/Library/Developer/Xcode/DerivedData/SDG-aremwpgxnffccvfijmhfajxmlmfq/Build/Intermediates.noindex/SDG.build/Debug/Library.build/DerivedSources/x86_64 -Xcc -I[...]/Library/Developer/Xcode/DerivedData/SDG-aremwpgxnffccvfijmhfajxmlmfq/Build/Intermediates.noindex/SDG.build/Debug/Library.build/DerivedSources -Xcc "-working-directory[...]/Tests/Mock Projects/After/SDG" -emit-module-doc-path [...]/Library/Developer/Xcode/DerivedData/SDG-aremwpgxnffccvfijmhfajxmlmfq/Build/Intermediates.noindex/SDG.build/Debug/Library.build/Objects-normal/x86_64/SDG~partial.swiftdoc -serialize-diagnostics-path [...]/Library/Developer/Xcode/DerivedData/SDG-aremwpgxnffccvfijmhfajxmlmfq/Build/Intermediates.noindex/SDG.build/Debug/Library.build/Objects-normal/x86_64/SDG.dia -Onone -module-name Library -emit-module-path [...]/Library/Developer/Xcode/DerivedData/SDG-aremwpgxnffccvfijmhfajxmlmfq/Build/Intermediates.noindex/SDG.build/Debug/Library.build/Objects-normal/x86_64/SDG~partial.swiftmodule -emit-dependencies-path [...]/Library/Developer/Xcode/DerivedData/SDG-aremwpgxnffccvfijmhfajxmlmfq/Build/Intermediates.noindex/SDG.build/Debug/Library.build/Objects-normal/x86_64/SDG.d -emit-reference-dependencies-path [...]/Library/Developer/Xcode/DerivedData/SDG-aremwpgxnffccvfijmhfajxmlmfq/Build/Intermediates.noindex/SDG.build/Debug/Library.build/Objects-normal/x86_64/SDG.swiftdeps -o [...]/Library/Developer/Xcode/DerivedData/SDG-aremwpgxnffccvfijmhfajxmlmfq/Build/Intermediates.noindex/SDG.build/Debug/Library.build/Objects-normal/x86_64/SDG.o -index-store-path [...]/Library/Developer/Xcode/DerivedData/SDG-aremwpgxnffccvfijmhfajxmlmfq/Index/DataStore -index-system-modules

MergeSwiftModule normal x86_64 [...]/Library/Developer/Xcode/DerivedData/SDG-aremwpgxnffccvfijmhfajxmlmfq/Build/Intermediates.noindex/SDG.build/Debug/Library.build/Objects-normal/x86_64/Library.swiftmodule
    cd [...]/Tests/Mock Projects/After/SDG
    /Applications/Xcode.app/Contents/Developer/Toolchains/XcodeDefault.xctoolchain/usr/bin/swift -frontend -emit-module [...]/Library/Developer/Xcode/DerivedData/SDG-aremwpgxnffccvfijmhfajxmlmfq/Build/Intermediates.noindex/SDG.build/Debug/Library.build/Objects-normal/x86_64/Resources~partial.swiftmodule [...]/Library/Developer/Xcode/DerivedData/SDG-aremwpgxnffccvfijmhfajxmlmfq/Build/Intermediates.noindex/SDG.build/Debug/Library.build/Objects-normal/x86_64/SDG~partial.swiftmodule -parse-as-library -target x86_64-apple-macosx10.10 -enable-objc-interop -sdk /Applications/Xcode.app/Contents/Developer/Platforms/MacOSX.platform/Developer/SDKs/MacOSX10.13.sdk -I [...]/Library/Developer/Xcode/DerivedData/SDG-aremwpgxnffccvfijmhfajxmlmfq/Build/Products/Debug -F [...]/Library/Developer/Xcode/DerivedData/SDG-aremwpgxnffccvfijmhfajxmlmfq/Build/Products/Debug -F /Applications/Xcode.app/Contents/Developer/Platforms/MacOSX.platform/Developer/Library/Frameworks -enable-testing -g -module-cache-path [...]/Library/Developer/Xcode/DerivedData/ModuleCache -swift-version 4 -enforce-exclusivity=checked -D SWIFT_PACKAGE -D Xcode -serialize-debugging-options -report-errors-to-debugger -Xcc -I[...]/Library/Developer/Xcode/DerivedData/SDG-aremwpgxnffccvfijmhfajxmlmfq/Build/Intermediates.noindex/SDG.build/Debug/Library.build/swift-overrides.hmap -Xcc -I[...]/Library/Developer/Xcode/DerivedData/SDG-aremwpgxnffccvfijmhfajxmlmfq/Build/Products/Debug/include -Xcc -I[...]/Library/Developer/Xcode/DerivedData/SDG-aremwpgxnffccvfijmhfajxmlmfq/Build/Intermediates.noindex/SDG.build/Debug/Library.build/DerivedSources/x86_64 -Xcc -I[...]/Library/Developer/Xcode/DerivedData/SDG-aremwpgxnffccvfijmhfajxmlmfq/Build/Intermediates.noindex/SDG.build/Debug/Library.build/DerivedSources -Xcc "-working-directory[...]/Tests/Mock Projects/After/SDG" -emit-module-doc-path [...]/Library/Developer/Xcode/DerivedData/SDG-aremwpgxnffccvfijmhfajxmlmfq/Build/Intermediates.noindex/SDG.build/Debug/Library.build/Objects-normal/x86_64/Library.swiftdoc -module-name Library -emit-objc-header-path [...]/Library/Developer/Xcode/DerivedData/SDG-aremwpgxnffccvfijmhfajxmlmfq/Build/Intermediates.noindex/SDG.build/Debug/Library.build/Objects-normal/x86_64/Library-Swift.h -o [...]/Library/Developer/Xcode/DerivedData/SDG-aremwpgxnffccvfijmhfajxmlmfq/Build/Intermediates.noindex/SDG.build/Debug/Library.build/Objects-normal/x86_64/Library.swiftmodule

Touch [...]/Library/Developer/Xcode/DerivedData/SDG-aremwpgxnffccvfijmhfajxmlmfq/Build/Products/Debug/Library.framework
    cd "[...]/Tests/Mock Projects/After/SDG"
    /usr/bin/touch -c [...]/Library/Developer/Xcode/DerivedData/SDG-aremwpgxnffccvfijmhfajxmlmfq/Build/Products/Debug/Library.framework

=== BUILD TARGET tool OF PROJECT SDG WITH CONFIGURATION Debug ===

Check dependencies

** BUILD SUCCEEDED **



âœ“ There are no compiler warnings for macOS with the Swift Package Manager.
âœ“ There are no compiler warnings for macOS with Xcode.


â€œSDGâ€ passes validation.

$ workspace test

$ workspace validate testâ€coverage

$ workspace validate documentationâ€coverage

Generating documentation for â€œLibraryâ€...


$ jazzy --module Library --copyright "Copyright Â©2017â€“2018 John Doe and the SDG project contributors. All rights reserved." --github_url "https://github.com/JohnDoe/SDG" --documentation=Documentation/*.md --clean --use-safe-filenames --output "[...]/Documentation/Library" --xcodebuild-arguments "-scheme,SDG-Package,-target,Library,-sdk,macosx,-derivedDataPath,[...]/Jazzy Build Artifacts"
0% documentation coverage with 0 undocumented symbols
skipped 6 private, fileprivate, or internal symbols (use `--min-acl` to specify a different minimum ACL)
jam out â™ªâ™« to your fresh new docs in `[...]/Documentation/Library`

Writing to â€œ[...]/Documentation/Library/.nojekyllâ€...

$ swift package resolve


Checking documentation coverage for â€œLibraryâ€... (Â§1)


âœ“ Generated documentation for â€œLibraryâ€.
âœ“ Documentation coverage is complete for â€œLibraryâ€.


â€œSDGâ€ passes validation.

$ workspace proofread â€¢xcode

$ swiftlint lint --strict --config [...]/SwiftLint/Configuration.yml --quiet
