
$ workspace refresh scripts

Refreshing scripts...


$ swift package resolve

Writing to ‚ÄúRefresh (macOS).command‚Äù...
Writing to ‚ÄúRefresh (Linux).sh‚Äù...

$ swift package resolve

Writing to ‚ÄúValidate (macOS).command‚Äù...
$ workspace refresh read‚Äême

Refreshing read‚Äême...


$ swift package resolve

Writing to ‚ÄúDocumentation/üá®üá¶EN Read Me.md‚Äù...

$ swift package resolve

Writing to ‚ÄúDocumentation/üá®üá¶EN Related Projects.md‚Äù...

$ swift package resolve

Writing to ‚ÄúREADME.md‚Äù...

$ swift package resolve

Writing to ‚ÄúDocumentation/üá¨üáßEN Read Me.md‚Äù...
Writing to ‚ÄúDocumentation/üá¨üáßEN Related Projects.md‚Äù...

$ swift package resolve

Writing to ‚ÄúDocumentation/üá∫üá∏EN Read Me.md‚Äù...
Writing to ‚ÄúDocumentation/üá∫üá∏EN Related Projects.md‚Äù...

$ swift package resolve

Writing to ‚ÄúDocumentation/üá©üá™DE Lies mich.md‚Äù...
Writing to ‚ÄúDocumentation/üá©üá™DE Verwandte Projekte.md‚Äù...

$ swift package resolve

Writing to ‚ÄúDocumentation/üá´üá∑FR Lisez moi.md‚Äù...
Writing to ‚ÄúDocumentation/üá´üá∑FR Projets lieÃÅs.md‚Äù...

$ swift package resolve

Writing to ‚ÄúDocumentation/üá¨üá∑ŒïŒõ ŒúŒµ Œ¥ŒπŒ±Œ≤Œ±ÃÅœÉœÑŒµ.md‚Äù...
Writing to ‚ÄúDocumentation/üá¨üá∑ŒïŒõ Œ£œÖŒ≥Œ≥ŒµŒΩŒπŒ∫Œ±ÃÅ ŒµÃÅœÅŒ≥Œ±.md‚Äù...

$ swift package resolve

Writing to ‚ÄúDocumentation/üáÆüá±◊¢◊ë ◊ß◊®◊ê ◊ê◊ï◊™◊ô.md‚Äù...
Writing to ‚ÄúDocumentation/üáÆüá±◊¢◊ë ◊û◊ô◊ñ◊û◊ô◊ù ◊ß◊©◊ï◊®◊ô◊ù.md‚Äù...

$ swift package resolve

Writing to ‚ÄúDocumentation/[zxx] Read Me.md‚Äù...
Writing to ‚ÄúDocumentation/[zxx] Related Projects.md‚Äù...
Deleting ‚ÄúDocumentation/Related Projects.md‚Äù...
$ workspace refresh continuous‚Äêintegration

Refreshing continuous integration configuration...


$ swift package resolve

Writing to ‚Äú.travis.yml‚Äù...
$ workspace refresh resources

Refreshing resources...


$ swift package resolve

Writing to ‚ÄúSources/Library/Resources.swift‚Äù...
$ workspace proofread

Normalizing files...


Proofreading source code... (¬ß1)

.Workspace Configuration.txt
.travis.yml
Documentation/[zxx] Read Me.md
Documentation/[zxx] Related Projects.md
Documentation/üá®üá¶EN Read Me.md
Documentation/üá®üá¶EN Related Projects.md
Documentation/üá©üá™DE Lies mich.md
Documentation/üá©üá™DE Verwandte Projekte.md
Documentation/üá´üá∑FR Lisez moi.md
Documentation/üá´üá∑FR Projets lieÃÅs.md
Documentation/üá¨üáßEN Read Me.md
Documentation/üá¨üáßEN Related Projects.md
Documentation/üá¨üá∑ŒïŒõ ŒúŒµ Œ¥ŒπŒ±Œ≤Œ±ÃÅœÉœÑŒµ.md
Documentation/üá¨üá∑ŒïŒõ Œ£œÖŒ≥Œ≥ŒµŒΩŒπŒ∫Œ±ÃÅ ŒµÃÅœÅŒ≥Œ±.md
Documentation/üáÆüá±◊¢◊ë ◊û◊ô◊ñ◊û◊ô◊ù ◊ß◊©◊ï◊®◊ô◊ù.md
Documentation/üáÆüá±◊¢◊ë ◊ß◊®◊ê ◊ê◊ï◊™◊ô.md
Documentation/üá∫üá∏EN Read Me.md
Documentation/üá∫üá∏EN Related Projects.md
Package.swift
README.md
Sources/Library/Resources.swift
Sources/Library/SDG.swift
Tests/LinuxMain.swift
Tests/SDGTests/SDGTests.swift

$ swiftlint lint --strict --config [...]/SwiftLint/Configuration.yml --reporter emoji


$ swift package resolve


‚úì Source code passes proofreading.


‚ÄúSDG‚Äù passes validation.

$ workspace validate build

Checking build for macOS with the Swift Package Manager... (¬ß1)


$ swift build
Compile Swift Module 'Dependency' (1 sources)
Compile Swift Module 'Library' (2 sources)


Checking build for macOS with Xcode... (¬ß2)


$ xcodebuild build -sdk macosx -scheme SDG-Package
Build settings from command line:
    SDKROOT = macosx10.13

=== BUILD TARGET Dependency OF PROJECT SDG WITH CONFIGURATION Debug ===

Check dependencies

Write auxiliary files
write-file [...]/Library/Developer/Xcode/DerivedData/SDG-cwiewwnchebhjsfduxoodfjoykqz/Build/Intermediates.noindex/SDG.build/Debug/Dependency.build/module.modulemap
write-file [...]/Library/Developer/Xcode/DerivedData/SDG-cwiewwnchebhjsfduxoodfjoykqz/Build/Intermediates.noindex/SDG.build/Debug/Dependency.build/swift-overrides.hmap
/bin/mkdir -p [...]/Library/Developer/Xcode/DerivedData/SDG-cwiewwnchebhjsfduxoodfjoykqz/Build/Intermediates.noindex/SDG.build/Debug/Dependency.build/Objects-normal/x86_64
write-file [...]/Library/Developer/Xcode/DerivedData/SDG-cwiewwnchebhjsfduxoodfjoykqz/Build/Intermediates.noindex/SDG.build/Debug/Dependency.build/Objects-normal/x86_64/Dependency-OutputFileMap.json
write-file [...]/Library/Developer/Xcode/DerivedData/SDG-cwiewwnchebhjsfduxoodfjoykqz/Build/Intermediates.noindex/SDG.build/Debug/Dependency.build/Objects-normal/x86_64/Dependency.LinkFileList

Create product structure
/bin/mkdir -p [...]/Library/Developer/Xcode/DerivedData/SDG-cwiewwnchebhjsfduxoodfjoykqz/Build/Products/Debug/Dependency.framework/Versions/A/Modules
/bin/ln -sfh Versions/Current/Modules [...]/Library/Developer/Xcode/DerivedData/SDG-cwiewwnchebhjsfduxoodfjoykqz/Build/Products/Debug/Dependency.framework/Modules
/bin/mkdir -p [...]/Library/Developer/Xcode/DerivedData/SDG-cwiewwnchebhjsfduxoodfjoykqz/Build/Products/Debug/Dependency.framework/Versions/A/Headers
/bin/mkdir -p [...]/Library/Developer/Xcode/DerivedData/SDG-cwiewwnchebhjsfduxoodfjoykqz/Build/Products/Debug/Dependency.framework/Versions/A/Resources
/bin/ln -sfh A [...]/Library/Developer/Xcode/DerivedData/SDG-cwiewwnchebhjsfduxoodfjoykqz/Build/Products/Debug/Dependency.framework/Versions/Current
/bin/ln -sfh Versions/Current/Resources [...]/Library/Developer/Xcode/DerivedData/SDG-cwiewwnchebhjsfduxoodfjoykqz/Build/Products/Debug/Dependency.framework/Resources
/bin/ln -sfh Versions/Current/Headers [...]/Library/Developer/Xcode/DerivedData/SDG-cwiewwnchebhjsfduxoodfjoykqz/Build/Products/Debug/Dependency.framework/Headers
/bin/ln -sfh Versions/Current/Dependency [...]/Library/Developer/Xcode/DerivedData/SDG-cwiewwnchebhjsfduxoodfjoykqz/Build/Products/Debug/Dependency.framework/Dependency

ProcessInfoPlistFile [...]/Library/Developer/Xcode/DerivedData/SDG-cwiewwnchebhjsfduxoodfjoykqz/Build/Products/Debug/Dependency.framework/Versions/A/Resources/Info.plist SDG.xcodeproj/Dependency_Info.plist
    cd "[...]/Tests/Mock Projects/After/SDGLibrary"
    builtin-infoPlistUtility [...]/Tests/Mock\ Projects/After/SDGLibrary/SDG.xcodeproj/Dependency_Info.plist -expandbuildsettings -platform macosx -o [...]/Library/Developer/Xcode/DerivedData/SDG-cwiewwnchebhjsfduxoodfjoykqz/Build/Products/Debug/Dependency.framework/Versions/A/Resources/Info.plist

CompileSwiftSources normal x86_64 com.apple.xcode.tools.swift.compiler
    cd "[...]/Tests/Mock Projects/After/SDGLibrary"
    export DEVELOPER_DIR=/Applications/Xcode.app/Contents/Developer
    export SDKROOT=/Applications/Xcode.app/Contents/Developer/Platforms/MacOSX.platform/Developer/SDKs/MacOSX10.13.sdk
    /Applications/Xcode.app/Contents/Developer/Toolchains/XcodeDefault.xctoolchain/usr/bin/swiftc -incremental -module-name Dependency -Onone -enforce-exclusivity=checked -DSWIFT_PACKAGE -DXcode -sdk /Applications/Xcode.app/Contents/Developer/Platforms/MacOSX.platform/Developer/SDKs/MacOSX10.13.sdk -target x86_64-apple-macosx10.10 -g -module-cache-path [...]/Library/Developer/Xcode/DerivedData/ModuleCache -Xfrontend -serialize-debugging-options -profile-coverage-mapping -profile-generate -enable-testing -index-store-path [...]/Library/Developer/Xcode/DerivedData/SDG-cwiewwnchebhjsfduxoodfjoykqz/Index/DataStore -Xfrontend -report-errors-to-debugger -swift-version 4 -I [...]/Library/Developer/Xcode/DerivedData/SDG-cwiewwnchebhjsfduxoodfjoykqz/Build/Products/Debug -F [...]/Library/Developer/Xcode/DerivedData/SDG-cwiewwnchebhjsfduxoodfjoykqz/Build/Products/Debug -F /Applications/Xcode.app/Contents/Developer/Platforms/MacOSX.platform/Developer/Library/Frameworks -parse-as-library -c -j4 [...]/Tests/Mock\ Projects/After/SDGLibrary/.build/checkouts/Dependency-74053125454640535/Sources/Dependency/Dependency.swift -output-file-map [...]/Library/Developer/Xcode/DerivedData/SDG-cwiewwnchebhjsfduxoodfjoykqz/Build/Intermediates.noindex/SDG.build/Debug/Dependency.build/Objects-normal/x86_64/Dependency-OutputFileMap.json -parseable-output -serialize-diagnostics -emit-dependencies -emit-module -emit-module-path [...]/Library/Developer/Xcode/DerivedData/SDG-cwiewwnchebhjsfduxoodfjoykqz/Build/Intermediates.noindex/SDG.build/Debug/Dependency.build/Objects-normal/x86_64/Dependency.swiftmodule -Xcc -I[...]/Library/Developer/Xcode/DerivedData/SDG-cwiewwnchebhjsfduxoodfjoykqz/Build/Intermediates.noindex/SDG.build/Debug/Dependency.build/swift-overrides.hmap -Xcc -I[...]/Library/Developer/Xcode/DerivedData/SDG-cwiewwnchebhjsfduxoodfjoykqz/Build/Products/Debug/include -Xcc -I[...]/Library/Developer/Xcode/DerivedData/SDG-cwiewwnchebhjsfduxoodfjoykqz/Build/Intermediates.noindex/SDG.build/Debug/Dependency.build/DerivedSources/x86_64 -Xcc -I[...]/Library/Developer/Xcode/DerivedData/SDG-cwiewwnchebhjsfduxoodfjoykqz/Build/Intermediates.noindex/SDG.build/Debug/Dependency.build/DerivedSources -emit-objc-header -emit-objc-header-path [...]/Library/Developer/Xcode/DerivedData/SDG-cwiewwnchebhjsfduxoodfjoykqz/Build/Intermediates.noindex/SDG.build/Debug/Dependency.build/Objects-normal/x86_64/Dependency-Swift.h -Xcc -working-directory[...]/Tests/Mock\ Projects/After/SDGLibrary

CompileSwift normal x86_64 [...]/Tests/Mock Projects/After/SDGLibrary/.build/checkouts/Dependency-74053125454640535/Sources/Dependency/Dependency.swift
    cd [...]/Tests/Mock Projects/After/SDGLibrary
    /Applications/Xcode.app/Contents/Developer/Toolchains/XcodeDefault.xctoolchain/usr/bin/swift -frontend -c -primary-file "[...]/Tests/Mock Projects/After/SDGLibrary/.build/checkouts/Dependency-74053125454640535/Sources/Dependency/Dependency.swift" -target x86_64-apple-macosx10.10 -enable-objc-interop -sdk /Applications/Xcode.app/Contents/Developer/Platforms/MacOSX.platform/Developer/SDKs/MacOSX10.13.sdk -I [...]/Library/Developer/Xcode/DerivedData/SDG-cwiewwnchebhjsfduxoodfjoykqz/Build/Products/Debug -F [...]/Library/Developer/Xcode/DerivedData/SDG-cwiewwnchebhjsfduxoodfjoykqz/Build/Products/Debug -F /Applications/Xcode.app/Contents/Developer/Platforms/MacOSX.platform/Developer/Library/Frameworks -enable-testing -g -module-cache-path [...]/Library/Developer/Xcode/DerivedData/ModuleCache -profile-generate -profile-coverage-mapping -swift-version 4 -enforce-exclusivity=checked -D SWIFT_PACKAGE -D Xcode -serialize-debugging-options -report-errors-to-debugger -Xcc -I[...]/Library/Developer/Xcode/DerivedData/SDG-cwiewwnchebhjsfduxoodfjoykqz/Build/Intermediates.noindex/SDG.build/Debug/Dependency.build/swift-overrides.hmap -Xcc -I[...]/Library/Developer/Xcode/DerivedData/SDG-cwiewwnchebhjsfduxoodfjoykqz/Build/Products/Debug/include -Xcc -I[...]/Library/Developer/Xcode/DerivedData/SDG-cwiewwnchebhjsfduxoodfjoykqz/Build/Intermediates.noindex/SDG.build/Debug/Dependency.build/DerivedSources/x86_64 -Xcc -I[...]/Library/Developer/Xcode/DerivedData/SDG-cwiewwnchebhjsfduxoodfjoykqz/Build/Intermediates.noindex/SDG.build/Debug/Dependency.build/DerivedSources -Xcc "-working-directory[...]/Tests/Mock Projects/After/SDGLibrary" -emit-module-doc-path [...]/Library/Developer/Xcode/DerivedData/SDG-cwiewwnchebhjsfduxoodfjoykqz/Build/Intermediates.noindex/SDG.build/Debug/Dependency.build/Objects-normal/x86_64/Dependency~partial.swiftdoc -serialize-diagnostics-path [...]/Library/Developer/Xcode/DerivedData/SDG-cwiewwnchebhjsfduxoodfjoykqz/Build/Intermediates.noindex/SDG.build/Debug/Dependency.build/Objects-normal/x86_64/Dependency.dia -Onone -parse-as-library -module-name Dependency -emit-module-path [...]/Library/Developer/Xcode/DerivedData/SDG-cwiewwnchebhjsfduxoodfjoykqz/Build/Intermediates.noindex/SDG.build/Debug/Dependency.build/Objects-normal/x86_64/Dependency~partial.swiftmodule -emit-dependencies-path [...]/Library/Developer/Xcode/DerivedData/SDG-cwiewwnchebhjsfduxoodfjoykqz/Build/Intermediates.noindex/SDG.build/Debug/Dependency.build/Objects-normal/x86_64/Dependency.d -emit-reference-dependencies-path [...]/Library/Developer/Xcode/DerivedData/SDG-cwiewwnchebhjsfduxoodfjoykqz/Build/Intermediates.noindex/SDG.build/Debug/Dependency.build/Objects-normal/x86_64/Dependency.swiftdeps -o [...]/Library/Developer/Xcode/DerivedData/SDG-cwiewwnchebhjsfduxoodfjoykqz/Build/Intermediates.noindex/SDG.build/Debug/Dependency.build/Objects-normal/x86_64/Dependency.o -index-store-path [...]/Library/Developer/Xcode/DerivedData/SDG-cwiewwnchebhjsfduxoodfjoykqz/Index/DataStore -index-system-modules

MergeSwiftModule normal x86_64 [...]/Library/Developer/Xcode/DerivedData/SDG-cwiewwnchebhjsfduxoodfjoykqz/Build/Intermediates.noindex/SDG.build/Debug/Dependency.build/Objects-normal/x86_64/Dependency.swiftmodule
    cd [...]/Tests/Mock Projects/After/SDGLibrary
    /Applications/Xcode.app/Contents/Developer/Toolchains/XcodeDefault.xctoolchain/usr/bin/swift -frontend -emit-module [...]/Library/Developer/Xcode/DerivedData/SDG-cwiewwnchebhjsfduxoodfjoykqz/Build/Intermediates.noindex/SDG.build/Debug/Dependency.build/Objects-normal/x86_64/Dependency~partial.swiftmodule -parse-as-library -target x86_64-apple-macosx10.10 -enable-objc-interop -sdk /Applications/Xcode.app/Contents/Developer/Platforms/MacOSX.platform/Developer/SDKs/MacOSX10.13.sdk -I [...]/Library/Developer/Xcode/DerivedData/SDG-cwiewwnchebhjsfduxoodfjoykqz/Build/Products/Debug -F [...]/Library/Developer/Xcode/DerivedData/SDG-cwiewwnchebhjsfduxoodfjoykqz/Build/Products/Debug -F /Applications/Xcode.app/Contents/Developer/Platforms/MacOSX.platform/Developer/Library/Frameworks -enable-testing -g -module-cache-path [...]/Library/Developer/Xcode/DerivedData/ModuleCache -profile-generate -profile-coverage-mapping -swift-version 4 -enforce-exclusivity=checked -D SWIFT_PACKAGE -D Xcode -serialize-debugging-options -report-errors-to-debugger -Xcc -I[...]/Library/Developer/Xcode/DerivedData/SDG-cwiewwnchebhjsfduxoodfjoykqz/Build/Intermediates.noindex/SDG.build/Debug/Dependency.build/swift-overrides.hmap -Xcc -I[...]/Library/Developer/Xcode/DerivedData/SDG-cwiewwnchebhjsfduxoodfjoykqz/Build/Products/Debug/include -Xcc -I[...]/Library/Developer/Xcode/DerivedData/SDG-cwiewwnchebhjsfduxoodfjoykqz/Build/Intermediates.noindex/SDG.build/Debug/Dependency.build/DerivedSources/x86_64 -Xcc -I[...]/Library/Developer/Xcode/DerivedData/SDG-cwiewwnchebhjsfduxoodfjoykqz/Build/Intermediates.noindex/SDG.build/Debug/Dependency.build/DerivedSources -Xcc "-working-directory[...]/Tests/Mock Projects/After/SDGLibrary" -emit-module-doc-path [...]/Library/Developer/Xcode/DerivedData/SDG-cwiewwnchebhjsfduxoodfjoykqz/Build/Intermediates.noindex/SDG.build/Debug/Dependency.build/Objects-normal/x86_64/Dependency.swiftdoc -module-name Dependency -emit-objc-header-path [...]/Library/Developer/Xcode/DerivedData/SDG-cwiewwnchebhjsfduxoodfjoykqz/Build/Intermediates.noindex/SDG.build/Debug/Dependency.build/Objects-normal/x86_64/Dependency-Swift.h -o [...]/Library/Developer/Xcode/DerivedData/SDG-cwiewwnchebhjsfduxoodfjoykqz/Build/Intermediates.noindex/SDG.build/Debug/Dependency.build/Objects-normal/x86_64/Dependency.swiftmodule

Ditto [...]/Library/Developer/Xcode/DerivedData/SDG-cwiewwnchebhjsfduxoodfjoykqz/Build/Products/Debug/Dependency.framework/Versions/A/Headers/Dependency-Swift.h [...]/Library/Developer/Xcode/DerivedData/SDG-cwiewwnchebhjsfduxoodfjoykqz/Build/Intermediates.noindex/SDG.build/Debug/Dependency.build/Objects-normal/x86_64/Dependency-Swift.h
    cd "[...]/Tests/Mock Projects/After/SDGLibrary"
    /usr/bin/ditto -rsrc [...]/Library/Developer/Xcode/DerivedData/SDG-cwiewwnchebhjsfduxoodfjoykqz/Build/Intermediates.noindex/SDG.build/Debug/Dependency.build/Objects-normal/x86_64/Dependency-Swift.h [...]/Library/Developer/Xcode/DerivedData/SDG-cwiewwnchebhjsfduxoodfjoykqz/Build/Products/Debug/Dependency.framework/Versions/A/Headers/Dependency-Swift.h

Ld [...]/Library/Developer/Xcode/DerivedData/SDG-cwiewwnchebhjsfduxoodfjoykqz/Build/Products/Debug/Dependency.framework/Versions/A/Dependency normal x86_64
    cd "[...]/Tests/Mock Projects/After/SDGLibrary"
    export MACOSX_DEPLOYMENT_TARGET=10.10
    /Applications/Xcode.app/Contents/Developer/Toolchains/XcodeDefault.xctoolchain/usr/bin/clang -arch x86_64 -dynamiclib -isysroot /Applications/Xcode.app/Contents/Developer/Platforms/MacOSX.platform/Developer/SDKs/MacOSX10.13.sdk -L[...]/Library/Developer/Xcode/DerivedData/SDG-cwiewwnchebhjsfduxoodfjoykqz/Build/Products/Debug -F[...]/Library/Developer/Xcode/DerivedData/SDG-cwiewwnchebhjsfduxoodfjoykqz/Build/Products/Debug -F/Applications/Xcode.app/Contents/Developer/Platforms/MacOSX.platform/Developer/Library/Frameworks -filelist [...]/Library/Developer/Xcode/DerivedData/SDG-cwiewwnchebhjsfduxoodfjoykqz/Build/Intermediates.noindex/SDG.build/Debug/Dependency.build/Objects-normal/x86_64/Dependency.LinkFileList -install_name @rpath/Dependency.framework/Versions/A/Dependency -Xlinker -rpath -Xlinker /Applications/Xcode.app/Contents/Developer/Toolchains/XcodeDefault.xctoolchain/usr/lib/swift/macosx -mmacosx-version-min=10.10 -Xlinker -object_path_lto -Xlinker [...]/Library/Developer/Xcode/DerivedData/SDG-cwiewwnchebhjsfduxoodfjoykqz/Build/Intermediates.noindex/SDG.build/Debug/Dependency.build/Objects-normal/x86_64/Dependency_lto.o -Xlinker -export_dynamic -Xlinker -no_deduplicate -fobjc-link-runtime -fprofile-instr-generate -L/Applications/Xcode.app/Contents/Developer/Toolchains/XcodeDefault.xctoolchain/usr/lib/swift/macosx -Xlinker -add_ast_path -Xlinker [...]/Library/Developer/Xcode/DerivedData/SDG-cwiewwnchebhjsfduxoodfjoykqz/Build/Intermediates.noindex/SDG.build/Debug/Dependency.build/Objects-normal/x86_64/Dependency.swiftmodule -single_module -Xlinker -dependency_info -Xlinker [...]/Library/Developer/Xcode/DerivedData/SDG-cwiewwnchebhjsfduxoodfjoykqz/Build/Intermediates.noindex/SDG.build/Debug/Dependency.build/Objects-normal/x86_64/Dependency_dependency_info.dat -o [...]/Library/Developer/Xcode/DerivedData/SDG-cwiewwnchebhjsfduxoodfjoykqz/Build/Products/Debug/Dependency.framework/Versions/A/Dependency

Ditto [...]/Library/Developer/Xcode/DerivedData/SDG-cwiewwnchebhjsfduxoodfjoykqz/Build/Products/Debug/Dependency.framework/Versions/A/Modules/Dependency.swiftmodule/x86_64.swiftmodule [...]/Library/Developer/Xcode/DerivedData/SDG-cwiewwnchebhjsfduxoodfjoykqz/Build/Intermediates.noindex/SDG.build/Debug/Dependency.build/Objects-normal/x86_64/Dependency.swiftmodule
    cd "[...]/Tests/Mock Projects/After/SDGLibrary"
    /usr/bin/ditto -rsrc [...]/Library/Developer/Xcode/DerivedData/SDG-cwiewwnchebhjsfduxoodfjoykqz/Build/Intermediates.noindex/SDG.build/Debug/Dependency.build/Objects-normal/x86_64/Dependency.swiftmodule [...]/Library/Developer/Xcode/DerivedData/SDG-cwiewwnchebhjsfduxoodfjoykqz/Build/Products/Debug/Dependency.framework/Versions/A/Modules/Dependency.swiftmodule/x86_64.swiftmodule

Ditto [...]/Library/Developer/Xcode/DerivedData/SDG-cwiewwnchebhjsfduxoodfjoykqz/Build/Products/Debug/Dependency.framework/Versions/A/Modules/Dependency.swiftmodule/x86_64.swiftdoc [...]/Library/Developer/Xcode/DerivedData/SDG-cwiewwnchebhjsfduxoodfjoykqz/Build/Intermediates.noindex/SDG.build/Debug/Dependency.build/Objects-normal/x86_64/Dependency.swiftdoc
    cd "[...]/Tests/Mock Projects/After/SDGLibrary"
    /usr/bin/ditto -rsrc [...]/Library/Developer/Xcode/DerivedData/SDG-cwiewwnchebhjsfduxoodfjoykqz/Build/Intermediates.noindex/SDG.build/Debug/Dependency.build/Objects-normal/x86_64/Dependency.swiftdoc [...]/Library/Developer/Xcode/DerivedData/SDG-cwiewwnchebhjsfduxoodfjoykqz/Build/Products/Debug/Dependency.framework/Versions/A/Modules/Dependency.swiftmodule/x86_64.swiftdoc

Ditto [...]/Library/Developer/Xcode/DerivedData/SDG-cwiewwnchebhjsfduxoodfjoykqz/Build/Intermediates.noindex/SDG.build/Debug/Dependency.build/module.modulemap [...]/Library/Developer/Xcode/DerivedData/SDG-cwiewwnchebhjsfduxoodfjoykqz/Build/Products/Debug/Dependency.framework/Versions/A/Modules/module.modulemap
    cd "[...]/Tests/Mock Projects/After/SDGLibrary"
    builtin-copy -exclude .DS_Store -exclude CVS -exclude .svn -exclude .git -exclude .hg -resolve-src-symlinks [...]/Library/Developer/Xcode/DerivedData/SDG-cwiewwnchebhjsfduxoodfjoykqz/Build/Intermediates.noindex/SDG.build/Debug/Dependency.build/module.modulemap [...]/Library/Developer/Xcode/DerivedData/SDG-cwiewwnchebhjsfduxoodfjoykqz/Build/Products/Debug/Dependency.framework/Versions/A/Modules

Touch [...]/Library/Developer/Xcode/DerivedData/SDG-cwiewwnchebhjsfduxoodfjoykqz/Build/Products/Debug/Dependency.framework
    cd "[...]/Tests/Mock Projects/After/SDGLibrary"
    /usr/bin/touch -c [...]/Library/Developer/Xcode/DerivedData/SDG-cwiewwnchebhjsfduxoodfjoykqz/Build/Products/Debug/Dependency.framework

=== BUILD TARGET Library OF PROJECT SDG WITH CONFIGURATION Debug ===

Check dependencies

Write auxiliary files
/bin/mkdir -p [...]/Library/Developer/Xcode/DerivedData/SDG-cwiewwnchebhjsfduxoodfjoykqz/Build/Intermediates.noindex/SDG.build/Debug/Library.build/Objects-normal/x86_64
write-file [...]/Library/Developer/Xcode/DerivedData/SDG-cwiewwnchebhjsfduxoodfjoykqz/Build/Intermediates.noindex/SDG.build/Debug/Library.build/Objects-normal/x86_64/Library-OutputFileMap.json
write-file [...]/Library/Developer/Xcode/DerivedData/SDG-cwiewwnchebhjsfduxoodfjoykqz/Build/Intermediates.noindex/SDG.build/Debug/Library.build/module.modulemap
write-file [...]/Library/Developer/Xcode/DerivedData/SDG-cwiewwnchebhjsfduxoodfjoykqz/Build/Intermediates.noindex/SDG.build/Debug/Library.build/Objects-normal/x86_64/Library.LinkFileList
write-file [...]/Library/Developer/Xcode/DerivedData/SDG-cwiewwnchebhjsfduxoodfjoykqz/Build/Intermediates.noindex/SDG.build/Debug/Library.build/swift-overrides.hmap

Create product structure
/bin/mkdir -p [...]/Library/Developer/Xcode/DerivedData/SDG-cwiewwnchebhjsfduxoodfjoykqz/Build/Products/Debug/Library.framework/Versions/A/Modules
/bin/ln -sfh Versions/Current/Modules [...]/Library/Developer/Xcode/DerivedData/SDG-cwiewwnchebhjsfduxoodfjoykqz/Build/Products/Debug/Library.framework/Modules
/bin/mkdir -p [...]/Library/Developer/Xcode/DerivedData/SDG-cwiewwnchebhjsfduxoodfjoykqz/Build/Products/Debug/Library.framework/Versions/A/Headers
/bin/mkdir -p [...]/Library/Developer/Xcode/DerivedData/SDG-cwiewwnchebhjsfduxoodfjoykqz/Build/Products/Debug/Library.framework/Versions/A/Resources
/bin/ln -sfh A [...]/Library/Developer/Xcode/DerivedData/SDG-cwiewwnchebhjsfduxoodfjoykqz/Build/Products/Debug/Library.framework/Versions/Current
/bin/ln -sfh Versions/Current/Resources [...]/Library/Developer/Xcode/DerivedData/SDG-cwiewwnchebhjsfduxoodfjoykqz/Build/Products/Debug/Library.framework/Resources
/bin/ln -sfh Versions/Current/Headers [...]/Library/Developer/Xcode/DerivedData/SDG-cwiewwnchebhjsfduxoodfjoykqz/Build/Products/Debug/Library.framework/Headers
/bin/ln -sfh Versions/Current/Library [...]/Library/Developer/Xcode/DerivedData/SDG-cwiewwnchebhjsfduxoodfjoykqz/Build/Products/Debug/Library.framework/Library

ProcessInfoPlistFile [...]/Library/Developer/Xcode/DerivedData/SDG-cwiewwnchebhjsfduxoodfjoykqz/Build/Products/Debug/Library.framework/Versions/A/Resources/Info.plist SDG.xcodeproj/Library_Info.plist
    cd "[...]/Tests/Mock Projects/After/SDGLibrary"
    builtin-infoPlistUtility [...]/Tests/Mock\ Projects/After/SDGLibrary/SDG.xcodeproj/Library_Info.plist -expandbuildsettings -platform macosx -o [...]/Library/Developer/Xcode/DerivedData/SDG-cwiewwnchebhjsfduxoodfjoykqz/Build/Products/Debug/Library.framework/Versions/A/Resources/Info.plist

CompileSwiftSources normal x86_64 com.apple.xcode.tools.swift.compiler
    cd "[...]/Tests/Mock Projects/After/SDGLibrary"
    export DEVELOPER_DIR=/Applications/Xcode.app/Contents/Developer
    export SDKROOT=/Applications/Xcode.app/Contents/Developer/Platforms/MacOSX.platform/Developer/SDKs/MacOSX10.13.sdk
    /Applications/Xcode.app/Contents/Developer/Toolchains/XcodeDefault.xctoolchain/usr/bin/swiftc -incremental -module-name Library -Onone -enforce-exclusivity=checked -DSWIFT_PACKAGE -DXcode -sdk /Applications/Xcode.app/Contents/Developer/Platforms/MacOSX.platform/Developer/SDKs/MacOSX10.13.sdk -target x86_64-apple-macosx10.10 -g -module-cache-path [...]/Library/Developer/Xcode/DerivedData/ModuleCache -Xfrontend -serialize-debugging-options -profile-coverage-mapping -profile-generate -enable-testing -index-store-path [...]/Library/Developer/Xcode/DerivedData/SDG-cwiewwnchebhjsfduxoodfjoykqz/Index/DataStore -Xfrontend -report-errors-to-debugger -swift-version 4 -I [...]/Library/Developer/Xcode/DerivedData/SDG-cwiewwnchebhjsfduxoodfjoykqz/Build/Products/Debug -F [...]/Library/Developer/Xcode/DerivedData/SDG-cwiewwnchebhjsfduxoodfjoykqz/Build/Products/Debug -F /Applications/Xcode.app/Contents/Developer/Platforms/MacOSX.platform/Developer/Library/Frameworks -c -j4 [...]/Tests/Mock\ Projects/After/SDGLibrary/Sources/Library/Resources.swift [...]/Tests/Mock\ Projects/After/SDGLibrary/Sources/Library/SDG.swift -output-file-map [...]/Library/Developer/Xcode/DerivedData/SDG-cwiewwnchebhjsfduxoodfjoykqz/Build/Intermediates.noindex/SDG.build/Debug/Library.build/Objects-normal/x86_64/Library-OutputFileMap.json -parseable-output -serialize-diagnostics -emit-dependencies -emit-module -emit-module-path [...]/Library/Developer/Xcode/DerivedData/SDG-cwiewwnchebhjsfduxoodfjoykqz/Build/Intermediates.noindex/SDG.build/Debug/Library.build/Objects-normal/x86_64/Library.swiftmodule -Xcc -I[...]/Library/Developer/Xcode/DerivedData/SDG-cwiewwnchebhjsfduxoodfjoykqz/Build/Intermediates.noindex/SDG.build/Debug/Library.build/swift-overrides.hmap -Xcc -I[...]/Library/Developer/Xcode/DerivedData/SDG-cwiewwnchebhjsfduxoodfjoykqz/Build/Products/Debug/include -Xcc -I[...]/Library/Developer/Xcode/DerivedData/SDG-cwiewwnchebhjsfduxoodfjoykqz/Build/Intermediates.noindex/SDG.build/Debug/Library.build/DerivedSources/x86_64 -Xcc -I[...]/Library/Developer/Xcode/DerivedData/SDG-cwiewwnchebhjsfduxoodfjoykqz/Build/Intermediates.noindex/SDG.build/Debug/Library.build/DerivedSources -emit-objc-header -emit-objc-header-path [...]/Library/Developer/Xcode/DerivedData/SDG-cwiewwnchebhjsfduxoodfjoykqz/Build/Intermediates.noindex/SDG.build/Debug/Library.build/Objects-normal/x86_64/Library-Swift.h -Xcc -working-directory[...]/Tests/Mock\ Projects/After/SDGLibrary

CompileSwift normal x86_64 [...]/Tests/Mock Projects/After/SDGLibrary/Sources/Library/Resources.swift
    cd [...]/Tests/Mock Projects/After/SDGLibrary
    /Applications/Xcode.app/Contents/Developer/Toolchains/XcodeDefault.xctoolchain/usr/bin/swift -frontend -c -primary-file "[...]/Tests/Mock Projects/After/SDGLibrary/Sources/Library/Resources.swift" "[...]/Tests/Mock Projects/After/SDGLibrary/Sources/Library/SDG.swift" -target x86_64-apple-macosx10.10 -enable-objc-interop -sdk /Applications/Xcode.app/Contents/Developer/Platforms/MacOSX.platform/Developer/SDKs/MacOSX10.13.sdk -I [...]/Library/Developer/Xcode/DerivedData/SDG-cwiewwnchebhjsfduxoodfjoykqz/Build/Products/Debug -F [...]/Library/Developer/Xcode/DerivedData/SDG-cwiewwnchebhjsfduxoodfjoykqz/Build/Products/Debug -F /Applications/Xcode.app/Contents/Developer/Platforms/MacOSX.platform/Developer/Library/Frameworks -enable-testing -g -module-cache-path [...]/Library/Developer/Xcode/DerivedData/ModuleCache -profile-generate -profile-coverage-mapping -swift-version 4 -enforce-exclusivity=checked -D SWIFT_PACKAGE -D Xcode -serialize-debugging-options -report-errors-to-debugger -Xcc -I[...]/Library/Developer/Xcode/DerivedData/SDG-cwiewwnchebhjsfduxoodfjoykqz/Build/Intermediates.noindex/SDG.build/Debug/Library.build/swift-overrides.hmap -Xcc -I[...]/Library/Developer/Xcode/DerivedData/SDG-cwiewwnchebhjsfduxoodfjoykqz/Build/Products/Debug/include -Xcc -I[...]/Library/Developer/Xcode/DerivedData/SDG-cwiewwnchebhjsfduxoodfjoykqz/Build/Intermediates.noindex/SDG.build/Debug/Library.build/DerivedSources/x86_64 -Xcc -I[...]/Library/Developer/Xcode/DerivedData/SDG-cwiewwnchebhjsfduxoodfjoykqz/Build/Intermediates.noindex/SDG.build/Debug/Library.build/DerivedSources -Xcc "-working-directory[...]/Tests/Mock Projects/After/SDGLibrary" -emit-module-doc-path [...]/Library/Developer/Xcode/DerivedData/SDG-cwiewwnchebhjsfduxoodfjoykqz/Build/Intermediates.noindex/SDG.build/Debug/Library.build/Objects-normal/x86_64/Resources~partial.swiftdoc -serialize-diagnostics-path [...]/Library/Developer/Xcode/DerivedData/SDG-cwiewwnchebhjsfduxoodfjoykqz/Build/Intermediates.noindex/SDG.build/Debug/Library.build/Objects-normal/x86_64/Resources.dia -Onone -module-name Library -emit-module-path [...]/Library/Developer/Xcode/DerivedData/SDG-cwiewwnchebhjsfduxoodfjoykqz/Build/Intermediates.noindex/SDG.build/Debug/Library.build/Objects-normal/x86_64/Resources~partial.swiftmodule -emit-dependencies-path [...]/Library/Developer/Xcode/DerivedData/SDG-cwiewwnchebhjsfduxoodfjoykqz/Build/Intermediates.noindex/SDG.build/Debug/Library.build/Objects-normal/x86_64/Resources.d -emit-reference-dependencies-path [...]/Library/Developer/Xcode/DerivedData/SDG-cwiewwnchebhjsfduxoodfjoykqz/Build/Intermediates.noindex/SDG.build/Debug/Library.build/Objects-normal/x86_64/Resources.swiftdeps -o [...]/Library/Developer/Xcode/DerivedData/SDG-cwiewwnchebhjsfduxoodfjoykqz/Build/Intermediates.noindex/SDG.build/Debug/Library.build/Objects-normal/x86_64/Resources.o -index-store-path [...]/Library/Developer/Xcode/DerivedData/SDG-cwiewwnchebhjsfduxoodfjoykqz/Index/DataStore -index-system-modules

CompileSwift normal x86_64 [...]/Tests/Mock Projects/After/SDGLibrary/Sources/Library/SDG.swift
    cd [...]/Tests/Mock Projects/After/SDGLibrary
    /Applications/Xcode.app/Contents/Developer/Toolchains/XcodeDefault.xctoolchain/usr/bin/swift -frontend -c "[...]/Tests/Mock Projects/After/SDGLibrary/Sources/Library/Resources.swift" -primary-file "[...]/Tests/Mock Projects/After/SDGLibrary/Sources/Library/SDG.swift" -target x86_64-apple-macosx10.10 -enable-objc-interop -sdk /Applications/Xcode.app/Contents/Developer/Platforms/MacOSX.platform/Developer/SDKs/MacOSX10.13.sdk -I [...]/Library/Developer/Xcode/DerivedData/SDG-cwiewwnchebhjsfduxoodfjoykqz/Build/Products/Debug -F [...]/Library/Developer/Xcode/DerivedData/SDG-cwiewwnchebhjsfduxoodfjoykqz/Build/Products/Debug -F /Applications/Xcode.app/Contents/Developer/Platforms/MacOSX.platform/Developer/Library/Frameworks -enable-testing -g -module-cache-path [...]/Library/Developer/Xcode/DerivedData/ModuleCache -profile-generate -profile-coverage-mapping -swift-version 4 -enforce-exclusivity=checked -D SWIFT_PACKAGE -D Xcode -serialize-debugging-options -report-errors-to-debugger -Xcc -I[...]/Library/Developer/Xcode/DerivedData/SDG-cwiewwnchebhjsfduxoodfjoykqz/Build/Intermediates.noindex/SDG.build/Debug/Library.build/swift-overrides.hmap -Xcc -I[...]/Library/Developer/Xcode/DerivedData/SDG-cwiewwnchebhjsfduxoodfjoykqz/Build/Products/Debug/include -Xcc -I[...]/Library/Developer/Xcode/DerivedData/SDG-cwiewwnchebhjsfduxoodfjoykqz/Build/Intermediates.noindex/SDG.build/Debug/Library.build/DerivedSources/x86_64 -Xcc -I[...]/Library/Developer/Xcode/DerivedData/SDG-cwiewwnchebhjsfduxoodfjoykqz/Build/Intermediates.noindex/SDG.build/Debug/Library.build/DerivedSources -Xcc "-working-directory[...]/Tests/Mock Projects/After/SDGLibrary" -emit-module-doc-path [...]/Library/Developer/Xcode/DerivedData/SDG-cwiewwnchebhjsfduxoodfjoykqz/Build/Intermediates.noindex/SDG.build/Debug/Library.build/Objects-normal/x86_64/SDG~partial.swiftdoc -serialize-diagnostics-path [...]/Library/Developer/Xcode/DerivedData/SDG-cwiewwnchebhjsfduxoodfjoykqz/Build/Intermediates.noindex/SDG.build/Debug/Library.build/Objects-normal/x86_64/SDG.dia -Onone -module-name Library -emit-module-path [...]/Library/Developer/Xcode/DerivedData/SDG-cwiewwnchebhjsfduxoodfjoykqz/Build/Intermediates.noindex/SDG.build/Debug/Library.build/Objects-normal/x86_64/SDG~partial.swiftmodule -emit-dependencies-path [...]/Library/Developer/Xcode/DerivedData/SDG-cwiewwnchebhjsfduxoodfjoykqz/Build/Intermediates.noindex/SDG.build/Debug/Library.build/Objects-normal/x86_64/SDG.d -emit-reference-dependencies-path [...]/Library/Developer/Xcode/DerivedData/SDG-cwiewwnchebhjsfduxoodfjoykqz/Build/Intermediates.noindex/SDG.build/Debug/Library.build/Objects-normal/x86_64/SDG.swiftdeps -o [...]/Library/Developer/Xcode/DerivedData/SDG-cwiewwnchebhjsfduxoodfjoykqz/Build/Intermediates.noindex/SDG.build/Debug/Library.build/Objects-normal/x86_64/SDG.o -index-store-path [...]/Library/Developer/Xcode/DerivedData/SDG-cwiewwnchebhjsfduxoodfjoykqz/Index/DataStore -index-system-modules

MergeSwiftModule normal x86_64 [...]/Library/Developer/Xcode/DerivedData/SDG-cwiewwnchebhjsfduxoodfjoykqz/Build/Intermediates.noindex/SDG.build/Debug/Library.build/Objects-normal/x86_64/Library.swiftmodule
    cd [...]/Tests/Mock Projects/After/SDGLibrary
    /Applications/Xcode.app/Contents/Developer/Toolchains/XcodeDefault.xctoolchain/usr/bin/swift -frontend -emit-module [...]/Library/Developer/Xcode/DerivedData/SDG-cwiewwnchebhjsfduxoodfjoykqz/Build/Intermediates.noindex/SDG.build/Debug/Library.build/Objects-normal/x86_64/Resources~partial.swiftmodule [...]/Library/Developer/Xcode/DerivedData/SDG-cwiewwnchebhjsfduxoodfjoykqz/Build/Intermediates.noindex/SDG.build/Debug/Library.build/Objects-normal/x86_64/SDG~partial.swiftmodule -parse-as-library -target x86_64-apple-macosx10.10 -enable-objc-interop -sdk /Applications/Xcode.app/Contents/Developer/Platforms/MacOSX.platform/Developer/SDKs/MacOSX10.13.sdk -I [...]/Library/Developer/Xcode/DerivedData/SDG-cwiewwnchebhjsfduxoodfjoykqz/Build/Products/Debug -F [...]/Library/Developer/Xcode/DerivedData/SDG-cwiewwnchebhjsfduxoodfjoykqz/Build/Products/Debug -F /Applications/Xcode.app/Contents/Developer/Platforms/MacOSX.platform/Developer/Library/Frameworks -enable-testing -g -module-cache-path [...]/Library/Developer/Xcode/DerivedData/ModuleCache -profile-generate -profile-coverage-mapping -swift-version 4 -enforce-exclusivity=checked -D SWIFT_PACKAGE -D Xcode -serialize-debugging-options -report-errors-to-debugger -Xcc -I[...]/Library/Developer/Xcode/DerivedData/SDG-cwiewwnchebhjsfduxoodfjoykqz/Build/Intermediates.noindex/SDG.build/Debug/Library.build/swift-overrides.hmap -Xcc -I[...]/Library/Developer/Xcode/DerivedData/SDG-cwiewwnchebhjsfduxoodfjoykqz/Build/Products/Debug/include -Xcc -I[...]/Library/Developer/Xcode/DerivedData/SDG-cwiewwnchebhjsfduxoodfjoykqz/Build/Intermediates.noindex/SDG.build/Debug/Library.build/DerivedSources/x86_64 -Xcc -I[...]/Library/Developer/Xcode/DerivedData/SDG-cwiewwnchebhjsfduxoodfjoykqz/Build/Intermediates.noindex/SDG.build/Debug/Library.build/DerivedSources -Xcc "-working-directory[...]/Tests/Mock Projects/After/SDGLibrary" -emit-module-doc-path [...]/Library/Developer/Xcode/DerivedData/SDG-cwiewwnchebhjsfduxoodfjoykqz/Build/Intermediates.noindex/SDG.build/Debug/Library.build/Objects-normal/x86_64/Library.swiftdoc -module-name Library -emit-objc-header-path [...]/Library/Developer/Xcode/DerivedData/SDG-cwiewwnchebhjsfduxoodfjoykqz/Build/Intermediates.noindex/SDG.build/Debug/Library.build/Objects-normal/x86_64/Library-Swift.h -o [...]/Library/Developer/Xcode/DerivedData/SDG-cwiewwnchebhjsfduxoodfjoykqz/Build/Intermediates.noindex/SDG.build/Debug/Library.build/Objects-normal/x86_64/Library.swiftmodule

Ditto [...]/Library/Developer/Xcode/DerivedData/SDG-cwiewwnchebhjsfduxoodfjoykqz/Build/Products/Debug/Library.framework/Versions/A/Headers/Library-Swift.h [...]/Library/Developer/Xcode/DerivedData/SDG-cwiewwnchebhjsfduxoodfjoykqz/Build/Intermediates.noindex/SDG.build/Debug/Library.build/Objects-normal/x86_64/Library-Swift.h
    cd "[...]/Tests/Mock Projects/After/SDGLibrary"
    /usr/bin/ditto -rsrc [...]/Library/Developer/Xcode/DerivedData/SDG-cwiewwnchebhjsfduxoodfjoykqz/Build/Intermediates.noindex/SDG.build/Debug/Library.build/Objects-normal/x86_64/Library-Swift.h [...]/Library/Developer/Xcode/DerivedData/SDG-cwiewwnchebhjsfduxoodfjoykqz/Build/Products/Debug/Library.framework/Versions/A/Headers/Library-Swift.h

Ld [...]/Library/Developer/Xcode/DerivedData/SDG-cwiewwnchebhjsfduxoodfjoykqz/Build/Products/Debug/Library.framework/Versions/A/Library normal x86_64
    cd "[...]/Tests/Mock Projects/After/SDGLibrary"
    export MACOSX_DEPLOYMENT_TARGET=10.10
    /Applications/Xcode.app/Contents/Developer/Toolchains/XcodeDefault.xctoolchain/usr/bin/clang -arch x86_64 -dynamiclib -isysroot /Applications/Xcode.app/Contents/Developer/Platforms/MacOSX.platform/Developer/SDKs/MacOSX10.13.sdk -L[...]/Library/Developer/Xcode/DerivedData/SDG-cwiewwnchebhjsfduxoodfjoykqz/Build/Products/Debug -F[...]/Library/Developer/Xcode/DerivedData/SDG-cwiewwnchebhjsfduxoodfjoykqz/Build/Products/Debug -F/Applications/Xcode.app/Contents/Developer/Platforms/MacOSX.platform/Developer/Library/Frameworks -filelist [...]/Library/Developer/Xcode/DerivedData/SDG-cwiewwnchebhjsfduxoodfjoykqz/Build/Intermediates.noindex/SDG.build/Debug/Library.build/Objects-normal/x86_64/Library.LinkFileList -install_name @rpath/Library.framework/Versions/A/Library -Xlinker -rpath -Xlinker /Applications/Xcode.app/Contents/Developer/Toolchains/XcodeDefault.xctoolchain/usr/lib/swift/macosx -mmacosx-version-min=10.10 -Xlinker -object_path_lto -Xlinker [...]/Library/Developer/Xcode/DerivedData/SDG-cwiewwnchebhjsfduxoodfjoykqz/Build/Intermediates.noindex/SDG.build/Debug/Library.build/Objects-normal/x86_64/Library_lto.o -Xlinker -export_dynamic -Xlinker -no_deduplicate -fobjc-link-runtime -fprofile-instr-generate -L/Applications/Xcode.app/Contents/Developer/Toolchains/XcodeDefault.xctoolchain/usr/lib/swift/macosx -Xlinker -add_ast_path -Xlinker [...]/Library/Developer/Xcode/DerivedData/SDG-cwiewwnchebhjsfduxoodfjoykqz/Build/Intermediates.noindex/SDG.build/Debug/Library.build/Objects-normal/x86_64/Library.swiftmodule -framework Dependency -single_module -Xlinker -dependency_info -Xlinker [...]/Library/Developer/Xcode/DerivedData/SDG-cwiewwnchebhjsfduxoodfjoykqz/Build/Intermediates.noindex/SDG.build/Debug/Library.build/Objects-normal/x86_64/Library_dependency_info.dat -o [...]/Library/Developer/Xcode/DerivedData/SDG-cwiewwnchebhjsfduxoodfjoykqz/Build/Products/Debug/Library.framework/Versions/A/Library

Ditto [...]/Library/Developer/Xcode/DerivedData/SDG-cwiewwnchebhjsfduxoodfjoykqz/Build/Products/Debug/Library.framework/Versions/A/Modules/Library.swiftmodule/x86_64.swiftmodule [...]/Library/Developer/Xcode/DerivedData/SDG-cwiewwnchebhjsfduxoodfjoykqz/Build/Intermediates.noindex/SDG.build/Debug/Library.build/Objects-normal/x86_64/Library.swiftmodule
    cd "[...]/Tests/Mock Projects/After/SDGLibrary"
    /usr/bin/ditto -rsrc [...]/Library/Developer/Xcode/DerivedData/SDG-cwiewwnchebhjsfduxoodfjoykqz/Build/Intermediates.noindex/SDG.build/Debug/Library.build/Objects-normal/x86_64/Library.swiftmodule [...]/Library/Developer/Xcode/DerivedData/SDG-cwiewwnchebhjsfduxoodfjoykqz/Build/Products/Debug/Library.framework/Versions/A/Modules/Library.swiftmodule/x86_64.swiftmodule

Ditto [...]/Library/Developer/Xcode/DerivedData/SDG-cwiewwnchebhjsfduxoodfjoykqz/Build/Products/Debug/Library.framework/Versions/A/Modules/Library.swiftmodule/x86_64.swiftdoc [...]/Library/Developer/Xcode/DerivedData/SDG-cwiewwnchebhjsfduxoodfjoykqz/Build/Intermediates.noindex/SDG.build/Debug/Library.build/Objects-normal/x86_64/Library.swiftdoc
    cd "[...]/Tests/Mock Projects/After/SDGLibrary"
    /usr/bin/ditto -rsrc [...]/Library/Developer/Xcode/DerivedData/SDG-cwiewwnchebhjsfduxoodfjoykqz/Build/Intermediates.noindex/SDG.build/Debug/Library.build/Objects-normal/x86_64/Library.swiftdoc [...]/Library/Developer/Xcode/DerivedData/SDG-cwiewwnchebhjsfduxoodfjoykqz/Build/Products/Debug/Library.framework/Versions/A/Modules/Library.swiftmodule/x86_64.swiftdoc

Ditto [...]/Library/Developer/Xcode/DerivedData/SDG-cwiewwnchebhjsfduxoodfjoykqz/Build/Intermediates.noindex/SDG.build/Debug/Library.build/module.modulemap [...]/Library/Developer/Xcode/DerivedData/SDG-cwiewwnchebhjsfduxoodfjoykqz/Build/Products/Debug/Library.framework/Versions/A/Modules/module.modulemap
    cd "[...]/Tests/Mock Projects/After/SDGLibrary"
    builtin-copy -exclude .DS_Store -exclude CVS -exclude .svn -exclude .git -exclude .hg -resolve-src-symlinks [...]/Library/Developer/Xcode/DerivedData/SDG-cwiewwnchebhjsfduxoodfjoykqz/Build/Intermediates.noindex/SDG.build/Debug/Library.build/module.modulemap [...]/Library/Developer/Xcode/DerivedData/SDG-cwiewwnchebhjsfduxoodfjoykqz/Build/Products/Debug/Library.framework/Versions/A/Modules

Touch [...]/Library/Developer/Xcode/DerivedData/SDG-cwiewwnchebhjsfduxoodfjoykqz/Build/Products/Debug/Library.framework
    cd "[...]/Tests/Mock Projects/After/SDGLibrary"
    /usr/bin/touch -c [...]/Library/Developer/Xcode/DerivedData/SDG-cwiewwnchebhjsfduxoodfjoykqz/Build/Products/Debug/Library.framework

** BUILD SUCCEEDED **



Checking build for iOS... (¬ß3)


$ xcodebuild build -sdk iphoneos -scheme SDG-Package
Build settings from command line:
    SDKROOT = iphoneos11.2

=== BUILD TARGET Dependency OF PROJECT SDG WITH CONFIGURATION Debug ===

Check dependencies

Write auxiliary files
write-file [...]/Library/Developer/Xcode/DerivedData/SDG-cwiewwnchebhjsfduxoodfjoykqz/Build/Intermediates.noindex/SDG.build/Debug-iphoneos/Dependency.build/module.modulemap
/bin/mkdir -p [...]/Library/Developer/Xcode/DerivedData/SDG-cwiewwnchebhjsfduxoodfjoykqz/Build/Intermediates.noindex/SDG.build/Debug-iphoneos/Dependency.build/Objects-normal/arm64
write-file [...]/Library/Developer/Xcode/DerivedData/SDG-cwiewwnchebhjsfduxoodfjoykqz/Build/Intermediates.noindex/SDG.build/Debug-iphoneos/Dependency.build/Objects-normal/arm64/Dependency.LinkFileList
write-file [...]/Library/Developer/Xcode/DerivedData/SDG-cwiewwnchebhjsfduxoodfjoykqz/Build/Intermediates.noindex/SDG.build/Debug-iphoneos/Dependency.build/swift-overrides.hmap
write-file [...]/Library/Developer/Xcode/DerivedData/SDG-cwiewwnchebhjsfduxoodfjoykqz/Build/Intermediates.noindex/SDG.build/Debug-iphoneos/Dependency.build/Objects-normal/arm64/Dependency-OutputFileMap.json

Create product structure
/bin/mkdir -p [...]/Library/Developer/Xcode/DerivedData/SDG-cwiewwnchebhjsfduxoodfjoykqz/Build/Products/Debug-iphoneos/Dependency.framework/Modules
/bin/mkdir -p [...]/Library/Developer/Xcode/DerivedData/SDG-cwiewwnchebhjsfduxoodfjoykqz/Build/Products/Debug-iphoneos/Dependency.framework/Headers

ProcessInfoPlistFile [...]/Library/Developer/Xcode/DerivedData/SDG-cwiewwnchebhjsfduxoodfjoykqz/Build/Products/Debug-iphoneos/Dependency.framework/Info.plist SDG.xcodeproj/Dependency_Info.plist
    cd "[...]/Tests/Mock Projects/After/SDGLibrary"
    export PATH="/Applications/Xcode.app/Contents/Developer/Platforms/iPhoneOS.platform/Developer/usr/bin:/Applications/Xcode.app/Contents/Developer/usr/bin:[...]/.SDG/Registry:[...]/.rvm/gems/ruby-2.4.1/bin:[...]/.rvm/gems/ruby-2.4.1@global/bin:[...]/.rvm/rubies/ruby-2.4.1/bin:/usr/local/bin:/usr/bin:/bin:/usr/sbin:/sbin:[...]/.rvm/bin"
    builtin-infoPlistUtility [...]/Tests/Mock\ Projects/After/SDGLibrary/SDG.xcodeproj/Dependency_Info.plist -expandbuildsettings -format binary -platform iphoneos -requiredArchitecture arm64 -o [...]/Library/Developer/Xcode/DerivedData/SDG-cwiewwnchebhjsfduxoodfjoykqz/Build/Products/Debug-iphoneos/Dependency.framework/Info.plist

CompileSwiftSources normal arm64 com.apple.xcode.tools.swift.compiler
    cd "[...]/Tests/Mock Projects/After/SDGLibrary"
    export DEVELOPER_DIR=/Applications/Xcode.app/Contents/Developer
    export PATH="/Applications/Xcode.app/Contents/Developer/Platforms/iPhoneOS.platform/Developer/usr/bin:/Applications/Xcode.app/Contents/Developer/usr/bin:[...]/.SDG/Registry:[...]/.rvm/gems/ruby-2.4.1/bin:[...]/.rvm/gems/ruby-2.4.1@global/bin:[...]/.rvm/rubies/ruby-2.4.1/bin:/usr/local/bin:/usr/bin:/bin:/usr/sbin:/sbin:[...]/.rvm/bin"
    export SDKROOT=/Applications/Xcode.app/Contents/Developer/Platforms/iPhoneOS.platform/Developer/SDKs/iPhoneOS11.2.sdk
    /Applications/Xcode.app/Contents/Developer/Toolchains/XcodeDefault.xctoolchain/usr/bin/swiftc -incremental -module-name Dependency -Onone -enforce-exclusivity=checked -DSWIFT_PACKAGE -DXcode -sdk /Applications/Xcode.app/Contents/Developer/Platforms/iPhoneOS.platform/Developer/SDKs/iPhoneOS11.2.sdk -target arm64-apple-ios11.2 -g -module-cache-path [...]/Library/Developer/Xcode/DerivedData/ModuleCache -Xfrontend -serialize-debugging-options -profile-coverage-mapping -profile-generate -embed-bitcode-marker -enable-testing -index-store-path [...]/Library/Developer/Xcode/DerivedData/SDG-cwiewwnchebhjsfduxoodfjoykqz/Index/DataStore -Xfrontend -report-errors-to-debugger -swift-version 4 -I [...]/Library/Developer/Xcode/DerivedData/SDG-cwiewwnchebhjsfduxoodfjoykqz/Build/Products/Debug-iphoneos -F [...]/Library/Developer/Xcode/DerivedData/SDG-cwiewwnchebhjsfduxoodfjoykqz/Build/Products/Debug-iphoneos -F /Applications/Xcode.app/Contents/Developer/Platforms/iPhoneOS.platform/Developer/Library/Frameworks -parse-as-library -c -j4 [...]/Tests/Mock\ Projects/After/SDGLibrary/.build/checkouts/Dependency-74053125454640535/Sources/Dependency/Dependency.swift -output-file-map [...]/Library/Developer/Xcode/DerivedData/SDG-cwiewwnchebhjsfduxoodfjoykqz/Build/Intermediates.noindex/SDG.build/Debug-iphoneos/Dependency.build/Objects-normal/arm64/Dependency-OutputFileMap.json -parseable-output -serialize-diagnostics -emit-dependencies -emit-module -emit-module-path [...]/Library/Developer/Xcode/DerivedData/SDG-cwiewwnchebhjsfduxoodfjoykqz/Build/Intermediates.noindex/SDG.build/Debug-iphoneos/Dependency.build/Objects-normal/arm64/Dependency.swiftmodule -Xcc -I[...]/Library/Developer/Xcode/DerivedData/SDG-cwiewwnchebhjsfduxoodfjoykqz/Build/Intermediates.noindex/SDG.build/Debug-iphoneos/Dependency.build/swift-overrides.hmap -Xcc -I[...]/Library/Developer/Xcode/DerivedData/SDG-cwiewwnchebhjsfduxoodfjoykqz/Build/Products/Debug-iphoneos/include -Xcc -I[...]/Library/Developer/Xcode/DerivedData/SDG-cwiewwnchebhjsfduxoodfjoykqz/Build/Intermediates.noindex/SDG.build/Debug-iphoneos/Dependency.build/DerivedSources/arm64 -Xcc -I[...]/Library/Developer/Xcode/DerivedData/SDG-cwiewwnchebhjsfduxoodfjoykqz/Build/Intermediates.noindex/SDG.build/Debug-iphoneos/Dependency.build/DerivedSources -emit-objc-header -emit-objc-header-path [...]/Library/Developer/Xcode/DerivedData/SDG-cwiewwnchebhjsfduxoodfjoykqz/Build/Intermediates.noindex/SDG.build/Debug-iphoneos/Dependency.build/Objects-normal/arm64/Dependency-Swift.h -Xcc -working-directory[...]/Tests/Mock\ Projects/After/SDGLibrary

CompileSwift normal arm64 [...]/Tests/Mock Projects/After/SDGLibrary/.build/checkouts/Dependency-74053125454640535/Sources/Dependency/Dependency.swift
    cd [...]/Tests/Mock Projects/After/SDGLibrary
    /Applications/Xcode.app/Contents/Developer/Toolchains/XcodeDefault.xctoolchain/usr/bin/swift -frontend -c -primary-file "[...]/Tests/Mock Projects/After/SDGLibrary/.build/checkouts/Dependency-74053125454640535/Sources/Dependency/Dependency.swift" -target arm64-apple-ios11.2 -Xllvm -aarch64-use-tbi -enable-objc-interop -sdk /Applications/Xcode.app/Contents/Developer/Platforms/iPhoneOS.platform/Developer/SDKs/iPhoneOS11.2.sdk -I [...]/Library/Developer/Xcode/DerivedData/SDG-cwiewwnchebhjsfduxoodfjoykqz/Build/Products/Debug-iphoneos -F [...]/Library/Developer/Xcode/DerivedData/SDG-cwiewwnchebhjsfduxoodfjoykqz/Build/Products/Debug-iphoneos -F /Applications/Xcode.app/Contents/Developer/Platforms/iPhoneOS.platform/Developer/Library/Frameworks -enable-testing -g -module-cache-path [...]/Library/Developer/Xcode/DerivedData/ModuleCache -profile-generate -profile-coverage-mapping -swift-version 4 -enforce-exclusivity=checked -D SWIFT_PACKAGE -D Xcode -serialize-debugging-options -report-errors-to-debugger -Xcc -I[...]/Library/Developer/Xcode/DerivedData/SDG-cwiewwnchebhjsfduxoodfjoykqz/Build/Intermediates.noindex/SDG.build/Debug-iphoneos/Dependency.build/swift-overrides.hmap -Xcc -I[...]/Library/Developer/Xcode/DerivedData/SDG-cwiewwnchebhjsfduxoodfjoykqz/Build/Products/Debug-iphoneos/include -Xcc -I[...]/Library/Developer/Xcode/DerivedData/SDG-cwiewwnchebhjsfduxoodfjoykqz/Build/Intermediates.noindex/SDG.build/Debug-iphoneos/Dependency.build/DerivedSources/arm64 -Xcc -I[...]/Library/Developer/Xcode/DerivedData/SDG-cwiewwnchebhjsfduxoodfjoykqz/Build/Intermediates.noindex/SDG.build/Debug-iphoneos/Dependency.build/DerivedSources -Xcc "-working-directory[...]/Tests/Mock Projects/After/SDGLibrary" -emit-module-doc-path [...]/Library/Developer/Xcode/DerivedData/SDG-cwiewwnchebhjsfduxoodfjoykqz/Build/Intermediates.noindex/SDG.build/Debug-iphoneos/Dependency.build/Objects-normal/arm64/Dependency~partial.swiftdoc -serialize-diagnostics-path [...]/Library/Developer/Xcode/DerivedData/SDG-cwiewwnchebhjsfduxoodfjoykqz/Build/Intermediates.noindex/SDG.build/Debug-iphoneos/Dependency.build/Objects-normal/arm64/Dependency.dia -Onone -parse-as-library -module-name Dependency -emit-module-path [...]/Library/Developer/Xcode/DerivedData/SDG-cwiewwnchebhjsfduxoodfjoykqz/Build/Intermediates.noindex/SDG.build/Debug-iphoneos/Dependency.build/Objects-normal/arm64/Dependency~partial.swiftmodule -emit-dependencies-path [...]/Library/Developer/Xcode/DerivedData/SDG-cwiewwnchebhjsfduxoodfjoykqz/Build/Intermediates.noindex/SDG.build/Debug-iphoneos/Dependency.build/Objects-normal/arm64/Dependency.d -emit-reference-dependencies-path [...]/Library/Developer/Xcode/DerivedData/SDG-cwiewwnchebhjsfduxoodfjoykqz/Build/Intermediates.noindex/SDG.build/Debug-iphoneos/Dependency.build/Objects-normal/arm64/Dependency.swiftdeps -o [...]/Library/Developer/Xcode/DerivedData/SDG-cwiewwnchebhjsfduxoodfjoykqz/Build/Intermediates.noindex/SDG.build/Debug-iphoneos/Dependency.build/Objects-normal/arm64/Dependency.o -embed-bitcode-marker -index-store-path [...]/Library/Developer/Xcode/DerivedData/SDG-cwiewwnchebhjsfduxoodfjoykqz/Index/DataStore -index-system-modules

MergeSwiftModule normal arm64 [...]/Library/Developer/Xcode/DerivedData/SDG-cwiewwnchebhjsfduxoodfjoykqz/Build/Intermediates.noindex/SDG.build/Debug-iphoneos/Dependency.build/Objects-normal/arm64/Dependency.swiftmodule
    cd [...]/Tests/Mock Projects/After/SDGLibrary
    /Applications/Xcode.app/Contents/Developer/Toolchains/XcodeDefault.xctoolchain/usr/bin/swift -frontend -emit-module [...]/Library/Developer/Xcode/DerivedData/SDG-cwiewwnchebhjsfduxoodfjoykqz/Build/Intermediates.noindex/SDG.build/Debug-iphoneos/Dependency.build/Objects-normal/arm64/Dependency~partial.swiftmodule -parse-as-library -target arm64-apple-ios11.2 -Xllvm -aarch64-use-tbi -enable-objc-interop -sdk /Applications/Xcode.app/Contents/Developer/Platforms/iPhoneOS.platform/Developer/SDKs/iPhoneOS11.2.sdk -I [...]/Library/Developer/Xcode/DerivedData/SDG-cwiewwnchebhjsfduxoodfjoykqz/Build/Products/Debug-iphoneos -F [...]/Library/Developer/Xcode/DerivedData/SDG-cwiewwnchebhjsfduxoodfjoykqz/Build/Products/Debug-iphoneos -F /Applications/Xcode.app/Contents/Developer/Platforms/iPhoneOS.platform/Developer/Library/Frameworks -enable-testing -g -module-cache-path [...]/Library/Developer/Xcode/DerivedData/ModuleCache -profile-generate -profile-coverage-mapping -swift-version 4 -enforce-exclusivity=checked -D SWIFT_PACKAGE -D Xcode -serialize-debugging-options -report-errors-to-debugger -Xcc -I[...]/Library/Developer/Xcode/DerivedData/SDG-cwiewwnchebhjsfduxoodfjoykqz/Build/Intermediates.noindex/SDG.build/Debug-iphoneos/Dependency.build/swift-overrides.hmap -Xcc -I[...]/Library/Developer/Xcode/DerivedData/SDG-cwiewwnchebhjsfduxoodfjoykqz/Build/Products/Debug-iphoneos/include -Xcc -I[...]/Library/Developer/Xcode/DerivedData/SDG-cwiewwnchebhjsfduxoodfjoykqz/Build/Intermediates.noindex/SDG.build/Debug-iphoneos/Dependency.build/DerivedSources/arm64 -Xcc -I[...]/Library/Developer/Xcode/DerivedData/SDG-cwiewwnchebhjsfduxoodfjoykqz/Build/Intermediates.noindex/SDG.build/Debug-iphoneos/Dependency.build/DerivedSources -Xcc "-working-directory[...]/Tests/Mock Projects/After/SDGLibrary" -emit-module-doc-path [...]/Library/Developer/Xcode/DerivedData/SDG-cwiewwnchebhjsfduxoodfjoykqz/Build/Intermediates.noindex/SDG.build/Debug-iphoneos/Dependency.build/Objects-normal/arm64/Dependency.swiftdoc -module-name Dependency -emit-objc-header-path [...]/Library/Developer/Xcode/DerivedData/SDG-cwiewwnchebhjsfduxoodfjoykqz/Build/Intermediates.noindex/SDG.build/Debug-iphoneos/Dependency.build/Objects-normal/arm64/Dependency-Swift.h -o [...]/Library/Developer/Xcode/DerivedData/SDG-cwiewwnchebhjsfduxoodfjoykqz/Build/Intermediates.noindex/SDG.build/Debug-iphoneos/Dependency.build/Objects-normal/arm64/Dependency.swiftmodule

Ditto [...]/Library/Developer/Xcode/DerivedData/SDG-cwiewwnchebhjsfduxoodfjoykqz/Build/Products/Debug-iphoneos/Dependency.framework/Headers/Dependency-Swift.h [...]/Library/Developer/Xcode/DerivedData/SDG-cwiewwnchebhjsfduxoodfjoykqz/Build/Intermediates.noindex/SDG.build/Debug-iphoneos/Dependency.build/Objects-normal/arm64/Dependency-Swift.h
    cd "[...]/Tests/Mock Projects/After/SDGLibrary"
    export PATH="/Applications/Xcode.app/Contents/Developer/Platforms/iPhoneOS.platform/Developer/usr/bin:/Applications/Xcode.app/Contents/Developer/usr/bin:[...]/.SDG/Registry:[...]/.rvm/gems/ruby-2.4.1/bin:[...]/.rvm/gems/ruby-2.4.1@global/bin:[...]/.rvm/rubies/ruby-2.4.1/bin:/usr/local/bin:/usr/bin:/bin:/usr/sbin:/sbin:[...]/.rvm/bin"
    /usr/bin/ditto -rsrc [...]/Library/Developer/Xcode/DerivedData/SDG-cwiewwnchebhjsfduxoodfjoykqz/Build/Intermediates.noindex/SDG.build/Debug-iphoneos/Dependency.build/Objects-normal/arm64/Dependency-Swift.h [...]/Library/Developer/Xcode/DerivedData/SDG-cwiewwnchebhjsfduxoodfjoykqz/Build/Products/Debug-iphoneos/Dependency.framework/Headers/Dependency-Swift.h

Ditto [...]/Library/Developer/Xcode/DerivedData/SDG-cwiewwnchebhjsfduxoodfjoykqz/Build/Products/Debug-iphoneos/Dependency.framework/Modules/Dependency.swiftmodule/arm64.swiftdoc [...]/Library/Developer/Xcode/DerivedData/SDG-cwiewwnchebhjsfduxoodfjoykqz/Build/Intermediates.noindex/SDG.build/Debug-iphoneos/Dependency.build/Objects-normal/arm64/Dependency.swiftdoc
    cd "[...]/Tests/Mock Projects/After/SDGLibrary"
    export PATH="/Applications/Xcode.app/Contents/Developer/Platforms/iPhoneOS.platform/Developer/usr/bin:/Applications/Xcode.app/Contents/Developer/usr/bin:[...]/.SDG/Registry:[...]/.rvm/gems/ruby-2.4.1/bin:[...]/.rvm/gems/ruby-2.4.1@global/bin:[...]/.rvm/rubies/ruby-2.4.1/bin:/usr/local/bin:/usr/bin:/bin:/usr/sbin:/sbin:[...]/.rvm/bin"
    /usr/bin/ditto -rsrc [...]/Library/Developer/Xcode/DerivedData/SDG-cwiewwnchebhjsfduxoodfjoykqz/Build/Intermediates.noindex/SDG.build/Debug-iphoneos/Dependency.build/Objects-normal/arm64/Dependency.swiftdoc [...]/Library/Developer/Xcode/DerivedData/SDG-cwiewwnchebhjsfduxoodfjoykqz/Build/Products/Debug-iphoneos/Dependency.framework/Modules/Dependency.swiftmodule/arm64.swiftdoc

Ld [...]/Library/Developer/Xcode/DerivedData/SDG-cwiewwnchebhjsfduxoodfjoykqz/Build/Products/Debug-iphoneos/Dependency.framework/Dependency normal arm64
    cd "[...]/Tests/Mock Projects/After/SDGLibrary"
    export IPHONEOS_DEPLOYMENT_TARGET=11.2
    export PATH="/Applications/Xcode.app/Contents/Developer/Platforms/iPhoneOS.platform/Developer/usr/bin:/Applications/Xcode.app/Contents/Developer/usr/bin:[...]/.SDG/Registry:[...]/.rvm/gems/ruby-2.4.1/bin:[...]/.rvm/gems/ruby-2.4.1@global/bin:[...]/.rvm/rubies/ruby-2.4.1/bin:/usr/local/bin:/usr/bin:/bin:/usr/sbin:/sbin:[...]/.rvm/bin"
    /Applications/Xcode.app/Contents/Developer/Toolchains/XcodeDefault.xctoolchain/usr/bin/clang -arch arm64 -dynamiclib -isysroot /Applications/Xcode.app/Contents/Developer/Platforms/iPhoneOS.platform/Developer/SDKs/iPhoneOS11.2.sdk -L[...]/Library/Developer/Xcode/DerivedData/SDG-cwiewwnchebhjsfduxoodfjoykqz/Build/Products/Debug-iphoneos -F[...]/Library/Developer/Xcode/DerivedData/SDG-cwiewwnchebhjsfduxoodfjoykqz/Build/Products/Debug-iphoneos -F/Applications/Xcode.app/Contents/Developer/Platforms/iPhoneOS.platform/Developer/Library/Frameworks -filelist [...]/Library/Developer/Xcode/DerivedData/SDG-cwiewwnchebhjsfduxoodfjoykqz/Build/Intermediates.noindex/SDG.build/Debug-iphoneos/Dependency.build/Objects-normal/arm64/Dependency.LinkFileList -install_name @rpath/Dependency.framework/Dependency -Xlinker -rpath -Xlinker /Applications/Xcode.app/Contents/Developer/Toolchains/XcodeDefault.xctoolchain/usr/lib/swift/macosx -miphoneos-version-min=11.2 -dead_strip -Xlinker -object_path_lto -Xlinker [...]/Library/Developer/Xcode/DerivedData/SDG-cwiewwnchebhjsfduxoodfjoykqz/Build/Intermediates.noindex/SDG.build/Debug-iphoneos/Dependency.build/Objects-normal/arm64/Dependency_lto.o -Xlinker -export_dynamic -Xlinker -no_deduplicate -fembed-bitcode-marker -fobjc-link-runtime -fprofile-instr-generate -L/Applications/Xcode.app/Contents/Developer/Toolchains/XcodeDefault.xctoolchain/usr/lib/swift/iphoneos -Xlinker -add_ast_path -Xlinker [...]/Library/Developer/Xcode/DerivedData/SDG-cwiewwnchebhjsfduxoodfjoykqz/Build/Intermediates.noindex/SDG.build/Debug-iphoneos/Dependency.build/Objects-normal/arm64/Dependency.swiftmodule -single_module -Xlinker -dependency_info -Xlinker [...]/Library/Developer/Xcode/DerivedData/SDG-cwiewwnchebhjsfduxoodfjoykqz/Build/Intermediates.noindex/SDG.build/Debug-iphoneos/Dependency.build/Objects-normal/arm64/Dependency_dependency_info.dat -o [...]/Library/Developer/Xcode/DerivedData/SDG-cwiewwnchebhjsfduxoodfjoykqz/Build/Products/Debug-iphoneos/Dependency.framework/Dependency

Ditto [...]/Library/Developer/Xcode/DerivedData/SDG-cwiewwnchebhjsfduxoodfjoykqz/Build/Products/Debug-iphoneos/Dependency.framework/Modules/Dependency.swiftmodule/arm64.swiftmodule [...]/Library/Developer/Xcode/DerivedData/SDG-cwiewwnchebhjsfduxoodfjoykqz/Build/Intermediates.noindex/SDG.build/Debug-iphoneos/Dependency.build/Objects-normal/arm64/Dependency.swiftmodule
    cd "[...]/Tests/Mock Projects/After/SDGLibrary"
    export PATH="/Applications/Xcode.app/Contents/Developer/Platforms/iPhoneOS.platform/Developer/usr/bin:/Applications/Xcode.app/Contents/Developer/usr/bin:[...]/.SDG/Registry:[...]/.rvm/gems/ruby-2.4.1/bin:[...]/.rvm/gems/ruby-2.4.1@global/bin:[...]/.rvm/rubies/ruby-2.4.1/bin:/usr/local/bin:/usr/bin:/bin:/usr/sbin:/sbin:[...]/.rvm/bin"
    /usr/bin/ditto -rsrc [...]/Library/Developer/Xcode/DerivedData/SDG-cwiewwnchebhjsfduxoodfjoykqz/Build/Intermediates.noindex/SDG.build/Debug-iphoneos/Dependency.build/Objects-normal/arm64/Dependency.swiftmodule [...]/Library/Developer/Xcode/DerivedData/SDG-cwiewwnchebhjsfduxoodfjoykqz/Build/Products/Debug-iphoneos/Dependency.framework/Modules/Dependency.swiftmodule/arm64.swiftmodule

Ditto [...]/Library/Developer/Xcode/DerivedData/SDG-cwiewwnchebhjsfduxoodfjoykqz/Build/Intermediates.noindex/SDG.build/Debug-iphoneos/Dependency.build/module.modulemap [...]/Library/Developer/Xcode/DerivedData/SDG-cwiewwnchebhjsfduxoodfjoykqz/Build/Products/Debug-iphoneos/Dependency.framework/Modules/module.modulemap
    cd "[...]/Tests/Mock Projects/After/SDGLibrary"
    export PATH="/Applications/Xcode.app/Contents/Developer/Platforms/iPhoneOS.platform/Developer/usr/bin:/Applications/Xcode.app/Contents/Developer/usr/bin:[...]/.SDG/Registry:[...]/.rvm/gems/ruby-2.4.1/bin:[...]/.rvm/gems/ruby-2.4.1@global/bin:[...]/.rvm/rubies/ruby-2.4.1/bin:/usr/local/bin:/usr/bin:/bin:/usr/sbin:/sbin:[...]/.rvm/bin"
    builtin-copy -exclude .DS_Store -exclude CVS -exclude .svn -exclude .git -exclude .hg -resolve-src-symlinks [...]/Library/Developer/Xcode/DerivedData/SDG-cwiewwnchebhjsfduxoodfjoykqz/Build/Intermediates.noindex/SDG.build/Debug-iphoneos/Dependency.build/module.modulemap [...]/Library/Developer/Xcode/DerivedData/SDG-cwiewwnchebhjsfduxoodfjoykqz/Build/Products/Debug-iphoneos/Dependency.framework/Modules

Touch [...]/Library/Developer/Xcode/DerivedData/SDG-cwiewwnchebhjsfduxoodfjoykqz/Build/Products/Debug-iphoneos/Dependency.framework
    cd "[...]/Tests/Mock Projects/After/SDGLibrary"
    export PATH="/Applications/Xcode.app/Contents/Developer/Platforms/iPhoneOS.platform/Developer/usr/bin:/Applications/Xcode.app/Contents/Developer/usr/bin:[...]/.SDG/Registry:[...]/.rvm/gems/ruby-2.4.1/bin:[...]/.rvm/gems/ruby-2.4.1@global/bin:[...]/.rvm/rubies/ruby-2.4.1/bin:/usr/local/bin:/usr/bin:/bin:/usr/sbin:/sbin:[...]/.rvm/bin"
    /usr/bin/touch -c [...]/Library/Developer/Xcode/DerivedData/SDG-cwiewwnchebhjsfduxoodfjoykqz/Build/Products/Debug-iphoneos/Dependency.framework

=== BUILD TARGET Library OF PROJECT SDG WITH CONFIGURATION Debug ===

Check dependencies

Write auxiliary files
/bin/mkdir -p [...]/Library/Developer/Xcode/DerivedData/SDG-cwiewwnchebhjsfduxoodfjoykqz/Build/Intermediates.noindex/SDG.build/Debug-iphoneos/Library.build/Objects-normal/arm64
write-file [...]/Library/Developer/Xcode/DerivedData/SDG-cwiewwnchebhjsfduxoodfjoykqz/Build/Intermediates.noindex/SDG.build/Debug-iphoneos/Library.build/Objects-normal/arm64/Library.LinkFileList
write-file [...]/Library/Developer/Xcode/DerivedData/SDG-cwiewwnchebhjsfduxoodfjoykqz/Build/Intermediates.noindex/SDG.build/Debug-iphoneos/Library.build/module.modulemap
write-file [...]/Library/Developer/Xcode/DerivedData/SDG-cwiewwnchebhjsfduxoodfjoykqz/Build/Intermediates.noindex/SDG.build/Debug-iphoneos/Library.build/Objects-normal/arm64/Library-OutputFileMap.json
write-file [...]/Library/Developer/Xcode/DerivedData/SDG-cwiewwnchebhjsfduxoodfjoykqz/Build/Intermediates.noindex/SDG.build/Debug-iphoneos/Library.build/swift-overrides.hmap

Create product structure
/bin/mkdir -p [...]/Library/Developer/Xcode/DerivedData/SDG-cwiewwnchebhjsfduxoodfjoykqz/Build/Products/Debug-iphoneos/Library.framework/Modules
/bin/mkdir -p [...]/Library/Developer/Xcode/DerivedData/SDG-cwiewwnchebhjsfduxoodfjoykqz/Build/Products/Debug-iphoneos/Library.framework/Headers

ProcessInfoPlistFile [...]/Library/Developer/Xcode/DerivedData/SDG-cwiewwnchebhjsfduxoodfjoykqz/Build/Products/Debug-iphoneos/Library.framework/Info.plist SDG.xcodeproj/Library_Info.plist
    cd "[...]/Tests/Mock Projects/After/SDGLibrary"
    export PATH="/Applications/Xcode.app/Contents/Developer/Platforms/iPhoneOS.platform/Developer/usr/bin:/Applications/Xcode.app/Contents/Developer/usr/bin:[...]/.SDG/Registry:[...]/.rvm/gems/ruby-2.4.1/bin:[...]/.rvm/gems/ruby-2.4.1@global/bin:[...]/.rvm/rubies/ruby-2.4.1/bin:/usr/local/bin:/usr/bin:/bin:/usr/sbin:/sbin:[...]/.rvm/bin"
    builtin-infoPlistUtility [...]/Tests/Mock\ Projects/After/SDGLibrary/SDG.xcodeproj/Library_Info.plist -expandbuildsettings -format binary -platform iphoneos -requiredArchitecture arm64 -o [...]/Library/Developer/Xcode/DerivedData/SDG-cwiewwnchebhjsfduxoodfjoykqz/Build/Products/Debug-iphoneos/Library.framework/Info.plist

CompileSwiftSources normal arm64 com.apple.xcode.tools.swift.compiler
    cd "[...]/Tests/Mock Projects/After/SDGLibrary"
    export DEVELOPER_DIR=/Applications/Xcode.app/Contents/Developer
    export PATH="/Applications/Xcode.app/Contents/Developer/Platforms/iPhoneOS.platform/Developer/usr/bin:/Applications/Xcode.app/Contents/Developer/usr/bin:[...]/.SDG/Registry:[...]/.rvm/gems/ruby-2.4.1/bin:[...]/.rvm/gems/ruby-2.4.1@global/bin:[...]/.rvm/rubies/ruby-2.4.1/bin:/usr/local/bin:/usr/bin:/bin:/usr/sbin:/sbin:[...]/.rvm/bin"
    export SDKROOT=/Applications/Xcode.app/Contents/Developer/Platforms/iPhoneOS.platform/Developer/SDKs/iPhoneOS11.2.sdk
    /Applications/Xcode.app/Contents/Developer/Toolchains/XcodeDefault.xctoolchain/usr/bin/swiftc -incremental -module-name Library -Onone -enforce-exclusivity=checked -DSWIFT_PACKAGE -DXcode -sdk /Applications/Xcode.app/Contents/Developer/Platforms/iPhoneOS.platform/Developer/SDKs/iPhoneOS11.2.sdk -target arm64-apple-ios11.2 -g -module-cache-path [...]/Library/Developer/Xcode/DerivedData/ModuleCache -Xfrontend -serialize-debugging-options -profile-coverage-mapping -profile-generate -embed-bitcode-marker -enable-testing -index-store-path [...]/Library/Developer/Xcode/DerivedData/SDG-cwiewwnchebhjsfduxoodfjoykqz/Index/DataStore -Xfrontend -report-errors-to-debugger -swift-version 4 -I [...]/Library/Developer/Xcode/DerivedData/SDG-cwiewwnchebhjsfduxoodfjoykqz/Build/Products/Debug-iphoneos -F [...]/Library/Developer/Xcode/DerivedData/SDG-cwiewwnchebhjsfduxoodfjoykqz/Build/Products/Debug-iphoneos -F /Applications/Xcode.app/Contents/Developer/Platforms/iPhoneOS.platform/Developer/Library/Frameworks -c -j4 [...]/Tests/Mock\ Projects/After/SDGLibrary/Sources/Library/Resources.swift [...]/Tests/Mock\ Projects/After/SDGLibrary/Sources/Library/SDG.swift -output-file-map [...]/Library/Developer/Xcode/DerivedData/SDG-cwiewwnchebhjsfduxoodfjoykqz/Build/Intermediates.noindex/SDG.build/Debug-iphoneos/Library.build/Objects-normal/arm64/Library-OutputFileMap.json -parseable-output -serialize-diagnostics -emit-dependencies -emit-module -emit-module-path [...]/Library/Developer/Xcode/DerivedData/SDG-cwiewwnchebhjsfduxoodfjoykqz/Build/Intermediates.noindex/SDG.build/Debug-iphoneos/Library.build/Objects-normal/arm64/Library.swiftmodule -Xcc -I[...]/Library/Developer/Xcode/DerivedData/SDG-cwiewwnchebhjsfduxoodfjoykqz/Build/Intermediates.noindex/SDG.build/Debug-iphoneos/Library.build/swift-overrides.hmap -Xcc -I[...]/Library/Developer/Xcode/DerivedData/SDG-cwiewwnchebhjsfduxoodfjoykqz/Build/Products/Debug-iphoneos/include -Xcc -I[...]/Library/Developer/Xcode/DerivedData/SDG-cwiewwnchebhjsfduxoodfjoykqz/Build/Intermediates.noindex/SDG.build/Debug-iphoneos/Library.build/DerivedSources/arm64 -Xcc -I[...]/Library/Developer/Xcode/DerivedData/SDG-cwiewwnchebhjsfduxoodfjoykqz/Build/Intermediates.noindex/SDG.build/Debug-iphoneos/Library.build/DerivedSources -emit-objc-header -emit-objc-header-path [...]/Library/Developer/Xcode/DerivedData/SDG-cwiewwnchebhjsfduxoodfjoykqz/Build/Intermediates.noindex/SDG.build/Debug-iphoneos/Library.build/Objects-normal/arm64/Library-Swift.h -Xcc -working-directory[...]/Tests/Mock\ Projects/After/SDGLibrary

CompileSwift normal arm64 [...]/Tests/Mock Projects/After/SDGLibrary/Sources/Library/Resources.swift
    cd [...]/Tests/Mock Projects/After/SDGLibrary
    /Applications/Xcode.app/Contents/Developer/Toolchains/XcodeDefault.xctoolchain/usr/bin/swift -frontend -c -primary-file "[...]/Tests/Mock Projects/After/SDGLibrary/Sources/Library/Resources.swift" "[...]/Tests/Mock Projects/After/SDGLibrary/Sources/Library/SDG.swift" -target arm64-apple-ios11.2 -Xllvm -aarch64-use-tbi -enable-objc-interop -sdk /Applications/Xcode.app/Contents/Developer/Platforms/iPhoneOS.platform/Developer/SDKs/iPhoneOS11.2.sdk -I [...]/Library/Developer/Xcode/DerivedData/SDG-cwiewwnchebhjsfduxoodfjoykqz/Build/Products/Debug-iphoneos -F [...]/Library/Developer/Xcode/DerivedData/SDG-cwiewwnchebhjsfduxoodfjoykqz/Build/Products/Debug-iphoneos -F /Applications/Xcode.app/Contents/Developer/Platforms/iPhoneOS.platform/Developer/Library/Frameworks -enable-testing -g -module-cache-path [...]/Library/Developer/Xcode/DerivedData/ModuleCache -profile-generate -profile-coverage-mapping -swift-version 4 -enforce-exclusivity=checked -D SWIFT_PACKAGE -D Xcode -serialize-debugging-options -report-errors-to-debugger -Xcc -I[...]/Library/Developer/Xcode/DerivedData/SDG-cwiewwnchebhjsfduxoodfjoykqz/Build/Intermediates.noindex/SDG.build/Debug-iphoneos/Library.build/swift-overrides.hmap -Xcc -I[...]/Library/Developer/Xcode/DerivedData/SDG-cwiewwnchebhjsfduxoodfjoykqz/Build/Products/Debug-iphoneos/include -Xcc -I[...]/Library/Developer/Xcode/DerivedData/SDG-cwiewwnchebhjsfduxoodfjoykqz/Build/Intermediates.noindex/SDG.build/Debug-iphoneos/Library.build/DerivedSources/arm64 -Xcc -I[...]/Library/Developer/Xcode/DerivedData/SDG-cwiewwnchebhjsfduxoodfjoykqz/Build/Intermediates.noindex/SDG.build/Debug-iphoneos/Library.build/DerivedSources -Xcc "-working-directory[...]/Tests/Mock Projects/After/SDGLibrary" -emit-module-doc-path [...]/Library/Developer/Xcode/DerivedData/SDG-cwiewwnchebhjsfduxoodfjoykqz/Build/Intermediates.noindex/SDG.build/Debug-iphoneos/Library.build/Objects-normal/arm64/Resources~partial.swiftdoc -serialize-diagnostics-path [...]/Library/Developer/Xcode/DerivedData/SDG-cwiewwnchebhjsfduxoodfjoykqz/Build/Intermediates.noindex/SDG.build/Debug-iphoneos/Library.build/Objects-normal/arm64/Resources.dia -Onone -module-name Library -emit-module-path [...]/Library/Developer/Xcode/DerivedData/SDG-cwiewwnchebhjsfduxoodfjoykqz/Build/Intermediates.noindex/SDG.build/Debug-iphoneos/Library.build/Objects-normal/arm64/Resources~partial.swiftmodule -emit-dependencies-path [...]/Library/Developer/Xcode/DerivedData/SDG-cwiewwnchebhjsfduxoodfjoykqz/Build/Intermediates.noindex/SDG.build/Debug-iphoneos/Library.build/Objects-normal/arm64/Resources.d -emit-reference-dependencies-path [...]/Library/Developer/Xcode/DerivedData/SDG-cwiewwnchebhjsfduxoodfjoykqz/Build/Intermediates.noindex/SDG.build/Debug-iphoneos/Library.build/Objects-normal/arm64/Resources.swiftdeps -o [...]/Library/Developer/Xcode/DerivedData/SDG-cwiewwnchebhjsfduxoodfjoykqz/Build/Intermediates.noindex/SDG.build/Debug-iphoneos/Library.build/Objects-normal/arm64/Resources.o -embed-bitcode-marker -index-store-path [...]/Library/Developer/Xcode/DerivedData/SDG-cwiewwnchebhjsfduxoodfjoykqz/Index/DataStore -index-system-modules

CompileSwift normal arm64 [...]/Tests/Mock Projects/After/SDGLibrary/Sources/Library/SDG.swift
    cd [...]/Tests/Mock Projects/After/SDGLibrary
    /Applications/Xcode.app/Contents/Developer/Toolchains/XcodeDefault.xctoolchain/usr/bin/swift -frontend -c "[...]/Tests/Mock Projects/After/SDGLibrary/Sources/Library/Resources.swift" -primary-file "[...]/Tests/Mock Projects/After/SDGLibrary/Sources/Library/SDG.swift" -target arm64-apple-ios11.2 -Xllvm -aarch64-use-tbi -enable-objc-interop -sdk /Applications/Xcode.app/Contents/Developer/Platforms/iPhoneOS.platform/Developer/SDKs/iPhoneOS11.2.sdk -I [...]/Library/Developer/Xcode/DerivedData/SDG-cwiewwnchebhjsfduxoodfjoykqz/Build/Products/Debug-iphoneos -F [...]/Library/Developer/Xcode/DerivedData/SDG-cwiewwnchebhjsfduxoodfjoykqz/Build/Products/Debug-iphoneos -F /Applications/Xcode.app/Contents/Developer/Platforms/iPhoneOS.platform/Developer/Library/Frameworks -enable-testing -g -module-cache-path [...]/Library/Developer/Xcode/DerivedData/ModuleCache -profile-generate -profile-coverage-mapping -swift-version 4 -enforce-exclusivity=checked -D SWIFT_PACKAGE -D Xcode -serialize-debugging-options -report-errors-to-debugger -Xcc -I[...]/Library/Developer/Xcode/DerivedData/SDG-cwiewwnchebhjsfduxoodfjoykqz/Build/Intermediates.noindex/SDG.build/Debug-iphoneos/Library.build/swift-overrides.hmap -Xcc -I[...]/Library/Developer/Xcode/DerivedData/SDG-cwiewwnchebhjsfduxoodfjoykqz/Build/Products/Debug-iphoneos/include -Xcc -I[...]/Library/Developer/Xcode/DerivedData/SDG-cwiewwnchebhjsfduxoodfjoykqz/Build/Intermediates.noindex/SDG.build/Debug-iphoneos/Library.build/DerivedSources/arm64 -Xcc -I[...]/Library/Developer/Xcode/DerivedData/SDG-cwiewwnchebhjsfduxoodfjoykqz/Build/Intermediates.noindex/SDG.build/Debug-iphoneos/Library.build/DerivedSources -Xcc "-working-directory[...]/Tests/Mock Projects/After/SDGLibrary" -emit-module-doc-path [...]/Library/Developer/Xcode/DerivedData/SDG-cwiewwnchebhjsfduxoodfjoykqz/Build/Intermediates.noindex/SDG.build/Debug-iphoneos/Library.build/Objects-normal/arm64/SDG~partial.swiftdoc -serialize-diagnostics-path [...]/Library/Developer/Xcode/DerivedData/SDG-cwiewwnchebhjsfduxoodfjoykqz/Build/Intermediates.noindex/SDG.build/Debug-iphoneos/Library.build/Objects-normal/arm64/SDG.dia -Onone -module-name Library -emit-module-path [...]/Library/Developer/Xcode/DerivedData/SDG-cwiewwnchebhjsfduxoodfjoykqz/Build/Intermediates.noindex/SDG.build/Debug-iphoneos/Library.build/Objects-normal/arm64/SDG~partial.swiftmodule -emit-dependencies-path [...]/Library/Developer/Xcode/DerivedData/SDG-cwiewwnchebhjsfduxoodfjoykqz/Build/Intermediates.noindex/SDG.build/Debug-iphoneos/Library.build/Objects-normal/arm64/SDG.d -emit-reference-dependencies-path [...]/Library/Developer/Xcode/DerivedData/SDG-cwiewwnchebhjsfduxoodfjoykqz/Build/Intermediates.noindex/SDG.build/Debug-iphoneos/Library.build/Objects-normal/arm64/SDG.swiftdeps -o [...]/Library/Developer/Xcode/DerivedData/SDG-cwiewwnchebhjsfduxoodfjoykqz/Build/Intermediates.noindex/SDG.build/Debug-iphoneos/Library.build/Objects-normal/arm64/SDG.o -embed-bitcode-marker -index-store-path [...]/Library/Developer/Xcode/DerivedData/SDG-cwiewwnchebhjsfduxoodfjoykqz/Index/DataStore -index-system-modules

MergeSwiftModule normal arm64 [...]/Library/Developer/Xcode/DerivedData/SDG-cwiewwnchebhjsfduxoodfjoykqz/Build/Intermediates.noindex/SDG.build/Debug-iphoneos/Library.build/Objects-normal/arm64/Library.swiftmodule
    cd [...]/Tests/Mock Projects/After/SDGLibrary
    /Applications/Xcode.app/Contents/Developer/Toolchains/XcodeDefault.xctoolchain/usr/bin/swift -frontend -emit-module [...]/Library/Developer/Xcode/DerivedData/SDG-cwiewwnchebhjsfduxoodfjoykqz/Build/Intermediates.noindex/SDG.build/Debug-iphoneos/Library.build/Objects-normal/arm64/Resources~partial.swiftmodule [...]/Library/Developer/Xcode/DerivedData/SDG-cwiewwnchebhjsfduxoodfjoykqz/Build/Intermediates.noindex/SDG.build/Debug-iphoneos/Library.build/Objects-normal/arm64/SDG~partial.swiftmodule -parse-as-library -target arm64-apple-ios11.2 -Xllvm -aarch64-use-tbi -enable-objc-interop -sdk /Applications/Xcode.app/Contents/Developer/Platforms/iPhoneOS.platform/Developer/SDKs/iPhoneOS11.2.sdk -I [...]/Library/Developer/Xcode/DerivedData/SDG-cwiewwnchebhjsfduxoodfjoykqz/Build/Products/Debug-iphoneos -F [...]/Library/Developer/Xcode/DerivedData/SDG-cwiewwnchebhjsfduxoodfjoykqz/Build/Products/Debug-iphoneos -F /Applications/Xcode.app/Contents/Developer/Platforms/iPhoneOS.platform/Developer/Library/Frameworks -enable-testing -g -module-cache-path [...]/Library/Developer/Xcode/DerivedData/ModuleCache -profile-generate -profile-coverage-mapping -swift-version 4 -enforce-exclusivity=checked -D SWIFT_PACKAGE -D Xcode -serialize-debugging-options -report-errors-to-debugger -Xcc -I[...]/Library/Developer/Xcode/DerivedData/SDG-cwiewwnchebhjsfduxoodfjoykqz/Build/Intermediates.noindex/SDG.build/Debug-iphoneos/Library.build/swift-overrides.hmap -Xcc -I[...]/Library/Developer/Xcode/DerivedData/SDG-cwiewwnchebhjsfduxoodfjoykqz/Build/Products/Debug-iphoneos/include -Xcc -I[...]/Library/Developer/Xcode/DerivedData/SDG-cwiewwnchebhjsfduxoodfjoykqz/Build/Intermediates.noindex/SDG.build/Debug-iphoneos/Library.build/DerivedSources/arm64 -Xcc -I[...]/Library/Developer/Xcode/DerivedData/SDG-cwiewwnchebhjsfduxoodfjoykqz/Build/Intermediates.noindex/SDG.build/Debug-iphoneos/Library.build/DerivedSources -Xcc "-working-directory[...]/Tests/Mock Projects/After/SDGLibrary" -emit-module-doc-path [...]/Library/Developer/Xcode/DerivedData/SDG-cwiewwnchebhjsfduxoodfjoykqz/Build/Intermediates.noindex/SDG.build/Debug-iphoneos/Library.build/Objects-normal/arm64/Library.swiftdoc -module-name Library -emit-objc-header-path [...]/Library/Developer/Xcode/DerivedData/SDG-cwiewwnchebhjsfduxoodfjoykqz/Build/Intermediates.noindex/SDG.build/Debug-iphoneos/Library.build/Objects-normal/arm64/Library-Swift.h -o [...]/Library/Developer/Xcode/DerivedData/SDG-cwiewwnchebhjsfduxoodfjoykqz/Build/Intermediates.noindex/SDG.build/Debug-iphoneos/Library.build/Objects-normal/arm64/Library.swiftmodule

Ditto [...]/Library/Developer/Xcode/DerivedData/SDG-cwiewwnchebhjsfduxoodfjoykqz/Build/Products/Debug-iphoneos/Library.framework/Headers/Library-Swift.h [...]/Library/Developer/Xcode/DerivedData/SDG-cwiewwnchebhjsfduxoodfjoykqz/Build/Intermediates.noindex/SDG.build/Debug-iphoneos/Library.build/Objects-normal/arm64/Library-Swift.h
    cd "[...]/Tests/Mock Projects/After/SDGLibrary"
    export PATH="/Applications/Xcode.app/Contents/Developer/Platforms/iPhoneOS.platform/Developer/usr/bin:/Applications/Xcode.app/Contents/Developer/usr/bin:[...]/.SDG/Registry:[...]/.rvm/gems/ruby-2.4.1/bin:[...]/.rvm/gems/ruby-2.4.1@global/bin:[...]/.rvm/rubies/ruby-2.4.1/bin:/usr/local/bin:/usr/bin:/bin:/usr/sbin:/sbin:[...]/.rvm/bin"
    /usr/bin/ditto -rsrc [...]/Library/Developer/Xcode/DerivedData/SDG-cwiewwnchebhjsfduxoodfjoykqz/Build/Intermediates.noindex/SDG.build/Debug-iphoneos/Library.build/Objects-normal/arm64/Library-Swift.h [...]/Library/Developer/Xcode/DerivedData/SDG-cwiewwnchebhjsfduxoodfjoykqz/Build/Products/Debug-iphoneos/Library.framework/Headers/Library-Swift.h

Ld [...]/Library/Developer/Xcode/DerivedData/SDG-cwiewwnchebhjsfduxoodfjoykqz/Build/Products/Debug-iphoneos/Library.framework/Library normal arm64
    cd "[...]/Tests/Mock Projects/After/SDGLibrary"
    export IPHONEOS_DEPLOYMENT_TARGET=11.2
    export PATH="/Applications/Xcode.app/Contents/Developer/Platforms/iPhoneOS.platform/Developer/usr/bin:/Applications/Xcode.app/Contents/Developer/usr/bin:[...]/.SDG/Registry:[...]/.rvm/gems/ruby-2.4.1/bin:[...]/.rvm/gems/ruby-2.4.1@global/bin:[...]/.rvm/rubies/ruby-2.4.1/bin:/usr/local/bin:/usr/bin:/bin:/usr/sbin:/sbin:[...]/.rvm/bin"
    /Applications/Xcode.app/Contents/Developer/Toolchains/XcodeDefault.xctoolchain/usr/bin/clang -arch arm64 -dynamiclib -isysroot /Applications/Xcode.app/Contents/Developer/Platforms/iPhoneOS.platform/Developer/SDKs/iPhoneOS11.2.sdk -L[...]/Library/Developer/Xcode/DerivedData/SDG-cwiewwnchebhjsfduxoodfjoykqz/Build/Products/Debug-iphoneos -F[...]/Library/Developer/Xcode/DerivedData/SDG-cwiewwnchebhjsfduxoodfjoykqz/Build/Products/Debug-iphoneos -F/Applications/Xcode.app/Contents/Developer/Platforms/iPhoneOS.platform/Developer/Library/Frameworks -filelist [...]/Library/Developer/Xcode/DerivedData/SDG-cwiewwnchebhjsfduxoodfjoykqz/Build/Intermediates.noindex/SDG.build/Debug-iphoneos/Library.build/Objects-normal/arm64/Library.LinkFileList -install_name @rpath/Library.framework/Library -Xlinker -rpath -Xlinker /Applications/Xcode.app/Contents/Developer/Toolchains/XcodeDefault.xctoolchain/usr/lib/swift/macosx -miphoneos-version-min=11.2 -dead_strip -Xlinker -object_path_lto -Xlinker [...]/Library/Developer/Xcode/DerivedData/SDG-cwiewwnchebhjsfduxoodfjoykqz/Build/Intermediates.noindex/SDG.build/Debug-iphoneos/Library.build/Objects-normal/arm64/Library_lto.o -Xlinker -export_dynamic -Xlinker -no_deduplicate -fembed-bitcode-marker -fobjc-link-runtime -fprofile-instr-generate -L/Applications/Xcode.app/Contents/Developer/Toolchains/XcodeDefault.xctoolchain/usr/lib/swift/iphoneos -Xlinker -add_ast_path -Xlinker [...]/Library/Developer/Xcode/DerivedData/SDG-cwiewwnchebhjsfduxoodfjoykqz/Build/Intermediates.noindex/SDG.build/Debug-iphoneos/Library.build/Objects-normal/arm64/Library.swiftmodule -framework Dependency -single_module -Xlinker -dependency_info -Xlinker [...]/Library/Developer/Xcode/DerivedData/SDG-cwiewwnchebhjsfduxoodfjoykqz/Build/Intermediates.noindex/SDG.build/Debug-iphoneos/Library.build/Objects-normal/arm64/Library_dependency_info.dat -o [...]/Library/Developer/Xcode/DerivedData/SDG-cwiewwnchebhjsfduxoodfjoykqz/Build/Products/Debug-iphoneos/Library.framework/Library

Ditto [...]/Library/Developer/Xcode/DerivedData/SDG-cwiewwnchebhjsfduxoodfjoykqz/Build/Products/Debug-iphoneos/Library.framework/Modules/Library.swiftmodule/arm64.swiftmodule [...]/Library/Developer/Xcode/DerivedData/SDG-cwiewwnchebhjsfduxoodfjoykqz/Build/Intermediates.noindex/SDG.build/Debug-iphoneos/Library.build/Objects-normal/arm64/Library.swiftmodule
    cd "[...]/Tests/Mock Projects/After/SDGLibrary"
    export PATH="/Applications/Xcode.app/Contents/Developer/Platforms/iPhoneOS.platform/Developer/usr/bin:/Applications/Xcode.app/Contents/Developer/usr/bin:[...]/.SDG/Registry:[...]/.rvm/gems/ruby-2.4.1/bin:[...]/.rvm/gems/ruby-2.4.1@global/bin:[...]/.rvm/rubies/ruby-2.4.1/bin:/usr/local/bin:/usr/bin:/bin:/usr/sbin:/sbin:[...]/.rvm/bin"
    /usr/bin/ditto -rsrc [...]/Library/Developer/Xcode/DerivedData/SDG-cwiewwnchebhjsfduxoodfjoykqz/Build/Intermediates.noindex/SDG.build/Debug-iphoneos/Library.build/Objects-normal/arm64/Library.swiftmodule [...]/Library/Developer/Xcode/DerivedData/SDG-cwiewwnchebhjsfduxoodfjoykqz/Build/Products/Debug-iphoneos/Library.framework/Modules/Library.swiftmodule/arm64.swiftmodule

Ditto [...]/Library/Developer/Xcode/DerivedData/SDG-cwiewwnchebhjsfduxoodfjoykqz/Build/Products/Debug-iphoneos/Library.framework/Modules/Library.swiftmodule/arm64.swiftdoc [...]/Library/Developer/Xcode/DerivedData/SDG-cwiewwnchebhjsfduxoodfjoykqz/Build/Intermediates.noindex/SDG.build/Debug-iphoneos/Library.build/Objects-normal/arm64/Library.swiftdoc
    cd "[...]/Tests/Mock Projects/After/SDGLibrary"
    export PATH="/Applications/Xcode.app/Contents/Developer/Platforms/iPhoneOS.platform/Developer/usr/bin:/Applications/Xcode.app/Contents/Developer/usr/bin:[...]/.SDG/Registry:[...]/.rvm/gems/ruby-2.4.1/bin:[...]/.rvm/gems/ruby-2.4.1@global/bin:[...]/.rvm/rubies/ruby-2.4.1/bin:/usr/local/bin:/usr/bin:/bin:/usr/sbin:/sbin:[...]/.rvm/bin"
    /usr/bin/ditto -rsrc [...]/Library/Developer/Xcode/DerivedData/SDG-cwiewwnchebhjsfduxoodfjoykqz/Build/Intermediates.noindex/SDG.build/Debug-iphoneos/Library.build/Objects-normal/arm64/Library.swiftdoc [...]/Library/Developer/Xcode/DerivedData/SDG-cwiewwnchebhjsfduxoodfjoykqz/Build/Products/Debug-iphoneos/Library.framework/Modules/Library.swiftmodule/arm64.swiftdoc

Ditto [...]/Library/Developer/Xcode/DerivedData/SDG-cwiewwnchebhjsfduxoodfjoykqz/Build/Intermediates.noindex/SDG.build/Debug-iphoneos/Library.build/module.modulemap [...]/Library/Developer/Xcode/DerivedData/SDG-cwiewwnchebhjsfduxoodfjoykqz/Build/Products/Debug-iphoneos/Library.framework/Modules/module.modulemap
    cd "[...]/Tests/Mock Projects/After/SDGLibrary"
    export PATH="/Applications/Xcode.app/Contents/Developer/Platforms/iPhoneOS.platform/Developer/usr/bin:/Applications/Xcode.app/Contents/Developer/usr/bin:[...]/.SDG/Registry:[...]/.rvm/gems/ruby-2.4.1/bin:[...]/.rvm/gems/ruby-2.4.1@global/bin:[...]/.rvm/rubies/ruby-2.4.1/bin:/usr/local/bin:/usr/bin:/bin:/usr/sbin:/sbin:[...]/.rvm/bin"
    builtin-copy -exclude .DS_Store -exclude CVS -exclude .svn -exclude .git -exclude .hg -resolve-src-symlinks [...]/Library/Developer/Xcode/DerivedData/SDG-cwiewwnchebhjsfduxoodfjoykqz/Build/Intermediates.noindex/SDG.build/Debug-iphoneos/Library.build/module.modulemap [...]/Library/Developer/Xcode/DerivedData/SDG-cwiewwnchebhjsfduxoodfjoykqz/Build/Products/Debug-iphoneos/Library.framework/Modules

Touch [...]/Library/Developer/Xcode/DerivedData/SDG-cwiewwnchebhjsfduxoodfjoykqz/Build/Products/Debug-iphoneos/Library.framework
    cd "[...]/Tests/Mock Projects/After/SDGLibrary"
    export PATH="/Applications/Xcode.app/Contents/Developer/Platforms/iPhoneOS.platform/Developer/usr/bin:/Applications/Xcode.app/Contents/Developer/usr/bin:[...]/.SDG/Registry:[...]/.rvm/gems/ruby-2.4.1/bin:[...]/.rvm/gems/ruby-2.4.1@global/bin:[...]/.rvm/rubies/ruby-2.4.1/bin:/usr/local/bin:/usr/bin:/bin:/usr/sbin:/sbin:[...]/.rvm/bin"
    /usr/bin/touch -c [...]/Library/Developer/Xcode/DerivedData/SDG-cwiewwnchebhjsfduxoodfjoykqz/Build/Products/Debug-iphoneos/Library.framework

** BUILD SUCCEEDED **



Checking build for watchOS... (¬ß4)


$ xcodebuild build -sdk watchos -scheme SDG-Package
Build settings from command line:
    SDKROOT = watchos4.2

=== BUILD TARGET Dependency OF PROJECT SDG WITH CONFIGURATION Debug ===

Check dependencies
Dependency will not be code signed because its settings don't specify a development team.

Write auxiliary files
/bin/mkdir -p [...]/Library/Developer/Xcode/DerivedData/SDG-cwiewwnchebhjsfduxoodfjoykqz/Build/Intermediates.noindex/SDG.build/Debug-watchos/Dependency.build/Objects-normal/armv7k
write-file [...]/Library/Developer/Xcode/DerivedData/SDG-cwiewwnchebhjsfduxoodfjoykqz/Build/Intermediates.noindex/SDG.build/Debug-watchos/Dependency.build/Objects-normal/armv7k/Dependency-OutputFileMap.json
write-file [...]/Library/Developer/Xcode/DerivedData/SDG-cwiewwnchebhjsfduxoodfjoykqz/Build/Intermediates.noindex/SDG.build/Debug-watchos/Dependency.build/module.modulemap
write-file [...]/Library/Developer/Xcode/DerivedData/SDG-cwiewwnchebhjsfduxoodfjoykqz/Build/Intermediates.noindex/SDG.build/Debug-watchos/Dependency.build/swift-overrides.hmap
write-file [...]/Library/Developer/Xcode/DerivedData/SDG-cwiewwnchebhjsfduxoodfjoykqz/Build/Intermediates.noindex/SDG.build/Debug-watchos/Dependency.build/Objects-normal/armv7k/Dependency.LinkFileList

Create product structure
/bin/mkdir -p [...]/Library/Developer/Xcode/DerivedData/SDG-cwiewwnchebhjsfduxoodfjoykqz/Build/Products/Debug-watchos/Dependency.framework/Modules
/bin/mkdir -p [...]/Library/Developer/Xcode/DerivedData/SDG-cwiewwnchebhjsfduxoodfjoykqz/Build/Products/Debug-watchos/Dependency.framework/Headers

ProcessInfoPlistFile [...]/Library/Developer/Xcode/DerivedData/SDG-cwiewwnchebhjsfduxoodfjoykqz/Build/Products/Debug-watchos/Dependency.framework/Info.plist SDG.xcodeproj/Dependency_Info.plist
    cd "[...]/Tests/Mock Projects/After/SDGLibrary"
    export PATH="/Applications/Xcode.app/Contents/Developer/Platforms/WatchOS.platform/Developer/usr/bin:/Applications/Xcode.app/Contents/Developer/usr/bin:[...]/.SDG/Registry:[...]/.rvm/gems/ruby-2.4.1/bin:[...]/.rvm/gems/ruby-2.4.1@global/bin:[...]/.rvm/rubies/ruby-2.4.1/bin:/usr/local/bin:/usr/bin:/bin:/usr/sbin:/sbin:[...]/.rvm/bin"
    builtin-infoPlistUtility [...]/Tests/Mock\ Projects/After/SDGLibrary/SDG.xcodeproj/Dependency_Info.plist -expandbuildsettings -format binary -platform watchos -o [...]/Library/Developer/Xcode/DerivedData/SDG-cwiewwnchebhjsfduxoodfjoykqz/Build/Products/Debug-watchos/Dependency.framework/Info.plist

CompileSwiftSources normal armv7k com.apple.xcode.tools.swift.compiler
    cd "[...]/Tests/Mock Projects/After/SDGLibrary"
    export DEVELOPER_DIR=/Applications/Xcode.app/Contents/Developer
    export PATH="/Applications/Xcode.app/Contents/Developer/Platforms/WatchOS.platform/Developer/usr/bin:/Applications/Xcode.app/Contents/Developer/usr/bin:[...]/.SDG/Registry:[...]/.rvm/gems/ruby-2.4.1/bin:[...]/.rvm/gems/ruby-2.4.1@global/bin:[...]/.rvm/rubies/ruby-2.4.1/bin:/usr/local/bin:/usr/bin:/bin:/usr/sbin:/sbin:[...]/.rvm/bin"
    export SDKROOT=/Applications/Xcode.app/Contents/Developer/Platforms/WatchOS.platform/Developer/SDKs/WatchOS4.2.sdk
    /Applications/Xcode.app/Contents/Developer/Toolchains/XcodeDefault.xctoolchain/usr/bin/swiftc -incremental -module-name Dependency -Onone -enforce-exclusivity=checked -DSWIFT_PACKAGE -DXcode -sdk /Applications/Xcode.app/Contents/Developer/Platforms/WatchOS.platform/Developer/SDKs/WatchOS4.2.sdk -target armv7k-apple-watchos4.2 -g -module-cache-path [...]/Library/Developer/Xcode/DerivedData/ModuleCache -Xfrontend -serialize-debugging-options -profile-coverage-mapping -profile-generate -embed-bitcode-marker -enable-testing -index-store-path [...]/Library/Developer/Xcode/DerivedData/SDG-cwiewwnchebhjsfduxoodfjoykqz/Index/DataStore -Xfrontend -report-errors-to-debugger -swift-version 4 -I [...]/Library/Developer/Xcode/DerivedData/SDG-cwiewwnchebhjsfduxoodfjoykqz/Build/Products/Debug-watchos -F [...]/Library/Developer/Xcode/DerivedData/SDG-cwiewwnchebhjsfduxoodfjoykqz/Build/Products/Debug-watchos -F /Applications/Xcode.app/Contents/Developer/Platforms/WatchOS.platform/Developer/Library/Frameworks -parse-as-library -c -j4 [...]/Tests/Mock\ Projects/After/SDGLibrary/.build/checkouts/Dependency-74053125454640535/Sources/Dependency/Dependency.swift -output-file-map [...]/Library/Developer/Xcode/DerivedData/SDG-cwiewwnchebhjsfduxoodfjoykqz/Build/Intermediates.noindex/SDG.build/Debug-watchos/Dependency.build/Objects-normal/armv7k/Dependency-OutputFileMap.json -parseable-output -serialize-diagnostics -emit-dependencies -emit-module -emit-module-path [...]/Library/Developer/Xcode/DerivedData/SDG-cwiewwnchebhjsfduxoodfjoykqz/Build/Intermediates.noindex/SDG.build/Debug-watchos/Dependency.build/Objects-normal/armv7k/Dependency.swiftmodule -Xcc -I[...]/Library/Developer/Xcode/DerivedData/SDG-cwiewwnchebhjsfduxoodfjoykqz/Build/Intermediates.noindex/SDG.build/Debug-watchos/Dependency.build/swift-overrides.hmap -Xcc -I[...]/Library/Developer/Xcode/DerivedData/SDG-cwiewwnchebhjsfduxoodfjoykqz/Build/Products/Debug-watchos/include -Xcc -I[...]/Library/Developer/Xcode/DerivedData/SDG-cwiewwnchebhjsfduxoodfjoykqz/Build/Intermediates.noindex/SDG.build/Debug-watchos/Dependency.build/DerivedSources/armv7k -Xcc -I[...]/Library/Developer/Xcode/DerivedData/SDG-cwiewwnchebhjsfduxoodfjoykqz/Build/Intermediates.noindex/SDG.build/Debug-watchos/Dependency.build/DerivedSources -emit-objc-header -emit-objc-header-path [...]/Library/Developer/Xcode/DerivedData/SDG-cwiewwnchebhjsfduxoodfjoykqz/Build/Intermediates.noindex/SDG.build/Debug-watchos/Dependency.build/Objects-normal/armv7k/Dependency-Swift.h -Xcc -working-directory[...]/Tests/Mock\ Projects/After/SDGLibrary

CompileSwift normal armv7k [...]/Tests/Mock Projects/After/SDGLibrary/.build/checkouts/Dependency-74053125454640535/Sources/Dependency/Dependency.swift
    cd [...]/Tests/Mock Projects/After/SDGLibrary
    /Applications/Xcode.app/Contents/Developer/Toolchains/XcodeDefault.xctoolchain/usr/bin/swift -frontend -c -primary-file "[...]/Tests/Mock Projects/After/SDGLibrary/.build/checkouts/Dependency-74053125454640535/Sources/Dependency/Dependency.swift" -target armv7k-apple-watchos4.2 -enable-objc-interop -sdk /Applications/Xcode.app/Contents/Developer/Platforms/WatchOS.platform/Developer/SDKs/WatchOS4.2.sdk -I [...]/Library/Developer/Xcode/DerivedData/SDG-cwiewwnchebhjsfduxoodfjoykqz/Build/Products/Debug-watchos -F [...]/Library/Developer/Xcode/DerivedData/SDG-cwiewwnchebhjsfduxoodfjoykqz/Build/Products/Debug-watchos -F /Applications/Xcode.app/Contents/Developer/Platforms/WatchOS.platform/Developer/Library/Frameworks -enable-testing -g -module-cache-path [...]/Library/Developer/Xcode/DerivedData/ModuleCache -profile-generate -profile-coverage-mapping -swift-version 4 -enforce-exclusivity=checked -D SWIFT_PACKAGE -D Xcode -serialize-debugging-options -report-errors-to-debugger -Xcc -I[...]/Library/Developer/Xcode/DerivedData/SDG-cwiewwnchebhjsfduxoodfjoykqz/Build/Intermediates.noindex/SDG.build/Debug-watchos/Dependency.build/swift-overrides.hmap -Xcc -I[...]/Library/Developer/Xcode/DerivedData/SDG-cwiewwnchebhjsfduxoodfjoykqz/Build/Products/Debug-watchos/include -Xcc -I[...]/Library/Developer/Xcode/DerivedData/SDG-cwiewwnchebhjsfduxoodfjoykqz/Build/Intermediates.noindex/SDG.build/Debug-watchos/Dependency.build/DerivedSources/armv7k -Xcc -I[...]/Library/Developer/Xcode/DerivedData/SDG-cwiewwnchebhjsfduxoodfjoykqz/Build/Intermediates.noindex/SDG.build/Debug-watchos/Dependency.build/DerivedSources -Xcc "-working-directory[...]/Tests/Mock Projects/After/SDGLibrary" -emit-module-doc-path [...]/Library/Developer/Xcode/DerivedData/SDG-cwiewwnchebhjsfduxoodfjoykqz/Build/Intermediates.noindex/SDG.build/Debug-watchos/Dependency.build/Objects-normal/armv7k/Dependency~partial.swiftdoc -serialize-diagnostics-path [...]/Library/Developer/Xcode/DerivedData/SDG-cwiewwnchebhjsfduxoodfjoykqz/Build/Intermediates.noindex/SDG.build/Debug-watchos/Dependency.build/Objects-normal/armv7k/Dependency.dia -Onone -parse-as-library -module-name Dependency -emit-module-path [...]/Library/Developer/Xcode/DerivedData/SDG-cwiewwnchebhjsfduxoodfjoykqz/Build/Intermediates.noindex/SDG.build/Debug-watchos/Dependency.build/Objects-normal/armv7k/Dependency~partial.swiftmodule -emit-dependencies-path [...]/Library/Developer/Xcode/DerivedData/SDG-cwiewwnchebhjsfduxoodfjoykqz/Build/Intermediates.noindex/SDG.build/Debug-watchos/Dependency.build/Objects-normal/armv7k/Dependency.d -emit-reference-dependencies-path [...]/Library/Developer/Xcode/DerivedData/SDG-cwiewwnchebhjsfduxoodfjoykqz/Build/Intermediates.noindex/SDG.build/Debug-watchos/Dependency.build/Objects-normal/armv7k/Dependency.swiftdeps -o [...]/Library/Developer/Xcode/DerivedData/SDG-cwiewwnchebhjsfduxoodfjoykqz/Build/Intermediates.noindex/SDG.build/Debug-watchos/Dependency.build/Objects-normal/armv7k/Dependency.o -embed-bitcode-marker -index-store-path [...]/Library/Developer/Xcode/DerivedData/SDG-cwiewwnchebhjsfduxoodfjoykqz/Index/DataStore -index-system-modules

MergeSwiftModule normal armv7k [...]/Library/Developer/Xcode/DerivedData/SDG-cwiewwnchebhjsfduxoodfjoykqz/Build/Intermediates.noindex/SDG.build/Debug-watchos/Dependency.build/Objects-normal/armv7k/Dependency.swiftmodule
    cd [...]/Tests/Mock Projects/After/SDGLibrary
    /Applications/Xcode.app/Contents/Developer/Toolchains/XcodeDefault.xctoolchain/usr/bin/swift -frontend -emit-module [...]/Library/Developer/Xcode/DerivedData/SDG-cwiewwnchebhjsfduxoodfjoykqz/Build/Intermediates.noindex/SDG.build/Debug-watchos/Dependency.build/Objects-normal/armv7k/Dependency~partial.swiftmodule -parse-as-library -target armv7k-apple-watchos4.2 -enable-objc-interop -sdk /Applications/Xcode.app/Contents/Developer/Platforms/WatchOS.platform/Developer/SDKs/WatchOS4.2.sdk -I [...]/Library/Developer/Xcode/DerivedData/SDG-cwiewwnchebhjsfduxoodfjoykqz/Build/Products/Debug-watchos -F [...]/Library/Developer/Xcode/DerivedData/SDG-cwiewwnchebhjsfduxoodfjoykqz/Build/Products/Debug-watchos -F /Applications/Xcode.app/Contents/Developer/Platforms/WatchOS.platform/Developer/Library/Frameworks -enable-testing -g -module-cache-path [...]/Library/Developer/Xcode/DerivedData/ModuleCache -profile-generate -profile-coverage-mapping -swift-version 4 -enforce-exclusivity=checked -D SWIFT_PACKAGE -D Xcode -serialize-debugging-options -report-errors-to-debugger -Xcc -I[...]/Library/Developer/Xcode/DerivedData/SDG-cwiewwnchebhjsfduxoodfjoykqz/Build/Intermediates.noindex/SDG.build/Debug-watchos/Dependency.build/swift-overrides.hmap -Xcc -I[...]/Library/Developer/Xcode/DerivedData/SDG-cwiewwnchebhjsfduxoodfjoykqz/Build/Products/Debug-watchos/include -Xcc -I[...]/Library/Developer/Xcode/DerivedData/SDG-cwiewwnchebhjsfduxoodfjoykqz/Build/Intermediates.noindex/SDG.build/Debug-watchos/Dependency.build/DerivedSources/armv7k -Xcc -I[...]/Library/Developer/Xcode/DerivedData/SDG-cwiewwnchebhjsfduxoodfjoykqz/Build/Intermediates.noindex/SDG.build/Debug-watchos/Dependency.build/DerivedSources -Xcc "-working-directory[...]/Tests/Mock Projects/After/SDGLibrary" -emit-module-doc-path [...]/Library/Developer/Xcode/DerivedData/SDG-cwiewwnchebhjsfduxoodfjoykqz/Build/Intermediates.noindex/SDG.build/Debug-watchos/Dependency.build/Objects-normal/armv7k/Dependency.swiftdoc -module-name Dependency -emit-objc-header-path [...]/Library/Developer/Xcode/DerivedData/SDG-cwiewwnchebhjsfduxoodfjoykqz/Build/Intermediates.noindex/SDG.build/Debug-watchos/Dependency.build/Objects-normal/armv7k/Dependency-Swift.h -o [...]/Library/Developer/Xcode/DerivedData/SDG-cwiewwnchebhjsfduxoodfjoykqz/Build/Intermediates.noindex/SDG.build/Debug-watchos/Dependency.build/Objects-normal/armv7k/Dependency.swiftmodule

Ditto [...]/Library/Developer/Xcode/DerivedData/SDG-cwiewwnchebhjsfduxoodfjoykqz/Build/Products/Debug-watchos/Dependency.framework/Headers/Dependency-Swift.h [...]/Library/Developer/Xcode/DerivedData/SDG-cwiewwnchebhjsfduxoodfjoykqz/Build/Intermediates.noindex/SDG.build/Debug-watchos/Dependency.build/Objects-normal/armv7k/Dependency-Swift.h
    cd "[...]/Tests/Mock Projects/After/SDGLibrary"
    export PATH="/Applications/Xcode.app/Contents/Developer/Platforms/WatchOS.platform/Developer/usr/bin:/Applications/Xcode.app/Contents/Developer/usr/bin:[...]/.SDG/Registry:[...]/.rvm/gems/ruby-2.4.1/bin:[...]/.rvm/gems/ruby-2.4.1@global/bin:[...]/.rvm/rubies/ruby-2.4.1/bin:/usr/local/bin:/usr/bin:/bin:/usr/sbin:/sbin:[...]/.rvm/bin"
    /usr/bin/ditto -rsrc [...]/Library/Developer/Xcode/DerivedData/SDG-cwiewwnchebhjsfduxoodfjoykqz/Build/Intermediates.noindex/SDG.build/Debug-watchos/Dependency.build/Objects-normal/armv7k/Dependency-Swift.h [...]/Library/Developer/Xcode/DerivedData/SDG-cwiewwnchebhjsfduxoodfjoykqz/Build/Products/Debug-watchos/Dependency.framework/Headers/Dependency-Swift.h

Ditto [...]/Library/Developer/Xcode/DerivedData/SDG-cwiewwnchebhjsfduxoodfjoykqz/Build/Products/Debug-watchos/Dependency.framework/Modules/Dependency.swiftmodule/arm.swiftdoc [...]/Library/Developer/Xcode/DerivedData/SDG-cwiewwnchebhjsfduxoodfjoykqz/Build/Intermediates.noindex/SDG.build/Debug-watchos/Dependency.build/Objects-normal/armv7k/Dependency.swiftdoc
    cd "[...]/Tests/Mock Projects/After/SDGLibrary"
    export PATH="/Applications/Xcode.app/Contents/Developer/Platforms/WatchOS.platform/Developer/usr/bin:/Applications/Xcode.app/Contents/Developer/usr/bin:[...]/.SDG/Registry:[...]/.rvm/gems/ruby-2.4.1/bin:[...]/.rvm/gems/ruby-2.4.1@global/bin:[...]/.rvm/rubies/ruby-2.4.1/bin:/usr/local/bin:/usr/bin:/bin:/usr/sbin:/sbin:[...]/.rvm/bin"
    /usr/bin/ditto -rsrc [...]/Library/Developer/Xcode/DerivedData/SDG-cwiewwnchebhjsfduxoodfjoykqz/Build/Intermediates.noindex/SDG.build/Debug-watchos/Dependency.build/Objects-normal/armv7k/Dependency.swiftdoc [...]/Library/Developer/Xcode/DerivedData/SDG-cwiewwnchebhjsfduxoodfjoykqz/Build/Products/Debug-watchos/Dependency.framework/Modules/Dependency.swiftmodule/arm.swiftdoc

Ditto [...]/Library/Developer/Xcode/DerivedData/SDG-cwiewwnchebhjsfduxoodfjoykqz/Build/Products/Debug-watchos/Dependency.framework/Modules/Dependency.swiftmodule/arm.swiftmodule [...]/Library/Developer/Xcode/DerivedData/SDG-cwiewwnchebhjsfduxoodfjoykqz/Build/Intermediates.noindex/SDG.build/Debug-watchos/Dependency.build/Objects-normal/armv7k/Dependency.swiftmodule
    cd "[...]/Tests/Mock Projects/After/SDGLibrary"
    export PATH="/Applications/Xcode.app/Contents/Developer/Platforms/WatchOS.platform/Developer/usr/bin:/Applications/Xcode.app/Contents/Developer/usr/bin:[...]/.SDG/Registry:[...]/.rvm/gems/ruby-2.4.1/bin:[...]/.rvm/gems/ruby-2.4.1@global/bin:[...]/.rvm/rubies/ruby-2.4.1/bin:/usr/local/bin:/usr/bin:/bin:/usr/sbin:/sbin:[...]/.rvm/bin"
    /usr/bin/ditto -rsrc [...]/Library/Developer/Xcode/DerivedData/SDG-cwiewwnchebhjsfduxoodfjoykqz/Build/Intermediates.noindex/SDG.build/Debug-watchos/Dependency.build/Objects-normal/armv7k/Dependency.swiftmodule [...]/Library/Developer/Xcode/DerivedData/SDG-cwiewwnchebhjsfduxoodfjoykqz/Build/Products/Debug-watchos/Dependency.framework/Modules/Dependency.swiftmodule/arm.swiftmodule

Ld [...]/Library/Developer/Xcode/DerivedData/SDG-cwiewwnchebhjsfduxoodfjoykqz/Build/Products/Debug-watchos/Dependency.framework/Dependency normal armv7k
    cd "[...]/Tests/Mock Projects/After/SDGLibrary"
    export PATH="/Applications/Xcode.app/Contents/Developer/Platforms/WatchOS.platform/Developer/usr/bin:/Applications/Xcode.app/Contents/Developer/usr/bin:[...]/.SDG/Registry:[...]/.rvm/gems/ruby-2.4.1/bin:[...]/.rvm/gems/ruby-2.4.1@global/bin:[...]/.rvm/rubies/ruby-2.4.1/bin:/usr/local/bin:/usr/bin:/bin:/usr/sbin:/sbin:[...]/.rvm/bin"
    export WATCHOS_DEPLOYMENT_TARGET=4.2
    /Applications/Xcode.app/Contents/Developer/Toolchains/XcodeDefault.xctoolchain/usr/bin/clang -arch armv7k -dynamiclib -isysroot /Applications/Xcode.app/Contents/Developer/Platforms/WatchOS.platform/Developer/SDKs/WatchOS4.2.sdk -L[...]/Library/Developer/Xcode/DerivedData/SDG-cwiewwnchebhjsfduxoodfjoykqz/Build/Products/Debug-watchos -F[...]/Library/Developer/Xcode/DerivedData/SDG-cwiewwnchebhjsfduxoodfjoykqz/Build/Products/Debug-watchos -F/Applications/Xcode.app/Contents/Developer/Platforms/WatchOS.platform/Developer/Library/Frameworks -filelist [...]/Library/Developer/Xcode/DerivedData/SDG-cwiewwnchebhjsfduxoodfjoykqz/Build/Intermediates.noindex/SDG.build/Debug-watchos/Dependency.build/Objects-normal/armv7k/Dependency.LinkFileList -install_name @rpath/Dependency.framework/Dependency -Xlinker -rpath -Xlinker /Applications/Xcode.app/Contents/Developer/Toolchains/XcodeDefault.xctoolchain/usr/lib/swift/macosx -mwatchos-version-min=4.2 -dead_strip -Xlinker -object_path_lto -Xlinker [...]/Library/Developer/Xcode/DerivedData/SDG-cwiewwnchebhjsfduxoodfjoykqz/Build/Intermediates.noindex/SDG.build/Debug-watchos/Dependency.build/Objects-normal/armv7k/Dependency_lto.o -Xlinker -export_dynamic -Xlinker -no_deduplicate -fembed-bitcode-marker -fobjc-link-runtime -fprofile-instr-generate -L/Applications/Xcode.app/Contents/Developer/Toolchains/XcodeDefault.xctoolchain/usr/lib/swift/watchos -Xlinker -add_ast_path -Xlinker [...]/Library/Developer/Xcode/DerivedData/SDG-cwiewwnchebhjsfduxoodfjoykqz/Build/Intermediates.noindex/SDG.build/Debug-watchos/Dependency.build/Objects-normal/armv7k/Dependency.swiftmodule -single_module -Xlinker -dependency_info -Xlinker [...]/Library/Developer/Xcode/DerivedData/SDG-cwiewwnchebhjsfduxoodfjoykqz/Build/Intermediates.noindex/SDG.build/Debug-watchos/Dependency.build/Objects-normal/armv7k/Dependency_dependency_info.dat -o [...]/Library/Developer/Xcode/DerivedData/SDG-cwiewwnchebhjsfduxoodfjoykqz/Build/Products/Debug-watchos/Dependency.framework/Dependency
ld: warning: directory not found for option '-F/Applications/Xcode.app/Contents/Developer/Platforms/WatchOS.platform/Developer/Library/Frameworks'

Ditto [...]/Library/Developer/Xcode/DerivedData/SDG-cwiewwnchebhjsfduxoodfjoykqz/Build/Intermediates.noindex/SDG.build/Debug-watchos/Dependency.build/module.modulemap [...]/Library/Developer/Xcode/DerivedData/SDG-cwiewwnchebhjsfduxoodfjoykqz/Build/Products/Debug-watchos/Dependency.framework/Modules/module.modulemap
    cd "[...]/Tests/Mock Projects/After/SDGLibrary"
    export PATH="/Applications/Xcode.app/Contents/Developer/Platforms/WatchOS.platform/Developer/usr/bin:/Applications/Xcode.app/Contents/Developer/usr/bin:[...]/.SDG/Registry:[...]/.rvm/gems/ruby-2.4.1/bin:[...]/.rvm/gems/ruby-2.4.1@global/bin:[...]/.rvm/rubies/ruby-2.4.1/bin:/usr/local/bin:/usr/bin:/bin:/usr/sbin:/sbin:[...]/.rvm/bin"
    builtin-copy -exclude .DS_Store -exclude CVS -exclude .svn -exclude .git -exclude .hg -resolve-src-symlinks [...]/Library/Developer/Xcode/DerivedData/SDG-cwiewwnchebhjsfduxoodfjoykqz/Build/Intermediates.noindex/SDG.build/Debug-watchos/Dependency.build/module.modulemap [...]/Library/Developer/Xcode/DerivedData/SDG-cwiewwnchebhjsfduxoodfjoykqz/Build/Products/Debug-watchos/Dependency.framework/Modules

Touch [...]/Library/Developer/Xcode/DerivedData/SDG-cwiewwnchebhjsfduxoodfjoykqz/Build/Products/Debug-watchos/Dependency.framework
    cd "[...]/Tests/Mock Projects/After/SDGLibrary"
    export PATH="/Applications/Xcode.app/Contents/Developer/Platforms/WatchOS.platform/Developer/usr/bin:/Applications/Xcode.app/Contents/Developer/usr/bin:[...]/.SDG/Registry:[...]/.rvm/gems/ruby-2.4.1/bin:[...]/.rvm/gems/ruby-2.4.1@global/bin:[...]/.rvm/rubies/ruby-2.4.1/bin:/usr/local/bin:/usr/bin:/bin:/usr/sbin:/sbin:[...]/.rvm/bin"
    /usr/bin/touch -c [...]/Library/Developer/Xcode/DerivedData/SDG-cwiewwnchebhjsfduxoodfjoykqz/Build/Products/Debug-watchos/Dependency.framework

=== BUILD TARGET Library OF PROJECT SDG WITH CONFIGURATION Debug ===

Check dependencies
Library will not be code signed because its settings don't specify a development team.

Write auxiliary files
write-file [...]/Library/Developer/Xcode/DerivedData/SDG-cwiewwnchebhjsfduxoodfjoykqz/Build/Intermediates.noindex/SDG.build/Debug-watchos/Library.build/swift-overrides.hmap
write-file [...]/Library/Developer/Xcode/DerivedData/SDG-cwiewwnchebhjsfduxoodfjoykqz/Build/Intermediates.noindex/SDG.build/Debug-watchos/Library.build/module.modulemap
/bin/mkdir -p [...]/Library/Developer/Xcode/DerivedData/SDG-cwiewwnchebhjsfduxoodfjoykqz/Build/Intermediates.noindex/SDG.build/Debug-watchos/Library.build/Objects-normal/armv7k
write-file [...]/Library/Developer/Xcode/DerivedData/SDG-cwiewwnchebhjsfduxoodfjoykqz/Build/Intermediates.noindex/SDG.build/Debug-watchos/Library.build/Objects-normal/armv7k/Library-OutputFileMap.json
write-file [...]/Library/Developer/Xcode/DerivedData/SDG-cwiewwnchebhjsfduxoodfjoykqz/Build/Intermediates.noindex/SDG.build/Debug-watchos/Library.build/Objects-normal/armv7k/Library.LinkFileList

Create product structure
/bin/mkdir -p [...]/Library/Developer/Xcode/DerivedData/SDG-cwiewwnchebhjsfduxoodfjoykqz/Build/Products/Debug-watchos/Library.framework/Modules
/bin/mkdir -p [...]/Library/Developer/Xcode/DerivedData/SDG-cwiewwnchebhjsfduxoodfjoykqz/Build/Products/Debug-watchos/Library.framework/Headers

ProcessInfoPlistFile [...]/Library/Developer/Xcode/DerivedData/SDG-cwiewwnchebhjsfduxoodfjoykqz/Build/Products/Debug-watchos/Library.framework/Info.plist SDG.xcodeproj/Library_Info.plist
    cd "[...]/Tests/Mock Projects/After/SDGLibrary"
    export PATH="/Applications/Xcode.app/Contents/Developer/Platforms/WatchOS.platform/Developer/usr/bin:/Applications/Xcode.app/Contents/Developer/usr/bin:[...]/.SDG/Registry:[...]/.rvm/gems/ruby-2.4.1/bin:[...]/.rvm/gems/ruby-2.4.1@global/bin:[...]/.rvm/rubies/ruby-2.4.1/bin:/usr/local/bin:/usr/bin:/bin:/usr/sbin:/sbin:[...]/.rvm/bin"
    builtin-infoPlistUtility [...]/Tests/Mock\ Projects/After/SDGLibrary/SDG.xcodeproj/Library_Info.plist -expandbuildsettings -format binary -platform watchos -o [...]/Library/Developer/Xcode/DerivedData/SDG-cwiewwnchebhjsfduxoodfjoykqz/Build/Products/Debug-watchos/Library.framework/Info.plist

CompileSwiftSources normal armv7k com.apple.xcode.tools.swift.compiler
    cd "[...]/Tests/Mock Projects/After/SDGLibrary"
    export DEVELOPER_DIR=/Applications/Xcode.app/Contents/Developer
    export PATH="/Applications/Xcode.app/Contents/Developer/Platforms/WatchOS.platform/Developer/usr/bin:/Applications/Xcode.app/Contents/Developer/usr/bin:[...]/.SDG/Registry:[...]/.rvm/gems/ruby-2.4.1/bin:[...]/.rvm/gems/ruby-2.4.1@global/bin:[...]/.rvm/rubies/ruby-2.4.1/bin:/usr/local/bin:/usr/bin:/bin:/usr/sbin:/sbin:[...]/.rvm/bin"
    export SDKROOT=/Applications/Xcode.app/Contents/Developer/Platforms/WatchOS.platform/Developer/SDKs/WatchOS4.2.sdk
    /Applications/Xcode.app/Contents/Developer/Toolchains/XcodeDefault.xctoolchain/usr/bin/swiftc -incremental -module-name Library -Onone -enforce-exclusivity=checked -DSWIFT_PACKAGE -DXcode -sdk /Applications/Xcode.app/Contents/Developer/Platforms/WatchOS.platform/Developer/SDKs/WatchOS4.2.sdk -target armv7k-apple-watchos4.2 -g -module-cache-path [...]/Library/Developer/Xcode/DerivedData/ModuleCache -Xfrontend -serialize-debugging-options -profile-coverage-mapping -profile-generate -embed-bitcode-marker -enable-testing -index-store-path [...]/Library/Developer/Xcode/DerivedData/SDG-cwiewwnchebhjsfduxoodfjoykqz/Index/DataStore -Xfrontend -report-errors-to-debugger -swift-version 4 -I [...]/Library/Developer/Xcode/DerivedData/SDG-cwiewwnchebhjsfduxoodfjoykqz/Build/Products/Debug-watchos -F [...]/Library/Developer/Xcode/DerivedData/SDG-cwiewwnchebhjsfduxoodfjoykqz/Build/Products/Debug-watchos -F /Applications/Xcode.app/Contents/Developer/Platforms/WatchOS.platform/Developer/Library/Frameworks -c -j4 [...]/Tests/Mock\ Projects/After/SDGLibrary/Sources/Library/Resources.swift [...]/Tests/Mock\ Projects/After/SDGLibrary/Sources/Library/SDG.swift -output-file-map [...]/Library/Developer/Xcode/DerivedData/SDG-cwiewwnchebhjsfduxoodfjoykqz/Build/Intermediates.noindex/SDG.build/Debug-watchos/Library.build/Objects-normal/armv7k/Library-OutputFileMap.json -parseable-output -serialize-diagnostics -emit-dependencies -emit-module -emit-module-path [...]/Library/Developer/Xcode/DerivedData/SDG-cwiewwnchebhjsfduxoodfjoykqz/Build/Intermediates.noindex/SDG.build/Debug-watchos/Library.build/Objects-normal/armv7k/Library.swiftmodule -Xcc -I[...]/Library/Developer/Xcode/DerivedData/SDG-cwiewwnchebhjsfduxoodfjoykqz/Build/Intermediates.noindex/SDG.build/Debug-watchos/Library.build/swift-overrides.hmap -Xcc -I[...]/Library/Developer/Xcode/DerivedData/SDG-cwiewwnchebhjsfduxoodfjoykqz/Build/Products/Debug-watchos/include -Xcc -I[...]/Library/Developer/Xcode/DerivedData/SDG-cwiewwnchebhjsfduxoodfjoykqz/Build/Intermediates.noindex/SDG.build/Debug-watchos/Library.build/DerivedSources/armv7k -Xcc -I[...]/Library/Developer/Xcode/DerivedData/SDG-cwiewwnchebhjsfduxoodfjoykqz/Build/Intermediates.noindex/SDG.build/Debug-watchos/Library.build/DerivedSources -emit-objc-header -emit-objc-header-path [...]/Library/Developer/Xcode/DerivedData/SDG-cwiewwnchebhjsfduxoodfjoykqz/Build/Intermediates.noindex/SDG.build/Debug-watchos/Library.build/Objects-normal/armv7k/Library-Swift.h -Xcc -working-directory[...]/Tests/Mock\ Projects/After/SDGLibrary

CompileSwift normal armv7k [...]/Tests/Mock Projects/After/SDGLibrary/Sources/Library/Resources.swift
    cd [...]/Tests/Mock Projects/After/SDGLibrary
    /Applications/Xcode.app/Contents/Developer/Toolchains/XcodeDefault.xctoolchain/usr/bin/swift -frontend -c -primary-file "[...]/Tests/Mock Projects/After/SDGLibrary/Sources/Library/Resources.swift" "[...]/Tests/Mock Projects/After/SDGLibrary/Sources/Library/SDG.swift" -target armv7k-apple-watchos4.2 -enable-objc-interop -sdk /Applications/Xcode.app/Contents/Developer/Platforms/WatchOS.platform/Developer/SDKs/WatchOS4.2.sdk -I [...]/Library/Developer/Xcode/DerivedData/SDG-cwiewwnchebhjsfduxoodfjoykqz/Build/Products/Debug-watchos -F [...]/Library/Developer/Xcode/DerivedData/SDG-cwiewwnchebhjsfduxoodfjoykqz/Build/Products/Debug-watchos -F /Applications/Xcode.app/Contents/Developer/Platforms/WatchOS.platform/Developer/Library/Frameworks -enable-testing -g -module-cache-path [...]/Library/Developer/Xcode/DerivedData/ModuleCache -profile-generate -profile-coverage-mapping -swift-version 4 -enforce-exclusivity=checked -D SWIFT_PACKAGE -D Xcode -serialize-debugging-options -report-errors-to-debugger -Xcc -I[...]/Library/Developer/Xcode/DerivedData/SDG-cwiewwnchebhjsfduxoodfjoykqz/Build/Intermediates.noindex/SDG.build/Debug-watchos/Library.build/swift-overrides.hmap -Xcc -I[...]/Library/Developer/Xcode/DerivedData/SDG-cwiewwnchebhjsfduxoodfjoykqz/Build/Products/Debug-watchos/include -Xcc -I[...]/Library/Developer/Xcode/DerivedData/SDG-cwiewwnchebhjsfduxoodfjoykqz/Build/Intermediates.noindex/SDG.build/Debug-watchos/Library.build/DerivedSources/armv7k -Xcc -I[...]/Library/Developer/Xcode/DerivedData/SDG-cwiewwnchebhjsfduxoodfjoykqz/Build/Intermediates.noindex/SDG.build/Debug-watchos/Library.build/DerivedSources -Xcc "-working-directory[...]/Tests/Mock Projects/After/SDGLibrary" -emit-module-doc-path [...]/Library/Developer/Xcode/DerivedData/SDG-cwiewwnchebhjsfduxoodfjoykqz/Build/Intermediates.noindex/SDG.build/Debug-watchos/Library.build/Objects-normal/armv7k/Resources~partial.swiftdoc -serialize-diagnostics-path [...]/Library/Developer/Xcode/DerivedData/SDG-cwiewwnchebhjsfduxoodfjoykqz/Build/Intermediates.noindex/SDG.build/Debug-watchos/Library.build/Objects-normal/armv7k/Resources.dia -Onone -module-name Library -emit-module-path [...]/Library/Developer/Xcode/DerivedData/SDG-cwiewwnchebhjsfduxoodfjoykqz/Build/Intermediates.noindex/SDG.build/Debug-watchos/Library.build/Objects-normal/armv7k/Resources~partial.swiftmodule -emit-dependencies-path [...]/Library/Developer/Xcode/DerivedData/SDG-cwiewwnchebhjsfduxoodfjoykqz/Build/Intermediates.noindex/SDG.build/Debug-watchos/Library.build/Objects-normal/armv7k/Resources.d -emit-reference-dependencies-path [...]/Library/Developer/Xcode/DerivedData/SDG-cwiewwnchebhjsfduxoodfjoykqz/Build/Intermediates.noindex/SDG.build/Debug-watchos/Library.build/Objects-normal/armv7k/Resources.swiftdeps -o [...]/Library/Developer/Xcode/DerivedData/SDG-cwiewwnchebhjsfduxoodfjoykqz/Build/Intermediates.noindex/SDG.build/Debug-watchos/Library.build/Objects-normal/armv7k/Resources.o -embed-bitcode-marker -index-store-path [...]/Library/Developer/Xcode/DerivedData/SDG-cwiewwnchebhjsfduxoodfjoykqz/Index/DataStore -index-system-modules

CompileSwift normal armv7k [...]/Tests/Mock Projects/After/SDGLibrary/Sources/Library/SDG.swift
    cd [...]/Tests/Mock Projects/After/SDGLibrary
    /Applications/Xcode.app/Contents/Developer/Toolchains/XcodeDefault.xctoolchain/usr/bin/swift -frontend -c "[...]/Tests/Mock Projects/After/SDGLibrary/Sources/Library/Resources.swift" -primary-file "[...]/Tests/Mock Projects/After/SDGLibrary/Sources/Library/SDG.swift" -target armv7k-apple-watchos4.2 -enable-objc-interop -sdk /Applications/Xcode.app/Contents/Developer/Platforms/WatchOS.platform/Developer/SDKs/WatchOS4.2.sdk -I [...]/Library/Developer/Xcode/DerivedData/SDG-cwiewwnchebhjsfduxoodfjoykqz/Build/Products/Debug-watchos -F [...]/Library/Developer/Xcode/DerivedData/SDG-cwiewwnchebhjsfduxoodfjoykqz/Build/Products/Debug-watchos -F /Applications/Xcode.app/Contents/Developer/Platforms/WatchOS.platform/Developer/Library/Frameworks -enable-testing -g -module-cache-path [...]/Library/Developer/Xcode/DerivedData/ModuleCache -profile-generate -profile-coverage-mapping -swift-version 4 -enforce-exclusivity=checked -D SWIFT_PACKAGE -D Xcode -serialize-debugging-options -report-errors-to-debugger -Xcc -I[...]/Library/Developer/Xcode/DerivedData/SDG-cwiewwnchebhjsfduxoodfjoykqz/Build/Intermediates.noindex/SDG.build/Debug-watchos/Library.build/swift-overrides.hmap -Xcc -I[...]/Library/Developer/Xcode/DerivedData/SDG-cwiewwnchebhjsfduxoodfjoykqz/Build/Products/Debug-watchos/include -Xcc -I[...]/Library/Developer/Xcode/DerivedData/SDG-cwiewwnchebhjsfduxoodfjoykqz/Build/Intermediates.noindex/SDG.build/Debug-watchos/Library.build/DerivedSources/armv7k -Xcc -I[...]/Library/Developer/Xcode/DerivedData/SDG-cwiewwnchebhjsfduxoodfjoykqz/Build/Intermediates.noindex/SDG.build/Debug-watchos/Library.build/DerivedSources -Xcc "-working-directory[...]/Tests/Mock Projects/After/SDGLibrary" -emit-module-doc-path [...]/Library/Developer/Xcode/DerivedData/SDG-cwiewwnchebhjsfduxoodfjoykqz/Build/Intermediates.noindex/SDG.build/Debug-watchos/Library.build/Objects-normal/armv7k/SDG~partial.swiftdoc -serialize-diagnostics-path [...]/Library/Developer/Xcode/DerivedData/SDG-cwiewwnchebhjsfduxoodfjoykqz/Build/Intermediates.noindex/SDG.build/Debug-watchos/Library.build/Objects-normal/armv7k/SDG.dia -Onone -module-name Library -emit-module-path [...]/Library/Developer/Xcode/DerivedData/SDG-cwiewwnchebhjsfduxoodfjoykqz/Build/Intermediates.noindex/SDG.build/Debug-watchos/Library.build/Objects-normal/armv7k/SDG~partial.swiftmodule -emit-dependencies-path [...]/Library/Developer/Xcode/DerivedData/SDG-cwiewwnchebhjsfduxoodfjoykqz/Build/Intermediates.noindex/SDG.build/Debug-watchos/Library.build/Objects-normal/armv7k/SDG.d -emit-reference-dependencies-path [...]/Library/Developer/Xcode/DerivedData/SDG-cwiewwnchebhjsfduxoodfjoykqz/Build/Intermediates.noindex/SDG.build/Debug-watchos/Library.build/Objects-normal/armv7k/SDG.swiftdeps -o [...]/Library/Developer/Xcode/DerivedData/SDG-cwiewwnchebhjsfduxoodfjoykqz/Build/Intermediates.noindex/SDG.build/Debug-watchos/Library.build/Objects-normal/armv7k/SDG.o -embed-bitcode-marker -index-store-path [...]/Library/Developer/Xcode/DerivedData/SDG-cwiewwnchebhjsfduxoodfjoykqz/Index/DataStore -index-system-modules

MergeSwiftModule normal armv7k [...]/Library/Developer/Xcode/DerivedData/SDG-cwiewwnchebhjsfduxoodfjoykqz/Build/Intermediates.noindex/SDG.build/Debug-watchos/Library.build/Objects-normal/armv7k/Library.swiftmodule
    cd [...]/Tests/Mock Projects/After/SDGLibrary
    /Applications/Xcode.app/Contents/Developer/Toolchains/XcodeDefault.xctoolchain/usr/bin/swift -frontend -emit-module [...]/Library/Developer/Xcode/DerivedData/SDG-cwiewwnchebhjsfduxoodfjoykqz/Build/Intermediates.noindex/SDG.build/Debug-watchos/Library.build/Objects-normal/armv7k/Resources~partial.swiftmodule [...]/Library/Developer/Xcode/DerivedData/SDG-cwiewwnchebhjsfduxoodfjoykqz/Build/Intermediates.noindex/SDG.build/Debug-watchos/Library.build/Objects-normal/armv7k/SDG~partial.swiftmodule -parse-as-library -target armv7k-apple-watchos4.2 -enable-objc-interop -sdk /Applications/Xcode.app/Contents/Developer/Platforms/WatchOS.platform/Developer/SDKs/WatchOS4.2.sdk -I [...]/Library/Developer/Xcode/DerivedData/SDG-cwiewwnchebhjsfduxoodfjoykqz/Build/Products/Debug-watchos -F [...]/Library/Developer/Xcode/DerivedData/SDG-cwiewwnchebhjsfduxoodfjoykqz/Build/Products/Debug-watchos -F /Applications/Xcode.app/Contents/Developer/Platforms/WatchOS.platform/Developer/Library/Frameworks -enable-testing -g -module-cache-path [...]/Library/Developer/Xcode/DerivedData/ModuleCache -profile-generate -profile-coverage-mapping -swift-version 4 -enforce-exclusivity=checked -D SWIFT_PACKAGE -D Xcode -serialize-debugging-options -report-errors-to-debugger -Xcc -I[...]/Library/Developer/Xcode/DerivedData/SDG-cwiewwnchebhjsfduxoodfjoykqz/Build/Intermediates.noindex/SDG.build/Debug-watchos/Library.build/swift-overrides.hmap -Xcc -I[...]/Library/Developer/Xcode/DerivedData/SDG-cwiewwnchebhjsfduxoodfjoykqz/Build/Products/Debug-watchos/include -Xcc -I[...]/Library/Developer/Xcode/DerivedData/SDG-cwiewwnchebhjsfduxoodfjoykqz/Build/Intermediates.noindex/SDG.build/Debug-watchos/Library.build/DerivedSources/armv7k -Xcc -I[...]/Library/Developer/Xcode/DerivedData/SDG-cwiewwnchebhjsfduxoodfjoykqz/Build/Intermediates.noindex/SDG.build/Debug-watchos/Library.build/DerivedSources -Xcc "-working-directory[...]/Tests/Mock Projects/After/SDGLibrary" -emit-module-doc-path [...]/Library/Developer/Xcode/DerivedData/SDG-cwiewwnchebhjsfduxoodfjoykqz/Build/Intermediates.noindex/SDG.build/Debug-watchos/Library.build/Objects-normal/armv7k/Library.swiftdoc -module-name Library -emit-objc-header-path [...]/Library/Developer/Xcode/DerivedData/SDG-cwiewwnchebhjsfduxoodfjoykqz/Build/Intermediates.noindex/SDG.build/Debug-watchos/Library.build/Objects-normal/armv7k/Library-Swift.h -o [...]/Library/Developer/Xcode/DerivedData/SDG-cwiewwnchebhjsfduxoodfjoykqz/Build/Intermediates.noindex/SDG.build/Debug-watchos/Library.build/Objects-normal/armv7k/Library.swiftmodule

Ditto [...]/Library/Developer/Xcode/DerivedData/SDG-cwiewwnchebhjsfduxoodfjoykqz/Build/Products/Debug-watchos/Library.framework/Headers/Library-Swift.h [...]/Library/Developer/Xcode/DerivedData/SDG-cwiewwnchebhjsfduxoodfjoykqz/Build/Intermediates.noindex/SDG.build/Debug-watchos/Library.build/Objects-normal/armv7k/Library-Swift.h
    cd "[...]/Tests/Mock Projects/After/SDGLibrary"
    export PATH="/Applications/Xcode.app/Contents/Developer/Platforms/WatchOS.platform/Developer/usr/bin:/Applications/Xcode.app/Contents/Developer/usr/bin:[...]/.SDG/Registry:[...]/.rvm/gems/ruby-2.4.1/bin:[...]/.rvm/gems/ruby-2.4.1@global/bin:[...]/.rvm/rubies/ruby-2.4.1/bin:/usr/local/bin:/usr/bin:/bin:/usr/sbin:/sbin:[...]/.rvm/bin"
    /usr/bin/ditto -rsrc [...]/Library/Developer/Xcode/DerivedData/SDG-cwiewwnchebhjsfduxoodfjoykqz/Build/Intermediates.noindex/SDG.build/Debug-watchos/Library.build/Objects-normal/armv7k/Library-Swift.h [...]/Library/Developer/Xcode/DerivedData/SDG-cwiewwnchebhjsfduxoodfjoykqz/Build/Products/Debug-watchos/Library.framework/Headers/Library-Swift.h

Ditto [...]/Library/Developer/Xcode/DerivedData/SDG-cwiewwnchebhjsfduxoodfjoykqz/Build/Products/Debug-watchos/Library.framework/Modules/Library.swiftmodule/arm.swiftmodule [...]/Library/Developer/Xcode/DerivedData/SDG-cwiewwnchebhjsfduxoodfjoykqz/Build/Intermediates.noindex/SDG.build/Debug-watchos/Library.build/Objects-normal/armv7k/Library.swiftmodule
    cd "[...]/Tests/Mock Projects/After/SDGLibrary"
    export PATH="/Applications/Xcode.app/Contents/Developer/Platforms/WatchOS.platform/Developer/usr/bin:/Applications/Xcode.app/Contents/Developer/usr/bin:[...]/.SDG/Registry:[...]/.rvm/gems/ruby-2.4.1/bin:[...]/.rvm/gems/ruby-2.4.1@global/bin:[...]/.rvm/rubies/ruby-2.4.1/bin:/usr/local/bin:/usr/bin:/bin:/usr/sbin:/sbin:[...]/.rvm/bin"
    /usr/bin/ditto -rsrc [...]/Library/Developer/Xcode/DerivedData/SDG-cwiewwnchebhjsfduxoodfjoykqz/Build/Intermediates.noindex/SDG.build/Debug-watchos/Library.build/Objects-normal/armv7k/Library.swiftmodule [...]/Library/Developer/Xcode/DerivedData/SDG-cwiewwnchebhjsfduxoodfjoykqz/Build/Products/Debug-watchos/Library.framework/Modules/Library.swiftmodule/arm.swiftmodule

Ld [...]/Library/Developer/Xcode/DerivedData/SDG-cwiewwnchebhjsfduxoodfjoykqz/Build/Products/Debug-watchos/Library.framework/Library normal armv7k
    cd "[...]/Tests/Mock Projects/After/SDGLibrary"
    export PATH="/Applications/Xcode.app/Contents/Developer/Platforms/WatchOS.platform/Developer/usr/bin:/Applications/Xcode.app/Contents/Developer/usr/bin:[...]/.SDG/Registry:[...]/.rvm/gems/ruby-2.4.1/bin:[...]/.rvm/gems/ruby-2.4.1@global/bin:[...]/.rvm/rubies/ruby-2.4.1/bin:/usr/local/bin:/usr/bin:/bin:/usr/sbin:/sbin:[...]/.rvm/bin"
    export WATCHOS_DEPLOYMENT_TARGET=4.2
    /Applications/Xcode.app/Contents/Developer/Toolchains/XcodeDefault.xctoolchain/usr/bin/clang -arch armv7k -dynamiclib -isysroot /Applications/Xcode.app/Contents/Developer/Platforms/WatchOS.platform/Developer/SDKs/WatchOS4.2.sdk -L[...]/Library/Developer/Xcode/DerivedData/SDG-cwiewwnchebhjsfduxoodfjoykqz/Build/Products/Debug-watchos -F[...]/Library/Developer/Xcode/DerivedData/SDG-cwiewwnchebhjsfduxoodfjoykqz/Build/Products/Debug-watchos -F/Applications/Xcode.app/Contents/Developer/Platforms/WatchOS.platform/Developer/Library/Frameworks -filelist [...]/Library/Developer/Xcode/DerivedData/SDG-cwiewwnchebhjsfduxoodfjoykqz/Build/Intermediates.noindex/SDG.build/Debug-watchos/Library.build/Objects-normal/armv7k/Library.LinkFileList -install_name @rpath/Library.framework/Library -Xlinker -rpath -Xlinker /Applications/Xcode.app/Contents/Developer/Toolchains/XcodeDefault.xctoolchain/usr/lib/swift/macosx -mwatchos-version-min=4.2 -dead_strip -Xlinker -object_path_lto -Xlinker [...]/Library/Developer/Xcode/DerivedData/SDG-cwiewwnchebhjsfduxoodfjoykqz/Build/Intermediates.noindex/SDG.build/Debug-watchos/Library.build/Objects-normal/armv7k/Library_lto.o -Xlinker -export_dynamic -Xlinker -no_deduplicate -fembed-bitcode-marker -fobjc-link-runtime -fprofile-instr-generate -L/Applications/Xcode.app/Contents/Developer/Toolchains/XcodeDefault.xctoolchain/usr/lib/swift/watchos -Xlinker -add_ast_path -Xlinker [...]/Library/Developer/Xcode/DerivedData/SDG-cwiewwnchebhjsfduxoodfjoykqz/Build/Intermediates.noindex/SDG.build/Debug-watchos/Library.build/Objects-normal/armv7k/Library.swiftmodule -framework Dependency -single_module -Xlinker -dependency_info -Xlinker [...]/Library/Developer/Xcode/DerivedData/SDG-cwiewwnchebhjsfduxoodfjoykqz/Build/Intermediates.noindex/SDG.build/Debug-watchos/Library.build/Objects-normal/armv7k/Library_dependency_info.dat -o [...]/Library/Developer/Xcode/DerivedData/SDG-cwiewwnchebhjsfduxoodfjoykqz/Build/Products/Debug-watchos/Library.framework/Library
ld: warning: directory not found for option '-F/Applications/Xcode.app/Contents/Developer/Platforms/WatchOS.platform/Developer/Library/Frameworks'

Ditto [...]/Library/Developer/Xcode/DerivedData/SDG-cwiewwnchebhjsfduxoodfjoykqz/Build/Products/Debug-watchos/Library.framework/Modules/Library.swiftmodule/arm.swiftdoc [...]/Library/Developer/Xcode/DerivedData/SDG-cwiewwnchebhjsfduxoodfjoykqz/Build/Intermediates.noindex/SDG.build/Debug-watchos/Library.build/Objects-normal/armv7k/Library.swiftdoc
    cd "[...]/Tests/Mock Projects/After/SDGLibrary"
    export PATH="/Applications/Xcode.app/Contents/Developer/Platforms/WatchOS.platform/Developer/usr/bin:/Applications/Xcode.app/Contents/Developer/usr/bin:[...]/.SDG/Registry:[...]/.rvm/gems/ruby-2.4.1/bin:[...]/.rvm/gems/ruby-2.4.1@global/bin:[...]/.rvm/rubies/ruby-2.4.1/bin:/usr/local/bin:/usr/bin:/bin:/usr/sbin:/sbin:[...]/.rvm/bin"
    /usr/bin/ditto -rsrc [...]/Library/Developer/Xcode/DerivedData/SDG-cwiewwnchebhjsfduxoodfjoykqz/Build/Intermediates.noindex/SDG.build/Debug-watchos/Library.build/Objects-normal/armv7k/Library.swiftdoc [...]/Library/Developer/Xcode/DerivedData/SDG-cwiewwnchebhjsfduxoodfjoykqz/Build/Products/Debug-watchos/Library.framework/Modules/Library.swiftmodule/arm.swiftdoc

Ditto [...]/Library/Developer/Xcode/DerivedData/SDG-cwiewwnchebhjsfduxoodfjoykqz/Build/Intermediates.noindex/SDG.build/Debug-watchos/Library.build/module.modulemap [...]/Library/Developer/Xcode/DerivedData/SDG-cwiewwnchebhjsfduxoodfjoykqz/Build/Products/Debug-watchos/Library.framework/Modules/module.modulemap
    cd "[...]/Tests/Mock Projects/After/SDGLibrary"
    export PATH="/Applications/Xcode.app/Contents/Developer/Platforms/WatchOS.platform/Developer/usr/bin:/Applications/Xcode.app/Contents/Developer/usr/bin:[...]/.SDG/Registry:[...]/.rvm/gems/ruby-2.4.1/bin:[...]/.rvm/gems/ruby-2.4.1@global/bin:[...]/.rvm/rubies/ruby-2.4.1/bin:/usr/local/bin:/usr/bin:/bin:/usr/sbin:/sbin:[...]/.rvm/bin"
    builtin-copy -exclude .DS_Store -exclude CVS -exclude .svn -exclude .git -exclude .hg -resolve-src-symlinks [...]/Library/Developer/Xcode/DerivedData/SDG-cwiewwnchebhjsfduxoodfjoykqz/Build/Intermediates.noindex/SDG.build/Debug-watchos/Library.build/module.modulemap [...]/Library/Developer/Xcode/DerivedData/SDG-cwiewwnchebhjsfduxoodfjoykqz/Build/Products/Debug-watchos/Library.framework/Modules

Touch [...]/Library/Developer/Xcode/DerivedData/SDG-cwiewwnchebhjsfduxoodfjoykqz/Build/Products/Debug-watchos/Library.framework
    cd "[...]/Tests/Mock Projects/After/SDGLibrary"
    export PATH="/Applications/Xcode.app/Contents/Developer/Platforms/WatchOS.platform/Developer/usr/bin:/Applications/Xcode.app/Contents/Developer/usr/bin:[...]/.SDG/Registry:[...]/.rvm/gems/ruby-2.4.1/bin:[...]/.rvm/gems/ruby-2.4.1@global/bin:[...]/.rvm/rubies/ruby-2.4.1/bin:/usr/local/bin:/usr/bin:/bin:/usr/sbin:/sbin:[...]/.rvm/bin"
    /usr/bin/touch -c [...]/Library/Developer/Xcode/DerivedData/SDG-cwiewwnchebhjsfduxoodfjoykqz/Build/Products/Debug-watchos/Library.framework

** BUILD SUCCEEDED **



Checking build for tvOS... (¬ß5)


$ xcodebuild build -sdk appletvos -scheme SDG-Package
Build settings from command line:
    SDKROOT = appletvos11.2

=== BUILD TARGET Dependency OF PROJECT SDG WITH CONFIGURATION Debug ===

Check dependencies
Dependency will not be code signed because its settings don't specify a development team.

Write auxiliary files
/bin/mkdir -p [...]/Library/Developer/Xcode/DerivedData/SDG-cwiewwnchebhjsfduxoodfjoykqz/Build/Intermediates.noindex/SDG.build/Debug-appletvos/Dependency.build/Objects-normal/arm64
write-file [...]/Library/Developer/Xcode/DerivedData/SDG-cwiewwnchebhjsfduxoodfjoykqz/Build/Intermediates.noindex/SDG.build/Debug-appletvos/Dependency.build/Objects-normal/arm64/Dependency-OutputFileMap.json
write-file [...]/Library/Developer/Xcode/DerivedData/SDG-cwiewwnchebhjsfduxoodfjoykqz/Build/Intermediates.noindex/SDG.build/Debug-appletvos/Dependency.build/swift-overrides.hmap
write-file [...]/Library/Developer/Xcode/DerivedData/SDG-cwiewwnchebhjsfduxoodfjoykqz/Build/Intermediates.noindex/SDG.build/Debug-appletvos/Dependency.build/module.modulemap
write-file [...]/Library/Developer/Xcode/DerivedData/SDG-cwiewwnchebhjsfduxoodfjoykqz/Build/Intermediates.noindex/SDG.build/Debug-appletvos/Dependency.build/Objects-normal/arm64/Dependency.LinkFileList

Create product structure
/bin/mkdir -p [...]/Library/Developer/Xcode/DerivedData/SDG-cwiewwnchebhjsfduxoodfjoykqz/Build/Products/Debug-appletvos/Dependency.framework/Modules
/bin/mkdir -p [...]/Library/Developer/Xcode/DerivedData/SDG-cwiewwnchebhjsfduxoodfjoykqz/Build/Products/Debug-appletvos/Dependency.framework/Headers

ProcessInfoPlistFile [...]/Library/Developer/Xcode/DerivedData/SDG-cwiewwnchebhjsfduxoodfjoykqz/Build/Products/Debug-appletvos/Dependency.framework/Info.plist SDG.xcodeproj/Dependency_Info.plist
    cd "[...]/Tests/Mock Projects/After/SDGLibrary"
    export PATH="/Applications/Xcode.app/Contents/Developer/Platforms/AppleTVOS.platform/Developer/usr/bin:/Applications/Xcode.app/Contents/Developer/usr/bin:[...]/.SDG/Registry:[...]/.rvm/gems/ruby-2.4.1/bin:[...]/.rvm/gems/ruby-2.4.1@global/bin:[...]/.rvm/rubies/ruby-2.4.1/bin:/usr/local/bin:/usr/bin:/bin:/usr/sbin:/sbin:[...]/.rvm/bin"
    builtin-infoPlistUtility [...]/Tests/Mock\ Projects/After/SDGLibrary/SDG.xcodeproj/Dependency_Info.plist -expandbuildsettings -format binary -platform appletvos -o [...]/Library/Developer/Xcode/DerivedData/SDG-cwiewwnchebhjsfduxoodfjoykqz/Build/Products/Debug-appletvos/Dependency.framework/Info.plist

CompileSwiftSources normal arm64 com.apple.xcode.tools.swift.compiler
    cd "[...]/Tests/Mock Projects/After/SDGLibrary"
    export DEVELOPER_DIR=/Applications/Xcode.app/Contents/Developer
    export PATH="/Applications/Xcode.app/Contents/Developer/Platforms/AppleTVOS.platform/Developer/usr/bin:/Applications/Xcode.app/Contents/Developer/usr/bin:[...]/.SDG/Registry:[...]/.rvm/gems/ruby-2.4.1/bin:[...]/.rvm/gems/ruby-2.4.1@global/bin:[...]/.rvm/rubies/ruby-2.4.1/bin:/usr/local/bin:/usr/bin:/bin:/usr/sbin:/sbin:[...]/.rvm/bin"
    export SDKROOT=/Applications/Xcode.app/Contents/Developer/Platforms/AppleTVOS.platform/Developer/SDKs/AppleTVOS11.2.sdk
    /Applications/Xcode.app/Contents/Developer/Toolchains/XcodeDefault.xctoolchain/usr/bin/swiftc -incremental -module-name Dependency -Onone -enforce-exclusivity=checked -DSWIFT_PACKAGE -DXcode -sdk /Applications/Xcode.app/Contents/Developer/Platforms/AppleTVOS.platform/Developer/SDKs/AppleTVOS11.2.sdk -target arm64-apple-tvos11.2 -g -module-cache-path [...]/Library/Developer/Xcode/DerivedData/ModuleCache -Xfrontend -serialize-debugging-options -profile-coverage-mapping -profile-generate -embed-bitcode-marker -enable-testing -index-store-path [...]/Library/Developer/Xcode/DerivedData/SDG-cwiewwnchebhjsfduxoodfjoykqz/Index/DataStore -Xfrontend -report-errors-to-debugger -swift-version 4 -I [...]/Library/Developer/Xcode/DerivedData/SDG-cwiewwnchebhjsfduxoodfjoykqz/Build/Products/Debug-appletvos -F [...]/Library/Developer/Xcode/DerivedData/SDG-cwiewwnchebhjsfduxoodfjoykqz/Build/Products/Debug-appletvos -F /Applications/Xcode.app/Contents/Developer/Platforms/AppleTVOS.platform/Developer/Library/Frameworks -parse-as-library -c -j4 [...]/Tests/Mock\ Projects/After/SDGLibrary/.build/checkouts/Dependency-74053125454640535/Sources/Dependency/Dependency.swift -output-file-map [...]/Library/Developer/Xcode/DerivedData/SDG-cwiewwnchebhjsfduxoodfjoykqz/Build/Intermediates.noindex/SDG.build/Debug-appletvos/Dependency.build/Objects-normal/arm64/Dependency-OutputFileMap.json -parseable-output -serialize-diagnostics -emit-dependencies -emit-module -emit-module-path [...]/Library/Developer/Xcode/DerivedData/SDG-cwiewwnchebhjsfduxoodfjoykqz/Build/Intermediates.noindex/SDG.build/Debug-appletvos/Dependency.build/Objects-normal/arm64/Dependency.swiftmodule -Xcc -I[...]/Library/Developer/Xcode/DerivedData/SDG-cwiewwnchebhjsfduxoodfjoykqz/Build/Intermediates.noindex/SDG.build/Debug-appletvos/Dependency.build/swift-overrides.hmap -Xcc -I[...]/Library/Developer/Xcode/DerivedData/SDG-cwiewwnchebhjsfduxoodfjoykqz/Build/Products/Debug-appletvos/include -Xcc -I[...]/Library/Developer/Xcode/DerivedData/SDG-cwiewwnchebhjsfduxoodfjoykqz/Build/Intermediates.noindex/SDG.build/Debug-appletvos/Dependency.build/DerivedSources/arm64 -Xcc -I[...]/Library/Developer/Xcode/DerivedData/SDG-cwiewwnchebhjsfduxoodfjoykqz/Build/Intermediates.noindex/SDG.build/Debug-appletvos/Dependency.build/DerivedSources -emit-objc-header -emit-objc-header-path [...]/Library/Developer/Xcode/DerivedData/SDG-cwiewwnchebhjsfduxoodfjoykqz/Build/Intermediates.noindex/SDG.build/Debug-appletvos/Dependency.build/Objects-normal/arm64/Dependency-Swift.h -Xcc -working-directory[...]/Tests/Mock\ Projects/After/SDGLibrary

CompileSwift normal arm64 [...]/Tests/Mock Projects/After/SDGLibrary/.build/checkouts/Dependency-74053125454640535/Sources/Dependency/Dependency.swift
    cd [...]/Tests/Mock Projects/After/SDGLibrary
    /Applications/Xcode.app/Contents/Developer/Toolchains/XcodeDefault.xctoolchain/usr/bin/swift -frontend -c -primary-file "[...]/Tests/Mock Projects/After/SDGLibrary/.build/checkouts/Dependency-74053125454640535/Sources/Dependency/Dependency.swift" -target arm64-apple-tvos11.2 -Xllvm -aarch64-use-tbi -enable-objc-interop -sdk /Applications/Xcode.app/Contents/Developer/Platforms/AppleTVOS.platform/Developer/SDKs/AppleTVOS11.2.sdk -I [...]/Library/Developer/Xcode/DerivedData/SDG-cwiewwnchebhjsfduxoodfjoykqz/Build/Products/Debug-appletvos -F [...]/Library/Developer/Xcode/DerivedData/SDG-cwiewwnchebhjsfduxoodfjoykqz/Build/Products/Debug-appletvos -F /Applications/Xcode.app/Contents/Developer/Platforms/AppleTVOS.platform/Developer/Library/Frameworks -enable-testing -g -module-cache-path [...]/Library/Developer/Xcode/DerivedData/ModuleCache -profile-generate -profile-coverage-mapping -swift-version 4 -enforce-exclusivity=checked -D SWIFT_PACKAGE -D Xcode -serialize-debugging-options -report-errors-to-debugger -Xcc -I[...]/Library/Developer/Xcode/DerivedData/SDG-cwiewwnchebhjsfduxoodfjoykqz/Build/Intermediates.noindex/SDG.build/Debug-appletvos/Dependency.build/swift-overrides.hmap -Xcc -I[...]/Library/Developer/Xcode/DerivedData/SDG-cwiewwnchebhjsfduxoodfjoykqz/Build/Products/Debug-appletvos/include -Xcc -I[...]/Library/Developer/Xcode/DerivedData/SDG-cwiewwnchebhjsfduxoodfjoykqz/Build/Intermediates.noindex/SDG.build/Debug-appletvos/Dependency.build/DerivedSources/arm64 -Xcc -I[...]/Library/Developer/Xcode/DerivedData/SDG-cwiewwnchebhjsfduxoodfjoykqz/Build/Intermediates.noindex/SDG.build/Debug-appletvos/Dependency.build/DerivedSources -Xcc "-working-directory[...]/Tests/Mock Projects/After/SDGLibrary" -emit-module-doc-path [...]/Library/Developer/Xcode/DerivedData/SDG-cwiewwnchebhjsfduxoodfjoykqz/Build/Intermediates.noindex/SDG.build/Debug-appletvos/Dependency.build/Objects-normal/arm64/Dependency~partial.swiftdoc -serialize-diagnostics-path [...]/Library/Developer/Xcode/DerivedData/SDG-cwiewwnchebhjsfduxoodfjoykqz/Build/Intermediates.noindex/SDG.build/Debug-appletvos/Dependency.build/Objects-normal/arm64/Dependency.dia -Onone -parse-as-library -module-name Dependency -emit-module-path [...]/Library/Developer/Xcode/DerivedData/SDG-cwiewwnchebhjsfduxoodfjoykqz/Build/Intermediates.noindex/SDG.build/Debug-appletvos/Dependency.build/Objects-normal/arm64/Dependency~partial.swiftmodule -emit-dependencies-path [...]/Library/Developer/Xcode/DerivedData/SDG-cwiewwnchebhjsfduxoodfjoykqz/Build/Intermediates.noindex/SDG.build/Debug-appletvos/Dependency.build/Objects-normal/arm64/Dependency.d -emit-reference-dependencies-path [...]/Library/Developer/Xcode/DerivedData/SDG-cwiewwnchebhjsfduxoodfjoykqz/Build/Intermediates.noindex/SDG.build/Debug-appletvos/Dependency.build/Objects-normal/arm64/Dependency.swiftdeps -o [...]/Library/Developer/Xcode/DerivedData/SDG-cwiewwnchebhjsfduxoodfjoykqz/Build/Intermediates.noindex/SDG.build/Debug-appletvos/Dependency.build/Objects-normal/arm64/Dependency.o -embed-bitcode-marker -index-store-path [...]/Library/Developer/Xcode/DerivedData/SDG-cwiewwnchebhjsfduxoodfjoykqz/Index/DataStore -index-system-modules

MergeSwiftModule normal arm64 [...]/Library/Developer/Xcode/DerivedData/SDG-cwiewwnchebhjsfduxoodfjoykqz/Build/Intermediates.noindex/SDG.build/Debug-appletvos/Dependency.build/Objects-normal/arm64/Dependency.swiftmodule
    cd [...]/Tests/Mock Projects/After/SDGLibrary
    /Applications/Xcode.app/Contents/Developer/Toolchains/XcodeDefault.xctoolchain/usr/bin/swift -frontend -emit-module [...]/Library/Developer/Xcode/DerivedData/SDG-cwiewwnchebhjsfduxoodfjoykqz/Build/Intermediates.noindex/SDG.build/Debug-appletvos/Dependency.build/Objects-normal/arm64/Dependency~partial.swiftmodule -parse-as-library -target arm64-apple-tvos11.2 -Xllvm -aarch64-use-tbi -enable-objc-interop -sdk /Applications/Xcode.app/Contents/Developer/Platforms/AppleTVOS.platform/Developer/SDKs/AppleTVOS11.2.sdk -I [...]/Library/Developer/Xcode/DerivedData/SDG-cwiewwnchebhjsfduxoodfjoykqz/Build/Products/Debug-appletvos -F [...]/Library/Developer/Xcode/DerivedData/SDG-cwiewwnchebhjsfduxoodfjoykqz/Build/Products/Debug-appletvos -F /Applications/Xcode.app/Contents/Developer/Platforms/AppleTVOS.platform/Developer/Library/Frameworks -enable-testing -g -module-cache-path [...]/Library/Developer/Xcode/DerivedData/ModuleCache -profile-generate -profile-coverage-mapping -swift-version 4 -enforce-exclusivity=checked -D SWIFT_PACKAGE -D Xcode -serialize-debugging-options -report-errors-to-debugger -Xcc -I[...]/Library/Developer/Xcode/DerivedData/SDG-cwiewwnchebhjsfduxoodfjoykqz/Build/Intermediates.noindex/SDG.build/Debug-appletvos/Dependency.build/swift-overrides.hmap -Xcc -I[...]/Library/Developer/Xcode/DerivedData/SDG-cwiewwnchebhjsfduxoodfjoykqz/Build/Products/Debug-appletvos/include -Xcc -I[...]/Library/Developer/Xcode/DerivedData/SDG-cwiewwnchebhjsfduxoodfjoykqz/Build/Intermediates.noindex/SDG.build/Debug-appletvos/Dependency.build/DerivedSources/arm64 -Xcc -I[...]/Library/Developer/Xcode/DerivedData/SDG-cwiewwnchebhjsfduxoodfjoykqz/Build/Intermediates.noindex/SDG.build/Debug-appletvos/Dependency.build/DerivedSources -Xcc "-working-directory[...]/Tests/Mock Projects/After/SDGLibrary" -emit-module-doc-path [...]/Library/Developer/Xcode/DerivedData/SDG-cwiewwnchebhjsfduxoodfjoykqz/Build/Intermediates.noindex/SDG.build/Debug-appletvos/Dependency.build/Objects-normal/arm64/Dependency.swiftdoc -module-name Dependency -emit-objc-header-path [...]/Library/Developer/Xcode/DerivedData/SDG-cwiewwnchebhjsfduxoodfjoykqz/Build/Intermediates.noindex/SDG.build/Debug-appletvos/Dependency.build/Objects-normal/arm64/Dependency-Swift.h -o [...]/Library/Developer/Xcode/DerivedData/SDG-cwiewwnchebhjsfduxoodfjoykqz/Build/Intermediates.noindex/SDG.build/Debug-appletvos/Dependency.build/Objects-normal/arm64/Dependency.swiftmodule

Ditto [...]/Library/Developer/Xcode/DerivedData/SDG-cwiewwnchebhjsfduxoodfjoykqz/Build/Products/Debug-appletvos/Dependency.framework/Headers/Dependency-Swift.h [...]/Library/Developer/Xcode/DerivedData/SDG-cwiewwnchebhjsfduxoodfjoykqz/Build/Intermediates.noindex/SDG.build/Debug-appletvos/Dependency.build/Objects-normal/arm64/Dependency-Swift.h
    cd "[...]/Tests/Mock Projects/After/SDGLibrary"
    export PATH="/Applications/Xcode.app/Contents/Developer/Platforms/AppleTVOS.platform/Developer/usr/bin:/Applications/Xcode.app/Contents/Developer/usr/bin:[...]/.SDG/Registry:[...]/.rvm/gems/ruby-2.4.1/bin:[...]/.rvm/gems/ruby-2.4.1@global/bin:[...]/.rvm/rubies/ruby-2.4.1/bin:/usr/local/bin:/usr/bin:/bin:/usr/sbin:/sbin:[...]/.rvm/bin"
    /usr/bin/ditto -rsrc [...]/Library/Developer/Xcode/DerivedData/SDG-cwiewwnchebhjsfduxoodfjoykqz/Build/Intermediates.noindex/SDG.build/Debug-appletvos/Dependency.build/Objects-normal/arm64/Dependency-Swift.h [...]/Library/Developer/Xcode/DerivedData/SDG-cwiewwnchebhjsfduxoodfjoykqz/Build/Products/Debug-appletvos/Dependency.framework/Headers/Dependency-Swift.h

Ld [...]/Library/Developer/Xcode/DerivedData/SDG-cwiewwnchebhjsfduxoodfjoykqz/Build/Products/Debug-appletvos/Dependency.framework/Dependency normal arm64
    cd "[...]/Tests/Mock Projects/After/SDGLibrary"
    export PATH="/Applications/Xcode.app/Contents/Developer/Platforms/AppleTVOS.platform/Developer/usr/bin:/Applications/Xcode.app/Contents/Developer/usr/bin:[...]/.SDG/Registry:[...]/.rvm/gems/ruby-2.4.1/bin:[...]/.rvm/gems/ruby-2.4.1@global/bin:[...]/.rvm/rubies/ruby-2.4.1/bin:/usr/local/bin:/usr/bin:/bin:/usr/sbin:/sbin:[...]/.rvm/bin"
    export TVOS_DEPLOYMENT_TARGET=11.2
    /Applications/Xcode.app/Contents/Developer/Toolchains/XcodeDefault.xctoolchain/usr/bin/clang -arch arm64 -dynamiclib -isysroot /Applications/Xcode.app/Contents/Developer/Platforms/AppleTVOS.platform/Developer/SDKs/AppleTVOS11.2.sdk -L[...]/Library/Developer/Xcode/DerivedData/SDG-cwiewwnchebhjsfduxoodfjoykqz/Build/Products/Debug-appletvos -F[...]/Library/Developer/Xcode/DerivedData/SDG-cwiewwnchebhjsfduxoodfjoykqz/Build/Products/Debug-appletvos -F/Applications/Xcode.app/Contents/Developer/Platforms/AppleTVOS.platform/Developer/Library/Frameworks -filelist [...]/Library/Developer/Xcode/DerivedData/SDG-cwiewwnchebhjsfduxoodfjoykqz/Build/Intermediates.noindex/SDG.build/Debug-appletvos/Dependency.build/Objects-normal/arm64/Dependency.LinkFileList -install_name @rpath/Dependency.framework/Dependency -Xlinker -rpath -Xlinker /Applications/Xcode.app/Contents/Developer/Toolchains/XcodeDefault.xctoolchain/usr/lib/swift/macosx -mtvos-version-min=11.2 -dead_strip -Xlinker -object_path_lto -Xlinker [...]/Library/Developer/Xcode/DerivedData/SDG-cwiewwnchebhjsfduxoodfjoykqz/Build/Intermediates.noindex/SDG.build/Debug-appletvos/Dependency.build/Objects-normal/arm64/Dependency_lto.o -Xlinker -export_dynamic -Xlinker -no_deduplicate -fembed-bitcode-marker -fobjc-link-runtime -fprofile-instr-generate -L/Applications/Xcode.app/Contents/Developer/Toolchains/XcodeDefault.xctoolchain/usr/lib/swift/appletvos -Xlinker -add_ast_path -Xlinker [...]/Library/Developer/Xcode/DerivedData/SDG-cwiewwnchebhjsfduxoodfjoykqz/Build/Intermediates.noindex/SDG.build/Debug-appletvos/Dependency.build/Objects-normal/arm64/Dependency.swiftmodule -single_module -Xlinker -dependency_info -Xlinker [...]/Library/Developer/Xcode/DerivedData/SDG-cwiewwnchebhjsfduxoodfjoykqz/Build/Intermediates.noindex/SDG.build/Debug-appletvos/Dependency.build/Objects-normal/arm64/Dependency_dependency_info.dat -o [...]/Library/Developer/Xcode/DerivedData/SDG-cwiewwnchebhjsfduxoodfjoykqz/Build/Products/Debug-appletvos/Dependency.framework/Dependency

Ditto [...]/Library/Developer/Xcode/DerivedData/SDG-cwiewwnchebhjsfduxoodfjoykqz/Build/Products/Debug-appletvos/Dependency.framework/Modules/Dependency.swiftmodule/arm64.swiftmodule [...]/Library/Developer/Xcode/DerivedData/SDG-cwiewwnchebhjsfduxoodfjoykqz/Build/Intermediates.noindex/SDG.build/Debug-appletvos/Dependency.build/Objects-normal/arm64/Dependency.swiftmodule
    cd "[...]/Tests/Mock Projects/After/SDGLibrary"
    export PATH="/Applications/Xcode.app/Contents/Developer/Platforms/AppleTVOS.platform/Developer/usr/bin:/Applications/Xcode.app/Contents/Developer/usr/bin:[...]/.SDG/Registry:[...]/.rvm/gems/ruby-2.4.1/bin:[...]/.rvm/gems/ruby-2.4.1@global/bin:[...]/.rvm/rubies/ruby-2.4.1/bin:/usr/local/bin:/usr/bin:/bin:/usr/sbin:/sbin:[...]/.rvm/bin"
    /usr/bin/ditto -rsrc [...]/Library/Developer/Xcode/DerivedData/SDG-cwiewwnchebhjsfduxoodfjoykqz/Build/Intermediates.noindex/SDG.build/Debug-appletvos/Dependency.build/Objects-normal/arm64/Dependency.swiftmodule [...]/Library/Developer/Xcode/DerivedData/SDG-cwiewwnchebhjsfduxoodfjoykqz/Build/Products/Debug-appletvos/Dependency.framework/Modules/Dependency.swiftmodule/arm64.swiftmodule

Ditto [...]/Library/Developer/Xcode/DerivedData/SDG-cwiewwnchebhjsfduxoodfjoykqz/Build/Products/Debug-appletvos/Dependency.framework/Modules/Dependency.swiftmodule/arm64.swiftdoc [...]/Library/Developer/Xcode/DerivedData/SDG-cwiewwnchebhjsfduxoodfjoykqz/Build/Intermediates.noindex/SDG.build/Debug-appletvos/Dependency.build/Objects-normal/arm64/Dependency.swiftdoc
    cd "[...]/Tests/Mock Projects/After/SDGLibrary"
    export PATH="/Applications/Xcode.app/Contents/Developer/Platforms/AppleTVOS.platform/Developer/usr/bin:/Applications/Xcode.app/Contents/Developer/usr/bin:[...]/.SDG/Registry:[...]/.rvm/gems/ruby-2.4.1/bin:[...]/.rvm/gems/ruby-2.4.1@global/bin:[...]/.rvm/rubies/ruby-2.4.1/bin:/usr/local/bin:/usr/bin:/bin:/usr/sbin:/sbin:[...]/.rvm/bin"
    /usr/bin/ditto -rsrc [...]/Library/Developer/Xcode/DerivedData/SDG-cwiewwnchebhjsfduxoodfjoykqz/Build/Intermediates.noindex/SDG.build/Debug-appletvos/Dependency.build/Objects-normal/arm64/Dependency.swiftdoc [...]/Library/Developer/Xcode/DerivedData/SDG-cwiewwnchebhjsfduxoodfjoykqz/Build/Products/Debug-appletvos/Dependency.framework/Modules/Dependency.swiftmodule/arm64.swiftdoc

Ditto [...]/Library/Developer/Xcode/DerivedData/SDG-cwiewwnchebhjsfduxoodfjoykqz/Build/Intermediates.noindex/SDG.build/Debug-appletvos/Dependency.build/module.modulemap [...]/Library/Developer/Xcode/DerivedData/SDG-cwiewwnchebhjsfduxoodfjoykqz/Build/Products/Debug-appletvos/Dependency.framework/Modules/module.modulemap
    cd "[...]/Tests/Mock Projects/After/SDGLibrary"
    export PATH="/Applications/Xcode.app/Contents/Developer/Platforms/AppleTVOS.platform/Developer/usr/bin:/Applications/Xcode.app/Contents/Developer/usr/bin:[...]/.SDG/Registry:[...]/.rvm/gems/ruby-2.4.1/bin:[...]/.rvm/gems/ruby-2.4.1@global/bin:[...]/.rvm/rubies/ruby-2.4.1/bin:/usr/local/bin:/usr/bin:/bin:/usr/sbin:/sbin:[...]/.rvm/bin"
    builtin-copy -exclude .DS_Store -exclude CVS -exclude .svn -exclude .git -exclude .hg -resolve-src-symlinks [...]/Library/Developer/Xcode/DerivedData/SDG-cwiewwnchebhjsfduxoodfjoykqz/Build/Intermediates.noindex/SDG.build/Debug-appletvos/Dependency.build/module.modulemap [...]/Library/Developer/Xcode/DerivedData/SDG-cwiewwnchebhjsfduxoodfjoykqz/Build/Products/Debug-appletvos/Dependency.framework/Modules

Touch [...]/Library/Developer/Xcode/DerivedData/SDG-cwiewwnchebhjsfduxoodfjoykqz/Build/Products/Debug-appletvos/Dependency.framework
    cd "[...]/Tests/Mock Projects/After/SDGLibrary"
    export PATH="/Applications/Xcode.app/Contents/Developer/Platforms/AppleTVOS.platform/Developer/usr/bin:/Applications/Xcode.app/Contents/Developer/usr/bin:[...]/.SDG/Registry:[...]/.rvm/gems/ruby-2.4.1/bin:[...]/.rvm/gems/ruby-2.4.1@global/bin:[...]/.rvm/rubies/ruby-2.4.1/bin:/usr/local/bin:/usr/bin:/bin:/usr/sbin:/sbin:[...]/.rvm/bin"
    /usr/bin/touch -c [...]/Library/Developer/Xcode/DerivedData/SDG-cwiewwnchebhjsfduxoodfjoykqz/Build/Products/Debug-appletvos/Dependency.framework

=== BUILD TARGET Library OF PROJECT SDG WITH CONFIGURATION Debug ===

Check dependencies
Library will not be code signed because its settings don't specify a development team.

Write auxiliary files
/bin/mkdir -p [...]/Library/Developer/Xcode/DerivedData/SDG-cwiewwnchebhjsfduxoodfjoykqz/Build/Intermediates.noindex/SDG.build/Debug-appletvos/Library.build/Objects-normal/arm64
write-file [...]/Library/Developer/Xcode/DerivedData/SDG-cwiewwnchebhjsfduxoodfjoykqz/Build/Intermediates.noindex/SDG.build/Debug-appletvos/Library.build/Objects-normal/arm64/Library-OutputFileMap.json
write-file [...]/Library/Developer/Xcode/DerivedData/SDG-cwiewwnchebhjsfduxoodfjoykqz/Build/Intermediates.noindex/SDG.build/Debug-appletvos/Library.build/swift-overrides.hmap
write-file [...]/Library/Developer/Xcode/DerivedData/SDG-cwiewwnchebhjsfduxoodfjoykqz/Build/Intermediates.noindex/SDG.build/Debug-appletvos/Library.build/Objects-normal/arm64/Library.LinkFileList
write-file [...]/Library/Developer/Xcode/DerivedData/SDG-cwiewwnchebhjsfduxoodfjoykqz/Build/Intermediates.noindex/SDG.build/Debug-appletvos/Library.build/module.modulemap

Create product structure
/bin/mkdir -p [...]/Library/Developer/Xcode/DerivedData/SDG-cwiewwnchebhjsfduxoodfjoykqz/Build/Products/Debug-appletvos/Library.framework/Modules
/bin/mkdir -p [...]/Library/Developer/Xcode/DerivedData/SDG-cwiewwnchebhjsfduxoodfjoykqz/Build/Products/Debug-appletvos/Library.framework/Headers

ProcessInfoPlistFile [...]/Library/Developer/Xcode/DerivedData/SDG-cwiewwnchebhjsfduxoodfjoykqz/Build/Products/Debug-appletvos/Library.framework/Info.plist SDG.xcodeproj/Library_Info.plist
    cd "[...]/Tests/Mock Projects/After/SDGLibrary"
    export PATH="/Applications/Xcode.app/Contents/Developer/Platforms/AppleTVOS.platform/Developer/usr/bin:/Applications/Xcode.app/Contents/Developer/usr/bin:[...]/.SDG/Registry:[...]/.rvm/gems/ruby-2.4.1/bin:[...]/.rvm/gems/ruby-2.4.1@global/bin:[...]/.rvm/rubies/ruby-2.4.1/bin:/usr/local/bin:/usr/bin:/bin:/usr/sbin:/sbin:[...]/.rvm/bin"
    builtin-infoPlistUtility [...]/Tests/Mock\ Projects/After/SDGLibrary/SDG.xcodeproj/Library_Info.plist -expandbuildsettings -format binary -platform appletvos -o [...]/Library/Developer/Xcode/DerivedData/SDG-cwiewwnchebhjsfduxoodfjoykqz/Build/Products/Debug-appletvos/Library.framework/Info.plist

CompileSwiftSources normal arm64 com.apple.xcode.tools.swift.compiler
    cd "[...]/Tests/Mock Projects/After/SDGLibrary"
    export DEVELOPER_DIR=/Applications/Xcode.app/Contents/Developer
    export PATH="/Applications/Xcode.app/Contents/Developer/Platforms/AppleTVOS.platform/Developer/usr/bin:/Applications/Xcode.app/Contents/Developer/usr/bin:[...]/.SDG/Registry:[...]/.rvm/gems/ruby-2.4.1/bin:[...]/.rvm/gems/ruby-2.4.1@global/bin:[...]/.rvm/rubies/ruby-2.4.1/bin:/usr/local/bin:/usr/bin:/bin:/usr/sbin:/sbin:[...]/.rvm/bin"
    export SDKROOT=/Applications/Xcode.app/Contents/Developer/Platforms/AppleTVOS.platform/Developer/SDKs/AppleTVOS11.2.sdk
    /Applications/Xcode.app/Contents/Developer/Toolchains/XcodeDefault.xctoolchain/usr/bin/swiftc -incremental -module-name Library -Onone -enforce-exclusivity=checked -DSWIFT_PACKAGE -DXcode -sdk /Applications/Xcode.app/Contents/Developer/Platforms/AppleTVOS.platform/Developer/SDKs/AppleTVOS11.2.sdk -target arm64-apple-tvos11.2 -g -module-cache-path [...]/Library/Developer/Xcode/DerivedData/ModuleCache -Xfrontend -serialize-debugging-options -profile-coverage-mapping -profile-generate -embed-bitcode-marker -enable-testing -index-store-path [...]/Library/Developer/Xcode/DerivedData/SDG-cwiewwnchebhjsfduxoodfjoykqz/Index/DataStore -Xfrontend -report-errors-to-debugger -swift-version 4 -I [...]/Library/Developer/Xcode/DerivedData/SDG-cwiewwnchebhjsfduxoodfjoykqz/Build/Products/Debug-appletvos -F [...]/Library/Developer/Xcode/DerivedData/SDG-cwiewwnchebhjsfduxoodfjoykqz/Build/Products/Debug-appletvos -F /Applications/Xcode.app/Contents/Developer/Platforms/AppleTVOS.platform/Developer/Library/Frameworks -c -j4 [...]/Tests/Mock\ Projects/After/SDGLibrary/Sources/Library/Resources.swift [...]/Tests/Mock\ Projects/After/SDGLibrary/Sources/Library/SDG.swift -output-file-map [...]/Library/Developer/Xcode/DerivedData/SDG-cwiewwnchebhjsfduxoodfjoykqz/Build/Intermediates.noindex/SDG.build/Debug-appletvos/Library.build/Objects-normal/arm64/Library-OutputFileMap.json -parseable-output -serialize-diagnostics -emit-dependencies -emit-module -emit-module-path [...]/Library/Developer/Xcode/DerivedData/SDG-cwiewwnchebhjsfduxoodfjoykqz/Build/Intermediates.noindex/SDG.build/Debug-appletvos/Library.build/Objects-normal/arm64/Library.swiftmodule -Xcc -I[...]/Library/Developer/Xcode/DerivedData/SDG-cwiewwnchebhjsfduxoodfjoykqz/Build/Intermediates.noindex/SDG.build/Debug-appletvos/Library.build/swift-overrides.hmap -Xcc -I[...]/Library/Developer/Xcode/DerivedData/SDG-cwiewwnchebhjsfduxoodfjoykqz/Build/Products/Debug-appletvos/include -Xcc -I[...]/Library/Developer/Xcode/DerivedData/SDG-cwiewwnchebhjsfduxoodfjoykqz/Build/Intermediates.noindex/SDG.build/Debug-appletvos/Library.build/DerivedSources/arm64 -Xcc -I[...]/Library/Developer/Xcode/DerivedData/SDG-cwiewwnchebhjsfduxoodfjoykqz/Build/Intermediates.noindex/SDG.build/Debug-appletvos/Library.build/DerivedSources -emit-objc-header -emit-objc-header-path [...]/Library/Developer/Xcode/DerivedData/SDG-cwiewwnchebhjsfduxoodfjoykqz/Build/Intermediates.noindex/SDG.build/Debug-appletvos/Library.build/Objects-normal/arm64/Library-Swift.h -Xcc -working-directory[...]/Tests/Mock\ Projects/After/SDGLibrary

CompileSwift normal arm64 [...]/Tests/Mock Projects/After/SDGLibrary/Sources/Library/Resources.swift
    cd [...]/Tests/Mock Projects/After/SDGLibrary
    /Applications/Xcode.app/Contents/Developer/Toolchains/XcodeDefault.xctoolchain/usr/bin/swift -frontend -c -primary-file "[...]/Tests/Mock Projects/After/SDGLibrary/Sources/Library/Resources.swift" "[...]/Tests/Mock Projects/After/SDGLibrary/Sources/Library/SDG.swift" -target arm64-apple-tvos11.2 -Xllvm -aarch64-use-tbi -enable-objc-interop -sdk /Applications/Xcode.app/Contents/Developer/Platforms/AppleTVOS.platform/Developer/SDKs/AppleTVOS11.2.sdk -I [...]/Library/Developer/Xcode/DerivedData/SDG-cwiewwnchebhjsfduxoodfjoykqz/Build/Products/Debug-appletvos -F [...]/Library/Developer/Xcode/DerivedData/SDG-cwiewwnchebhjsfduxoodfjoykqz/Build/Products/Debug-appletvos -F /Applications/Xcode.app/Contents/Developer/Platforms/AppleTVOS.platform/Developer/Library/Frameworks -enable-testing -g -module-cache-path [...]/Library/Developer/Xcode/DerivedData/ModuleCache -profile-generate -profile-coverage-mapping -swift-version 4 -enforce-exclusivity=checked -D SWIFT_PACKAGE -D Xcode -serialize-debugging-options -report-errors-to-debugger -Xcc -I[...]/Library/Developer/Xcode/DerivedData/SDG-cwiewwnchebhjsfduxoodfjoykqz/Build/Intermediates.noindex/SDG.build/Debug-appletvos/Library.build/swift-overrides.hmap -Xcc -I[...]/Library/Developer/Xcode/DerivedData/SDG-cwiewwnchebhjsfduxoodfjoykqz/Build/Products/Debug-appletvos/include -Xcc -I[...]/Library/Developer/Xcode/DerivedData/SDG-cwiewwnchebhjsfduxoodfjoykqz/Build/Intermediates.noindex/SDG.build/Debug-appletvos/Library.build/DerivedSources/arm64 -Xcc -I[...]/Library/Developer/Xcode/DerivedData/SDG-cwiewwnchebhjsfduxoodfjoykqz/Build/Intermediates.noindex/SDG.build/Debug-appletvos/Library.build/DerivedSources -Xcc "-working-directory[...]/Tests/Mock Projects/After/SDGLibrary" -emit-module-doc-path [...]/Library/Developer/Xcode/DerivedData/SDG-cwiewwnchebhjsfduxoodfjoykqz/Build/Intermediates.noindex/SDG.build/Debug-appletvos/Library.build/Objects-normal/arm64/Resources~partial.swiftdoc -serialize-diagnostics-path [...]/Library/Developer/Xcode/DerivedData/SDG-cwiewwnchebhjsfduxoodfjoykqz/Build/Intermediates.noindex/SDG.build/Debug-appletvos/Library.build/Objects-normal/arm64/Resources.dia -Onone -module-name Library -emit-module-path [...]/Library/Developer/Xcode/DerivedData/SDG-cwiewwnchebhjsfduxoodfjoykqz/Build/Intermediates.noindex/SDG.build/Debug-appletvos/Library.build/Objects-normal/arm64/Resources~partial.swiftmodule -emit-dependencies-path [...]/Library/Developer/Xcode/DerivedData/SDG-cwiewwnchebhjsfduxoodfjoykqz/Build/Intermediates.noindex/SDG.build/Debug-appletvos/Library.build/Objects-normal/arm64/Resources.d -emit-reference-dependencies-path [...]/Library/Developer/Xcode/DerivedData/SDG-cwiewwnchebhjsfduxoodfjoykqz/Build/Intermediates.noindex/SDG.build/Debug-appletvos/Library.build/Objects-normal/arm64/Resources.swiftdeps -o [...]/Library/Developer/Xcode/DerivedData/SDG-cwiewwnchebhjsfduxoodfjoykqz/Build/Intermediates.noindex/SDG.build/Debug-appletvos/Library.build/Objects-normal/arm64/Resources.o -embed-bitcode-marker -index-store-path [...]/Library/Developer/Xcode/DerivedData/SDG-cwiewwnchebhjsfduxoodfjoykqz/Index/DataStore -index-system-modules

CompileSwift normal arm64 [...]/Tests/Mock Projects/After/SDGLibrary/Sources/Library/SDG.swift
    cd [...]/Tests/Mock Projects/After/SDGLibrary
    /Applications/Xcode.app/Contents/Developer/Toolchains/XcodeDefault.xctoolchain/usr/bin/swift -frontend -c "[...]/Tests/Mock Projects/After/SDGLibrary/Sources/Library/Resources.swift" -primary-file "[...]/Tests/Mock Projects/After/SDGLibrary/Sources/Library/SDG.swift" -target arm64-apple-tvos11.2 -Xllvm -aarch64-use-tbi -enable-objc-interop -sdk /Applications/Xcode.app/Contents/Developer/Platforms/AppleTVOS.platform/Developer/SDKs/AppleTVOS11.2.sdk -I [...]/Library/Developer/Xcode/DerivedData/SDG-cwiewwnchebhjsfduxoodfjoykqz/Build/Products/Debug-appletvos -F [...]/Library/Developer/Xcode/DerivedData/SDG-cwiewwnchebhjsfduxoodfjoykqz/Build/Products/Debug-appletvos -F /Applications/Xcode.app/Contents/Developer/Platforms/AppleTVOS.platform/Developer/Library/Frameworks -enable-testing -g -module-cache-path [...]/Library/Developer/Xcode/DerivedData/ModuleCache -profile-generate -profile-coverage-mapping -swift-version 4 -enforce-exclusivity=checked -D SWIFT_PACKAGE -D Xcode -serialize-debugging-options -report-errors-to-debugger -Xcc -I[...]/Library/Developer/Xcode/DerivedData/SDG-cwiewwnchebhjsfduxoodfjoykqz/Build/Intermediates.noindex/SDG.build/Debug-appletvos/Library.build/swift-overrides.hmap -Xcc -I[...]/Library/Developer/Xcode/DerivedData/SDG-cwiewwnchebhjsfduxoodfjoykqz/Build/Products/Debug-appletvos/include -Xcc -I[...]/Library/Developer/Xcode/DerivedData/SDG-cwiewwnchebhjsfduxoodfjoykqz/Build/Intermediates.noindex/SDG.build/Debug-appletvos/Library.build/DerivedSources/arm64 -Xcc -I[...]/Library/Developer/Xcode/DerivedData/SDG-cwiewwnchebhjsfduxoodfjoykqz/Build/Intermediates.noindex/SDG.build/Debug-appletvos/Library.build/DerivedSources -Xcc "-working-directory[...]/Tests/Mock Projects/After/SDGLibrary" -emit-module-doc-path [...]/Library/Developer/Xcode/DerivedData/SDG-cwiewwnchebhjsfduxoodfjoykqz/Build/Intermediates.noindex/SDG.build/Debug-appletvos/Library.build/Objects-normal/arm64/SDG~partial.swiftdoc -serialize-diagnostics-path [...]/Library/Developer/Xcode/DerivedData/SDG-cwiewwnchebhjsfduxoodfjoykqz/Build/Intermediates.noindex/SDG.build/Debug-appletvos/Library.build/Objects-normal/arm64/SDG.dia -Onone -module-name Library -emit-module-path [...]/Library/Developer/Xcode/DerivedData/SDG-cwiewwnchebhjsfduxoodfjoykqz/Build/Intermediates.noindex/SDG.build/Debug-appletvos/Library.build/Objects-normal/arm64/SDG~partial.swiftmodule -emit-dependencies-path [...]/Library/Developer/Xcode/DerivedData/SDG-cwiewwnchebhjsfduxoodfjoykqz/Build/Intermediates.noindex/SDG.build/Debug-appletvos/Library.build/Objects-normal/arm64/SDG.d -emit-reference-dependencies-path [...]/Library/Developer/Xcode/DerivedData/SDG-cwiewwnchebhjsfduxoodfjoykqz/Build/Intermediates.noindex/SDG.build/Debug-appletvos/Library.build/Objects-normal/arm64/SDG.swiftdeps -o [...]/Library/Developer/Xcode/DerivedData/SDG-cwiewwnchebhjsfduxoodfjoykqz/Build/Intermediates.noindex/SDG.build/Debug-appletvos/Library.build/Objects-normal/arm64/SDG.o -embed-bitcode-marker -index-store-path [...]/Library/Developer/Xcode/DerivedData/SDG-cwiewwnchebhjsfduxoodfjoykqz/Index/DataStore -index-system-modules

MergeSwiftModule normal arm64 [...]/Library/Developer/Xcode/DerivedData/SDG-cwiewwnchebhjsfduxoodfjoykqz/Build/Intermediates.noindex/SDG.build/Debug-appletvos/Library.build/Objects-normal/arm64/Library.swiftmodule
    cd [...]/Tests/Mock Projects/After/SDGLibrary
    /Applications/Xcode.app/Contents/Developer/Toolchains/XcodeDefault.xctoolchain/usr/bin/swift -frontend -emit-module [...]/Library/Developer/Xcode/DerivedData/SDG-cwiewwnchebhjsfduxoodfjoykqz/Build/Intermediates.noindex/SDG.build/Debug-appletvos/Library.build/Objects-normal/arm64/Resources~partial.swiftmodule [...]/Library/Developer/Xcode/DerivedData/SDG-cwiewwnchebhjsfduxoodfjoykqz/Build/Intermediates.noindex/SDG.build/Debug-appletvos/Library.build/Objects-normal/arm64/SDG~partial.swiftmodule -parse-as-library -target arm64-apple-tvos11.2 -Xllvm -aarch64-use-tbi -enable-objc-interop -sdk /Applications/Xcode.app/Contents/Developer/Platforms/AppleTVOS.platform/Developer/SDKs/AppleTVOS11.2.sdk -I [...]/Library/Developer/Xcode/DerivedData/SDG-cwiewwnchebhjsfduxoodfjoykqz/Build/Products/Debug-appletvos -F [...]/Library/Developer/Xcode/DerivedData/SDG-cwiewwnchebhjsfduxoodfjoykqz/Build/Products/Debug-appletvos -F /Applications/Xcode.app/Contents/Developer/Platforms/AppleTVOS.platform/Developer/Library/Frameworks -enable-testing -g -module-cache-path [...]/Library/Developer/Xcode/DerivedData/ModuleCache -profile-generate -profile-coverage-mapping -swift-version 4 -enforce-exclusivity=checked -D SWIFT_PACKAGE -D Xcode -serialize-debugging-options -report-errors-to-debugger -Xcc -I[...]/Library/Developer/Xcode/DerivedData/SDG-cwiewwnchebhjsfduxoodfjoykqz/Build/Intermediates.noindex/SDG.build/Debug-appletvos/Library.build/swift-overrides.hmap -Xcc -I[...]/Library/Developer/Xcode/DerivedData/SDG-cwiewwnchebhjsfduxoodfjoykqz/Build/Products/Debug-appletvos/include -Xcc -I[...]/Library/Developer/Xcode/DerivedData/SDG-cwiewwnchebhjsfduxoodfjoykqz/Build/Intermediates.noindex/SDG.build/Debug-appletvos/Library.build/DerivedSources/arm64 -Xcc -I[...]/Library/Developer/Xcode/DerivedData/SDG-cwiewwnchebhjsfduxoodfjoykqz/Build/Intermediates.noindex/SDG.build/Debug-appletvos/Library.build/DerivedSources -Xcc "-working-directory[...]/Tests/Mock Projects/After/SDGLibrary" -emit-module-doc-path [...]/Library/Developer/Xcode/DerivedData/SDG-cwiewwnchebhjsfduxoodfjoykqz/Build/Intermediates.noindex/SDG.build/Debug-appletvos/Library.build/Objects-normal/arm64/Library.swiftdoc -module-name Library -emit-objc-header-path [...]/Library/Developer/Xcode/DerivedData/SDG-cwiewwnchebhjsfduxoodfjoykqz/Build/Intermediates.noindex/SDG.build/Debug-appletvos/Library.build/Objects-normal/arm64/Library-Swift.h -o [...]/Library/Developer/Xcode/DerivedData/SDG-cwiewwnchebhjsfduxoodfjoykqz/Build/Intermediates.noindex/SDG.build/Debug-appletvos/Library.build/Objects-normal/arm64/Library.swiftmodule

Ditto [...]/Library/Developer/Xcode/DerivedData/SDG-cwiewwnchebhjsfduxoodfjoykqz/Build/Products/Debug-appletvos/Library.framework/Headers/Library-Swift.h [...]/Library/Developer/Xcode/DerivedData/SDG-cwiewwnchebhjsfduxoodfjoykqz/Build/Intermediates.noindex/SDG.build/Debug-appletvos/Library.build/Objects-normal/arm64/Library-Swift.h
    cd "[...]/Tests/Mock Projects/After/SDGLibrary"
    export PATH="/Applications/Xcode.app/Contents/Developer/Platforms/AppleTVOS.platform/Developer/usr/bin:/Applications/Xcode.app/Contents/Developer/usr/bin:[...]/.SDG/Registry:[...]/.rvm/gems/ruby-2.4.1/bin:[...]/.rvm/gems/ruby-2.4.1@global/bin:[...]/.rvm/rubies/ruby-2.4.1/bin:/usr/local/bin:/usr/bin:/bin:/usr/sbin:/sbin:[...]/.rvm/bin"
    /usr/bin/ditto -rsrc [...]/Library/Developer/Xcode/DerivedData/SDG-cwiewwnchebhjsfduxoodfjoykqz/Build/Intermediates.noindex/SDG.build/Debug-appletvos/Library.build/Objects-normal/arm64/Library-Swift.h [...]/Library/Developer/Xcode/DerivedData/SDG-cwiewwnchebhjsfduxoodfjoykqz/Build/Products/Debug-appletvos/Library.framework/Headers/Library-Swift.h

Ditto [...]/Library/Developer/Xcode/DerivedData/SDG-cwiewwnchebhjsfduxoodfjoykqz/Build/Products/Debug-appletvos/Library.framework/Modules/Library.swiftmodule/arm64.swiftmodule [...]/Library/Developer/Xcode/DerivedData/SDG-cwiewwnchebhjsfduxoodfjoykqz/Build/Intermediates.noindex/SDG.build/Debug-appletvos/Library.build/Objects-normal/arm64/Library.swiftmodule
    cd "[...]/Tests/Mock Projects/After/SDGLibrary"
    export PATH="/Applications/Xcode.app/Contents/Developer/Platforms/AppleTVOS.platform/Developer/usr/bin:/Applications/Xcode.app/Contents/Developer/usr/bin:[...]/.SDG/Registry:[...]/.rvm/gems/ruby-2.4.1/bin:[...]/.rvm/gems/ruby-2.4.1@global/bin:[...]/.rvm/rubies/ruby-2.4.1/bin:/usr/local/bin:/usr/bin:/bin:/usr/sbin:/sbin:[...]/.rvm/bin"
    /usr/bin/ditto -rsrc [...]/Library/Developer/Xcode/DerivedData/SDG-cwiewwnchebhjsfduxoodfjoykqz/Build/Intermediates.noindex/SDG.build/Debug-appletvos/Library.build/Objects-normal/arm64/Library.swiftmodule [...]/Library/Developer/Xcode/DerivedData/SDG-cwiewwnchebhjsfduxoodfjoykqz/Build/Products/Debug-appletvos/Library.framework/Modules/Library.swiftmodule/arm64.swiftmodule

Ld [...]/Library/Developer/Xcode/DerivedData/SDG-cwiewwnchebhjsfduxoodfjoykqz/Build/Products/Debug-appletvos/Library.framework/Library normal arm64
    cd "[...]/Tests/Mock Projects/After/SDGLibrary"
    export PATH="/Applications/Xcode.app/Contents/Developer/Platforms/AppleTVOS.platform/Developer/usr/bin:/Applications/Xcode.app/Contents/Developer/usr/bin:[...]/.SDG/Registry:[...]/.rvm/gems/ruby-2.4.1/bin:[...]/.rvm/gems/ruby-2.4.1@global/bin:[...]/.rvm/rubies/ruby-2.4.1/bin:/usr/local/bin:/usr/bin:/bin:/usr/sbin:/sbin:[...]/.rvm/bin"
    export TVOS_DEPLOYMENT_TARGET=11.2
    /Applications/Xcode.app/Contents/Developer/Toolchains/XcodeDefault.xctoolchain/usr/bin/clang -arch arm64 -dynamiclib -isysroot /Applications/Xcode.app/Contents/Developer/Platforms/AppleTVOS.platform/Developer/SDKs/AppleTVOS11.2.sdk -L[...]/Library/Developer/Xcode/DerivedData/SDG-cwiewwnchebhjsfduxoodfjoykqz/Build/Products/Debug-appletvos -F[...]/Library/Developer/Xcode/DerivedData/SDG-cwiewwnchebhjsfduxoodfjoykqz/Build/Products/Debug-appletvos -F/Applications/Xcode.app/Contents/Developer/Platforms/AppleTVOS.platform/Developer/Library/Frameworks -filelist [...]/Library/Developer/Xcode/DerivedData/SDG-cwiewwnchebhjsfduxoodfjoykqz/Build/Intermediates.noindex/SDG.build/Debug-appletvos/Library.build/Objects-normal/arm64/Library.LinkFileList -install_name @rpath/Library.framework/Library -Xlinker -rpath -Xlinker /Applications/Xcode.app/Contents/Developer/Toolchains/XcodeDefault.xctoolchain/usr/lib/swift/macosx -mtvos-version-min=11.2 -dead_strip -Xlinker -object_path_lto -Xlinker [...]/Library/Developer/Xcode/DerivedData/SDG-cwiewwnchebhjsfduxoodfjoykqz/Build/Intermediates.noindex/SDG.build/Debug-appletvos/Library.build/Objects-normal/arm64/Library_lto.o -Xlinker -export_dynamic -Xlinker -no_deduplicate -fembed-bitcode-marker -fobjc-link-runtime -fprofile-instr-generate -L/Applications/Xcode.app/Contents/Developer/Toolchains/XcodeDefault.xctoolchain/usr/lib/swift/appletvos -Xlinker -add_ast_path -Xlinker [...]/Library/Developer/Xcode/DerivedData/SDG-cwiewwnchebhjsfduxoodfjoykqz/Build/Intermediates.noindex/SDG.build/Debug-appletvos/Library.build/Objects-normal/arm64/Library.swiftmodule -framework Dependency -single_module -Xlinker -dependency_info -Xlinker [...]/Library/Developer/Xcode/DerivedData/SDG-cwiewwnchebhjsfduxoodfjoykqz/Build/Intermediates.noindex/SDG.build/Debug-appletvos/Library.build/Objects-normal/arm64/Library_dependency_info.dat -o [...]/Library/Developer/Xcode/DerivedData/SDG-cwiewwnchebhjsfduxoodfjoykqz/Build/Products/Debug-appletvos/Library.framework/Library

Ditto [...]/Library/Developer/Xcode/DerivedData/SDG-cwiewwnchebhjsfduxoodfjoykqz/Build/Products/Debug-appletvos/Library.framework/Modules/Library.swiftmodule/arm64.swiftdoc [...]/Library/Developer/Xcode/DerivedData/SDG-cwiewwnchebhjsfduxoodfjoykqz/Build/Intermediates.noindex/SDG.build/Debug-appletvos/Library.build/Objects-normal/arm64/Library.swiftdoc
    cd "[...]/Tests/Mock Projects/After/SDGLibrary"
    export PATH="/Applications/Xcode.app/Contents/Developer/Platforms/AppleTVOS.platform/Developer/usr/bin:/Applications/Xcode.app/Contents/Developer/usr/bin:[...]/.SDG/Registry:[...]/.rvm/gems/ruby-2.4.1/bin:[...]/.rvm/gems/ruby-2.4.1@global/bin:[...]/.rvm/rubies/ruby-2.4.1/bin:/usr/local/bin:/usr/bin:/bin:/usr/sbin:/sbin:[...]/.rvm/bin"
    /usr/bin/ditto -rsrc [...]/Library/Developer/Xcode/DerivedData/SDG-cwiewwnchebhjsfduxoodfjoykqz/Build/Intermediates.noindex/SDG.build/Debug-appletvos/Library.build/Objects-normal/arm64/Library.swiftdoc [...]/Library/Developer/Xcode/DerivedData/SDG-cwiewwnchebhjsfduxoodfjoykqz/Build/Products/Debug-appletvos/Library.framework/Modules/Library.swiftmodule/arm64.swiftdoc

Ditto [...]/Library/Developer/Xcode/DerivedData/SDG-cwiewwnchebhjsfduxoodfjoykqz/Build/Intermediates.noindex/SDG.build/Debug-appletvos/Library.build/module.modulemap [...]/Library/Developer/Xcode/DerivedData/SDG-cwiewwnchebhjsfduxoodfjoykqz/Build/Products/Debug-appletvos/Library.framework/Modules/module.modulemap
    cd "[...]/Tests/Mock Projects/After/SDGLibrary"
    export PATH="/Applications/Xcode.app/Contents/Developer/Platforms/AppleTVOS.platform/Developer/usr/bin:/Applications/Xcode.app/Contents/Developer/usr/bin:[...]/.SDG/Registry:[...]/.rvm/gems/ruby-2.4.1/bin:[...]/.rvm/gems/ruby-2.4.1@global/bin:[...]/.rvm/rubies/ruby-2.4.1/bin:/usr/local/bin:/usr/bin:/bin:/usr/sbin:/sbin:[...]/.rvm/bin"
    builtin-copy -exclude .DS_Store -exclude CVS -exclude .svn -exclude .git -exclude .hg -resolve-src-symlinks [...]/Library/Developer/Xcode/DerivedData/SDG-cwiewwnchebhjsfduxoodfjoykqz/Build/Intermediates.noindex/SDG.build/Debug-appletvos/Library.build/module.modulemap [...]/Library/Developer/Xcode/DerivedData/SDG-cwiewwnchebhjsfduxoodfjoykqz/Build/Products/Debug-appletvos/Library.framework/Modules

Touch [...]/Library/Developer/Xcode/DerivedData/SDG-cwiewwnchebhjsfduxoodfjoykqz/Build/Products/Debug-appletvos/Library.framework
    cd "[...]/Tests/Mock Projects/After/SDGLibrary"
    export PATH="/Applications/Xcode.app/Contents/Developer/Platforms/AppleTVOS.platform/Developer/usr/bin:/Applications/Xcode.app/Contents/Developer/usr/bin:[...]/.SDG/Registry:[...]/.rvm/gems/ruby-2.4.1/bin:[...]/.rvm/gems/ruby-2.4.1@global/bin:[...]/.rvm/rubies/ruby-2.4.1/bin:/usr/local/bin:/usr/bin:/bin:/usr/sbin:/sbin:[...]/.rvm/bin"
    /usr/bin/touch -c [...]/Library/Developer/Xcode/DerivedData/SDG-cwiewwnchebhjsfduxoodfjoykqz/Build/Products/Debug-appletvos/Library.framework

** BUILD SUCCEEDED **



‚úì There are no compiler warnings for macOS with the Swift Package Manager.
‚úì There are no compiler warnings for macOS with Xcode.
‚úì There are no compiler warnings for iOS.
‚úì There are no compiler warnings for watchOS.
‚úì There are no compiler warnings for tvOS.


‚ÄúSDG‚Äù passes validation.

$ workspace test

$ workspace validate test‚Äêcoverage

$ workspace validate documentation‚Äêcoverage

Generating documentation for ‚ÄúLibrary‚Äù...


$ jazzy --module Library --copyright "Copyright ¬©2017‚Äì2018 John Doe and the SDG project contributors. All rights reserved." --github_url "https://github.com/JohnDoe/SDG" --documentation=Documentation/*.md --clean --use-safe-filenames --output "[...]/Documentation/Library" --xcodebuild-arguments "-scheme,SDG-Package,-target,Library,-sdk,macosx,-derivedDataPath,[...]/Jazzy Build Artifacts"
0% documentation coverage with 0 undocumented symbols
skipped 6 private, fileprivate, or internal symbols (use `--min-acl` to specify a different minimum ACL)
jam out ‚ô™‚ô´ to your fresh new docs in `[...]/Documentation/Library`

Writing to ‚Äú[...]/Documentation/Library/.nojekyll‚Äù...

$ swift package resolve


Checking documentation coverage for ‚ÄúLibrary‚Äù... (¬ß1)


‚úì Generated documentation for ‚ÄúLibrary‚Äù.
‚úì Documentation coverage is complete for ‚ÄúLibrary‚Äù.


‚ÄúSDG‚Äù passes validation.

$ workspace proofread ‚Ä¢xcode

$ swiftlint lint --strict --config [...]/SwiftLint/Configuration.yml --quiet
