
$ workspace refresh scripts

Refreshing scripts...


$ swift package resolve

Writing to “Refresh (macOS).command”...
Writing to “Refresh (Linux).sh”...

$ swift package resolve

Writing to “Validate (macOS).command”...
$ workspace refresh read‐me

Refreshing read‐me...


$ swift package resolve

Writing to “Documentation/🇨🇦EN Read Me.md”...
Writing to “Documentation/🇨🇦EN Related Projects.md”...

$ swift package resolve

Writing to “README.md”...

$ swift package resolve

Writing to “Documentation/🇬🇧EN Read Me.md”...
Writing to “Documentation/🇬🇧EN Related Projects.md”...

$ swift package resolve

Writing to “Documentation/🇺🇸EN Read Me.md”...
Writing to “Documentation/🇺🇸EN Related Projects.md”...

$ swift package resolve

Writing to “Documentation/🇩🇪DE Lies mich.md”...
Writing to “Documentation/🇩🇪DE Verwandte Projekte.md”...

$ swift package resolve

Writing to “Documentation/🇫🇷FR Lisez moi.md”...
Writing to “Documentation/🇫🇷FR Projets liés.md”...

$ swift package resolve

Writing to “Documentation/🇬🇷ΕΛ Με διαβάστε.md”...
Writing to “Documentation/🇬🇷ΕΛ Συγγενικά έργα.md”...

$ swift package resolve

Writing to “Documentation/🇮🇱עב קרא אותי.md”...
Writing to “Documentation/🇮🇱עב מיזמים קשורים.md”...

$ swift package resolve

Writing to “Documentation/[zxx] Read Me.md”...
Writing to “Documentation/[zxx] Related Projects.md”...
Deleting “Documentation/Related Projects.md”...
$ workspace refresh continuous‐integration

Refreshing continuous integration configuration...


$ swift package resolve

Writing to “.travis.yml”...
$ workspace refresh resources

Refreshing resources...


$ swift package resolve

Writing to “Sources/Library/Resources.swift”...
$ workspace proofread

Normalizing files...


Proofreading source code... (§1)

.Workspace Configuration.txt
.travis.yml
Documentation/[zxx] Read Me.md
Documentation/[zxx] Related Projects.md
Documentation/🇨🇦EN Read Me.md
Documentation/🇨🇦EN Related Projects.md
Documentation/🇩🇪DE Lies mich.md
Documentation/🇩🇪DE Verwandte Projekte.md
Documentation/🇫🇷FR Lisez moi.md
Documentation/🇫🇷FR Projets liés.md
Documentation/🇬🇧EN Read Me.md
Documentation/🇬🇧EN Related Projects.md
Documentation/🇬🇷ΕΛ Με διαβάστε.md
Documentation/🇬🇷ΕΛ Συγγενικά έργα.md
Documentation/🇮🇱עב מיזמים קשורים.md
Documentation/🇮🇱עב קרא אותי.md
Documentation/🇺🇸EN Read Me.md
Documentation/🇺🇸EN Related Projects.md
Package.swift
README.md
Sources/Library/Resources.swift
Sources/Library/SDG.swift
Sources/tool/main.swift
Tests/LinuxMain.swift
Tests/SDGTests/SDGTests.swift

$ swiftlint lint --strict --config [...]/SwiftLint/Configuration.yml --reporter emoji


$ swift package resolve


✓ Source code passes proofreading.


“SDG” passes validation.

$ workspace validate build

Checking build for macOS with the Swift Package Manager... (§1)


$ swift build
Compile Swift Module 'Dependency' (1 sources)
Compile Swift Module 'Library' (2 sources)
Compile Swift Module 'tool' (1 sources)
Linking ./.build/x86_64-apple-macosx10.10/debug/tool


Checking build for macOS with Xcode... (§2)


$ xcodebuild build -sdk macosx -scheme SDG-Package
Build settings from command line:
    SDKROOT = macosx10.13

=== BUILD TARGET Dependency OF PROJECT SDG WITH CONFIGURATION Debug ===

Check dependencies

Write auxiliary files
write-file [...]/Library/Developer/Xcode/DerivedData/SDG-elnyyrtshjziqpgrnuupytkjjueh/Build/Intermediates.noindex/SDG.build/Debug/Dependency.build/swift-overrides.hmap
/bin/mkdir -p [...]/Library/Developer/Xcode/DerivedData/SDG-elnyyrtshjziqpgrnuupytkjjueh/Build/Intermediates.noindex/SDG.build/Debug/Dependency.build/Objects-normal/x86_64
write-file [...]/Library/Developer/Xcode/DerivedData/SDG-elnyyrtshjziqpgrnuupytkjjueh/Build/Intermediates.noindex/SDG.build/Debug/Dependency.build/Objects-normal/x86_64/Dependency-OutputFileMap.json
write-file [...]/Library/Developer/Xcode/DerivedData/SDG-elnyyrtshjziqpgrnuupytkjjueh/Build/Intermediates.noindex/SDG.build/Debug/Dependency.build/Objects-normal/x86_64/Dependency.LinkFileList
write-file [...]/Library/Developer/Xcode/DerivedData/SDG-elnyyrtshjziqpgrnuupytkjjueh/Build/Intermediates.noindex/SDG.build/Debug/Dependency.build/module.modulemap

Create product structure
/bin/mkdir -p [...]/Library/Developer/Xcode/DerivedData/SDG-elnyyrtshjziqpgrnuupytkjjueh/Build/Products/Debug/Dependency.framework/Versions/A/Modules
/bin/ln -sfh Versions/Current/Modules [...]/Library/Developer/Xcode/DerivedData/SDG-elnyyrtshjziqpgrnuupytkjjueh/Build/Products/Debug/Dependency.framework/Modules
/bin/mkdir -p [...]/Library/Developer/Xcode/DerivedData/SDG-elnyyrtshjziqpgrnuupytkjjueh/Build/Products/Debug/Dependency.framework/Versions/A/Headers
/bin/mkdir -p [...]/Library/Developer/Xcode/DerivedData/SDG-elnyyrtshjziqpgrnuupytkjjueh/Build/Products/Debug/Dependency.framework/Versions/A/Resources
/bin/ln -sfh A [...]/Library/Developer/Xcode/DerivedData/SDG-elnyyrtshjziqpgrnuupytkjjueh/Build/Products/Debug/Dependency.framework/Versions/Current
/bin/ln -sfh Versions/Current/Resources [...]/Library/Developer/Xcode/DerivedData/SDG-elnyyrtshjziqpgrnuupytkjjueh/Build/Products/Debug/Dependency.framework/Resources
/bin/ln -sfh Versions/Current/Headers [...]/Library/Developer/Xcode/DerivedData/SDG-elnyyrtshjziqpgrnuupytkjjueh/Build/Products/Debug/Dependency.framework/Headers
/bin/ln -sfh Versions/Current/Dependency [...]/Library/Developer/Xcode/DerivedData/SDG-elnyyrtshjziqpgrnuupytkjjueh/Build/Products/Debug/Dependency.framework/Dependency

ProcessInfoPlistFile [...]/Library/Developer/Xcode/DerivedData/SDG-elnyyrtshjziqpgrnuupytkjjueh/Build/Products/Debug/Dependency.framework/Versions/A/Resources/Info.plist SDG.xcodeproj/Dependency_Info.plist
    cd "[...]/Tests/Mock Projects/After/SDGTool"
    builtin-infoPlistUtility [...]/Tests/Mock\ Projects/After/SDGTool/SDG.xcodeproj/Dependency_Info.plist -expandbuildsettings -platform macosx -o [...]/Library/Developer/Xcode/DerivedData/SDG-elnyyrtshjziqpgrnuupytkjjueh/Build/Products/Debug/Dependency.framework/Versions/A/Resources/Info.plist

CompileSwiftSources normal x86_64 com.apple.xcode.tools.swift.compiler
    cd "[...]/Tests/Mock Projects/After/SDGTool"
    export DEVELOPER_DIR=/Applications/Xcode.app/Contents/Developer
    export SDKROOT=/Applications/Xcode.app/Contents/Developer/Platforms/MacOSX.platform/Developer/SDKs/MacOSX10.13.sdk
    /Applications/Xcode.app/Contents/Developer/Toolchains/XcodeDefault.xctoolchain/usr/bin/swiftc -incremental -module-name Dependency -Onone -enforce-exclusivity=checked -DSWIFT_PACKAGE -DXcode -sdk /Applications/Xcode.app/Contents/Developer/Platforms/MacOSX.platform/Developer/SDKs/MacOSX10.13.sdk -target x86_64-apple-macosx10.10 -g -module-cache-path [...]/Library/Developer/Xcode/DerivedData/ModuleCache -Xfrontend -serialize-debugging-options -profile-coverage-mapping -profile-generate -enable-testing -index-store-path [...]/Library/Developer/Xcode/DerivedData/SDG-elnyyrtshjziqpgrnuupytkjjueh/Index/DataStore -Xfrontend -report-errors-to-debugger -swift-version 4 -I [...]/Library/Developer/Xcode/DerivedData/SDG-elnyyrtshjziqpgrnuupytkjjueh/Build/Products/Debug -F [...]/Library/Developer/Xcode/DerivedData/SDG-elnyyrtshjziqpgrnuupytkjjueh/Build/Products/Debug -F /Applications/Xcode.app/Contents/Developer/Platforms/MacOSX.platform/Developer/Library/Frameworks -parse-as-library -c -j4 [...]/Tests/Mock\ Projects/After/SDGTool/.build/checkouts/Dependency-74053125454640535/Sources/Dependency/Dependency.swift -output-file-map [...]/Library/Developer/Xcode/DerivedData/SDG-elnyyrtshjziqpgrnuupytkjjueh/Build/Intermediates.noindex/SDG.build/Debug/Dependency.build/Objects-normal/x86_64/Dependency-OutputFileMap.json -parseable-output -serialize-diagnostics -emit-dependencies -emit-module -emit-module-path [...]/Library/Developer/Xcode/DerivedData/SDG-elnyyrtshjziqpgrnuupytkjjueh/Build/Intermediates.noindex/SDG.build/Debug/Dependency.build/Objects-normal/x86_64/Dependency.swiftmodule -Xcc -I[...]/Library/Developer/Xcode/DerivedData/SDG-elnyyrtshjziqpgrnuupytkjjueh/Build/Intermediates.noindex/SDG.build/Debug/Dependency.build/swift-overrides.hmap -Xcc -I[...]/Library/Developer/Xcode/DerivedData/SDG-elnyyrtshjziqpgrnuupytkjjueh/Build/Products/Debug/include -Xcc -I[...]/Library/Developer/Xcode/DerivedData/SDG-elnyyrtshjziqpgrnuupytkjjueh/Build/Intermediates.noindex/SDG.build/Debug/Dependency.build/DerivedSources/x86_64 -Xcc -I[...]/Library/Developer/Xcode/DerivedData/SDG-elnyyrtshjziqpgrnuupytkjjueh/Build/Intermediates.noindex/SDG.build/Debug/Dependency.build/DerivedSources -emit-objc-header -emit-objc-header-path [...]/Library/Developer/Xcode/DerivedData/SDG-elnyyrtshjziqpgrnuupytkjjueh/Build/Intermediates.noindex/SDG.build/Debug/Dependency.build/Objects-normal/x86_64/Dependency-Swift.h -Xcc -working-directory[...]/Tests/Mock\ Projects/After/SDGTool

CompileSwift normal x86_64 [...]/Tests/Mock Projects/After/SDGTool/.build/checkouts/Dependency-74053125454640535/Sources/Dependency/Dependency.swift
    cd [...]/Tests/Mock Projects/After/SDGTool
    /Applications/Xcode.app/Contents/Developer/Toolchains/XcodeDefault.xctoolchain/usr/bin/swift -frontend -c -primary-file "[...]/Tests/Mock Projects/After/SDGTool/.build/checkouts/Dependency-74053125454640535/Sources/Dependency/Dependency.swift" -target x86_64-apple-macosx10.10 -enable-objc-interop -sdk /Applications/Xcode.app/Contents/Developer/Platforms/MacOSX.platform/Developer/SDKs/MacOSX10.13.sdk -I [...]/Library/Developer/Xcode/DerivedData/SDG-elnyyrtshjziqpgrnuupytkjjueh/Build/Products/Debug -F [...]/Library/Developer/Xcode/DerivedData/SDG-elnyyrtshjziqpgrnuupytkjjueh/Build/Products/Debug -F /Applications/Xcode.app/Contents/Developer/Platforms/MacOSX.platform/Developer/Library/Frameworks -enable-testing -g -module-cache-path [...]/Library/Developer/Xcode/DerivedData/ModuleCache -profile-generate -profile-coverage-mapping -swift-version 4 -enforce-exclusivity=checked -D SWIFT_PACKAGE -D Xcode -serialize-debugging-options -report-errors-to-debugger -Xcc -I[...]/Library/Developer/Xcode/DerivedData/SDG-elnyyrtshjziqpgrnuupytkjjueh/Build/Intermediates.noindex/SDG.build/Debug/Dependency.build/swift-overrides.hmap -Xcc -I[...]/Library/Developer/Xcode/DerivedData/SDG-elnyyrtshjziqpgrnuupytkjjueh/Build/Products/Debug/include -Xcc -I[...]/Library/Developer/Xcode/DerivedData/SDG-elnyyrtshjziqpgrnuupytkjjueh/Build/Intermediates.noindex/SDG.build/Debug/Dependency.build/DerivedSources/x86_64 -Xcc -I[...]/Library/Developer/Xcode/DerivedData/SDG-elnyyrtshjziqpgrnuupytkjjueh/Build/Intermediates.noindex/SDG.build/Debug/Dependency.build/DerivedSources -Xcc "-working-directory[...]/Tests/Mock Projects/After/SDGTool" -emit-module-doc-path [...]/Library/Developer/Xcode/DerivedData/SDG-elnyyrtshjziqpgrnuupytkjjueh/Build/Intermediates.noindex/SDG.build/Debug/Dependency.build/Objects-normal/x86_64/Dependency~partial.swiftdoc -serialize-diagnostics-path [...]/Library/Developer/Xcode/DerivedData/SDG-elnyyrtshjziqpgrnuupytkjjueh/Build/Intermediates.noindex/SDG.build/Debug/Dependency.build/Objects-normal/x86_64/Dependency.dia -Onone -parse-as-library -module-name Dependency -emit-module-path [...]/Library/Developer/Xcode/DerivedData/SDG-elnyyrtshjziqpgrnuupytkjjueh/Build/Intermediates.noindex/SDG.build/Debug/Dependency.build/Objects-normal/x86_64/Dependency~partial.swiftmodule -emit-dependencies-path [...]/Library/Developer/Xcode/DerivedData/SDG-elnyyrtshjziqpgrnuupytkjjueh/Build/Intermediates.noindex/SDG.build/Debug/Dependency.build/Objects-normal/x86_64/Dependency.d -emit-reference-dependencies-path [...]/Library/Developer/Xcode/DerivedData/SDG-elnyyrtshjziqpgrnuupytkjjueh/Build/Intermediates.noindex/SDG.build/Debug/Dependency.build/Objects-normal/x86_64/Dependency.swiftdeps -o [...]/Library/Developer/Xcode/DerivedData/SDG-elnyyrtshjziqpgrnuupytkjjueh/Build/Intermediates.noindex/SDG.build/Debug/Dependency.build/Objects-normal/x86_64/Dependency.o -index-store-path [...]/Library/Developer/Xcode/DerivedData/SDG-elnyyrtshjziqpgrnuupytkjjueh/Index/DataStore -index-system-modules

MergeSwiftModule normal x86_64 [...]/Library/Developer/Xcode/DerivedData/SDG-elnyyrtshjziqpgrnuupytkjjueh/Build/Intermediates.noindex/SDG.build/Debug/Dependency.build/Objects-normal/x86_64/Dependency.swiftmodule
    cd [...]/Tests/Mock Projects/After/SDGTool
    /Applications/Xcode.app/Contents/Developer/Toolchains/XcodeDefault.xctoolchain/usr/bin/swift -frontend -emit-module [...]/Library/Developer/Xcode/DerivedData/SDG-elnyyrtshjziqpgrnuupytkjjueh/Build/Intermediates.noindex/SDG.build/Debug/Dependency.build/Objects-normal/x86_64/Dependency~partial.swiftmodule -parse-as-library -target x86_64-apple-macosx10.10 -enable-objc-interop -sdk /Applications/Xcode.app/Contents/Developer/Platforms/MacOSX.platform/Developer/SDKs/MacOSX10.13.sdk -I [...]/Library/Developer/Xcode/DerivedData/SDG-elnyyrtshjziqpgrnuupytkjjueh/Build/Products/Debug -F [...]/Library/Developer/Xcode/DerivedData/SDG-elnyyrtshjziqpgrnuupytkjjueh/Build/Products/Debug -F /Applications/Xcode.app/Contents/Developer/Platforms/MacOSX.platform/Developer/Library/Frameworks -enable-testing -g -module-cache-path [...]/Library/Developer/Xcode/DerivedData/ModuleCache -profile-generate -profile-coverage-mapping -swift-version 4 -enforce-exclusivity=checked -D SWIFT_PACKAGE -D Xcode -serialize-debugging-options -report-errors-to-debugger -Xcc -I[...]/Library/Developer/Xcode/DerivedData/SDG-elnyyrtshjziqpgrnuupytkjjueh/Build/Intermediates.noindex/SDG.build/Debug/Dependency.build/swift-overrides.hmap -Xcc -I[...]/Library/Developer/Xcode/DerivedData/SDG-elnyyrtshjziqpgrnuupytkjjueh/Build/Products/Debug/include -Xcc -I[...]/Library/Developer/Xcode/DerivedData/SDG-elnyyrtshjziqpgrnuupytkjjueh/Build/Intermediates.noindex/SDG.build/Debug/Dependency.build/DerivedSources/x86_64 -Xcc -I[...]/Library/Developer/Xcode/DerivedData/SDG-elnyyrtshjziqpgrnuupytkjjueh/Build/Intermediates.noindex/SDG.build/Debug/Dependency.build/DerivedSources -Xcc "-working-directory[...]/Tests/Mock Projects/After/SDGTool" -emit-module-doc-path [...]/Library/Developer/Xcode/DerivedData/SDG-elnyyrtshjziqpgrnuupytkjjueh/Build/Intermediates.noindex/SDG.build/Debug/Dependency.build/Objects-normal/x86_64/Dependency.swiftdoc -module-name Dependency -emit-objc-header-path [...]/Library/Developer/Xcode/DerivedData/SDG-elnyyrtshjziqpgrnuupytkjjueh/Build/Intermediates.noindex/SDG.build/Debug/Dependency.build/Objects-normal/x86_64/Dependency-Swift.h -o [...]/Library/Developer/Xcode/DerivedData/SDG-elnyyrtshjziqpgrnuupytkjjueh/Build/Intermediates.noindex/SDG.build/Debug/Dependency.build/Objects-normal/x86_64/Dependency.swiftmodule

Ditto [...]/Library/Developer/Xcode/DerivedData/SDG-elnyyrtshjziqpgrnuupytkjjueh/Build/Products/Debug/Dependency.framework/Versions/A/Headers/Dependency-Swift.h [...]/Library/Developer/Xcode/DerivedData/SDG-elnyyrtshjziqpgrnuupytkjjueh/Build/Intermediates.noindex/SDG.build/Debug/Dependency.build/Objects-normal/x86_64/Dependency-Swift.h
    cd "[...]/Tests/Mock Projects/After/SDGTool"
    /usr/bin/ditto -rsrc [...]/Library/Developer/Xcode/DerivedData/SDG-elnyyrtshjziqpgrnuupytkjjueh/Build/Intermediates.noindex/SDG.build/Debug/Dependency.build/Objects-normal/x86_64/Dependency-Swift.h [...]/Library/Developer/Xcode/DerivedData/SDG-elnyyrtshjziqpgrnuupytkjjueh/Build/Products/Debug/Dependency.framework/Versions/A/Headers/Dependency-Swift.h

Ditto [...]/Library/Developer/Xcode/DerivedData/SDG-elnyyrtshjziqpgrnuupytkjjueh/Build/Products/Debug/Dependency.framework/Versions/A/Modules/Dependency.swiftmodule/x86_64.swiftmodule [...]/Library/Developer/Xcode/DerivedData/SDG-elnyyrtshjziqpgrnuupytkjjueh/Build/Intermediates.noindex/SDG.build/Debug/Dependency.build/Objects-normal/x86_64/Dependency.swiftmodule
    cd "[...]/Tests/Mock Projects/After/SDGTool"
    /usr/bin/ditto -rsrc [...]/Library/Developer/Xcode/DerivedData/SDG-elnyyrtshjziqpgrnuupytkjjueh/Build/Intermediates.noindex/SDG.build/Debug/Dependency.build/Objects-normal/x86_64/Dependency.swiftmodule [...]/Library/Developer/Xcode/DerivedData/SDG-elnyyrtshjziqpgrnuupytkjjueh/Build/Products/Debug/Dependency.framework/Versions/A/Modules/Dependency.swiftmodule/x86_64.swiftmodule

Ditto [...]/Library/Developer/Xcode/DerivedData/SDG-elnyyrtshjziqpgrnuupytkjjueh/Build/Products/Debug/Dependency.framework/Versions/A/Modules/Dependency.swiftmodule/x86_64.swiftdoc [...]/Library/Developer/Xcode/DerivedData/SDG-elnyyrtshjziqpgrnuupytkjjueh/Build/Intermediates.noindex/SDG.build/Debug/Dependency.build/Objects-normal/x86_64/Dependency.swiftdoc
    cd "[...]/Tests/Mock Projects/After/SDGTool"
    /usr/bin/ditto -rsrc [...]/Library/Developer/Xcode/DerivedData/SDG-elnyyrtshjziqpgrnuupytkjjueh/Build/Intermediates.noindex/SDG.build/Debug/Dependency.build/Objects-normal/x86_64/Dependency.swiftdoc [...]/Library/Developer/Xcode/DerivedData/SDG-elnyyrtshjziqpgrnuupytkjjueh/Build/Products/Debug/Dependency.framework/Versions/A/Modules/Dependency.swiftmodule/x86_64.swiftdoc

Ld [...]/Library/Developer/Xcode/DerivedData/SDG-elnyyrtshjziqpgrnuupytkjjueh/Build/Products/Debug/Dependency.framework/Versions/A/Dependency normal x86_64
    cd "[...]/Tests/Mock Projects/After/SDGTool"
    export MACOSX_DEPLOYMENT_TARGET=10.10
    /Applications/Xcode.app/Contents/Developer/Toolchains/XcodeDefault.xctoolchain/usr/bin/clang -arch x86_64 -dynamiclib -isysroot /Applications/Xcode.app/Contents/Developer/Platforms/MacOSX.platform/Developer/SDKs/MacOSX10.13.sdk -L[...]/Library/Developer/Xcode/DerivedData/SDG-elnyyrtshjziqpgrnuupytkjjueh/Build/Products/Debug -F[...]/Library/Developer/Xcode/DerivedData/SDG-elnyyrtshjziqpgrnuupytkjjueh/Build/Products/Debug -F/Applications/Xcode.app/Contents/Developer/Platforms/MacOSX.platform/Developer/Library/Frameworks -filelist [...]/Library/Developer/Xcode/DerivedData/SDG-elnyyrtshjziqpgrnuupytkjjueh/Build/Intermediates.noindex/SDG.build/Debug/Dependency.build/Objects-normal/x86_64/Dependency.LinkFileList -install_name @rpath/Dependency.framework/Versions/A/Dependency -Xlinker -rpath -Xlinker /Applications/Xcode.app/Contents/Developer/Toolchains/XcodeDefault.xctoolchain/usr/lib/swift/macosx -mmacosx-version-min=10.10 -Xlinker -object_path_lto -Xlinker [...]/Library/Developer/Xcode/DerivedData/SDG-elnyyrtshjziqpgrnuupytkjjueh/Build/Intermediates.noindex/SDG.build/Debug/Dependency.build/Objects-normal/x86_64/Dependency_lto.o -Xlinker -export_dynamic -Xlinker -no_deduplicate -fobjc-link-runtime -fprofile-instr-generate -L/Applications/Xcode.app/Contents/Developer/Toolchains/XcodeDefault.xctoolchain/usr/lib/swift/macosx -Xlinker -add_ast_path -Xlinker [...]/Library/Developer/Xcode/DerivedData/SDG-elnyyrtshjziqpgrnuupytkjjueh/Build/Intermediates.noindex/SDG.build/Debug/Dependency.build/Objects-normal/x86_64/Dependency.swiftmodule -single_module -Xlinker -dependency_info -Xlinker [...]/Library/Developer/Xcode/DerivedData/SDG-elnyyrtshjziqpgrnuupytkjjueh/Build/Intermediates.noindex/SDG.build/Debug/Dependency.build/Objects-normal/x86_64/Dependency_dependency_info.dat -o [...]/Library/Developer/Xcode/DerivedData/SDG-elnyyrtshjziqpgrnuupytkjjueh/Build/Products/Debug/Dependency.framework/Versions/A/Dependency

Ditto [...]/Library/Developer/Xcode/DerivedData/SDG-elnyyrtshjziqpgrnuupytkjjueh/Build/Intermediates.noindex/SDG.build/Debug/Dependency.build/module.modulemap [...]/Library/Developer/Xcode/DerivedData/SDG-elnyyrtshjziqpgrnuupytkjjueh/Build/Products/Debug/Dependency.framework/Versions/A/Modules/module.modulemap
    cd "[...]/Tests/Mock Projects/After/SDGTool"
    builtin-copy -exclude .DS_Store -exclude CVS -exclude .svn -exclude .git -exclude .hg -resolve-src-symlinks [...]/Library/Developer/Xcode/DerivedData/SDG-elnyyrtshjziqpgrnuupytkjjueh/Build/Intermediates.noindex/SDG.build/Debug/Dependency.build/module.modulemap [...]/Library/Developer/Xcode/DerivedData/SDG-elnyyrtshjziqpgrnuupytkjjueh/Build/Products/Debug/Dependency.framework/Versions/A/Modules

Touch [...]/Library/Developer/Xcode/DerivedData/SDG-elnyyrtshjziqpgrnuupytkjjueh/Build/Products/Debug/Dependency.framework
    cd "[...]/Tests/Mock Projects/After/SDGTool"
    /usr/bin/touch -c [...]/Library/Developer/Xcode/DerivedData/SDG-elnyyrtshjziqpgrnuupytkjjueh/Build/Products/Debug/Dependency.framework

=== BUILD TARGET Library OF PROJECT SDG WITH CONFIGURATION Debug ===

Check dependencies

Write auxiliary files
/bin/mkdir -p [...]/Library/Developer/Xcode/DerivedData/SDG-elnyyrtshjziqpgrnuupytkjjueh/Build/Intermediates.noindex/SDG.build/Debug/Library.build/Objects-normal/x86_64
write-file [...]/Library/Developer/Xcode/DerivedData/SDG-elnyyrtshjziqpgrnuupytkjjueh/Build/Intermediates.noindex/SDG.build/Debug/Library.build/Objects-normal/x86_64/Library-OutputFileMap.json
write-file [...]/Library/Developer/Xcode/DerivedData/SDG-elnyyrtshjziqpgrnuupytkjjueh/Build/Intermediates.noindex/SDG.build/Debug/Library.build/module.modulemap
write-file [...]/Library/Developer/Xcode/DerivedData/SDG-elnyyrtshjziqpgrnuupytkjjueh/Build/Intermediates.noindex/SDG.build/Debug/Library.build/Objects-normal/x86_64/Library.LinkFileList
write-file [...]/Library/Developer/Xcode/DerivedData/SDG-elnyyrtshjziqpgrnuupytkjjueh/Build/Intermediates.noindex/SDG.build/Debug/Library.build/swift-overrides.hmap

Create product structure
/bin/mkdir -p [...]/Library/Developer/Xcode/DerivedData/SDG-elnyyrtshjziqpgrnuupytkjjueh/Build/Products/Debug/Library.framework/Versions/A/Modules
/bin/ln -sfh Versions/Current/Modules [...]/Library/Developer/Xcode/DerivedData/SDG-elnyyrtshjziqpgrnuupytkjjueh/Build/Products/Debug/Library.framework/Modules
/bin/mkdir -p [...]/Library/Developer/Xcode/DerivedData/SDG-elnyyrtshjziqpgrnuupytkjjueh/Build/Products/Debug/Library.framework/Versions/A/Headers
/bin/mkdir -p [...]/Library/Developer/Xcode/DerivedData/SDG-elnyyrtshjziqpgrnuupytkjjueh/Build/Products/Debug/Library.framework/Versions/A/Resources
/bin/ln -sfh A [...]/Library/Developer/Xcode/DerivedData/SDG-elnyyrtshjziqpgrnuupytkjjueh/Build/Products/Debug/Library.framework/Versions/Current
/bin/ln -sfh Versions/Current/Resources [...]/Library/Developer/Xcode/DerivedData/SDG-elnyyrtshjziqpgrnuupytkjjueh/Build/Products/Debug/Library.framework/Resources
/bin/ln -sfh Versions/Current/Headers [...]/Library/Developer/Xcode/DerivedData/SDG-elnyyrtshjziqpgrnuupytkjjueh/Build/Products/Debug/Library.framework/Headers
/bin/ln -sfh Versions/Current/Library [...]/Library/Developer/Xcode/DerivedData/SDG-elnyyrtshjziqpgrnuupytkjjueh/Build/Products/Debug/Library.framework/Library

ProcessInfoPlistFile [...]/Library/Developer/Xcode/DerivedData/SDG-elnyyrtshjziqpgrnuupytkjjueh/Build/Products/Debug/Library.framework/Versions/A/Resources/Info.plist SDG.xcodeproj/Library_Info.plist
    cd "[...]/Tests/Mock Projects/After/SDGTool"
    builtin-infoPlistUtility [...]/Tests/Mock\ Projects/After/SDGTool/SDG.xcodeproj/Library_Info.plist -expandbuildsettings -platform macosx -o [...]/Library/Developer/Xcode/DerivedData/SDG-elnyyrtshjziqpgrnuupytkjjueh/Build/Products/Debug/Library.framework/Versions/A/Resources/Info.plist

CompileSwiftSources normal x86_64 com.apple.xcode.tools.swift.compiler
    cd "[...]/Tests/Mock Projects/After/SDGTool"
    export DEVELOPER_DIR=/Applications/Xcode.app/Contents/Developer
    export SDKROOT=/Applications/Xcode.app/Contents/Developer/Platforms/MacOSX.platform/Developer/SDKs/MacOSX10.13.sdk
    /Applications/Xcode.app/Contents/Developer/Toolchains/XcodeDefault.xctoolchain/usr/bin/swiftc -incremental -module-name Library -Onone -enforce-exclusivity=checked -DSWIFT_PACKAGE -DXcode -sdk /Applications/Xcode.app/Contents/Developer/Platforms/MacOSX.platform/Developer/SDKs/MacOSX10.13.sdk -target x86_64-apple-macosx10.10 -g -module-cache-path [...]/Library/Developer/Xcode/DerivedData/ModuleCache -Xfrontend -serialize-debugging-options -profile-coverage-mapping -profile-generate -enable-testing -index-store-path [...]/Library/Developer/Xcode/DerivedData/SDG-elnyyrtshjziqpgrnuupytkjjueh/Index/DataStore -Xfrontend -report-errors-to-debugger -swift-version 4 -I [...]/Library/Developer/Xcode/DerivedData/SDG-elnyyrtshjziqpgrnuupytkjjueh/Build/Products/Debug -F [...]/Library/Developer/Xcode/DerivedData/SDG-elnyyrtshjziqpgrnuupytkjjueh/Build/Products/Debug -F /Applications/Xcode.app/Contents/Developer/Platforms/MacOSX.platform/Developer/Library/Frameworks -c -j4 [...]/Tests/Mock\ Projects/After/SDGTool/Sources/Library/Resources.swift [...]/Tests/Mock\ Projects/After/SDGTool/Sources/Library/SDG.swift -output-file-map [...]/Library/Developer/Xcode/DerivedData/SDG-elnyyrtshjziqpgrnuupytkjjueh/Build/Intermediates.noindex/SDG.build/Debug/Library.build/Objects-normal/x86_64/Library-OutputFileMap.json -parseable-output -serialize-diagnostics -emit-dependencies -emit-module -emit-module-path [...]/Library/Developer/Xcode/DerivedData/SDG-elnyyrtshjziqpgrnuupytkjjueh/Build/Intermediates.noindex/SDG.build/Debug/Library.build/Objects-normal/x86_64/Library.swiftmodule -Xcc -I[...]/Library/Developer/Xcode/DerivedData/SDG-elnyyrtshjziqpgrnuupytkjjueh/Build/Intermediates.noindex/SDG.build/Debug/Library.build/swift-overrides.hmap -Xcc -I[...]/Library/Developer/Xcode/DerivedData/SDG-elnyyrtshjziqpgrnuupytkjjueh/Build/Products/Debug/include -Xcc -I[...]/Library/Developer/Xcode/DerivedData/SDG-elnyyrtshjziqpgrnuupytkjjueh/Build/Intermediates.noindex/SDG.build/Debug/Library.build/DerivedSources/x86_64 -Xcc -I[...]/Library/Developer/Xcode/DerivedData/SDG-elnyyrtshjziqpgrnuupytkjjueh/Build/Intermediates.noindex/SDG.build/Debug/Library.build/DerivedSources -emit-objc-header -emit-objc-header-path [...]/Library/Developer/Xcode/DerivedData/SDG-elnyyrtshjziqpgrnuupytkjjueh/Build/Intermediates.noindex/SDG.build/Debug/Library.build/Objects-normal/x86_64/Library-Swift.h -Xcc -working-directory[...]/Tests/Mock\ Projects/After/SDGTool

CompileSwift normal x86_64 [...]/Tests/Mock Projects/After/SDGTool/Sources/Library/Resources.swift
    cd [...]/Tests/Mock Projects/After/SDGTool
    /Applications/Xcode.app/Contents/Developer/Toolchains/XcodeDefault.xctoolchain/usr/bin/swift -frontend -c -primary-file "[...]/Tests/Mock Projects/After/SDGTool/Sources/Library/Resources.swift" "[...]/Tests/Mock Projects/After/SDGTool/Sources/Library/SDG.swift" -target x86_64-apple-macosx10.10 -enable-objc-interop -sdk /Applications/Xcode.app/Contents/Developer/Platforms/MacOSX.platform/Developer/SDKs/MacOSX10.13.sdk -I [...]/Library/Developer/Xcode/DerivedData/SDG-elnyyrtshjziqpgrnuupytkjjueh/Build/Products/Debug -F [...]/Library/Developer/Xcode/DerivedData/SDG-elnyyrtshjziqpgrnuupytkjjueh/Build/Products/Debug -F /Applications/Xcode.app/Contents/Developer/Platforms/MacOSX.platform/Developer/Library/Frameworks -enable-testing -g -module-cache-path [...]/Library/Developer/Xcode/DerivedData/ModuleCache -profile-generate -profile-coverage-mapping -swift-version 4 -enforce-exclusivity=checked -D SWIFT_PACKAGE -D Xcode -serialize-debugging-options -report-errors-to-debugger -Xcc -I[...]/Library/Developer/Xcode/DerivedData/SDG-elnyyrtshjziqpgrnuupytkjjueh/Build/Intermediates.noindex/SDG.build/Debug/Library.build/swift-overrides.hmap -Xcc -I[...]/Library/Developer/Xcode/DerivedData/SDG-elnyyrtshjziqpgrnuupytkjjueh/Build/Products/Debug/include -Xcc -I[...]/Library/Developer/Xcode/DerivedData/SDG-elnyyrtshjziqpgrnuupytkjjueh/Build/Intermediates.noindex/SDG.build/Debug/Library.build/DerivedSources/x86_64 -Xcc -I[...]/Library/Developer/Xcode/DerivedData/SDG-elnyyrtshjziqpgrnuupytkjjueh/Build/Intermediates.noindex/SDG.build/Debug/Library.build/DerivedSources -Xcc "-working-directory[...]/Tests/Mock Projects/After/SDGTool" -emit-module-doc-path [...]/Library/Developer/Xcode/DerivedData/SDG-elnyyrtshjziqpgrnuupytkjjueh/Build/Intermediates.noindex/SDG.build/Debug/Library.build/Objects-normal/x86_64/Resources~partial.swiftdoc -serialize-diagnostics-path [...]/Library/Developer/Xcode/DerivedData/SDG-elnyyrtshjziqpgrnuupytkjjueh/Build/Intermediates.noindex/SDG.build/Debug/Library.build/Objects-normal/x86_64/Resources.dia -Onone -module-name Library -emit-module-path [...]/Library/Developer/Xcode/DerivedData/SDG-elnyyrtshjziqpgrnuupytkjjueh/Build/Intermediates.noindex/SDG.build/Debug/Library.build/Objects-normal/x86_64/Resources~partial.swiftmodule -emit-dependencies-path [...]/Library/Developer/Xcode/DerivedData/SDG-elnyyrtshjziqpgrnuupytkjjueh/Build/Intermediates.noindex/SDG.build/Debug/Library.build/Objects-normal/x86_64/Resources.d -emit-reference-dependencies-path [...]/Library/Developer/Xcode/DerivedData/SDG-elnyyrtshjziqpgrnuupytkjjueh/Build/Intermediates.noindex/SDG.build/Debug/Library.build/Objects-normal/x86_64/Resources.swiftdeps -o [...]/Library/Developer/Xcode/DerivedData/SDG-elnyyrtshjziqpgrnuupytkjjueh/Build/Intermediates.noindex/SDG.build/Debug/Library.build/Objects-normal/x86_64/Resources.o -index-store-path [...]/Library/Developer/Xcode/DerivedData/SDG-elnyyrtshjziqpgrnuupytkjjueh/Index/DataStore -index-system-modules

CompileSwift normal x86_64 [...]/Tests/Mock Projects/After/SDGTool/Sources/Library/SDG.swift
    cd [...]/Tests/Mock Projects/After/SDGTool
    /Applications/Xcode.app/Contents/Developer/Toolchains/XcodeDefault.xctoolchain/usr/bin/swift -frontend -c "[...]/Tests/Mock Projects/After/SDGTool/Sources/Library/Resources.swift" -primary-file "[...]/Tests/Mock Projects/After/SDGTool/Sources/Library/SDG.swift" -target x86_64-apple-macosx10.10 -enable-objc-interop -sdk /Applications/Xcode.app/Contents/Developer/Platforms/MacOSX.platform/Developer/SDKs/MacOSX10.13.sdk -I [...]/Library/Developer/Xcode/DerivedData/SDG-elnyyrtshjziqpgrnuupytkjjueh/Build/Products/Debug -F [...]/Library/Developer/Xcode/DerivedData/SDG-elnyyrtshjziqpgrnuupytkjjueh/Build/Products/Debug -F /Applications/Xcode.app/Contents/Developer/Platforms/MacOSX.platform/Developer/Library/Frameworks -enable-testing -g -module-cache-path [...]/Library/Developer/Xcode/DerivedData/ModuleCache -profile-generate -profile-coverage-mapping -swift-version 4 -enforce-exclusivity=checked -D SWIFT_PACKAGE -D Xcode -serialize-debugging-options -report-errors-to-debugger -Xcc -I[...]/Library/Developer/Xcode/DerivedData/SDG-elnyyrtshjziqpgrnuupytkjjueh/Build/Intermediates.noindex/SDG.build/Debug/Library.build/swift-overrides.hmap -Xcc -I[...]/Library/Developer/Xcode/DerivedData/SDG-elnyyrtshjziqpgrnuupytkjjueh/Build/Products/Debug/include -Xcc -I[...]/Library/Developer/Xcode/DerivedData/SDG-elnyyrtshjziqpgrnuupytkjjueh/Build/Intermediates.noindex/SDG.build/Debug/Library.build/DerivedSources/x86_64 -Xcc -I[...]/Library/Developer/Xcode/DerivedData/SDG-elnyyrtshjziqpgrnuupytkjjueh/Build/Intermediates.noindex/SDG.build/Debug/Library.build/DerivedSources -Xcc "-working-directory[...]/Tests/Mock Projects/After/SDGTool" -emit-module-doc-path [...]/Library/Developer/Xcode/DerivedData/SDG-elnyyrtshjziqpgrnuupytkjjueh/Build/Intermediates.noindex/SDG.build/Debug/Library.build/Objects-normal/x86_64/SDG~partial.swiftdoc -serialize-diagnostics-path [...]/Library/Developer/Xcode/DerivedData/SDG-elnyyrtshjziqpgrnuupytkjjueh/Build/Intermediates.noindex/SDG.build/Debug/Library.build/Objects-normal/x86_64/SDG.dia -Onone -module-name Library -emit-module-path [...]/Library/Developer/Xcode/DerivedData/SDG-elnyyrtshjziqpgrnuupytkjjueh/Build/Intermediates.noindex/SDG.build/Debug/Library.build/Objects-normal/x86_64/SDG~partial.swiftmodule -emit-dependencies-path [...]/Library/Developer/Xcode/DerivedData/SDG-elnyyrtshjziqpgrnuupytkjjueh/Build/Intermediates.noindex/SDG.build/Debug/Library.build/Objects-normal/x86_64/SDG.d -emit-reference-dependencies-path [...]/Library/Developer/Xcode/DerivedData/SDG-elnyyrtshjziqpgrnuupytkjjueh/Build/Intermediates.noindex/SDG.build/Debug/Library.build/Objects-normal/x86_64/SDG.swiftdeps -o [...]/Library/Developer/Xcode/DerivedData/SDG-elnyyrtshjziqpgrnuupytkjjueh/Build/Intermediates.noindex/SDG.build/Debug/Library.build/Objects-normal/x86_64/SDG.o -index-store-path [...]/Library/Developer/Xcode/DerivedData/SDG-elnyyrtshjziqpgrnuupytkjjueh/Index/DataStore -index-system-modules

MergeSwiftModule normal x86_64 [...]/Library/Developer/Xcode/DerivedData/SDG-elnyyrtshjziqpgrnuupytkjjueh/Build/Intermediates.noindex/SDG.build/Debug/Library.build/Objects-normal/x86_64/Library.swiftmodule
    cd [...]/Tests/Mock Projects/After/SDGTool
    /Applications/Xcode.app/Contents/Developer/Toolchains/XcodeDefault.xctoolchain/usr/bin/swift -frontend -emit-module [...]/Library/Developer/Xcode/DerivedData/SDG-elnyyrtshjziqpgrnuupytkjjueh/Build/Intermediates.noindex/SDG.build/Debug/Library.build/Objects-normal/x86_64/Resources~partial.swiftmodule [...]/Library/Developer/Xcode/DerivedData/SDG-elnyyrtshjziqpgrnuupytkjjueh/Build/Intermediates.noindex/SDG.build/Debug/Library.build/Objects-normal/x86_64/SDG~partial.swiftmodule -parse-as-library -target x86_64-apple-macosx10.10 -enable-objc-interop -sdk /Applications/Xcode.app/Contents/Developer/Platforms/MacOSX.platform/Developer/SDKs/MacOSX10.13.sdk -I [...]/Library/Developer/Xcode/DerivedData/SDG-elnyyrtshjziqpgrnuupytkjjueh/Build/Products/Debug -F [...]/Library/Developer/Xcode/DerivedData/SDG-elnyyrtshjziqpgrnuupytkjjueh/Build/Products/Debug -F /Applications/Xcode.app/Contents/Developer/Platforms/MacOSX.platform/Developer/Library/Frameworks -enable-testing -g -module-cache-path [...]/Library/Developer/Xcode/DerivedData/ModuleCache -profile-generate -profile-coverage-mapping -swift-version 4 -enforce-exclusivity=checked -D SWIFT_PACKAGE -D Xcode -serialize-debugging-options -report-errors-to-debugger -Xcc -I[...]/Library/Developer/Xcode/DerivedData/SDG-elnyyrtshjziqpgrnuupytkjjueh/Build/Intermediates.noindex/SDG.build/Debug/Library.build/swift-overrides.hmap -Xcc -I[...]/Library/Developer/Xcode/DerivedData/SDG-elnyyrtshjziqpgrnuupytkjjueh/Build/Products/Debug/include -Xcc -I[...]/Library/Developer/Xcode/DerivedData/SDG-elnyyrtshjziqpgrnuupytkjjueh/Build/Intermediates.noindex/SDG.build/Debug/Library.build/DerivedSources/x86_64 -Xcc -I[...]/Library/Developer/Xcode/DerivedData/SDG-elnyyrtshjziqpgrnuupytkjjueh/Build/Intermediates.noindex/SDG.build/Debug/Library.build/DerivedSources -Xcc "-working-directory[...]/Tests/Mock Projects/After/SDGTool" -emit-module-doc-path [...]/Library/Developer/Xcode/DerivedData/SDG-elnyyrtshjziqpgrnuupytkjjueh/Build/Intermediates.noindex/SDG.build/Debug/Library.build/Objects-normal/x86_64/Library.swiftdoc -module-name Library -emit-objc-header-path [...]/Library/Developer/Xcode/DerivedData/SDG-elnyyrtshjziqpgrnuupytkjjueh/Build/Intermediates.noindex/SDG.build/Debug/Library.build/Objects-normal/x86_64/Library-Swift.h -o [...]/Library/Developer/Xcode/DerivedData/SDG-elnyyrtshjziqpgrnuupytkjjueh/Build/Intermediates.noindex/SDG.build/Debug/Library.build/Objects-normal/x86_64/Library.swiftmodule

Ditto [...]/Library/Developer/Xcode/DerivedData/SDG-elnyyrtshjziqpgrnuupytkjjueh/Build/Products/Debug/Library.framework/Versions/A/Headers/Library-Swift.h [...]/Library/Developer/Xcode/DerivedData/SDG-elnyyrtshjziqpgrnuupytkjjueh/Build/Intermediates.noindex/SDG.build/Debug/Library.build/Objects-normal/x86_64/Library-Swift.h
    cd "[...]/Tests/Mock Projects/After/SDGTool"
    /usr/bin/ditto -rsrc [...]/Library/Developer/Xcode/DerivedData/SDG-elnyyrtshjziqpgrnuupytkjjueh/Build/Intermediates.noindex/SDG.build/Debug/Library.build/Objects-normal/x86_64/Library-Swift.h [...]/Library/Developer/Xcode/DerivedData/SDG-elnyyrtshjziqpgrnuupytkjjueh/Build/Products/Debug/Library.framework/Versions/A/Headers/Library-Swift.h

Ditto [...]/Library/Developer/Xcode/DerivedData/SDG-elnyyrtshjziqpgrnuupytkjjueh/Build/Products/Debug/Library.framework/Versions/A/Modules/Library.swiftmodule/x86_64.swiftmodule [...]/Library/Developer/Xcode/DerivedData/SDG-elnyyrtshjziqpgrnuupytkjjueh/Build/Intermediates.noindex/SDG.build/Debug/Library.build/Objects-normal/x86_64/Library.swiftmodule
    cd "[...]/Tests/Mock Projects/After/SDGTool"
    /usr/bin/ditto -rsrc [...]/Library/Developer/Xcode/DerivedData/SDG-elnyyrtshjziqpgrnuupytkjjueh/Build/Intermediates.noindex/SDG.build/Debug/Library.build/Objects-normal/x86_64/Library.swiftmodule [...]/Library/Developer/Xcode/DerivedData/SDG-elnyyrtshjziqpgrnuupytkjjueh/Build/Products/Debug/Library.framework/Versions/A/Modules/Library.swiftmodule/x86_64.swiftmodule

Ld [...]/Library/Developer/Xcode/DerivedData/SDG-elnyyrtshjziqpgrnuupytkjjueh/Build/Products/Debug/Library.framework/Versions/A/Library normal x86_64
    cd "[...]/Tests/Mock Projects/After/SDGTool"
    export MACOSX_DEPLOYMENT_TARGET=10.10
    /Applications/Xcode.app/Contents/Developer/Toolchains/XcodeDefault.xctoolchain/usr/bin/clang -arch x86_64 -dynamiclib -isysroot /Applications/Xcode.app/Contents/Developer/Platforms/MacOSX.platform/Developer/SDKs/MacOSX10.13.sdk -L[...]/Library/Developer/Xcode/DerivedData/SDG-elnyyrtshjziqpgrnuupytkjjueh/Build/Products/Debug -F[...]/Library/Developer/Xcode/DerivedData/SDG-elnyyrtshjziqpgrnuupytkjjueh/Build/Products/Debug -F/Applications/Xcode.app/Contents/Developer/Platforms/MacOSX.platform/Developer/Library/Frameworks -filelist [...]/Library/Developer/Xcode/DerivedData/SDG-elnyyrtshjziqpgrnuupytkjjueh/Build/Intermediates.noindex/SDG.build/Debug/Library.build/Objects-normal/x86_64/Library.LinkFileList -install_name @rpath/Library.framework/Versions/A/Library -Xlinker -rpath -Xlinker /Applications/Xcode.app/Contents/Developer/Toolchains/XcodeDefault.xctoolchain/usr/lib/swift/macosx -mmacosx-version-min=10.10 -Xlinker -object_path_lto -Xlinker [...]/Library/Developer/Xcode/DerivedData/SDG-elnyyrtshjziqpgrnuupytkjjueh/Build/Intermediates.noindex/SDG.build/Debug/Library.build/Objects-normal/x86_64/Library_lto.o -Xlinker -export_dynamic -Xlinker -no_deduplicate -fobjc-link-runtime -fprofile-instr-generate -L/Applications/Xcode.app/Contents/Developer/Toolchains/XcodeDefault.xctoolchain/usr/lib/swift/macosx -Xlinker -add_ast_path -Xlinker [...]/Library/Developer/Xcode/DerivedData/SDG-elnyyrtshjziqpgrnuupytkjjueh/Build/Intermediates.noindex/SDG.build/Debug/Library.build/Objects-normal/x86_64/Library.swiftmodule -framework Dependency -single_module -Xlinker -dependency_info -Xlinker [...]/Library/Developer/Xcode/DerivedData/SDG-elnyyrtshjziqpgrnuupytkjjueh/Build/Intermediates.noindex/SDG.build/Debug/Library.build/Objects-normal/x86_64/Library_dependency_info.dat -o [...]/Library/Developer/Xcode/DerivedData/SDG-elnyyrtshjziqpgrnuupytkjjueh/Build/Products/Debug/Library.framework/Versions/A/Library

Ditto [...]/Library/Developer/Xcode/DerivedData/SDG-elnyyrtshjziqpgrnuupytkjjueh/Build/Products/Debug/Library.framework/Versions/A/Modules/Library.swiftmodule/x86_64.swiftdoc [...]/Library/Developer/Xcode/DerivedData/SDG-elnyyrtshjziqpgrnuupytkjjueh/Build/Intermediates.noindex/SDG.build/Debug/Library.build/Objects-normal/x86_64/Library.swiftdoc
    cd "[...]/Tests/Mock Projects/After/SDGTool"
    /usr/bin/ditto -rsrc [...]/Library/Developer/Xcode/DerivedData/SDG-elnyyrtshjziqpgrnuupytkjjueh/Build/Intermediates.noindex/SDG.build/Debug/Library.build/Objects-normal/x86_64/Library.swiftdoc [...]/Library/Developer/Xcode/DerivedData/SDG-elnyyrtshjziqpgrnuupytkjjueh/Build/Products/Debug/Library.framework/Versions/A/Modules/Library.swiftmodule/x86_64.swiftdoc

Ditto [...]/Library/Developer/Xcode/DerivedData/SDG-elnyyrtshjziqpgrnuupytkjjueh/Build/Intermediates.noindex/SDG.build/Debug/Library.build/module.modulemap [...]/Library/Developer/Xcode/DerivedData/SDG-elnyyrtshjziqpgrnuupytkjjueh/Build/Products/Debug/Library.framework/Versions/A/Modules/module.modulemap
    cd "[...]/Tests/Mock Projects/After/SDGTool"
    builtin-copy -exclude .DS_Store -exclude CVS -exclude .svn -exclude .git -exclude .hg -resolve-src-symlinks [...]/Library/Developer/Xcode/DerivedData/SDG-elnyyrtshjziqpgrnuupytkjjueh/Build/Intermediates.noindex/SDG.build/Debug/Library.build/module.modulemap [...]/Library/Developer/Xcode/DerivedData/SDG-elnyyrtshjziqpgrnuupytkjjueh/Build/Products/Debug/Library.framework/Versions/A/Modules

Touch [...]/Library/Developer/Xcode/DerivedData/SDG-elnyyrtshjziqpgrnuupytkjjueh/Build/Products/Debug/Library.framework
    cd "[...]/Tests/Mock Projects/After/SDGTool"
    /usr/bin/touch -c [...]/Library/Developer/Xcode/DerivedData/SDG-elnyyrtshjziqpgrnuupytkjjueh/Build/Products/Debug/Library.framework

=== BUILD TARGET tool OF PROJECT SDG WITH CONFIGURATION Debug ===

Check dependencies

Write auxiliary files
/bin/mkdir -p [...]/Library/Developer/Xcode/DerivedData/SDG-elnyyrtshjziqpgrnuupytkjjueh/Build/Intermediates.noindex/SDG.build/Debug/tool.build/Objects-normal/x86_64
write-file [...]/Library/Developer/Xcode/DerivedData/SDG-elnyyrtshjziqpgrnuupytkjjueh/Build/Intermediates.noindex/SDG.build/Debug/tool.build/Objects-normal/x86_64/tool.LinkFileList
write-file [...]/Library/Developer/Xcode/DerivedData/SDG-elnyyrtshjziqpgrnuupytkjjueh/Build/Intermediates.noindex/SDG.build/Debug/tool.build/swift-overrides.hmap
write-file [...]/Library/Developer/Xcode/DerivedData/SDG-elnyyrtshjziqpgrnuupytkjjueh/Build/Intermediates.noindex/SDG.build/Debug/tool.build/Objects-normal/x86_64/tool-OutputFileMap.json

CompileSwiftSources normal x86_64 com.apple.xcode.tools.swift.compiler
    cd "[...]/Tests/Mock Projects/After/SDGTool"
    export DEVELOPER_DIR=/Applications/Xcode.app/Contents/Developer
    export SDKROOT=/Applications/Xcode.app/Contents/Developer/Platforms/MacOSX.platform/Developer/SDKs/MacOSX10.13.sdk
    /Applications/Xcode.app/Contents/Developer/Toolchains/XcodeDefault.xctoolchain/usr/bin/swiftc -incremental -module-name tool -Onone -enforce-exclusivity=checked -DSWIFT_PACKAGE -DXcode -sdk /Applications/Xcode.app/Contents/Developer/Platforms/MacOSX.platform/Developer/SDKs/MacOSX10.13.sdk -target x86_64-apple-macosx10.10 -g -module-cache-path [...]/Library/Developer/Xcode/DerivedData/ModuleCache -Xfrontend -serialize-debugging-options -profile-coverage-mapping -profile-generate -index-store-path [...]/Library/Developer/Xcode/DerivedData/SDG-elnyyrtshjziqpgrnuupytkjjueh/Index/DataStore -Xfrontend -report-errors-to-debugger -swift-version 4 -I [...]/Library/Developer/Xcode/DerivedData/SDG-elnyyrtshjziqpgrnuupytkjjueh/Build/Products/Debug -F [...]/Library/Developer/Xcode/DerivedData/SDG-elnyyrtshjziqpgrnuupytkjjueh/Build/Products/Debug -F /Applications/Xcode.app/Contents/Developer/Platforms/MacOSX.platform/Developer/Library/Frameworks -c -j4 [...]/Tests/Mock\ Projects/After/SDGTool/Sources/tool/main.swift -output-file-map [...]/Library/Developer/Xcode/DerivedData/SDG-elnyyrtshjziqpgrnuupytkjjueh/Build/Intermediates.noindex/SDG.build/Debug/tool.build/Objects-normal/x86_64/tool-OutputFileMap.json -parseable-output -serialize-diagnostics -emit-dependencies -emit-module -emit-module-path [...]/Library/Developer/Xcode/DerivedData/SDG-elnyyrtshjziqpgrnuupytkjjueh/Build/Intermediates.noindex/SDG.build/Debug/tool.build/Objects-normal/x86_64/tool.swiftmodule -Xcc -I[...]/Library/Developer/Xcode/DerivedData/SDG-elnyyrtshjziqpgrnuupytkjjueh/Build/Intermediates.noindex/SDG.build/Debug/tool.build/swift-overrides.hmap -Xcc -I[...]/Library/Developer/Xcode/DerivedData/SDG-elnyyrtshjziqpgrnuupytkjjueh/Build/Products/Debug/include -Xcc -I[...]/Library/Developer/Xcode/DerivedData/SDG-elnyyrtshjziqpgrnuupytkjjueh/Build/Intermediates.noindex/SDG.build/Debug/tool.build/DerivedSources/x86_64 -Xcc -I[...]/Library/Developer/Xcode/DerivedData/SDG-elnyyrtshjziqpgrnuupytkjjueh/Build/Intermediates.noindex/SDG.build/Debug/tool.build/DerivedSources -emit-objc-header -emit-objc-header-path [...]/Library/Developer/Xcode/DerivedData/SDG-elnyyrtshjziqpgrnuupytkjjueh/Build/Intermediates.noindex/SDG.build/Debug/tool.build/Objects-normal/x86_64/tool-Swift.h -Xcc -working-directory[...]/Tests/Mock\ Projects/After/SDGTool

CompileSwift normal x86_64 [...]/Tests/Mock Projects/After/SDGTool/Sources/tool/main.swift
    cd [...]/Tests/Mock Projects/After/SDGTool
    /Applications/Xcode.app/Contents/Developer/Toolchains/XcodeDefault.xctoolchain/usr/bin/swift -frontend -c -primary-file "[...]/Tests/Mock Projects/After/SDGTool/Sources/tool/main.swift" -target x86_64-apple-macosx10.10 -enable-objc-interop -sdk /Applications/Xcode.app/Contents/Developer/Platforms/MacOSX.platform/Developer/SDKs/MacOSX10.13.sdk -I [...]/Library/Developer/Xcode/DerivedData/SDG-elnyyrtshjziqpgrnuupytkjjueh/Build/Products/Debug -F [...]/Library/Developer/Xcode/DerivedData/SDG-elnyyrtshjziqpgrnuupytkjjueh/Build/Products/Debug -F /Applications/Xcode.app/Contents/Developer/Platforms/MacOSX.platform/Developer/Library/Frameworks -g -module-cache-path [...]/Library/Developer/Xcode/DerivedData/ModuleCache -profile-generate -profile-coverage-mapping -swift-version 4 -enforce-exclusivity=checked -D SWIFT_PACKAGE -D Xcode -serialize-debugging-options -report-errors-to-debugger -Xcc -I[...]/Library/Developer/Xcode/DerivedData/SDG-elnyyrtshjziqpgrnuupytkjjueh/Build/Intermediates.noindex/SDG.build/Debug/tool.build/swift-overrides.hmap -Xcc -I[...]/Library/Developer/Xcode/DerivedData/SDG-elnyyrtshjziqpgrnuupytkjjueh/Build/Products/Debug/include -Xcc -I[...]/Library/Developer/Xcode/DerivedData/SDG-elnyyrtshjziqpgrnuupytkjjueh/Build/Intermediates.noindex/SDG.build/Debug/tool.build/DerivedSources/x86_64 -Xcc -I[...]/Library/Developer/Xcode/DerivedData/SDG-elnyyrtshjziqpgrnuupytkjjueh/Build/Intermediates.noindex/SDG.build/Debug/tool.build/DerivedSources -Xcc "-working-directory[...]/Tests/Mock Projects/After/SDGTool" -emit-module-doc-path [...]/Library/Developer/Xcode/DerivedData/SDG-elnyyrtshjziqpgrnuupytkjjueh/Build/Intermediates.noindex/SDG.build/Debug/tool.build/Objects-normal/x86_64/main~partial.swiftdoc -serialize-diagnostics-path [...]/Library/Developer/Xcode/DerivedData/SDG-elnyyrtshjziqpgrnuupytkjjueh/Build/Intermediates.noindex/SDG.build/Debug/tool.build/Objects-normal/x86_64/main.dia -Onone -module-name tool -emit-module-path [...]/Library/Developer/Xcode/DerivedData/SDG-elnyyrtshjziqpgrnuupytkjjueh/Build/Intermediates.noindex/SDG.build/Debug/tool.build/Objects-normal/x86_64/main~partial.swiftmodule -emit-dependencies-path [...]/Library/Developer/Xcode/DerivedData/SDG-elnyyrtshjziqpgrnuupytkjjueh/Build/Intermediates.noindex/SDG.build/Debug/tool.build/Objects-normal/x86_64/main.d -emit-reference-dependencies-path [...]/Library/Developer/Xcode/DerivedData/SDG-elnyyrtshjziqpgrnuupytkjjueh/Build/Intermediates.noindex/SDG.build/Debug/tool.build/Objects-normal/x86_64/main.swiftdeps -o [...]/Library/Developer/Xcode/DerivedData/SDG-elnyyrtshjziqpgrnuupytkjjueh/Build/Intermediates.noindex/SDG.build/Debug/tool.build/Objects-normal/x86_64/main.o -index-store-path [...]/Library/Developer/Xcode/DerivedData/SDG-elnyyrtshjziqpgrnuupytkjjueh/Index/DataStore -index-system-modules

MergeSwiftModule normal x86_64 [...]/Library/Developer/Xcode/DerivedData/SDG-elnyyrtshjziqpgrnuupytkjjueh/Build/Intermediates.noindex/SDG.build/Debug/tool.build/Objects-normal/x86_64/tool.swiftmodule
    cd [...]/Tests/Mock Projects/After/SDGTool
    /Applications/Xcode.app/Contents/Developer/Toolchains/XcodeDefault.xctoolchain/usr/bin/swift -frontend -emit-module [...]/Library/Developer/Xcode/DerivedData/SDG-elnyyrtshjziqpgrnuupytkjjueh/Build/Intermediates.noindex/SDG.build/Debug/tool.build/Objects-normal/x86_64/main~partial.swiftmodule -parse-as-library -target x86_64-apple-macosx10.10 -enable-objc-interop -sdk /Applications/Xcode.app/Contents/Developer/Platforms/MacOSX.platform/Developer/SDKs/MacOSX10.13.sdk -I [...]/Library/Developer/Xcode/DerivedData/SDG-elnyyrtshjziqpgrnuupytkjjueh/Build/Products/Debug -F [...]/Library/Developer/Xcode/DerivedData/SDG-elnyyrtshjziqpgrnuupytkjjueh/Build/Products/Debug -F /Applications/Xcode.app/Contents/Developer/Platforms/MacOSX.platform/Developer/Library/Frameworks -g -module-cache-path [...]/Library/Developer/Xcode/DerivedData/ModuleCache -profile-generate -profile-coverage-mapping -swift-version 4 -enforce-exclusivity=checked -D SWIFT_PACKAGE -D Xcode -serialize-debugging-options -report-errors-to-debugger -Xcc -I[...]/Library/Developer/Xcode/DerivedData/SDG-elnyyrtshjziqpgrnuupytkjjueh/Build/Intermediates.noindex/SDG.build/Debug/tool.build/swift-overrides.hmap -Xcc -I[...]/Library/Developer/Xcode/DerivedData/SDG-elnyyrtshjziqpgrnuupytkjjueh/Build/Products/Debug/include -Xcc -I[...]/Library/Developer/Xcode/DerivedData/SDG-elnyyrtshjziqpgrnuupytkjjueh/Build/Intermediates.noindex/SDG.build/Debug/tool.build/DerivedSources/x86_64 -Xcc -I[...]/Library/Developer/Xcode/DerivedData/SDG-elnyyrtshjziqpgrnuupytkjjueh/Build/Intermediates.noindex/SDG.build/Debug/tool.build/DerivedSources -Xcc "-working-directory[...]/Tests/Mock Projects/After/SDGTool" -emit-module-doc-path [...]/Library/Developer/Xcode/DerivedData/SDG-elnyyrtshjziqpgrnuupytkjjueh/Build/Intermediates.noindex/SDG.build/Debug/tool.build/Objects-normal/x86_64/tool.swiftdoc -module-name tool -emit-objc-header-path [...]/Library/Developer/Xcode/DerivedData/SDG-elnyyrtshjziqpgrnuupytkjjueh/Build/Intermediates.noindex/SDG.build/Debug/tool.build/Objects-normal/x86_64/tool-Swift.h -o [...]/Library/Developer/Xcode/DerivedData/SDG-elnyyrtshjziqpgrnuupytkjjueh/Build/Intermediates.noindex/SDG.build/Debug/tool.build/Objects-normal/x86_64/tool.swiftmodule

Ditto [...]/Library/Developer/Xcode/DerivedData/SDG-elnyyrtshjziqpgrnuupytkjjueh/Build/Intermediates.noindex/SDG.build/Debug/tool.build/DerivedSources/tool-Swift.h [...]/Library/Developer/Xcode/DerivedData/SDG-elnyyrtshjziqpgrnuupytkjjueh/Build/Intermediates.noindex/SDG.build/Debug/tool.build/Objects-normal/x86_64/tool-Swift.h
    cd "[...]/Tests/Mock Projects/After/SDGTool"
    /usr/bin/ditto -rsrc [...]/Library/Developer/Xcode/DerivedData/SDG-elnyyrtshjziqpgrnuupytkjjueh/Build/Intermediates.noindex/SDG.build/Debug/tool.build/Objects-normal/x86_64/tool-Swift.h [...]/Library/Developer/Xcode/DerivedData/SDG-elnyyrtshjziqpgrnuupytkjjueh/Build/Intermediates.noindex/SDG.build/Debug/tool.build/DerivedSources/tool-Swift.h

Ld [...]/Library/Developer/Xcode/DerivedData/SDG-elnyyrtshjziqpgrnuupytkjjueh/Build/Products/Debug/tool normal x86_64
    cd "[...]/Tests/Mock Projects/After/SDGTool"
    export MACOSX_DEPLOYMENT_TARGET=10.10
    /Applications/Xcode.app/Contents/Developer/Toolchains/XcodeDefault.xctoolchain/usr/bin/clang -arch x86_64 -isysroot /Applications/Xcode.app/Contents/Developer/Platforms/MacOSX.platform/Developer/SDKs/MacOSX10.13.sdk -L[...]/Library/Developer/Xcode/DerivedData/SDG-elnyyrtshjziqpgrnuupytkjjueh/Build/Products/Debug -F[...]/Library/Developer/Xcode/DerivedData/SDG-elnyyrtshjziqpgrnuupytkjjueh/Build/Products/Debug -F/Applications/Xcode.app/Contents/Developer/Platforms/MacOSX.platform/Developer/Library/Frameworks -filelist [...]/Library/Developer/Xcode/DerivedData/SDG-elnyyrtshjziqpgrnuupytkjjueh/Build/Intermediates.noindex/SDG.build/Debug/tool.build/Objects-normal/x86_64/tool.LinkFileList -Xlinker -rpath -Xlinker /Applications/Xcode.app/Contents/Developer/Toolchains/XcodeDefault.xctoolchain/usr/lib/swift/macosx -Xlinker -rpath -Xlinker @executable_path -mmacosx-version-min=10.10 -Xlinker -object_path_lto -Xlinker [...]/Library/Developer/Xcode/DerivedData/SDG-elnyyrtshjziqpgrnuupytkjjueh/Build/Intermediates.noindex/SDG.build/Debug/tool.build/Objects-normal/x86_64/tool_lto.o -Xlinker -no_deduplicate -fobjc-link-runtime -fprofile-instr-generate -L/Applications/Xcode.app/Contents/Developer/Toolchains/XcodeDefault.xctoolchain/usr/lib/swift/macosx -Xlinker -add_ast_path -Xlinker [...]/Library/Developer/Xcode/DerivedData/SDG-elnyyrtshjziqpgrnuupytkjjueh/Build/Intermediates.noindex/SDG.build/Debug/tool.build/Objects-normal/x86_64/tool.swiftmodule -framework Library -framework Dependency -Xlinker -dependency_info -Xlinker [...]/Library/Developer/Xcode/DerivedData/SDG-elnyyrtshjziqpgrnuupytkjjueh/Build/Intermediates.noindex/SDG.build/Debug/tool.build/Objects-normal/x86_64/tool_dependency_info.dat -o [...]/Library/Developer/Xcode/DerivedData/SDG-elnyyrtshjziqpgrnuupytkjjueh/Build/Products/Debug/tool

Ditto [...]/Library/Developer/Xcode/DerivedData/SDG-elnyyrtshjziqpgrnuupytkjjueh/Build/Products/Debug/tool.swiftmodule/x86_64.swiftdoc [...]/Library/Developer/Xcode/DerivedData/SDG-elnyyrtshjziqpgrnuupytkjjueh/Build/Intermediates.noindex/SDG.build/Debug/tool.build/Objects-normal/x86_64/tool.swiftdoc
    cd "[...]/Tests/Mock Projects/After/SDGTool"
    /usr/bin/ditto -rsrc [...]/Library/Developer/Xcode/DerivedData/SDG-elnyyrtshjziqpgrnuupytkjjueh/Build/Intermediates.noindex/SDG.build/Debug/tool.build/Objects-normal/x86_64/tool.swiftdoc [...]/Library/Developer/Xcode/DerivedData/SDG-elnyyrtshjziqpgrnuupytkjjueh/Build/Products/Debug/tool.swiftmodule/x86_64.swiftdoc

Ditto [...]/Library/Developer/Xcode/DerivedData/SDG-elnyyrtshjziqpgrnuupytkjjueh/Build/Products/Debug/tool.swiftmodule/x86_64.swiftmodule [...]/Library/Developer/Xcode/DerivedData/SDG-elnyyrtshjziqpgrnuupytkjjueh/Build/Intermediates.noindex/SDG.build/Debug/tool.build/Objects-normal/x86_64/tool.swiftmodule
    cd "[...]/Tests/Mock Projects/After/SDGTool"
    /usr/bin/ditto -rsrc [...]/Library/Developer/Xcode/DerivedData/SDG-elnyyrtshjziqpgrnuupytkjjueh/Build/Intermediates.noindex/SDG.build/Debug/tool.build/Objects-normal/x86_64/tool.swiftmodule [...]/Library/Developer/Xcode/DerivedData/SDG-elnyyrtshjziqpgrnuupytkjjueh/Build/Products/Debug/tool.swiftmodule/x86_64.swiftmodule

** BUILD SUCCEEDED **



✓ There are no compiler warnings for macOS with the Swift Package Manager.
✓ There are no compiler warnings for macOS with Xcode.


“SDG” passes validation.

$ workspace test

Testing on macOS with the Swift Package Manager... (§1)


$ swift test
Compile Swift Module 'SDGTests' (1 sources)
Linking ./.build/x86_64-apple-macosx10.10/debug/SDGPackageTests.xctest/Contents/MacOS/SDGPackageTests


Testing on macOS with Xcode... (§2)


$ xcodebuild test -sdk macosx -scheme SDG-Package
Build settings from command line:
    SDKROOT = macosx10.13

=== BUILD TARGET Dependency OF PROJECT SDG WITH CONFIGURATION Debug ===

Check dependencies

=== BUILD TARGET Library OF PROJECT SDG WITH CONFIGURATION Debug ===

Check dependencies

=== BUILD TARGET tool OF PROJECT SDG WITH CONFIGURATION Debug ===

Check dependencies

=== BUILD TARGET SDGTests OF PROJECT SDG WITH CONFIGURATION Debug ===
Check dependencies

Write auxiliary files
/bin/mkdir -p [...]/Library/Developer/Xcode/DerivedData/SDG-elnyyrtshjziqpgrnuupytkjjueh/Build/Intermediates.noindex/SDG.build/Debug/SDGTests.build/Objects-normal/x86_64
write-file [...]/Library/Developer/Xcode/DerivedData/SDG-elnyyrtshjziqpgrnuupytkjjueh/Build/Intermediates.noindex/SDG.build/Debug/SDGTests.build/Objects-normal/x86_64/SDGTests.LinkFileList
write-file [...]/Library/Developer/Xcode/DerivedData/SDG-elnyyrtshjziqpgrnuupytkjjueh/Build/Intermediates.noindex/SDG.build/Debug/SDGTests.build/Objects-normal/x86_64/SDGTests-OutputFileMap.json
write-file [...]/Library/Developer/Xcode/DerivedData/SDG-elnyyrtshjziqpgrnuupytkjjueh/Build/Intermediates.noindex/SDG.build/Debug/SDGTests.build/swift-overrides.hmap

Create product structure
/bin/mkdir -p [...]/Library/Developer/Xcode/DerivedData/SDG-elnyyrtshjziqpgrnuupytkjjueh/Build/Products/Debug/SDGTests.xctest/Contents
/bin/mkdir -p [...]/Library/Developer/Xcode/DerivedData/SDG-elnyyrtshjziqpgrnuupytkjjueh/Build/Products/Debug/SDGTests.xctest/Contents/MacOS

ProcessInfoPlistFile [...]/Library/Developer/Xcode/DerivedData/SDG-elnyyrtshjziqpgrnuupytkjjueh/Build/Products/Debug/SDGTests.xctest/Contents/Info.plist SDG.xcodeproj/SDGTests_Info.plist
    cd "[...]/Tests/Mock Projects/After/SDGTool"
    builtin-infoPlistUtility [...]/Tests/Mock\ Projects/After/SDGTool/SDG.xcodeproj/SDGTests_Info.plist -expandbuildsettings -platform macosx -o [...]/Library/Developer/Xcode/DerivedData/SDG-elnyyrtshjziqpgrnuupytkjjueh/Build/Products/Debug/SDGTests.xctest/Contents/Info.plist

CompileSwiftSources normal x86_64 com.apple.xcode.tools.swift.compiler
    cd "[...]/Tests/Mock Projects/After/SDGTool"
    export DEVELOPER_DIR=/Applications/Xcode.app/Contents/Developer
    export SDKROOT=/Applications/Xcode.app/Contents/Developer/Platforms/MacOSX.platform/Developer/SDKs/MacOSX10.13.sdk
    /Applications/Xcode.app/Contents/Developer/Toolchains/XcodeDefault.xctoolchain/usr/bin/swiftc -incremental -module-name SDGTests -Onone -enforce-exclusivity=checked -DSWIFT_PACKAGE -DXcode -sdk /Applications/Xcode.app/Contents/Developer/Platforms/MacOSX.platform/Developer/SDKs/MacOSX10.13.sdk -target x86_64-apple-macosx10.10 -g -module-cache-path [...]/Library/Developer/Xcode/DerivedData/ModuleCache -Xfrontend -serialize-debugging-options -profile-coverage-mapping -profile-generate -index-store-path [...]/Library/Developer/Xcode/DerivedData/SDG-elnyyrtshjziqpgrnuupytkjjueh/Index/DataStore -Xfrontend -report-errors-to-debugger -swift-version 4 -I [...]/Library/Developer/Xcode/DerivedData/SDG-elnyyrtshjziqpgrnuupytkjjueh/Build/Products/Debug -F [...]/Library/Developer/Xcode/DerivedData/SDG-elnyyrtshjziqpgrnuupytkjjueh/Build/Products/Debug -F /Applications/Xcode.app/Contents/Developer/Platforms/MacOSX.platform/Developer/Library/Frameworks -parse-as-library -c -j4 [...]/Tests/Mock\ Projects/After/SDGTool/Tests/SDGTests/SDGTests.swift -output-file-map [...]/Library/Developer/Xcode/DerivedData/SDG-elnyyrtshjziqpgrnuupytkjjueh/Build/Intermediates.noindex/SDG.build/Debug/SDGTests.build/Objects-normal/x86_64/SDGTests-OutputFileMap.json -parseable-output -serialize-diagnostics -emit-dependencies -emit-module -emit-module-path [...]/Library/Developer/Xcode/DerivedData/SDG-elnyyrtshjziqpgrnuupytkjjueh/Build/Intermediates.noindex/SDG.build/Debug/SDGTests.build/Objects-normal/x86_64/SDGTests.swiftmodule -Xcc -I[...]/Library/Developer/Xcode/DerivedData/SDG-elnyyrtshjziqpgrnuupytkjjueh/Build/Intermediates.noindex/SDG.build/Debug/SDGTests.build/swift-overrides.hmap -Xcc -I[...]/Library/Developer/Xcode/DerivedData/SDG-elnyyrtshjziqpgrnuupytkjjueh/Build/Products/Debug/include -Xcc -I[...]/Library/Developer/Xcode/DerivedData/SDG-elnyyrtshjziqpgrnuupytkjjueh/Build/Intermediates.noindex/SDG.build/Debug/SDGTests.build/DerivedSources/x86_64 -Xcc -I[...]/Library/Developer/Xcode/DerivedData/SDG-elnyyrtshjziqpgrnuupytkjjueh/Build/Intermediates.noindex/SDG.build/Debug/SDGTests.build/DerivedSources -emit-objc-header -emit-objc-header-path [...]/Library/Developer/Xcode/DerivedData/SDG-elnyyrtshjziqpgrnuupytkjjueh/Build/Intermediates.noindex/SDG.build/Debug/SDGTests.build/Objects-normal/x86_64/SDGTests-Swift.h -Xcc -working-directory[...]/Tests/Mock\ Projects/After/SDGTool -Xfrontend -serialize-debugging-options

CompileSwift normal x86_64 [...]/Tests/Mock Projects/After/SDGTool/Tests/SDGTests/SDGTests.swift
    cd [...]/Tests/Mock Projects/After/SDGTool
    /Applications/Xcode.app/Contents/Developer/Toolchains/XcodeDefault.xctoolchain/usr/bin/swift -frontend -c -primary-file "[...]/Tests/Mock Projects/After/SDGTool/Tests/SDGTests/SDGTests.swift" -target x86_64-apple-macosx10.10 -enable-objc-interop -sdk /Applications/Xcode.app/Contents/Developer/Platforms/MacOSX.platform/Developer/SDKs/MacOSX10.13.sdk -I [...]/Library/Developer/Xcode/DerivedData/SDG-elnyyrtshjziqpgrnuupytkjjueh/Build/Products/Debug -F [...]/Library/Developer/Xcode/DerivedData/SDG-elnyyrtshjziqpgrnuupytkjjueh/Build/Products/Debug -F /Applications/Xcode.app/Contents/Developer/Platforms/MacOSX.platform/Developer/Library/Frameworks -g -module-cache-path [...]/Library/Developer/Xcode/DerivedData/ModuleCache -profile-generate -profile-coverage-mapping -swift-version 4 -enforce-exclusivity=checked -D SWIFT_PACKAGE -D Xcode -serialize-debugging-options -report-errors-to-debugger -serialize-debugging-options -Xcc -I[...]/Library/Developer/Xcode/DerivedData/SDG-elnyyrtshjziqpgrnuupytkjjueh/Build/Intermediates.noindex/SDG.build/Debug/SDGTests.build/swift-overrides.hmap -Xcc -I[...]/Library/Developer/Xcode/DerivedData/SDG-elnyyrtshjziqpgrnuupytkjjueh/Build/Products/Debug/include -Xcc -I[...]/Library/Developer/Xcode/DerivedData/SDG-elnyyrtshjziqpgrnuupytkjjueh/Build/Intermediates.noindex/SDG.build/Debug/SDGTests.build/DerivedSources/x86_64 -Xcc -I[...]/Library/Developer/Xcode/DerivedData/SDG-elnyyrtshjziqpgrnuupytkjjueh/Build/Intermediates.noindex/SDG.build/Debug/SDGTests.build/DerivedSources -Xcc "-working-directory[...]/Tests/Mock Projects/After/SDGTool" -emit-module-doc-path [...]/Library/Developer/Xcode/DerivedData/SDG-elnyyrtshjziqpgrnuupytkjjueh/Build/Intermediates.noindex/SDG.build/Debug/SDGTests.build/Objects-normal/x86_64/SDGTests~partial.swiftdoc -serialize-diagnostics-path [...]/Library/Developer/Xcode/DerivedData/SDG-elnyyrtshjziqpgrnuupytkjjueh/Build/Intermediates.noindex/SDG.build/Debug/SDGTests.build/Objects-normal/x86_64/SDGTests.dia -Onone -parse-as-library -module-name SDGTests -emit-module-path [...]/Library/Developer/Xcode/DerivedData/SDG-elnyyrtshjziqpgrnuupytkjjueh/Build/Intermediates.noindex/SDG.build/Debug/SDGTests.build/Objects-normal/x86_64/SDGTests~partial.swiftmodule -emit-dependencies-path [...]/Library/Developer/Xcode/DerivedData/SDG-elnyyrtshjziqpgrnuupytkjjueh/Build/Intermediates.noindex/SDG.build/Debug/SDGTests.build/Objects-normal/x86_64/SDGTests.d -emit-reference-dependencies-path [...]/Library/Developer/Xcode/DerivedData/SDG-elnyyrtshjziqpgrnuupytkjjueh/Build/Intermediates.noindex/SDG.build/Debug/SDGTests.build/Objects-normal/x86_64/SDGTests.swiftdeps -o [...]/Library/Developer/Xcode/DerivedData/SDG-elnyyrtshjziqpgrnuupytkjjueh/Build/Intermediates.noindex/SDG.build/Debug/SDGTests.build/Objects-normal/x86_64/SDGTests.o -index-store-path [...]/Library/Developer/Xcode/DerivedData/SDG-elnyyrtshjziqpgrnuupytkjjueh/Index/DataStore -index-system-modules

MergeSwiftModule normal x86_64 [...]/Library/Developer/Xcode/DerivedData/SDG-elnyyrtshjziqpgrnuupytkjjueh/Build/Intermediates.noindex/SDG.build/Debug/SDGTests.build/Objects-normal/x86_64/SDGTests.swiftmodule
    cd [...]/Tests/Mock Projects/After/SDGTool
    /Applications/Xcode.app/Contents/Developer/Toolchains/XcodeDefault.xctoolchain/usr/bin/swift -frontend -emit-module [...]/Library/Developer/Xcode/DerivedData/SDG-elnyyrtshjziqpgrnuupytkjjueh/Build/Intermediates.noindex/SDG.build/Debug/SDGTests.build/Objects-normal/x86_64/SDGTests~partial.swiftmodule -parse-as-library -target x86_64-apple-macosx10.10 -enable-objc-interop -sdk /Applications/Xcode.app/Contents/Developer/Platforms/MacOSX.platform/Developer/SDKs/MacOSX10.13.sdk -I [...]/Library/Developer/Xcode/DerivedData/SDG-elnyyrtshjziqpgrnuupytkjjueh/Build/Products/Debug -F [...]/Library/Developer/Xcode/DerivedData/SDG-elnyyrtshjziqpgrnuupytkjjueh/Build/Products/Debug -F /Applications/Xcode.app/Contents/Developer/Platforms/MacOSX.platform/Developer/Library/Frameworks -g -module-cache-path [...]/Library/Developer/Xcode/DerivedData/ModuleCache -profile-generate -profile-coverage-mapping -swift-version 4 -enforce-exclusivity=checked -D SWIFT_PACKAGE -D Xcode -serialize-debugging-options -report-errors-to-debugger -serialize-debugging-options -Xcc -I[...]/Library/Developer/Xcode/DerivedData/SDG-elnyyrtshjziqpgrnuupytkjjueh/Build/Intermediates.noindex/SDG.build/Debug/SDGTests.build/swift-overrides.hmap -Xcc -I[...]/Library/Developer/Xcode/DerivedData/SDG-elnyyrtshjziqpgrnuupytkjjueh/Build/Products/Debug/include -Xcc -I[...]/Library/Developer/Xcode/DerivedData/SDG-elnyyrtshjziqpgrnuupytkjjueh/Build/Intermediates.noindex/SDG.build/Debug/SDGTests.build/DerivedSources/x86_64 -Xcc -I[...]/Library/Developer/Xcode/DerivedData/SDG-elnyyrtshjziqpgrnuupytkjjueh/Build/Intermediates.noindex/SDG.build/Debug/SDGTests.build/DerivedSources -Xcc "-working-directory[...]/Tests/Mock Projects/After/SDGTool" -emit-module-doc-path [...]/Library/Developer/Xcode/DerivedData/SDG-elnyyrtshjziqpgrnuupytkjjueh/Build/Intermediates.noindex/SDG.build/Debug/SDGTests.build/Objects-normal/x86_64/SDGTests.swiftdoc -module-name SDGTests -emit-objc-header-path [...]/Library/Developer/Xcode/DerivedData/SDG-elnyyrtshjziqpgrnuupytkjjueh/Build/Intermediates.noindex/SDG.build/Debug/SDGTests.build/Objects-normal/x86_64/SDGTests-Swift.h -o [...]/Library/Developer/Xcode/DerivedData/SDG-elnyyrtshjziqpgrnuupytkjjueh/Build/Intermediates.noindex/SDG.build/Debug/SDGTests.build/Objects-normal/x86_64/SDGTests.swiftmodule

Ditto [...]/Library/Developer/Xcode/DerivedData/SDG-elnyyrtshjziqpgrnuupytkjjueh/Build/Intermediates.noindex/SDG.build/Debug/SDGTests.build/DerivedSources/SDGTests-Swift.h [...]/Library/Developer/Xcode/DerivedData/SDG-elnyyrtshjziqpgrnuupytkjjueh/Build/Intermediates.noindex/SDG.build/Debug/SDGTests.build/Objects-normal/x86_64/SDGTests-Swift.h
    cd "[...]/Tests/Mock Projects/After/SDGTool"
    /usr/bin/ditto -rsrc [...]/Library/Developer/Xcode/DerivedData/SDG-elnyyrtshjziqpgrnuupytkjjueh/Build/Intermediates.noindex/SDG.build/Debug/SDGTests.build/Objects-normal/x86_64/SDGTests-Swift.h [...]/Library/Developer/Xcode/DerivedData/SDG-elnyyrtshjziqpgrnuupytkjjueh/Build/Intermediates.noindex/SDG.build/Debug/SDGTests.build/DerivedSources/SDGTests-Swift.h

Ditto [...]/Library/Developer/Xcode/DerivedData/SDG-elnyyrtshjziqpgrnuupytkjjueh/Build/Products/Debug/SDGTests.swiftmodule/x86_64.swiftmodule [...]/Library/Developer/Xcode/DerivedData/SDG-elnyyrtshjziqpgrnuupytkjjueh/Build/Intermediates.noindex/SDG.build/Debug/SDGTests.build/Objects-normal/x86_64/SDGTests.swiftmodule
    cd "[...]/Tests/Mock Projects/After/SDGTool"
    /usr/bin/ditto -rsrc [...]/Library/Developer/Xcode/DerivedData/SDG-elnyyrtshjziqpgrnuupytkjjueh/Build/Intermediates.noindex/SDG.build/Debug/SDGTests.build/Objects-normal/x86_64/SDGTests.swiftmodule [...]/Library/Developer/Xcode/DerivedData/SDG-elnyyrtshjziqpgrnuupytkjjueh/Build/Products/Debug/SDGTests.swiftmodule/x86_64.swiftmodule

Ld [...]/Library/Developer/Xcode/DerivedData/SDG-elnyyrtshjziqpgrnuupytkjjueh/Build/Products/Debug/SDGTests.xctest/Contents/MacOS/SDGTests normal x86_64
    cd "[...]/Tests/Mock Projects/After/SDGTool"
    export MACOSX_DEPLOYMENT_TARGET=10.10
    /Applications/Xcode.app/Contents/Developer/Toolchains/XcodeDefault.xctoolchain/usr/bin/clang -arch x86_64 -bundle -isysroot /Applications/Xcode.app/Contents/Developer/Platforms/MacOSX.platform/Developer/SDKs/MacOSX10.13.sdk -L[...]/Library/Developer/Xcode/DerivedData/SDG-elnyyrtshjziqpgrnuupytkjjueh/Build/Products/Debug -F[...]/Library/Developer/Xcode/DerivedData/SDG-elnyyrtshjziqpgrnuupytkjjueh/Build/Products/Debug -F/Applications/Xcode.app/Contents/Developer/Platforms/MacOSX.platform/Developer/Library/Frameworks -F/Applications/Xcode.app/Contents/Developer/Platforms/MacOSX.platform/Developer/Library/Frameworks -filelist [...]/Library/Developer/Xcode/DerivedData/SDG-elnyyrtshjziqpgrnuupytkjjueh/Build/Intermediates.noindex/SDG.build/Debug/SDGTests.build/Objects-normal/x86_64/SDGTests.LinkFileList -Xlinker -rpath -Xlinker @loader_path/Frameworks -Xlinker -rpath -Xlinker @loader_path/Frameworks -mmacosx-version-min=10.10 -Xlinker -object_path_lto -Xlinker [...]/Library/Developer/Xcode/DerivedData/SDG-elnyyrtshjziqpgrnuupytkjjueh/Build/Intermediates.noindex/SDG.build/Debug/SDGTests.build/Objects-normal/x86_64/SDGTests_lto.o -Xlinker -no_deduplicate -fobjc-link-runtime -fprofile-instr-generate -L/Applications/Xcode.app/Contents/Developer/Toolchains/XcodeDefault.xctoolchain/usr/lib/swift/macosx -Xlinker -add_ast_path -Xlinker [...]/Library/Developer/Xcode/DerivedData/SDG-elnyyrtshjziqpgrnuupytkjjueh/Build/Intermediates.noindex/SDG.build/Debug/SDGTests.build/Objects-normal/x86_64/SDGTests.swiftmodule -framework XCTest -framework Library -framework Dependency -Xlinker -dependency_info -Xlinker [...]/Library/Developer/Xcode/DerivedData/SDG-elnyyrtshjziqpgrnuupytkjjueh/Build/Intermediates.noindex/SDG.build/Debug/SDGTests.build/Objects-normal/x86_64/SDGTests_dependency_info.dat -o [...]/Library/Developer/Xcode/DerivedData/SDG-elnyyrtshjziqpgrnuupytkjjueh/Build/Products/Debug/SDGTests.xctest/Contents/MacOS/SDGTests

Ditto [...]/Library/Developer/Xcode/DerivedData/SDG-elnyyrtshjziqpgrnuupytkjjueh/Build/Products/Debug/SDGTests.swiftmodule/x86_64.swiftdoc [...]/Library/Developer/Xcode/DerivedData/SDG-elnyyrtshjziqpgrnuupytkjjueh/Build/Intermediates.noindex/SDG.build/Debug/SDGTests.build/Objects-normal/x86_64/SDGTests.swiftdoc
    cd "[...]/Tests/Mock Projects/After/SDGTool"
    /usr/bin/ditto -rsrc [...]/Library/Developer/Xcode/DerivedData/SDG-elnyyrtshjziqpgrnuupytkjjueh/Build/Intermediates.noindex/SDG.build/Debug/SDGTests.build/Objects-normal/x86_64/SDGTests.swiftdoc [...]/Library/Developer/Xcode/DerivedData/SDG-elnyyrtshjziqpgrnuupytkjjueh/Build/Products/Debug/SDGTests.swiftmodule/x86_64.swiftdoc

CopySwiftLibs [...]/Library/Developer/Xcode/DerivedData/SDG-elnyyrtshjziqpgrnuupytkjjueh/Build/Products/Debug/SDGTests.xctest
    cd "[...]/Tests/Mock Projects/After/SDGTool"
    export CODESIGN_ALLOCATE=/Applications/Xcode.app/Contents/Developer/Toolchains/XcodeDefault.xctoolchain/usr/bin/codesign_allocate
    export DEVELOPER_DIR=/Applications/Xcode.app/Contents/Developer
    export SDKROOT=/Applications/Xcode.app/Contents/Developer/Platforms/MacOSX.platform/Developer/SDKs/MacOSX10.13.sdk
    builtin-swiftStdLibTool --copy --verbose --scan-executable [...]/Library/Developer/Xcode/DerivedData/SDG-elnyyrtshjziqpgrnuupytkjjueh/Build/Products/Debug/SDGTests.xctest/Contents/MacOS/SDGTests --scan-folder [...]/Library/Developer/Xcode/DerivedData/SDG-elnyyrtshjziqpgrnuupytkjjueh/Build/Products/Debug/SDGTests.xctest/Contents/Frameworks --scan-folder [...]/Library/Developer/Xcode/DerivedData/SDG-elnyyrtshjziqpgrnuupytkjjueh/Build/Products/Debug/SDGTests.xctest/Contents/PlugIns --scan-folder [...]/Library/Developer/Xcode/DerivedData/SDG-elnyyrtshjziqpgrnuupytkjjueh/Build/Products/Debug/Library.framework --scan-folder [...]/Library/Developer/Xcode/DerivedData/SDG-elnyyrtshjziqpgrnuupytkjjueh/Build/Products/Debug/Dependency.framework --platform macosx --toolchain /Applications/Xcode.app/Contents/Developer/Toolchains/XcodeDefault.xctoolchain --destination [...]/Library/Developer/Xcode/DerivedData/SDG-elnyyrtshjziqpgrnuupytkjjueh/Build/Products/Debug/SDGTests.xctest/Contents/Frameworks --strip-bitcode --resource-destination [...]/Library/Developer/Xcode/DerivedData/SDG-elnyyrtshjziqpgrnuupytkjjueh/Build/Products/Debug/SDGTests.xctest/Contents/Resources --resource-library libswiftRemoteMirror.dylib
Requested Swift ABI version based on scanned binaries: 5
Copying /Applications/Xcode.app/Contents/Developer/Toolchains/XcodeDefault.xctoolchain/usr/lib/swift/macosx/libswiftCore.dylib to [...]/Library/Developer/Xcode/DerivedData/SDG-elnyyrtshjziqpgrnuupytkjjueh/Build/Products/Debug/SDGTests.xctest/Contents/Frameworks/libswiftCore.dylib
Copying /Applications/Xcode.app/Contents/Developer/Toolchains/XcodeDefault.xctoolchain/usr/lib/swift/macosx/libswiftCoreFoundation.dylib to [...]/Library/Developer/Xcode/DerivedData/SDG-elnyyrtshjziqpgrnuupytkjjueh/Build/Products/Debug/SDGTests.xctest/Contents/Frameworks/libswiftCoreFoundation.dylib
Copying /Applications/Xcode.app/Contents/Developer/Toolchains/XcodeDefault.xctoolchain/usr/lib/swift/macosx/libswiftCoreGraphics.dylib to [...]/Library/Developer/Xcode/DerivedData/SDG-elnyyrtshjziqpgrnuupytkjjueh/Build/Products/Debug/SDGTests.xctest/Contents/Frameworks/libswiftCoreGraphics.dylib
Copying /Applications/Xcode.app/Contents/Developer/Toolchains/XcodeDefault.xctoolchain/usr/lib/swift/macosx/libswiftDarwin.dylib to [...]/Library/Developer/Xcode/DerivedData/SDG-elnyyrtshjziqpgrnuupytkjjueh/Build/Products/Debug/SDGTests.xctest/Contents/Frameworks/libswiftDarwin.dylib
Copying /Applications/Xcode.app/Contents/Developer/Toolchains/XcodeDefault.xctoolchain/usr/lib/swift/macosx/libswiftDispatch.dylib to [...]/Library/Developer/Xcode/DerivedData/SDG-elnyyrtshjziqpgrnuupytkjjueh/Build/Products/Debug/SDGTests.xctest/Contents/Frameworks/libswiftDispatch.dylib
Copying /Applications/Xcode.app/Contents/Developer/Toolchains/XcodeDefault.xctoolchain/usr/lib/swift/macosx/libswiftFoundation.dylib to [...]/Library/Developer/Xcode/DerivedData/SDG-elnyyrtshjziqpgrnuupytkjjueh/Build/Products/Debug/SDGTests.xctest/Contents/Frameworks/libswiftFoundation.dylib
Copying /Applications/Xcode.app/Contents/Developer/Toolchains/XcodeDefault.xctoolchain/usr/lib/swift/macosx/libswiftIOKit.dylib to [...]/Library/Developer/Xcode/DerivedData/SDG-elnyyrtshjziqpgrnuupytkjjueh/Build/Products/Debug/SDGTests.xctest/Contents/Frameworks/libswiftIOKit.dylib
Copying /Applications/Xcode.app/Contents/Developer/Toolchains/XcodeDefault.xctoolchain/usr/lib/swift/macosx/libswiftObjectiveC.dylib to [...]/Library/Developer/Xcode/DerivedData/SDG-elnyyrtshjziqpgrnuupytkjjueh/Build/Products/Debug/SDGTests.xctest/Contents/Frameworks/libswiftObjectiveC.dylib
Copying /Applications/Xcode.app/Contents/Developer/Toolchains/XcodeDefault.xctoolchain/usr/lib/swift/macosx/libswiftAppKit.dylib to [...]/Library/Developer/Xcode/DerivedData/SDG-elnyyrtshjziqpgrnuupytkjjueh/Build/Products/Debug/SDGTests.xctest/Contents/Frameworks/libswiftAppKit.dylib
Copying /Applications/Xcode.app/Contents/Developer/Toolchains/XcodeDefault.xctoolchain/usr/lib/swift/macosx/libswiftCoreData.dylib to [...]/Library/Developer/Xcode/DerivedData/SDG-elnyyrtshjziqpgrnuupytkjjueh/Build/Products/Debug/SDGTests.xctest/Contents/Frameworks/libswiftCoreData.dylib
Copying /Applications/Xcode.app/Contents/Developer/Toolchains/XcodeDefault.xctoolchain/usr/lib/swift/macosx/libswiftCoreImage.dylib to [...]/Library/Developer/Xcode/DerivedData/SDG-elnyyrtshjziqpgrnuupytkjjueh/Build/Products/Debug/SDGTests.xctest/Contents/Frameworks/libswiftCoreImage.dylib
Copying /Applications/Xcode.app/Contents/Developer/Toolchains/XcodeDefault.xctoolchain/usr/lib/swift/macosx/libswiftMetal.dylib to [...]/Library/Developer/Xcode/DerivedData/SDG-elnyyrtshjziqpgrnuupytkjjueh/Build/Products/Debug/SDGTests.xctest/Contents/Frameworks/libswiftMetal.dylib
Copying /Applications/Xcode.app/Contents/Developer/Toolchains/XcodeDefault.xctoolchain/usr/lib/swift/macosx/libswiftQuartzCore.dylib to [...]/Library/Developer/Xcode/DerivedData/SDG-elnyyrtshjziqpgrnuupytkjjueh/Build/Products/Debug/SDGTests.xctest/Contents/Frameworks/libswiftQuartzCore.dylib
Copying /Applications/Xcode.app/Contents/Developer/Toolchains/XcodeDefault.xctoolchain/usr/lib/swift/macosx/libswiftXCTest.dylib to [...]/Library/Developer/Xcode/DerivedData/SDG-elnyyrtshjziqpgrnuupytkjjueh/Build/Products/Debug/SDGTests.xctest/Contents/Frameworks/libswiftXCTest.dylib
Copying /Applications/Xcode.app/Contents/Developer/Toolchains/XcodeDefault.xctoolchain/usr/lib/swift/macosx/libswiftXPC.dylib to [...]/Library/Developer/Xcode/DerivedData/SDG-elnyyrtshjziqpgrnuupytkjjueh/Build/Products/Debug/SDGTests.xctest/Contents/Frameworks/libswiftXPC.dylib
Copying /Applications/Xcode.app/Contents/Developer/Toolchains/XcodeDefault.xctoolchain/usr/lib/swift/macosx/libswiftos.dylib to [...]/Library/Developer/Xcode/DerivedData/SDG-elnyyrtshjziqpgrnuupytkjjueh/Build/Products/Debug/SDGTests.xctest/Contents/Frameworks/libswiftos.dylib
Copying /Applications/Xcode.app/Contents/Developer/Toolchains/XcodeDefault.xctoolchain/usr/lib/swift/macosx/libswiftRemoteMirror.dylib to [...]/Library/Developer/Xcode/DerivedData/SDG-elnyyrtshjziqpgrnuupytkjjueh/Build/Products/Debug/SDGTests.xctest/Contents/Resources/libswiftRemoteMirror.dylib

Touch [...]/Library/Developer/Xcode/DerivedData/SDG-elnyyrtshjziqpgrnuupytkjjueh/Build/Products/Debug/SDGTests.xctest
    cd "[...]/Tests/Mock Projects/After/SDGTool"
    /usr/bin/touch -c [...]/Library/Developer/Xcode/DerivedData/SDG-elnyyrtshjziqpgrnuupytkjjueh/Build/Products/Debug/SDGTests.xctest

** TEST SUCCEEDED **

Test Suite 'All tests' [...]Test Suite 'SDGTests.xctest' [...]Test Suite 'SDGTests' [...]Test Case '-[SDGTests.SDGTests testExample]' started.
Test Case '-[SDGTests.SDGTests testExample]' [...]).
Test Suite 'SDGTests' [...]	 Executed 1 test, with 0 failures (0 [...]
Test Suite 'SDGTests.xctest' [...]	 Executed 1 test, with 0 failures (0 [...]
Test Suite 'All tests' [...]	 Executed 1 test, with 0 failures (0 [...]


✓ Tests pass on macOS with the Swift Package Manager.
✓ Tests pass on macOS with Xcode.


“SDG” passes validation.

$ workspace validate test‐coverage

$ workspace validate documentation‐coverage

Generating documentation for “Library”...


$ jazzy --module Library --copyright "Copyright ©2017–2018 John Doe and the SDG project contributors. All rights reserved." --github_url "https://github.com/JohnDoe/SDG" --documentation=Documentation/*.md --clean --use-safe-filenames --output "[...]/Documentation/Library" --xcodebuild-arguments "-scheme,SDG-Package,-target,Library,-sdk,macosx,-derivedDataPath,[...]/Jazzy Build Artifacts"
0% documentation coverage with 0 undocumented symbols
skipped 6 private, fileprivate, or internal symbols (use `--min-acl` to specify a different minimum ACL)
jam out ♪♫ to your fresh new docs in `[...]/Documentation/Library`

Writing to “[...]/Documentation/Library/.nojekyll”...

$ swift package resolve


Checking documentation coverage for “Library”... (§1)


✓ Generated documentation for “Library”.
✓ Documentation coverage is complete for “Library”.


“SDG” passes validation.

$ workspace proofread •xcode

$ swiftlint lint --strict --config [...]/SwiftLint/Configuration.yml --quiet
