
$ workspace refresh scripts

Refreshing scripts...


$ swift package resolve

Writing to “Refresh (macOS).command”...
Writing to “Refresh (Linux).sh”...

$ swift package resolve

Writing to “Validate (macOS).command”...
Writing to “Validate (Linux).sh”...
$ workspace refresh resources

Refreshing resources...

$ workspace proofread

Normalizing files...


Proofreading source code... (§1)

Package.swift
README.md
Sources/Default/Default.swift
Tests/DefaultTests/DefaultTests.swift
Tests/LinuxMain.swift

$ swift package resolve


✓ Source code passes proofreading.


“Default” passes validation.

$ workspace validate build

Checking build for Linux... (§1)


$ swift build
Compile Swift Module 'Default' (1 sources)
warning: minimum recommended clang is version 3.6, otherwise you may encounter linker errors.


✓ There are no compiler warnings for Linux.


“Default” passes validation.

$ workspace test

Testing on Linux... (§1)


✓ Tests pass on Linux.


“Default” passes validation.

$ workspace validate test‐coverage




“Default” passes validation.

$ workspace proofread •xcode

$ workspace validate build •job macos‐swift‐package‐manager
