
$ workspace refresh scripts

Refreshing scripts...


$ swift package resolve

Writing to “Refresh (macOS).command”...
Writing to “Refresh (Linux).sh”...

$ swift package resolve

Writing to “Validate (macOS).command”...
Writing to “Validate (Linux).sh”...
$ workspace refresh continuous‐integration

Refreshing continuous integration configuration...

Writing to “.travis.yml”...
$ workspace refresh resources

No target named “InvalidModule”.
Resources must be in subdirectories named corresponding to the intended target.