
$ workspace refresh scripts

Refreshing scripts...


$ swift package resolve
Fetching file:///tmp/Developer/Dependency
Cloning file:///tmp/Developer/Dependency
Resolving file:///tmp/Developer/Dependency at 1.0.0

Writing to â€œRefresh (macOS).commandâ€...
Writing to â€œRefresh (Linux).shâ€...

$ swift package resolve

Writing to â€œValidate (macOS).commandâ€...
Writing to â€œValidate (Linux).shâ€...
$ workspace refresh readâ€me

Refreshing readâ€me...


$ swift package resolve

Writing to â€œDocumentation/ğŸ‡¨ğŸ‡¦EN Read Me.mdâ€...
Writing to â€œDocumentation/ğŸ‡¨ğŸ‡¦EN Related Projects.mdâ€...

$ swift package resolve

Writing to â€œREADME.mdâ€...

$ swift package resolve

Writing to â€œDocumentation/ğŸ‡¬ğŸ‡§EN Read Me.mdâ€...
Writing to â€œDocumentation/ğŸ‡¬ğŸ‡§EN Related Projects.mdâ€...

$ swift package resolve

Writing to â€œDocumentation/ğŸ‡ºğŸ‡¸EN Read Me.mdâ€...
Writing to â€œDocumentation/ğŸ‡ºğŸ‡¸EN Related Projects.mdâ€...

$ swift package resolve

Writing to â€œDocumentation/ğŸ‡©ğŸ‡ªDE Lies mich.mdâ€...
Writing to â€œDocumentation/ğŸ‡©ğŸ‡ªDE Verwandte Projekte.mdâ€...

$ swift package resolve

Writing to â€œDocumentation/ğŸ‡«ğŸ‡·FR Lisez moi.mdâ€...
Writing to â€œDocumentation/ğŸ‡«ğŸ‡·FR Projets lieÌs.mdâ€...

$ swift package resolve

Writing to â€œDocumentation/ğŸ‡¬ğŸ‡·Î•Î› ÎœÎµ Î´Î¹Î±Î²Î±ÌÏƒÏ„Îµ.mdâ€...
Writing to â€œDocumentation/ğŸ‡¬ğŸ‡·Î•Î› Î£Ï…Î³Î³ÎµÎ½Î¹ÎºÎ±Ì ÎµÌÏÎ³Î±.mdâ€...

$ swift package resolve

Writing to â€œDocumentation/ğŸ‡®ğŸ‡±×¢×‘ ×§×¨× ××•×ª×™.mdâ€...
Writing to â€œDocumentation/ğŸ‡®ğŸ‡±×¢×‘ ××™×–××™× ×§×©×•×¨×™×.mdâ€...

$ swift package resolve

Writing to â€œDocumentation/[zxx] Read Me.mdâ€...
Writing to â€œDocumentation/[zxx] Related Projects.mdâ€...
Deleting â€œDocumentation/Related Projects.mdâ€...
$ workspace refresh continuousâ€integration

Refreshing continuous integration configuration...


$ swift package resolve

Writing to â€œ.travis.ymlâ€...
$ workspace refresh resources

Refreshing resources...


$ swift package resolve

Writing to â€œSources/Library/Resources.swiftâ€...
$ workspace proofread

Normalizing files...

Writing to â€œ.Workspace Configuration.txtâ€...
Writing to â€œSources/Library/SDG.swiftâ€...

Proofreading source code... (Â§1)

.travis.yml
.Workspace Configuration.txt
Documentation/[zxx] Read Me.md
Documentation/[zxx] Related Projects.md
Documentation/ğŸ‡¨ğŸ‡¦EN Read Me.md
Documentation/ğŸ‡¨ğŸ‡¦EN Related Projects.md
Documentation/ğŸ‡©ğŸ‡ªDE Lies mich.md
Documentation/ğŸ‡©ğŸ‡ªDE Verwandte Projekte.md
Documentation/ğŸ‡«ğŸ‡·FR Lisez moi.md
Documentation/ğŸ‡«ğŸ‡·FR Projets lieÌs.md
Documentation/ğŸ‡¬ğŸ‡§EN Read Me.md
Documentation/ğŸ‡¬ğŸ‡§EN Related Projects.md
Documentation/ğŸ‡¬ğŸ‡·Î•Î› ÎœÎµ Î´Î¹Î±Î²Î±ÌÏƒÏ„Îµ.md
Documentation/ğŸ‡¬ğŸ‡·Î•Î› Î£Ï…Î³Î³ÎµÎ½Î¹ÎºÎ±Ì ÎµÌÏÎ³Î±.md
Documentation/ğŸ‡®ğŸ‡±×¢×‘ ××™×–××™× ×§×©×•×¨×™×.md
Documentation/ğŸ‡®ğŸ‡±×¢×‘ ×§×¨× ××•×ª×™.md
Documentation/ğŸ‡ºğŸ‡¸EN Read Me.md
Documentation/ğŸ‡ºğŸ‡¸EN Related Projects.md
Package.swift
README.md
Sources/Library/Resources.swift
Sources/Library/SDG.swift
Tests/LinuxMain.swift
Tests/SDGTests/SDGTests.swift

$ swift package resolve


âœ“ Source code passes proofreading.


â€œSDGâ€ passes validation.

$ workspace validate build

Checking build for Linux... (Â§1)


$ swift build
Compile Swift Module 'Dependency' (1 sources)
Compile Swift Module 'Library' (2 sources)
warning: minimum recommended clang is version 3.6, otherwise you may encounter linker errors.


âœ“ There are no compiler warnings for Linux.


â€œSDGâ€ passes validation.

$ workspace test

Testing on Linux... (Â§1)


âœ“ Tests pass on Linux.


â€œSDGâ€ passes validation.

$ workspace validate testâ€coverage




â€œSDGâ€ passes validation.

$ workspace proofread â€¢xcode
