
$ workspace refresh scripts

Refreshing scripts...


$ swift package resolve
Fetching file:///tmp/Developer/Dependency
Cloning file:///tmp/Developer/Dependency
Resolving file:///tmp/Developer/Dependency at 1.0.0

Writing to â€œRefresh (macOS).commandâ€...
Writing to â€œRefresh (Linux).shâ€...

$ swift package resolve

Writing to â€œValidate (macOS).commandâ€...
Writing to â€œValidate (Linux).shâ€...
$ workspace refresh readâ€me

Refreshing readâ€me...


$ swift package resolve

Writing to â€œDocumentation/ğŸ‡¨ğŸ‡¦EN Read Me.mdâ€...

$ swift package resolve

Writing to â€œDocumentation/ğŸ‡¨ğŸ‡¦EN Related Projects.mdâ€...

$ swift package resolve

Writing to â€œREADME.mdâ€...

$ swift package resolve

Writing to â€œDocumentation/ğŸ‡¬ğŸ‡§EN Read Me.mdâ€...
Writing to â€œDocumentation/ğŸ‡¬ğŸ‡§EN Related Projects.mdâ€...

$ swift package resolve

Writing to â€œDocumentation/ğŸ‡ºğŸ‡¸EN Read Me.mdâ€...
Writing to â€œDocumentation/ğŸ‡ºğŸ‡¸EN Related Projects.mdâ€...

$ swift package resolve

Writing to â€œDocumentation/ğŸ‡©ğŸ‡ªDE Lies mich.mdâ€...
Writing to â€œDocumentation/ğŸ‡©ğŸ‡ªDE Verwandte Projekte.mdâ€...

$ swift package resolve

Writing to â€œDocumentation/ğŸ‡«ğŸ‡·FR Lisez moi.mdâ€...
Writing to â€œDocumentation/ğŸ‡«ğŸ‡·FR Projets lieÌs.mdâ€...

$ swift package resolve

Writing to â€œDocumentation/ğŸ‡¬ğŸ‡·Î•Î› ÎœÎµ Î´Î¹Î±Î²Î±ÌÏƒÏ„Îµ.mdâ€...
Writing to â€œDocumentation/ğŸ‡¬ğŸ‡·Î•Î› Î£Ï…Î³Î³ÎµÎ½Î¹ÎºÎ±Ì ÎµÌÏÎ³Î±.mdâ€...

$ swift package resolve

Writing to â€œDocumentation/ğŸ‡®ğŸ‡±×¢×‘ ×§×¨× ××•×ª×™.mdâ€...
Writing to â€œDocumentation/ğŸ‡®ğŸ‡±×¢×‘ ××™×–××™× ×§×©×•×¨×™×.mdâ€...

$ swift package resolve

Writing to â€œDocumentation/[zxx] Read Me.mdâ€...
Writing to â€œDocumentation/[zxx] Related Projects.mdâ€...
Deleting â€œDocumentation/Related Projects.mdâ€...
$ workspace refresh continuousâ€integration

Refreshing continuous integration configuration...


$ swift package resolve

Writing to â€œ.travis.ymlâ€...
$ workspace refresh resources

Refreshing resources...


$ swift package resolve

Writing to â€œSources/Library/Resources.swiftâ€...
$ workspace proofread

$ workspace validate build

Checking build for Linux... (Â§1)


$ swift build
Compile Swift Module 'Dependency' (1 sources)
Compile Swift Module 'Library' (2 sources)
Compile Swift Module 'tool' (1 sources)
Linking ./.build/x86_64-unknown-linux/debug/tool
warning: minimum recommended clang is version 3.6, otherwise you may encounter linker errors.


âœ“ There are no compiler warnings for Linux.


â€œSDGâ€ passes validation.

$ workspace test

Testing on Linux... (Â§1)


âœ“ Tests pass on Linux.


â€œSDGâ€ passes validation.

$ workspace validate testâ€coverage




â€œSDGâ€ passes validation.

$ workspace proofread â€¢xcode
[...]/Tests/Mock Projects/After (Linux)/SDGTool/.build/checkouts/Dependency-2203813545210335531/Package.swift:2:13: warning: U+002D is obsolete. Use a hyphen (â€), minus sign (âˆ’), dash (â€”), bullet (â€¢) or range symbol (â€“). (Unicode)
[...]/Tests/Mock Projects/After (Linux)/SDGTool/.build/checkouts/Dependency-2203813545210335531/Package.swift:2:19: warning: U+002D is obsolete. Use a hyphen (â€), minus sign (âˆ’), dash (â€”), bullet (â€¢) or range symbol (â€“). (Unicode)
[...]/Tests/Mock Projects/After (Linux)/SDGTool/.build/checkouts/Dependency-2203813545210335531/Package.swift:16:51: warning: U+0022 is obsolete. Use quotation marks (â€œ, â€) or double prime (â€²â€²). (Unicode)
[...]/Tests/Mock Projects/After (Linux)/SDGTool/.build/checkouts/Dependency-2203813545210335531/Package.swift:16:57: warning: U+0022 is obsolete. Use quotation marks (â€œ, â€) or double prime (â€²â€²). (Unicode)
[...]/Tests/Mock Projects/After (Linux)/SDGTool/.build/checkouts/Dependency-2203813545210335531/Tests/DependencyTests/DependencyTests.swift:4:22: warning: Colons should be preceded by spaces when denoting protocols or superclasses. (Colon Spacing)
[...]/Tests/Mock Projects/After (Linux)/SDGTool/.build/dependencies-state.json:1:287: warning: U+002D is obsolete. Use a hyphen (â€), minus sign (âˆ’), dash (â€”), bullet (â€¢) or range symbol (â€“). (Unicode)
[...]/Tests/Mock Projects/After (Linux)/SDGTool/.build/dependencies-state.json:1:2: warning: U+0022 is obsolete. Use quotation marks (â€œ, â€) or double prime (â€²â€²). (Unicode)
[...]/Tests/Mock Projects/After (Linux)/SDGTool/.build/dependencies-state.json:1:9: warning: U+0022 is obsolete. Use quotation marks (â€œ, â€) or double prime (â€²â€²). (Unicode)
[...]/Tests/Mock Projects/After (Linux)/SDGTool/.build/dependencies-state.json:1:13: warning: U+0022 is obsolete. Use quotation marks (â€œ, â€) or double prime (â€²â€²). (Unicode)
[...]/Tests/Mock Projects/After (Linux)/SDGTool/.build/dependencies-state.json:1:26: warning: U+0022 is obsolete. Use quotation marks (â€œ, â€) or double prime (â€²â€²). (Unicode)
[...]/Tests/Mock Projects/After (Linux)/SDGTool/.build/dependencies-state.json:1:31: warning: U+0022 is obsolete. Use quotation marks (â€œ, â€) or double prime (â€²â€²). (Unicode)
[...]/Tests/Mock Projects/After (Linux)/SDGTool/.build/dependencies-state.json:1:39: warning: U+0022 is obsolete. Use quotation marks (â€œ, â€) or double prime (â€²â€²). (Unicode)
[...]/Tests/Mock Projects/After (Linux)/SDGTool/.build/dependencies-state.json:1:48: warning: U+0022 is obsolete. Use quotation marks (â€œ, â€) or double prime (â€²â€²). (Unicode)
[...]/Tests/Mock Projects/After (Linux)/SDGTool/.build/dependencies-state.json:1:53: warning: U+0022 is obsolete. Use quotation marks (â€œ, â€) or double prime (â€²â€²). (Unicode)
[...]/Tests/Mock Projects/After (Linux)/SDGTool/.build/dependencies-state.json:1:56: warning: U+0022 is obsolete. Use quotation marks (â€œ, â€) or double prime (â€²â€²). (Unicode)
[...]/Tests/Mock Projects/After (Linux)/SDGTool/.build/dependencies-state.json:1:67: warning: U+0022 is obsolete. Use quotation marks (â€œ, â€) or double prime (â€²â€²). (Unicode)
[...]/Tests/Mock Projects/After (Linux)/SDGTool/.build/dependencies-state.json:1:70: warning: U+0022 is obsolete. Use quotation marks (â€œ, â€) or double prime (â€²â€²). (Unicode)
[...]/Tests/Mock Projects/After (Linux)/SDGTool/.build/dependencies-state.json:1:84: warning: U+0022 is obsolete. Use quotation marks (â€œ, â€) or double prime (â€²â€²). (Unicode)
[...]/Tests/Mock Projects/After (Linux)/SDGTool/.build/dependencies-state.json:1:87: warning: U+0022 is obsolete. Use quotation marks (â€œ, â€) or double prime (â€²â€²). (Unicode)
[...]/Tests/Mock Projects/After (Linux)/SDGTool/.build/dependencies-state.json:1:120: warning: U+0022 is obsolete. Use quotation marks (â€œ, â€) or double prime (â€²â€²). (Unicode)
[...]/Tests/Mock Projects/After (Linux)/SDGTool/.build/dependencies-state.json:1:123: warning: U+0022 is obsolete. Use quotation marks (â€œ, â€) or double prime (â€²â€²). (Unicode)
[...]/Tests/Mock Projects/After (Linux)/SDGTool/.build/dependencies-state.json:1:129: warning: U+0022 is obsolete. Use quotation marks (â€œ, â€) or double prime (â€²â€²). (Unicode)
[...]/Tests/Mock Projects/After (Linux)/SDGTool/.build/dependencies-state.json:1:133: warning: U+0022 is obsolete. Use quotation marks (â€œ, â€) or double prime (â€²â€²). (Unicode)
[...]/Tests/Mock Projects/After (Linux)/SDGTool/.build/dependencies-state.json:1:147: warning: U+0022 is obsolete. Use quotation marks (â€œ, â€) or double prime (â€²â€²). (Unicode)
[...]/Tests/Mock Projects/After (Linux)/SDGTool/.build/dependencies-state.json:1:151: warning: U+0022 is obsolete. Use quotation marks (â€œ, â€) or double prime (â€²â€²). (Unicode)
[...]/Tests/Mock Projects/After (Linux)/SDGTool/.build/dependencies-state.json:1:158: warning: U+0022 is obsolete. Use quotation marks (â€œ, â€) or double prime (â€²â€²). (Unicode)
[...]/Tests/Mock Projects/After (Linux)/SDGTool/.build/dependencies-state.json:1:167: warning: U+0022 is obsolete. Use quotation marks (â€œ, â€) or double prime (â€²â€²). (Unicode)
[...]/Tests/Mock Projects/After (Linux)/SDGTool/.build/dependencies-state.json:1:176: warning: U+0022 is obsolete. Use quotation marks (â€œ, â€) or double prime (â€²â€²). (Unicode)
[...]/Tests/Mock Projects/After (Linux)/SDGTool/.build/dependencies-state.json:1:179: warning: U+0022 is obsolete. Use quotation marks (â€œ, â€) or double prime (â€²â€²). (Unicode)
[...]/Tests/Mock Projects/After (Linux)/SDGTool/.build/dependencies-state.json:1:220: warning: U+0022 is obsolete. Use quotation marks (â€œ, â€) or double prime (â€²â€²). (Unicode)
[...]/Tests/Mock Projects/After (Linux)/SDGTool/.build/dependencies-state.json:1:223: warning: U+0022 is obsolete. Use quotation marks (â€œ, â€) or double prime (â€²â€²). (Unicode)
[...]/Tests/Mock Projects/After (Linux)/SDGTool/.build/dependencies-state.json:1:231: warning: U+0022 is obsolete. Use quotation marks (â€œ, â€) or double prime (â€²â€²). (Unicode)
[...]/Tests/Mock Projects/After (Linux)/SDGTool/.build/dependencies-state.json:1:234: warning: U+0022 is obsolete. Use quotation marks (â€œ, â€) or double prime (â€²â€²). (Unicode)
[...]/Tests/Mock Projects/After (Linux)/SDGTool/.build/dependencies-state.json:1:240: warning: U+0022 is obsolete. Use quotation marks (â€œ, â€) or double prime (â€²â€²). (Unicode)
[...]/Tests/Mock Projects/After (Linux)/SDGTool/.build/dependencies-state.json:1:244: warning: U+0022 is obsolete. Use quotation marks (â€œ, â€) or double prime (â€²â€²). (Unicode)
[...]/Tests/Mock Projects/After (Linux)/SDGTool/.build/dependencies-state.json:1:249: warning: U+0022 is obsolete. Use quotation marks (â€œ, â€) or double prime (â€²â€²). (Unicode)
[...]/Tests/Mock Projects/After (Linux)/SDGTool/.build/dependencies-state.json:1:252: warning: U+0022 is obsolete. Use quotation marks (â€œ, â€) or double prime (â€²â€²). (Unicode)
[...]/Tests/Mock Projects/After (Linux)/SDGTool/.build/dependencies-state.json:1:261: warning: U+0022 is obsolete. Use quotation marks (â€œ, â€) or double prime (â€²â€²). (Unicode)
[...]/Tests/Mock Projects/After (Linux)/SDGTool/.build/dependencies-state.json:1:265: warning: U+0022 is obsolete. Use quotation marks (â€œ, â€) or double prime (â€²â€²). (Unicode)
[...]/Tests/Mock Projects/After (Linux)/SDGTool/.build/dependencies-state.json:1:273: warning: U+0022 is obsolete. Use quotation marks (â€œ, â€) or double prime (â€²â€²). (Unicode)
[...]/Tests/Mock Projects/After (Linux)/SDGTool/.build/dependencies-state.json:1:276: warning: U+0022 is obsolete. Use quotation marks (â€œ, â€) or double prime (â€²â€²). (Unicode)
[...]/Tests/Mock Projects/After (Linux)/SDGTool/.build/dependencies-state.json:1:307: warning: U+0022 is obsolete. Use quotation marks (â€œ, â€) or double prime (â€²â€²). (Unicode)
[...]/Tests/Mock Projects/After (Linux)/SDGTool/.build/dependencies-state.json:1:313: warning: U+0022 is obsolete. Use quotation marks (â€œ, â€) or double prime (â€²â€²). (Unicode)
[...]/Tests/Mock Projects/After (Linux)/SDGTool/.build/dependencies-state.json:1:321: warning: U+0022 is obsolete. Use quotation marks (â€œ, â€) or double prime (â€²â€²). (Unicode)
[...]/Tests/Mock Projects/After (Linux)/SDGTool/.build/repositories/checkouts-state.json:1:165: warning: U+002D is obsolete. Use a hyphen (â€), minus sign (âˆ’), dash (â€”), bullet (â€¢) or range symbol (â€“). (Unicode)
[...]/Tests/Mock Projects/After (Linux)/SDGTool/.build/repositories/checkouts-state.json:1:2: warning: U+0022 is obsolete. Use quotation marks (â€œ, â€) or double prime (â€²â€²). (Unicode)
[...]/Tests/Mock Projects/After (Linux)/SDGTool/.build/repositories/checkouts-state.json:1:9: warning: U+0022 is obsolete. Use quotation marks (â€œ, â€) or double prime (â€²â€²). (Unicode)
[...]/Tests/Mock Projects/After (Linux)/SDGTool/.build/repositories/checkouts-state.json:1:13: warning: U+0022 is obsolete. Use quotation marks (â€œ, â€) or double prime (â€²â€²). (Unicode)
[...]/Tests/Mock Projects/After (Linux)/SDGTool/.build/repositories/checkouts-state.json:1:26: warning: U+0022 is obsolete. Use quotation marks (â€œ, â€) or double prime (â€²â€²). (Unicode)
[...]/Tests/Mock Projects/After (Linux)/SDGTool/.build/repositories/checkouts-state.json:1:30: warning: U+0022 is obsolete. Use quotation marks (â€œ, â€) or double prime (â€²â€²). (Unicode)
[...]/Tests/Mock Projects/After (Linux)/SDGTool/.build/repositories/checkouts-state.json:1:63: warning: U+0022 is obsolete. Use quotation marks (â€œ, â€) or double prime (â€²â€²). (Unicode)
[...]/Tests/Mock Projects/After (Linux)/SDGTool/.build/repositories/checkouts-state.json:1:67: warning: U+0022 is obsolete. Use quotation marks (â€œ, â€) or double prime (â€²â€²). (Unicode)
[...]/Tests/Mock Projects/After (Linux)/SDGTool/.build/repositories/checkouts-state.json:1:81: warning: U+0022 is obsolete. Use quotation marks (â€œ, â€) or double prime (â€²â€²). (Unicode)
[...]/Tests/Mock Projects/After (Linux)/SDGTool/.build/repositories/checkouts-state.json:1:84: warning: U+0022 is obsolete. Use quotation marks (â€œ, â€) or double prime (â€²â€²). (Unicode)
[...]/Tests/Mock Projects/After (Linux)/SDGTool/.build/repositories/checkouts-state.json:1:117: warning: U+0022 is obsolete. Use quotation marks (â€œ, â€) or double prime (â€²â€²). (Unicode)
[...]/Tests/Mock Projects/After (Linux)/SDGTool/.build/repositories/checkouts-state.json:1:120: warning: U+0022 is obsolete. Use quotation marks (â€œ, â€) or double prime (â€²â€²). (Unicode)
[...]/Tests/Mock Projects/After (Linux)/SDGTool/.build/repositories/checkouts-state.json:1:127: warning: U+0022 is obsolete. Use quotation marks (â€œ, â€) or double prime (â€²â€²). (Unicode)
[...]/Tests/Mock Projects/After (Linux)/SDGTool/.build/repositories/checkouts-state.json:1:130: warning: U+0022 is obsolete. Use quotation marks (â€œ, â€) or double prime (â€²â€²). (Unicode)
[...]/Tests/Mock Projects/After (Linux)/SDGTool/.build/repositories/checkouts-state.json:1:140: warning: U+0022 is obsolete. Use quotation marks (â€œ, â€) or double prime (â€²â€²). (Unicode)
[...]/Tests/Mock Projects/After (Linux)/SDGTool/.build/repositories/checkouts-state.json:1:143: warning: U+0022 is obsolete. Use quotation marks (â€œ, â€) or double prime (â€²â€²). (Unicode)
[...]/Tests/Mock Projects/After (Linux)/SDGTool/.build/repositories/checkouts-state.json:1:151: warning: U+0022 is obsolete. Use quotation marks (â€œ, â€) or double prime (â€²â€²). (Unicode)
[...]/Tests/Mock Projects/After (Linux)/SDGTool/.build/repositories/checkouts-state.json:1:154: warning: U+0022 is obsolete. Use quotation marks (â€œ, â€) or double prime (â€²â€²). (Unicode)
[...]/Tests/Mock Projects/After (Linux)/SDGTool/.build/repositories/checkouts-state.json:1:185: warning: U+0022 is obsolete. Use quotation marks (â€œ, â€) or double prime (â€²â€²). (Unicode)
[...]/Tests/Mock Projects/After (Linux)/SDGTool/.build/repositories/checkouts-state.json:1:191: warning: U+0022 is obsolete. Use quotation marks (â€œ, â€) or double prime (â€²â€²). (Unicode)
[...]/Tests/Mock Projects/After (Linux)/SDGTool/.build/repositories/checkouts-state.json:1:199: warning: U+0022 is obsolete. Use quotation marks (â€œ, â€) or double prime (â€²â€²). (Unicode)
[...]/Tests/Mock Projects/After (Linux)/SDGTool/Validate (Linux).sh:5:54: warning: â€œ&&â€ is obsolete. Use the conjunction sign (âˆ§). (Unicode)
[...]/Tests/Mock Projects/After (Linux)/SDGTool/Validate (macOS).command:5:54: warning: â€œ&&â€ is obsolete. Use the conjunction sign (âˆ§). (Unicode)